Archive member included to satisfy reference by file (symbol)

.\CortexM0\ARM_GCC_541\Debug\L103_Capsense_Tuning.a(CapSense.o)
                              .\CortexM0\ARM_GCC_541\Debug\main.o (CapSense_IsBusy)
.\CortexM0\ARM_GCC_541\Debug\L103_Capsense_Tuning.a(CapSense_CSHL.o)
                              .\CortexM0\ARM_GCC_541\Debug\main.o (CapSense_InitializeAllBaselines)
.\CortexM0\ARM_GCC_541\Debug\L103_Capsense_Tuning.a(CapSense_INT.o)
                              .\CortexM0\ARM_GCC_541\Debug\L103_Capsense_Tuning.a(CapSense.o) (CapSense_ISR)
.\CortexM0\ARM_GCC_541\Debug\L103_Capsense_Tuning.a(CapSense_TunerHelper.o)
                              .\CortexM0\ARM_GCC_541\Debug\main.o (CapSense_TunerStart)
.\CortexM0\ARM_GCC_541\Debug\L103_Capsense_Tuning.a(CapSense_SMS.o)
                              .\CortexM0\ARM_GCC_541\Debug\L103_Capsense_Tuning.a(CapSense_CSHL.o) (CapSense_UpdateThresholds)
.\CortexM0\ARM_GCC_541\Debug\L103_Capsense_Tuning.a(CapSense_MBX.o)
                              .\CortexM0\ARM_GCC_541\Debug\L103_Capsense_Tuning.a(CapSense_TunerHelper.o) (CapSense_InitMailbox)
.\CortexM0\ARM_GCC_541\Debug\L103_Capsense_Tuning.a(CapSense_SampleClk.o)
                              .\CortexM0\ARM_GCC_541\Debug\L103_Capsense_Tuning.a(CapSense.o) (CapSense_SampleClk_Start)
.\CortexM0\ARM_GCC_541\Debug\L103_Capsense_Tuning.a(CapSense_SenseClk.o)
                              .\CortexM0\ARM_GCC_541\Debug\L103_Capsense_Tuning.a(CapSense.o) (CapSense_SenseClk_Start)
.\CortexM0\ARM_GCC_541\Debug\L103_Capsense_Tuning.a(CyLib.o)
                              .\CortexM0\ARM_GCC_541\Debug\cyfitter_cfg.o (CyIntEnable)
.\CortexM0\ARM_GCC_541\Debug\L103_Capsense_Tuning.a(CyLFClk.o)
                              .\CortexM0\ARM_GCC_541\Debug\cyfitter_cfg.o (CySysWdtIsr)
.\CortexM0\ARM_GCC_541\Debug\L103_Capsense_Tuning.a(Pin_LED.o)
                              .\CortexM0\ARM_GCC_541\Debug\main.o (Pin_LED_Write)
.\CortexM0\ARM_GCC_541\Debug\L103_Capsense_Tuning.a(EZI2C.o)
                              .\CortexM0\ARM_GCC_541\Debug\L103_Capsense_Tuning.a(CapSense_TunerHelper.o) (EZI2C_Start)
.\CortexM0\ARM_GCC_541\Debug\L103_Capsense_Tuning.a(EZI2C_EZI2C.o)
                              .\CortexM0\ARM_GCC_541\Debug\L103_Capsense_Tuning.a(EZI2C.o) (EZI2C_EzI2CInit)
.\CortexM0\ARM_GCC_541\Debug\L103_Capsense_Tuning.a(EZI2C_EZI2C_INT.o)
                              .\CortexM0\ARM_GCC_541\Debug\L103_Capsense_Tuning.a(EZI2C_EZI2C.o) (EZI2C_EZI2C_STRETCH_ISR)
.\CortexM0\ARM_GCC_541\Debug\L103_Capsense_Tuning.a(CyBootAsmGnu.o)
                              .\CortexM0\ARM_GCC_541\Debug\L103_Capsense_Tuning.a(CapSense.o) (CyDelayCycles)
C:\Program Files (x86)\Cypress\PSoC Creator\4.2\PSoC Creator\psoc\content\CyComponentLibrary\CyComponentLibrary.cylib\CapSense_CSD_P4_v2_60\PSoC4\Library\CapsenseP4Library_GCC.a(CSD_P4_SmartSense_v2_60.o)
                              .\CortexM0\ARM_GCC_541\Debug\L103_Capsense_Tuning.a(CapSense_SMS.o) (CalibrateSensors_P4_v2_60)
c:/program files (x86)/cypress/psoc creator/4.2/psoc creator/import/gnu/arm/5.4.1/bin/../lib/gcc/arm-none-eabi/5.4.1/armv6-m\libgcc.a(_udivsi3.o)
                              .\CortexM0\ARM_GCC_541\Debug\L103_Capsense_Tuning.a(CapSense_SMS.o) (__aeabi_uidiv)
c:/program files (x86)/cypress/psoc creator/4.2/psoc creator/import/gnu/arm/5.4.1/bin/../lib/gcc/arm-none-eabi/5.4.1/armv6-m\libgcc.a(_divsi3.o)
                              C:\Program Files (x86)\Cypress\PSoC Creator\4.2\PSoC Creator\psoc\content\CyComponentLibrary\CyComponentLibrary.cylib\CapSense_CSD_P4_v2_60\PSoC4\Library\CapsenseP4Library_GCC.a(CSD_P4_SmartSense_v2_60.o) (__aeabi_idiv)
c:/program files (x86)/cypress/psoc creator/4.2/psoc creator/import/gnu/arm/5.4.1/bin/../lib/gcc/arm-none-eabi/5.4.1/armv6-m\libgcc.a(_dvmd_tls.o)
                              c:/program files (x86)/cypress/psoc creator/4.2/psoc creator/import/gnu/arm/5.4.1/bin/../lib/gcc/arm-none-eabi/5.4.1/armv6-m\libgcc.a(_udivsi3.o) (__aeabi_idiv0)
c:/program files (x86)/cypress/psoc creator/4.2/psoc creator/import/gnu/arm/5.4.1/bin/../lib/gcc/arm-none-eabi/5.4.1/../../../../arm-none-eabi/lib/armv6-m\libg_nano.a(lib_a-errno.o)
                              .\CortexM0\ARM_GCC_541\Debug\Cm0Start.o (__errno)
c:/program files (x86)/cypress/psoc creator/4.2/psoc creator/import/gnu/arm/5.4.1/bin/../lib/gcc/arm-none-eabi/5.4.1/../../../../arm-none-eabi/lib/armv6-m\libg_nano.a(lib_a-exit.o)
                              c:/program files (x86)/cypress/psoc creator/4.2/psoc creator/import/gnu/arm/5.4.1/bin/../lib/gcc/arm-none-eabi/5.4.1/../../../../arm-none-eabi/lib/armv6-m/crt0.o (exit)
c:/program files (x86)/cypress/psoc creator/4.2/psoc creator/import/gnu/arm/5.4.1/bin/../lib/gcc/arm-none-eabi/5.4.1/../../../../arm-none-eabi/lib/armv6-m\libg_nano.a(lib_a-impure.o)
[...]
Memory Configuration

Name             Origin             Length             Attributes
rom              0x00000000         0x00008000         xr
ram              0x20000000         0x00001000         xrw
*default*        0x00000000         0xffffffff

Linker script and memory map

LOAD c:/program files (x86)/cypress/psoc creator/4.2/psoc creator/import/gnu/arm/5.4.1/bin/../lib/gcc/arm-none-eabi/5.4.1/armv6-m/crti.o
LOAD c:/program files (x86)/cypress/psoc creator/4.2/psoc creator/import/gnu/arm/5.4.1/bin/../lib/gcc/arm-none-eabi/5.4.1/armv6-m/crtbegin.o
LOAD c:/program files (x86)/cypress/psoc creator/4.2/psoc creator/import/gnu/arm/5.4.1/bin/../lib/gcc/arm-none-eabi/5.4.1/../../../../arm-none-eabi/lib/armv6-m/crt0.o
START GROUP
LOAD .\CortexM0\ARM_GCC_541\Debug\main.o
LOAD .\CortexM0\ARM_GCC_541\Debug\cyfitter_cfg.o
LOAD .\CortexM0\ARM_GCC_541\Debug\cymetadata.o
LOAD .\CortexM0\ARM_GCC_541\Debug\Cm0Start.o
LOAD .\CortexM0\ARM_GCC_541\Debug\L103_Capsense_Tuning.a
LOAD C:\Program Files (x86)\Cypress\PSoC Creator\4.2\PSoC Creator\psoc\content\CyComponentLibrary\CyComponentLibrary.cylib\CapSense_CSD_P4_v2_60\PSoC4\Library\CapsenseP4Library_GCC.a
END GROUP
START GROUP
LOAD c:/program files (x86)/cypress/psoc creator/4.2/psoc creator/import/gnu/arm/5.4.1/bin/../lib/gcc/arm-none-eabi/5.4.1/armv6-m\libgcc.a
LOAD c:/program files (x86)/cypress/psoc creator/4.2/psoc creator/import/gnu/arm/5.4.1/bin/../lib/gcc/arm-none-eabi/5.4.1/../../../../arm-none-eabi/lib/armv6-m\libg_nano.a
LOAD c:/program files (x86)/cypress/psoc creator/4.2/psoc creator/import/gnu/arm/5.4.1/bin/../lib/gcc/arm-none-eabi/5.4.1/../../../../arm-none-eabi/lib/armv6-m\libc_nano.a
END GROUP
START GROUP
LOAD c:/program files (x86)/cypress/psoc creator/4.2/psoc creator/import/gnu/arm/5.4.1/bin/../lib/gcc/arm-none-eabi/5.4.1/armv6-m\libgcc.a
LOAD c:/program files (x86)/cypress/psoc creator/4.2/psoc creator/import/gnu/arm/5.4.1/bin/../lib/gcc/arm-none-eabi/5.4.1/../../../../arm-none-eabi/lib/armv6-m\libc_nano.a
END GROUP
LOAD c:/program files (x86)/cypress/psoc creator/4.2/psoc creator/import/gnu/arm/5.4.1/bin/../lib/gcc/arm-none-eabi/5.4.1/armv6-m/crtend.o
LOAD c:/program files (x86)/cypress/psoc creator/4.2/psoc creator/import/gnu/arm/5.4.1/bin/../lib/gcc/arm-none-eabi/5.4.1/armv6-m/crtn.o
START GROUP
LOAD c:/program files (x86)/cypress/psoc creator/4.2/psoc creator/import/gnu/arm/5.4.1/bin/../lib/gcc/arm-none-eabi/5.4.1/armv6-m\libgcc.a
LOAD c:/program files (x86)/cypress/psoc creator/4.2/psoc creator/import/gnu/arm/5.4.1/bin/../lib/gcc/arm-none-eabi/5.4.1/../../../../arm-none-eabi/lib/armv6-m\libc.a
LOAD c:/program files (x86)/cypress/psoc creator/4.2/psoc creator/import/gnu/arm/5.4.1/bin/../lib/gcc/arm-none-eabi/5.4.1/../../../../arm-none-eabi/lib/armv6-m\libnosys.a
END GROUP
                0x00000000                CY_APPL_ORIGIN = 0x0
                0x00000080                CY_FLASH_ROW_SIZE = 0x80
                0x00000001                CY_APPL_NUM = 0x1
                0x00000001                CY_APPL_MAX = 0x1
                0x00000040                CY_METADATA_SIZE = 0x40
                0x00000000                CY_APPL_LOADABLE = 0x0
                0x00000000                CY_CHECKSUM_EXCLUDE_SIZE = ALIGN (0x0, CY_FLASH_ROW_SIZE)
                0x00000000                CY_APP_FOR_STACK_AND_COPIER = 0x0
                [!provide]                PROVIDE (__cy_heap_start, _end)
                0x00000001                PROVIDE (__cy_region_num, ((__cy_regions_end - __cy_regions) / 0x10))
                0x20001000                PROVIDE (__cy_stack, (ORIGIN (ram) + LENGTH (ram)))
                [!provide]                PROVIDE (__cy_heap_end, (__cy_stack - 0x400))

.cybootloader   0x00000000        0x0
 *(.cybootloader)
                0x00000000                appl1_start = CY_APPL_ORIGIN?CY_APPL_ORIGIN:ALIGN (CY_FLASH_ROW_SIZE)
                0x00003f80                appl2_start = (appl1_start + ALIGN ((((LENGTH (rom) - appl1_start) - (0x2 * CY_FLASH_ROW_SIZE)) / 0x2), CY_FLASH_ROW_SIZE))
                0x00000000                appl_start = (CY_APPL_NUM == 0x1)?appl1_start:appl2_start
                0x00000001                cy_project_type_bootloader = (appl_start == 0x0)?0x1:0x0
                0x00000000                cy_project_type_app_for_stack_and_copier = (CY_APP_FOR_STACK_AND_COPIER == 0x1)?0x1:0x0

.text           0x00000000     0x1d44
 CREATE_OBJECT_SYMBOLS
                0x00000000                PROVIDE (__cy_interrupt_vector, RomVectors)
 *(.romvectors)
 .romvectors    0x00000000       0x10 .\CortexM0\ARM_GCC_541\Debug\Cm0Start.o
                0x00000000                RomVectors
                0x00000001                ASSERT ((. != __cy_interrupt_vector), No interrupt vector)
                0x00000001                ASSERT (CY_APPL_ORIGIN?(SIZEOF (.cybootloader) <= CY_APPL_ORIGIN):0x1, Wrong image location)
                0x00000010                PROVIDE (__cy_reset, Reset)
 *(.text.Reset)
 .text.Reset    0x00000010        0x8 .\CortexM0\ARM_GCC_541\Debug\Cm0Start.o
                0x00000010                Reset
                0x00000001                ASSERT ((. != __cy_reset), No reset code)
 *(.psocinit)
 .psocinit      0x00000018      0x180 .\CortexM0\ARM_GCC_541\Debug\cyfitter_cfg.o
                0x000000c0                cyfitter_cfg
                0x00000198                . = MAX (., 0x100)
 *(.text .text.* .gnu.linkonce.t.*)
 .text          0x00000198       0x60 c:/program files (x86)/cypress/psoc creator/4.2/psoc creator/import/gnu/arm/5.4.1/bin/../lib/gcc/arm-none-eabi/5.4.1/armv6-m/crtbegin.o
 .text.main     0x000001f8       0x38 .\CortexM0\ARM_GCC_541\Debug\main.o
                0x000001f8                main
 .text.cfg_write_bytes32
                0x00000230       0x34 .\CortexM0\ARM_GCC_541\Debug\cyfitter_cfg.o
 .text.CYMEMZERO
                0x00000264        0xc .\CortexM0\ARM_GCC_541\Debug\cyfitter_cfg.o
 .text.SetAnalogRoutingPumps
                0x00000270       0x40 .\CortexM0\ARM_GCC_541\Debug\cyfitter_cfg.o
                0x00000270                SetAnalogRoutingPumps
 .text.AnalogSetDefault
                0x000002b0        0xc .\CortexM0\ARM_GCC_541\Debug\cyfitter_cfg.o
 .text.IntDefaultHandler
                0x000002bc       0x10 .\CortexM0\ARM_GCC_541\Debug\Cm0Start.o
                0x000002bc                IntDefaultHandler
 .text.Start_c  0x000002cc       0x48 .\CortexM0\ARM_GCC_541\Debug\Cm0Start.o
                0x000002cc                Start_c
 .text.initialize_psoc
                0x00000314       0x40 .\CortexM0\ARM_GCC_541\Debug\Cm0Start.o
                0x00000314                initialize_psoc
 .text.CapSense_CsdHwBlockInit
                0x00000354       0x84 .\CortexM0\ARM_GCC_541\Debug\L103_Capsense_Tuning.a(CapSense.o)
                0x00000354                CapSense_CsdHwBlockInit
 .text.CapSense_Enable
                0x000003d8       0x3c .\CortexM0\ARM_GCC_541\Debug\L103_Capsense_Tuning.a(CapSense.o)
                0x000003d8                CapSense_Enable
 .text.CapSense_IsBusy
                0x00000414       0x10 .\CortexM0\ARM_GCC_541\Debug\L103_Capsense_Tuning.a(CapSense.o)
                0x00000414                CapSense_IsBusy
 .text.CapSense_ReadSensorRaw
                0x00000424       0x10 .\CortexM0\ARM_GCC_541\Debug\L103_Capsense_Tuning.a(CapSense.o)
                0x00000424                CapSense_ReadSensorRaw
 .text.CapSense_EnableSensor
                0x00000434       0x38 .\CortexM0\ARM_GCC_541\Debug\L103_Capsense_Tuning.a(CapSense.o)
                0x00000434                CapSense_EnableSensor
 .text.CapSense_DisableSensor
                0x0000046c       0x5c .\CortexM0\ARM_GCC_541\Debug\L103_Capsense_Tuning.a(CapSense.o)
                0x0000046c                CapSense_DisableSensor
 .text.CapSense_ClearSensors
                0x000004c8       0x14 .\CortexM0\ARM_GCC_541\Debug\L103_Capsense_Tuning.a(CapSense.o)
                0x000004c8                CapSense_ClearSensors
 .text.CapSense_SetShieldDelay
                0x000004dc       0x18 .\CortexM0\ARM_GCC_541\Debug\L103_Capsense_Tuning.a(CapSense.o)
                0x000004dc                CapSense_SetShieldDelay
 .text.CapSense_GetBitValue
                0x000004f4       0x18 .\CortexM0\ARM_GCC_541\Debug\L103_Capsense_Tuning.a(CapSense.o)
                0x000004f4                CapSense_GetBitValue
 .text.CapSense_FindNextSensor
                0x0000050c       0x24 .\CortexM0\ARM_GCC_541\Debug\L103_Capsense_Tuning.a(CapSense.o)
                0x0000050c                CapSense_FindNextSensor
 .text.CapSense_PreScan
                0x00000530       0xc0 .\CortexM0\ARM_GCC_541\Debug\L103_Capsense_Tuning.a(CapSense.o)
                0x00000530                CapSense_PreScan
 .text.CapSense_ScanSensor
                0x000005f0       0x1c .\CortexM0\ARM_GCC_541\Debug\L103_Capsense_Tuning.a(CapSense.o)
                0x000005f0                CapSense_ScanSensor
 .text.CapSense_ScanEnabledWidgets
                0x0000060c       0x34 .\CortexM0\ARM_GCC_541\Debug\L103_Capsense_Tuning.a(CapSense.o)
                0x0000060c                CapSense_ScanEnabledWidgets
 .text.CapSense_PostScan
                0x00000640       0x80 .\CortexM0\ARM_GCC_541\Debug\L103_Capsense_Tuning.a(CapSense.o)
                0x00000640                CapSense_PostScan
 .text.CapSense_SetBitValue
                0x000006c0       0x28 .\CortexM0\ARM_GCC_541\Debug\L103_Capsense_Tuning.a(CapSense.o)
                0x000006c0                CapSense_SetBitValue
 .text.CapSense_GetSensorRaw
                0x000006e8       0x2c .\CortexM0\ARM_GCC_541\Debug\L103_Capsense_Tuning.a(CapSense.o)
                0x000006e8                CapSense_GetSensorRaw
 .text.CapSense_SetUnscannedSensorState
                0x00000714        0xc .\CortexM0\ARM_GCC_541\Debug\L103_Capsense_Tuning.a(CapSense.o)
                0x00000714                CapSense_SetUnscannedSensorState
 .text.CapSense_Init
                0x00000720       0x24 .\CortexM0\ARM_GCC_541\Debug\L103_Capsense_Tuning.a(CapSense.o)
                0x00000720                CapSense_Init
 .text.CapSense_Start
                0x00000744       0x38 .\CortexM0\ARM_GCC_541\Debug\L103_Capsense_Tuning.a(CapSense.o)
                0x00000744                CapSense_Start
 .text.CapSense_BaseInit
                0x0000077c       0x3c .\CortexM0\ARM_GCC_541\Debug\L103_Capsense_Tuning.a(CapSense_CSHL.o)
                0x0000077c                CapSense_BaseInit
 .text.CapSense_InitializeSensorBaseline
                0x000007b8       0x18 .\CortexM0\ARM_GCC_541\Debug\L103_Capsense_Tuning.a(CapSense_CSHL.o)
                0x000007b8                CapSense_InitializeSensorBaseline
 .text.CapSense_InitializeAllBaselines
                0x000007d0       0x14 .\CortexM0\ARM_GCC_541\Debug\L103_Capsense_Tuning.a(CapSense_CSHL.o)
                0x000007d0                CapSense_InitializeAllBaselines
 .text.CapSense_InitializeEnabledBaselines
                0x000007e4       0x30 .\CortexM0\ARM_GCC_541\Debug\L103_Capsense_Tuning.a(CapSense_CSHL.o)
                0x000007e4                CapSense_InitializeEnabledBaselines
 .text.CapSense_CheckIsSensorActive
                0x00000814       0xa8 .\CortexM0\ARM_GCC_541\Debug\L103_Capsense_Tuning.a(CapSense_CSHL.o)
                0x00000814                CapSense_CheckIsSensorActive
 .text.CapSense_CheckIsWidgetActive
                0x000008bc       0x10 .\CortexM0\ARM_GCC_541\Debug\L103_Capsense_Tuning.a(CapSense_CSHL.o)
                0x000008bc                CapSense_CheckIsWidgetActive
 .text.CapSense_CheckIsAnyWidgetActive
                0x000008cc       0x20 .\CortexM0\ARM_GCC_541\Debug\L103_Capsense_Tuning.a(CapSense_CSHL.o)
                0x000008cc                CapSense_CheckIsAnyWidgetActive
 .text.CapSense_IIR4Filter
                0x000008ec        0xc .\CortexM0\ARM_GCC_541\Debug\L103_Capsense_Tuning.a(CapSense_CSHL.o)
                0x000008ec                CapSense_IIR4Filter
 .text.CapSense_UpdateBaselineNoThreshold
                0x000008f8      0x120 .\CortexM0\ARM_GCC_541\Debug\L103_Capsense_Tuning.a(CapSense_CSHL.o)
                0x000008f8                CapSense_UpdateBaselineNoThreshold
 .text.CapSense_UpdateSensorBaseline
                0x00000a18       0x10 .\CortexM0\ARM_GCC_541\Debug\L103_Capsense_Tuning.a(CapSense_CSHL.o)
                0x00000a18                CapSense_UpdateSensorBaseline
 .text.CapSense_UpdateEnabledBaselines
                0x00000a28       0x24 .\CortexM0\ARM_GCC_541\Debug\L103_Capsense_Tuning.a(CapSense_CSHL.o)
                0x00000a28                CapSense_UpdateEnabledBaselines
 .text.CapSense_ISR
                0x00000a4c       0x9c .\CortexM0\ARM_GCC_541\Debug\L103_Capsense_Tuning.a(CapSense_INT.o)
                0x00000a4c                CapSense_ISR
 .text.CapSense_TunerStart
                0x00000ae8       0x30 .\CortexM0\ARM_GCC_541\Debug\L103_Capsense_Tuning.a(CapSense_TunerHelper.o)
                0x00000ae8                CapSense_TunerStart
 .text.CapSense_ProcessAllWidgets
                0x00000b18       0x20 .\CortexM0\ARM_GCC_541\Debug\L103_Capsense_Tuning.a(CapSense_TunerHelper.o)
                0x00000b18                CapSense_ProcessAllWidgets
 .text.CapSense_TunerComm
                0x00000b38       0x48 .\CortexM0\ARM_GCC_541\Debug\L103_Capsense_Tuning.a(CapSense_TunerHelper.o)
                0x00000b38                CapSense_TunerComm
 .text.CapSense_UpdateThresholds
                0x00000b80       0x74 .\CortexM0\ARM_GCC_541\Debug\L103_Capsense_Tuning.a(CapSense_SMS.o)
                0x00000b80                CapSense_UpdateThresholds
 .text.CapSense_SetAnalogSwitchesSrcDirect
                0x00000bf4       0x10 .\CortexM0\ARM_GCC_541\Debug\L103_Capsense_Tuning.a(CapSense_SMS.o)
                0x00000bf4                CapSense_SetAnalogSwitchesSrcDirect
 .text.CapSense_DisableBaselineIDAC
                0x00000c04       0x1c .\CortexM0\ARM_GCC_541\Debug\L103_Capsense_Tuning.a(CapSense_SMS.o)
                0x00000c04                CapSense_DisableBaselineIDAC
 .text.CapSense_EnableBaselineIDAC
                0x00000c20       0x50 .\CortexM0\ARM_GCC_541\Debug\L103_Capsense_Tuning.a(CapSense_SMS.o)
                0x00000c20                CapSense_EnableBaselineIDAC
 .text.CapSense_AutoTune
                0x00000c70       0xa4 .\CortexM0\ARM_GCC_541\Debug\L103_Capsense_Tuning.a(CapSense_SMS.o)
                0x00000c70                CapSense_AutoTune
 .text.CapSense_InitMailbox
                0x00000d14       0x20 .\CortexM0\ARM_GCC_541\Debug\L103_Capsense_Tuning.a(CapSense_MBX.o)
                0x00000d14                CapSense_InitMailbox
 .text.CapSense_PostMessage
                0x00000d34       0xf4 .\CortexM0\ARM_GCC_541\Debug\L103_Capsense_Tuning.a(CapSense_MBX.o)
                0x00000d34                CapSense_PostMessage
 .text.CapSense_SampleClk_Start
                0x00000e28       0x14 .\CortexM0\ARM_GCC_541\Debug\L103_Capsense_Tuning.a(CapSense_SampleClk.o)
                0x00000e28                CapSense_SampleClk_Start
 .text.CapSense_SampleClk_Stop
                0x00000e3c       0x10 .\CortexM0\ARM_GCC_541\Debug\L103_Capsense_Tuning.a(CapSense_SampleClk.o)
                0x00000e3c                CapSense_SampleClk_Stop
 .text.CapSense_SampleClk_SetFractionalDividerRegister
                0x00000e4c       0x14 .\CortexM0\ARM_GCC_541\Debug\L103_Capsense_Tuning.a(CapSense_SampleClk.o)
                0x00000e4c                CapSense_SampleClk_SetFractionalDividerRegister
 .text.CapSense_SenseClk_Start
                0x00000e60       0x14 .\CortexM0\ARM_GCC_541\Debug\L103_Capsense_Tuning.a(CapSense_SenseClk.o)
                0x00000e60                CapSense_SenseClk_Start
 .text.CapSense_SenseClk_Stop
                0x00000e74       0x10 .\CortexM0\ARM_GCC_541\Debug\L103_Capsense_Tuning.a(CapSense_SenseClk.o)
                0x00000e74                CapSense_SenseClk_Stop
 .text.CapSense_SenseClk_SetFractionalDividerRegister
                0x00000e84       0x14 .\CortexM0\ARM_GCC_541\Debug\L103_Capsense_Tuning.a(CapSense_SenseClk.o)
                0x00000e84                CapSense_SenseClk_SetFractionalDividerRegister
 .text.CyIntEnable
                0x00000e98       0x14 .\CortexM0\ARM_GCC_541\Debug\L103_Capsense_Tuning.a(CyLib.o)
                0x00000e98                CyIntEnable
 .text.CyIntDisable
                0x00000eac       0x14 .\CortexM0\ARM_GCC_541\Debug\L103_Capsense_Tuning.a(CyLib.o)
                0x00000eac                CyIntDisable
 .text.CyHalt   0x00000ec0        0x4 .\CortexM0\ARM_GCC_541\Debug\L103_Capsense_Tuning.a(CyLib.o)
                0x00000ec0                CyHalt
 .text.CyIntSetVector
                0x00000ec4       0x24 .\CortexM0\ARM_GCC_541\Debug\L103_Capsense_Tuning.a(CyLib.o)
                0x00000ec4                CyIntSetVector
 .text.CyIntSetPriority
                0x00000ee8       0x4c .\CortexM0\ARM_GCC_541\Debug\L103_Capsense_Tuning.a(CyLib.o)
                0x00000ee8                CyIntSetPriority
 .text.CyDelayUs
                0x00000f34       0x14 .\CortexM0\ARM_GCC_541\Debug\L103_Capsense_Tuning.a(CyLib.o)
                0x00000f34                CyDelayUs
 .text.CySysClkWriteImoFreq
                0x00000f48      0x164 .\CortexM0\ARM_GCC_541\Debug\L103_Capsense_Tuning.a(CyLib.o)
                0x00000f48                CySysClkWriteImoFreq
 .text.CySysWdtLocked
                0x000010ac       0x14 .\CortexM0\ARM_GCC_541\Debug\L103_Capsense_Tuning.a(CyLFClk.o)
 .text.CySysWdtLock
                0x000010c0       0x1c .\CortexM0\ARM_GCC_541\Debug\L103_Capsense_Tuning.a(CyLFClk.o)
                0x000010c0                CySysWdtLock
 .text.CySysWdtUnlock
                0x000010dc       0x30 .\CortexM0\ARM_GCC_541\Debug\L103_Capsense_Tuning.a(CyLFClk.o)
                0x000010dc                CySysWdtUnlock
 .text.CySysWdtClearInterrupt
                0x0000110c       0x4c .\CortexM0\ARM_GCC_541\Debug\L103_Capsense_Tuning.a(CyLFClk.o)
                0x0000110c                CySysWdtClearInterrupt
 .text.CySysWdtIsr
                0x00001158       0xa4 .\CortexM0\ARM_GCC_541\Debug\L103_Capsense_Tuning.a(CyLFClk.o)
                0x00001158                CySysWdtIsr
 .text.Pin_LED_Write
                0x000011fc       0x18 .\CortexM0\ARM_GCC_541\Debug\L103_Capsense_Tuning.a(Pin_LED.o)
                0x000011fc                Pin_LED_Write
 .text.EZI2C_ScbEnableIntr
                0x00001214        0xc .\CortexM0\ARM_GCC_541\Debug\L103_Capsense_Tuning.a(EZI2C.o)
 .text.EZI2C_Init
                0x00001220        0x8 .\CortexM0\ARM_GCC_541\Debug\L103_Capsense_Tuning.a(EZI2C.o)
                0x00001220                EZI2C_Init
 .text.EZI2C_Enable
                0x00001228       0x18 .\CortexM0\ARM_GCC_541\Debug\L103_Capsense_Tuning.a(EZI2C.o)
                0x00001228                EZI2C_Enable
 .text.EZI2C_Start
                0x00001240       0x20 .\CortexM0\ARM_GCC_541\Debug\L103_Capsense_Tuning.a(EZI2C.o)
                0x00001240                EZI2C_Start
 .text.EZI2C_I2CSlaveNackGeneration
                0x00001260       0x3c .\CortexM0\ARM_GCC_541\Debug\L103_Capsense_Tuning.a(EZI2C.o)
                0x00001260                EZI2C_I2CSlaveNackGeneration
 .text.EZI2C_EzI2CInit
                0x0000129c       0xd0 .\CortexM0\ARM_GCC_541\Debug\L103_Capsense_Tuning.a(EZI2C_EZI2C.o)
                0x0000129c                EZI2C_EzI2CInit
 .text.EZI2C_EzI2CGetActivity
                0x0000136c       0x24 .\CortexM0\ARM_GCC_541\Debug\L103_Capsense_Tuning.a(EZI2C_EZI2C.o)
                0x0000136c                EZI2C_EzI2CGetActivity
 .text.EZI2C_EzI2CSetBuffer1
                0x00001390       0x30 .\CortexM0\ARM_GCC_541\Debug\L103_Capsense_Tuning.a(EZI2C_EZI2C.o)
                0x00001390                EZI2C_EzI2CSetBuffer1
 .text.EZI2C_EZI2C_STRETCH_ISR
                0x000013c0      0x354 .\CortexM0\ARM_GCC_541\Debug\L103_Capsense_Tuning.a(EZI2C_EZI2C_INT.o)
                0x000013c0                EZI2C_EZI2C_STRETCH_ISR
 *fill*         0x00001714        0x4 
 .text          0x00001718       0x24 .\CortexM0\ARM_GCC_541\Debug\L103_Capsense_Tuning.a(CyBootAsmGnu.o)
                0x00001718                CyDelayCycles
                0x0000172c                CyEnterCriticalSection
                0x00001734                CyExitCriticalSection
 .text.CalibrateOneDAC_P4_v2_60
                0x0000173c       0x40 C:\Program Files (x86)\Cypress\PSoC Creator\4.2\PSoC Creator\psoc\content\CyComponentLibrary\CyComponentLibrary.cylib\CapSense_CSD_P4_v2_60\PSoC4\Library\CapsenseP4Library_GCC.a(CSD_P4_SmartSense_v2_60.o)
                0x0000173c                CalibrateOneDAC_P4_v2_60
 .text.CalibrateSensors_P4_v2_60
                0x0000177c       0x22 C:\Program Files (x86)\Cypress\PSoC Creator\4.2\PSoC Creator\psoc\content\CyComponentLibrary\CyComponentLibrary.cylib\CapSense_CSD_P4_v2_60\PSoC4\Library\CapsenseP4Library_GCC.a(CSD_P4_SmartSense_v2_60.o)
                0x0000177c                CalibrateSensors_P4_v2_60
 .text.TunePrescalers_P4_v2_60
                0x0000179e       0x42 C:\Program Files (x86)\Cypress\PSoC Creator\4.2\PSoC Creator\psoc\content\CyComponentLibrary\CyComponentLibrary.cylib\CapSense_CSD_P4_v2_60\PSoC4\Library\CapsenseP4Library_GCC.a(CSD_P4_SmartSense_v2_60.o)
                0x0000179e                TunePrescalers_P4_v2_60
 .text.TuneSensitivity_P4_v2_60
                0x000017e0       0xdc C:\Program Files (x86)\Cypress\PSoC Creator\4.2\PSoC Creator\psoc\content\CyComponentLibrary\CyComponentLibrary.cylib\CapSense_CSD_P4_v2_60\PSoC4\Library\CapsenseP4Library_GCC.a(CSD_P4_SmartSense_v2_60.o)
                0x000017e0                TuneSensitivity_P4_v2_60
 .text.MeasureNoiseEnvelope_P4_v2_60
                0x000018bc       0xfc C:\Program Files (x86)\Cypress\PSoC Creator\4.2\PSoC Creator\psoc\content\CyComponentLibrary\CyComponentLibrary.cylib\CapSense_CSD_P4_v2_60\PSoC4\Library\CapsenseP4Library_GCC.a(CSD_P4_SmartSense_v2_60.o)
                0x000018bc                MeasureNoiseEnvelope_P4_v2_60
 .text.CalculateThresholds_P4_v2_60
                0x000019b8       0x36 C:\Program Files (x86)\Cypress\PSoC Creator\4.2\PSoC Creator\psoc\content\CyComponentLibrary\CyComponentLibrary.cylib\CapSense_CSD_P4_v2_60\PSoC4\Library\CapsenseP4Library_GCC.a(CSD_P4_SmartSense_v2_60.o)
                0x000019b8                CalculateThresholds_P4_v2_60
 *fill*         0x000019ee        0x2 
 .text          0x000019f0      0x114 c:/program files (x86)/cypress/psoc creator/4.2/psoc creator/import/gnu/arm/5.4.1/bin/../lib/gcc/arm-none-eabi/5.4.1/armv6-m\libgcc.a(_udivsi3.o)
                0x000019f0                __aeabi_uidiv
                0x000019f0                __udivsi3
                0x00001afc                __aeabi_uidivmod
 .text          0x00001b04      0x1d4 c:/program files (x86)/cypress/psoc creator/4.2/psoc creator/import/gnu/arm/5.4.1/bin/../lib/gcc/arm-none-eabi/5.4.1/armv6-m\libgcc.a(_divsi3.o)
                0x00001b04                __divsi3
                0x00001b04                __aeabi_idiv
                0x00001cd0                __aeabi_idivmod
 .text          0x00001cd8        0x4 c:/program files (x86)/cypress/psoc creator/4.2/psoc creator/import/gnu/arm/5.4.1/bin/../lib/gcc/arm-none-eabi/5.4.1/armv6-m\libgcc.a(_dvmd_tls.o)
                0x00001cd8                __aeabi_idiv0
                0x00001cd8                __aeabi_ldiv0
 .text.__errno  0x00001cdc        0xc c:/program files (x86)/cypress/psoc creator/4.2/psoc creator/import/gnu/arm/5.4.1/bin/../lib/gcc/arm-none-eabi/5.4.1/../../../../arm-none-eabi/lib/armv6-m\libg_nano.a(lib_a-errno.o)
                0x00001cdc                __errno
 .text.__libc_init_array
                0x00001ce8       0x4c c:/program files (x86)/cypress/psoc creator/4.2/psoc creator/import/gnu/arm/5.4.1/bin/../lib/gcc/arm-none-eabi/5.4.1/../../../../arm-none-eabi/lib/armv6-m\libg_nano.a(lib_a-init.o)
                0x00001ce8                __libc_init_array
 .text.memset   0x00001d34       0x10 c:/program files (x86)/cypress/psoc creator/4.2/psoc creator/import/gnu/arm/5.4.1/bin/../lib/gcc/arm-none-eabi/5.4.1/../../../../arm-none-eabi/lib/armv6-m\libg_nano.a(lib_a-memset.o)
                0x00001d34                memset
 *(.plt)
 *(.gnu.warning)
 *(.glue_7t)
 .glue_7t       0x00001d44        0x0 linker stubs
 *(.glue_7)
 .glue_7        0x00001d44        0x0 linker stubs
 *(.vfp11_veneer)
 .vfp11_veneer  0x00001d44        0x0 linker stubs
 *(.bootloader)
 *(.ARM.extab* .gnu.linkonce.armextab.*)
 *(.gcc_except_table)

.v4_bx          0x00001d44        0x0
 .v4_bx         0x00001d44        0x0 linker stubs

.iplt           0x00001d44        0x0
 .iplt          0x00001d44        0x0 c:/program files (x86)/cypress/psoc creator/4.2/psoc creator/import/gnu/arm/5.4.1/bin/../lib/gcc/arm-none-eabi/5.4.1/armv6-m/crtbegin.o

.eh_frame_hdr
 *(.eh_frame_hdr)

.eh_frame       0x00001d44        0x4
 *(.eh_frame)
 .eh_frame      0x00001d44        0x0 c:/program files (x86)/cypress/psoc creator/4.2/psoc creator/import/gnu/arm/5.4.1/bin/../lib/gcc/arm-none-eabi/5.4.1/armv6-m/crtbegin.o
 .eh_frame      0x00001d44        0x4 c:/program files (x86)/cypress/psoc creator/4.2/psoc creator/import/gnu/arm/5.4.1/bin/../lib/gcc/arm-none-eabi/5.4.1/armv6-m/crtend.o
                [!provide]                PROVIDE (__exidx_start, .)

.ARM.exidx
 *(.ARM.exidx* .gnu.linkonce.armexidx.*)
                0x00001d48                __exidx_end = .

.rodata         0x00001d48      0x168
 *(.rodata .rodata.* .gnu.linkonce.r.*)
 .rodata        0x00001d48       0x40 .\CortexM0\ARM_GCC_541\Debug\cyfitter_cfg.o
 .rodata        0x00001d88       0x49 .\CortexM0\ARM_GCC_541\Debug\L103_Capsense_Tuning.a(CapSense.o)
                0x00001d88                CapSense_prtCfgTbl
                0x00001d9c                CapSense_prtSelTbl
                0x00001db0                CapSense_prtDRTbl
                0x00001dc4                CapSense_widgetNumber
                0x00001dc8                CapSense_pinShiftTbl
                0x00001dcc                CapSense_maskTable
                0x00001dd0                CapSense_portTable
 *fill*         0x00001dd1        0x3 
 .rodata        0x00001dd4        0x5 .\CortexM0\ARM_GCC_541\Debug\L103_Capsense_Tuning.a(CapSense_CSHL.o)
                0x00001dd4                CapSense_numberOfSensors
                0x00001dd8                CapSense_rawDataIndex
 *fill*         0x00001dd9        0x3 
 .rodata        0x00001ddc       0x6c .\CortexM0\ARM_GCC_541\Debug\L103_Capsense_Tuning.a(CapSense_SMS.o)
                0x00001ddc                CapSense_configPointers
                0x00001e38                CapSense_prescalerTable
 .rodata        0x00001e48       0x2e .\CortexM0\ARM_GCC_541\Debug\L103_Capsense_Tuning.a(CyLib.o)
                0x00001e48                cyImoFreqMhz2Reg
 .rodata.str1.1
                0x00001e76        0x2 c:/program files (x86)/cypress/psoc creator/4.2/psoc creator/import/gnu/arm/5.4.1/bin/../lib/gcc/arm-none-eabi/5.4.1/../../../../arm-none-eabi/lib/armv6-m\libg_nano.a(lib_a-impure.o)
                0x00001e78                . = ALIGN (0x4)
 *(.init)
 .init          0x00001e78        0x4 c:/program files (x86)/cypress/psoc creator/4.2/psoc creator/import/gnu/arm/5.4.1/bin/../lib/gcc/arm-none-eabi/5.4.1/armv6-m/crti.o
                0x00001e78                _init
 .init          0x00001e7c        0x8 c:/program files (x86)/cypress/psoc creator/4.2/psoc creator/import/gnu/arm/5.4.1/bin/../lib/gcc/arm-none-eabi/5.4.1/armv6-m/crtn.o
                0x00001e84                . = ALIGN (0x4)
                0x00001e84                __preinit_array_start = .
 *(.preinit_array)
                0x00001e84                __preinit_array_end = .
                0x00001e84                . = ALIGN (0x4)
                0x00001e84                __init_array_start = .
 *(SORT(.init_array.*))
 *(.init_array)
 .init_array    0x00001e84        0x4 c:/program files (x86)/cypress/psoc creator/4.2/psoc creator/import/gnu/arm/5.4.1/bin/../lib/gcc/arm-none-eabi/5.4.1/armv6-m/crtbegin.o
 .init_array    0x00001e88        0x4 .\CortexM0\ARM_GCC_541\Debug\Cm0Start.o
                0x00001e8c                __init_array_end = .
                0x00001e8c                . = ALIGN (0x4)
 *(.fini)
 .fini          0x00001e8c        0x4 c:/program files (x86)/cypress/psoc creator/4.2/psoc creator/import/gnu/arm/5.4.1/bin/../lib/gcc/arm-none-eabi/5.4.1/armv6-m/crti.o
                0x00001e8c                _fini
 .fini          0x00001e90        0x8 c:/program files (x86)/cypress/psoc creator/4.2/psoc creator/import/gnu/arm/5.4.1/bin/../lib/gcc/arm-none-eabi/5.4.1/armv6-m/crtn.o
                0x00001e98                . = ALIGN (0x4)
                0x00001e98                __fini_array_start = .
 *(.fini_array)
 .fini_array    0x00001e98        0x4 c:/program files (x86)/cypress/psoc creator/4.2/psoc creator/import/gnu/arm/5.4.1/bin/../lib/gcc/arm-none-eabi/5.4.1/armv6-m/crtbegin.o
 *(SORT(.fini_array.*))
                0x00001e9c                __fini_array_end = .
                0x00001e9c                . = ALIGN (0x4)
 *crtbegin.o(.ctors)
 *(EXCLUDE_FILE(*crtend.o) .ctors)
 *(SORT(.ctors.*))
 *crtend.o(.ctors)
                0x00001e9c                . = ALIGN (0x4)
 *crtbegin.o(.dtors)
 *(EXCLUDE_FILE(*crtend.o) .dtors)
 *(SORT(.dtors.*))
 *crtend.o(.dtors)
                0x00001e9c                . = ALIGN (0x4)
                0x00001e9c                __cy_regions = .
                0x00001e9c        0x4 LONG 0x1eb0 __cy_region_init_ram
                0x00001ea0        0x4 LONG 0x200000c0 __cy_region_start_data
                0x00001ea4        0x4 LONG 0x98 __cy_region_init_size_ram
                0x00001ea8        0x4 LONG 0xf0 __cy_region_zero_size_ram
                0x00001eac                __cy_regions_end = .
                0x00001eb0                . = ALIGN (0x8)
 *fill*         0x00001eac        0x4 
                0x00001eb0                _etext = .

.cy_checksum_exclude
                0x00001eb0        0x0
 *(.cy_checksum_exclude)

.ramvectors     0x20000000       0xc0
                0x20000000                __cy_region_start_ram = .
 *(.ramvectors)
 .ramvectors    0x20000000       0xc0 .\CortexM0\ARM_GCC_541\Debug\Cm0Start.o
                0x20000000                CyRamVectors

.noinit
 *(.noinit)

.data           0x200000c0       0x98 load address 0x00001eb0
                0x200000c0                __cy_region_start_data = .
 *(.jcr)
 .jcr           0x200000c0        0x0 c:/program files (x86)/cypress/psoc creator/4.2/psoc creator/import/gnu/arm/5.4.1/bin/../lib/gcc/arm-none-eabi/5.4.1/armv6-m/crtbegin.o
 .jcr           0x200000c0        0x4 c:/program files (x86)/cypress/psoc creator/4.2/psoc creator/import/gnu/arm/5.4.1/bin/../lib/gcc/arm-none-eabi/5.4.1/armv6-m/crtend.o
 *(.got.plt)
 *(.got)
 *(.shdata)
 *(.data .data.* .gnu.linkonce.d.*)
 .data          0x200000c4        0xc .\CortexM0\ARM_GCC_541\Debug\L103_Capsense_Tuning.a(CapSense.o)
                0x200000c4                CapSense_widgetResolution
                0x200000c8                CapSense_sensorEnableMask
                0x200000cc                CapSense_pcTable
 .data          0x200000d0        0x6 .\CortexM0\ARM_GCC_541\Debug\L103_Capsense_Tuning.a(CapSense_CSHL.o)
                0x200000d0                CapSense_debounce
                0x200000d4                CapSense_lowBaselineReset
                0x200000d5                CapSense_enableRawFilters
 *fill*         0x200000d6        0x2 
 .data          0x200000d8        0x1 .\CortexM0\ARM_GCC_541\Debug\L103_Capsense_Tuning.a(CapSense_SMS.o)
                0x200000d8                CapSense_sensorSensitivity
 *fill*         0x200000d9        0x3 
 .data          0x200000dc       0x14 .\CortexM0\ARM_GCC_541\Debug\L103_Capsense_Tuning.a(CyLib.o)
                0x200000dc                CySysClkPumpConfig
                0x200000e0                cydelay32kMs
                0x200000e4                cydelayFreqKhz
                0x200000e8                cydelayFreqMhz
                0x200000ec                cydelayFreqHz
 .data          0x200000f0        0x4 .\CortexM0\ARM_GCC_541\Debug\L103_Capsense_Tuning.a(CyLFClk.o)
 .data.impure_data
                0x200000f4       0x60 c:/program files (x86)/cypress/psoc creator/4.2/psoc creator/import/gnu/arm/5.4.1/bin/../lib/gcc/arm-none-eabi/5.4.1/../../../../arm-none-eabi/lib/armv6-m\libg_nano.a(lib_a-impure.o)
 .data._impure_ptr
                0x20000154        0x4 c:/program files (x86)/cypress/psoc creator/4.2/psoc creator/import/gnu/arm/5.4.1/bin/../lib/gcc/arm-none-eabi/5.4.1/../../../../arm-none-eabi/lib/armv6-m\libg_nano.a(lib_a-impure.o)
                0x20000154                _impure_ptr
                0x20000158                . = ALIGN (0x8)
 *(.ram)
                0x20000158                _edata = .

.igot.plt       0x20000158        0x0 load address 0x00001f48
 .igot.plt      0x20000158        0x0 c:/program files (x86)/cypress/psoc creator/4.2/psoc creator/import/gnu/arm/5.4.1/bin/../lib/gcc/arm-none-eabi/5.4.1/armv6-m/crtbegin.o

.bss            0x20000158       0xf0 load address 0x00001f48
                0x20000158                PROVIDE (__bss_start__, .)
 *(.shbss)
 *(.bss .bss.* .gnu.linkonce.b.*)
 .bss           0x20000158       0x1c c:/program files (x86)/cypress/psoc creator/4.2/psoc creator/import/gnu/arm/5.4.1/bin/../lib/gcc/arm-none-eabi/5.4.1/armv6-m/crtbegin.o
 .bss           0x20000174        0x9 .\CortexM0\ARM_GCC_541\Debug\L103_Capsense_Tuning.a(CapSense.o)
                0x20000174                CapSense_csdStatusVar
                0x20000178                CapSense_sensorRaw
                0x2000017a                CapSense_sensorIndex
                0x2000017c                CapSense_lowLevelTuningDone
 *fill*         0x2000017d        0x3 
 .bss           0x20000180       0x11 .\CortexM0\ARM_GCC_541\Debug\L103_Capsense_Tuning.a(CapSense_CSHL.o)
                0x20000180                CapSense_sensorBaseline
                0x20000184                CapSense_sensorBaselineLow
                0x20000188                CapSense_sensorSignal
                0x20000190                CapSense_sensorOnMask
 .bss           0x20000191        0x1 .\CortexM0\ARM_GCC_541\Debug\L103_Capsense_Tuning.a(CapSense_INT.o)
 *fill*         0x20000192        0x2 
 .bss           0x20000194       0x20 .\CortexM0\ARM_GCC_541\Debug\L103_Capsense_Tuning.a(CyLFClk.o)
 .bss           0x200001b4        0x8 .\CortexM0\ARM_GCC_541\Debug\L103_Capsense_Tuning.a(EZI2C.o)
                0x200001b4                EZI2C_initVar
                0x200001b8                EZI2C_customIntrHandler
 .bss           0x200001bc        0x2 .\CortexM0\ARM_GCC_541\Debug\L103_Capsense_Tuning.a(EZI2C_EZI2C_INT.o)
 *(COMMON)
 *fill*         0x200001be        0x2 
 COMMON         0x200001c0       0x1d .\CortexM0\ARM_GCC_541\Debug\L103_Capsense_Tuning.a(CapSense.o)
                0x200001c0                CapSense_csdTrim1
                0x200001c4                CapSense_scanSpeedTbl
                0x200001c8                CapSense_sensorEnableMaskBackup
                0x200001cc                CapSense_senseClkDividerVal
                0x200001d0                CapSense_modulationIDAC
                0x200001d4                CapSense_compensationIDAC
                0x200001d8                CapSense_unscannedSnsDriveMode
                0x200001dc                CapSense_sampleClkDividerVal
 *fill*         0x200001dd        0x3 
 COMMON         0x200001e0       0x15 .\CortexM0\ARM_GCC_541\Debug\L103_Capsense_Tuning.a(CapSense_CSHL.o)
                0x200001e0                CapSense_noiseThreshold
                0x200001e4                CapSense_lowBaselineResetCnt
                0x200001e8                CapSense_negativeNoiseThreshold
                0x200001ec                CapSense_rawFilterData1
                0x200001f0                CapSense_hysteresis
                0x200001f4                CapSense_fingerThreshold
 *fill*         0x200001f5        0x3 
 COMMON         0x200001f8       0x14 .\CortexM0\ARM_GCC_541\Debug\L103_Capsense_Tuning.a(CapSense_TunerHelper.o)
                0x200001f8                CapSense_mailboxesComm
 COMMON         0x2000020c       0x25 .\CortexM0\ARM_GCC_541\Debug\L103_Capsense_Tuning.a(CapSense_SMS.o)
                0x2000020c                CapSense_runningDifferenceTbl
                0x20000210                CapSense_signRegisterTbl
                0x20000214                CapSense_sampleMaxTbl
                0x20000218                CapSense_noiseEnvelopeTbl
                0x2000021c                CapSense_previousSampleTbl
                0x20000220                CapSense_sampleMinTbl
                0x20000224                CapSense_config
                0x20000230                CapSense_kValueTbl
 *fill*         0x20000231        0x3 
 COMMON         0x20000234       0x12 .\CortexM0\ARM_GCC_541\Debug\L103_Capsense_Tuning.a(EZI2C_EZI2C.o)
                0x20000234                EZI2C_offsetBuf1
                0x20000236                EZI2C_indexBuf1
                0x20000238                EZI2C_fsmState
                0x2000023a                EZI2C_protectBuf1
                0x2000023c                EZI2C_curStatus
                0x20000240                EZI2C_dataBuffer1
                0x20000244                EZI2C_bufSizeBuf1
                0x20000248                . = ALIGN (0x8)
 *fill*         0x20000246        0x2 
 *(.ram.b)
                0x20000248                _end = .
                0x20000248                __end = .
                0x20000248                PROVIDE (end, .)
                0x20000248                PROVIDE (__bss_end__, .)
                0x00001eb0                __cy_region_init_ram = LOADADDR (.data)
                0x00000098                __cy_region_init_size_ram = (_edata - ADDR (.data))
                0x000000f0                __cy_region_zero_size_ram = (_end - _edata)

.heap           0x20000248       0x80 load address 0x00001f48
                0x20000248                . = _end
                0x200002c8                . = (. + 0x80)
 *fill*         0x20000248       0x80 
                0x200002c8                __cy_heap_limit = .

.stack          0x20000c00      0x400
                0x20000c00                __cy_stack_limit = .
                0x20001000                . = (. + 0x400)
 *fill*         0x20000c00      0x400 
                0x00000001                ASSERT ((__cy_stack_limit >= __cy_heap_limit), region RAM overflowed with stack)
                0x00000000                cy_checksum_exclude_size = (CY_APPL_LOADABLE == 0x1)?SIZEOF (.cy_checksum_exclude):0x0
                0x00000001                ASSERT ((cy_checksum_exclude_size <= CY_CHECKSUM_EXCLUDE_SIZE), CY_BOOT: Section .cy_checksum_exclude size exceedes specified limit.)
                0x00007fc0                cyloadermeta_start = (cy_project_type_bootloader || cy_project_type_app_for_stack_and_copier)?(LENGTH (rom) - CY_METADATA_SIZE):0xf0000000

.cyloadermeta
 *(.cyloadermeta)
                0x00007fc0                cyloadablemeta_start = cy_project_type_app_for_stack_and_copier?((LENGTH (rom) - CY_FLASH_ROW_SIZE) - CY_METADATA_SIZE):((LENGTH (rom) - (CY_FLASH_ROW_SIZE * (CY_APPL_NUM - 0x1))) - CY_METADATA_SIZE)

.cyloadablemeta
 *(.cyloadablemeta)

.cyflashprotect
                0x90400000       0x20
 *(.cyflashprotect)
 .cyflashprotect
                0x90400000       0x20 .\CortexM0\ARM_GCC_541\Debug\cymetadata.o
                0x90400000                cy_meta_flashprotect

.cymeta         0x90500000        0xc
 *(.cymeta)
 .cymeta        0x90500000        0xc .\CortexM0\ARM_GCC_541\Debug\cymetadata.o
                0x90500000                cy_metadata

.cychipprotect  0x90600000        0x1
 *(.cychipprotect)
 .cychipprotect
                0x90600000        0x1 .\CortexM0\ARM_GCC_541\Debug\cymetadata.o
                0x90600000                cy_meta_chipprotect

.rel.dyn        0x00001f48        0x0 load address 0x90600004
 .rel.iplt      0x00001f48        0x0 c:/program files (x86)/cypress/psoc creator/4.2/psoc creator/import/gnu/arm/5.4.1/bin/../lib/gcc/arm-none-eabi/5.4.1/armv6-m/crtbegin.o

.stab
 *(.stab)

.stabstr
 *(.stabstr)

.debug
 *(.debug)

.line
 *(.line)

.debug_srcinfo
 *(.debug_srcinfo)

.debug_sfnames
 *(.debug_sfnames)

.debug_aranges  0x00000000      0x8d8
 *(.debug_aranges)
 .debug_aranges
                0x00000000       0x20 .\CortexM0\ARM_GCC_541\Debug\main.o
 .debug_aranges
                0x00000020       0x48 .\CortexM0\ARM_GCC_541\Debug\cyfitter_cfg.o
 .debug_aranges
                0x00000068       0x18 .\CortexM0\ARM_GCC_541\Debug\cymetadata.o
 .debug_aranges
                0x00000080       0x48 .\CortexM0\ARM_GCC_541\Debug\Cm0Start.o
 .debug_aranges
                0x000000c8      0x150 .\CortexM0\ARM_GCC_541\Debug\L103_Capsense_Tuning.a(CapSense.o)
 .debug_aranges
                0x00000218      0x128 .\CortexM0\ARM_GCC_541\Debug\L103_Capsense_Tuning.a(CapSense_CSHL.o)
 .debug_aranges
                0x00000340       0x20 .\CortexM0\ARM_GCC_541\Debug\L103_Capsense_Tuning.a(CapSense_INT.o)
 .debug_aranges
                0x00000360       0x30 .\CortexM0\ARM_GCC_541\Debug\L103_Capsense_Tuning.a(CapSense_TunerHelper.o)
 .debug_aranges
                0x00000390       0x60 .\CortexM0\ARM_GCC_541\Debug\L103_Capsense_Tuning.a(CapSense_SMS.o)
 .debug_aranges
                0x000003f0       0x28 .\CortexM0\ARM_GCC_541\Debug\L103_Capsense_Tuning.a(CapSense_MBX.o)
 .debug_aranges
                0x00000418       0x40 .\CortexM0\ARM_GCC_541\Debug\L103_Capsense_Tuning.a(CapSense_SampleClk.o)
 .debug_aranges
                0x00000458       0x40 .\CortexM0\ARM_GCC_541\Debug\L103_Capsense_Tuning.a(CapSense_SenseClk.o)
 .debug_aranges
                0x00000498      0x180 .\CortexM0\ARM_GCC_541\Debug\L103_Capsense_Tuning.a(CyLib.o)
 .debug_aranges
                0x00000618      0x138 .\CortexM0\ARM_GCC_541\Debug\L103_Capsense_Tuning.a(CyLFClk.o)
 .debug_aranges
                0x00000750       0x48 .\CortexM0\ARM_GCC_541\Debug\L103_Capsense_Tuning.a(Pin_LED.o)
 .debug_aranges
                0x00000798       0x68 .\CortexM0\ARM_GCC_541\Debug\L103_Capsense_Tuning.a(EZI2C.o)
 .debug_aranges
                0x00000800       0x50 .\CortexM0\ARM_GCC_541\Debug\L103_Capsense_Tuning.a(EZI2C_EZI2C.o)
 .debug_aranges
                0x00000850       0x20 .\CortexM0\ARM_GCC_541\Debug\L103_Capsense_Tuning.a(EZI2C_EZI2C_INT.o)
 .debug_aranges
                0x00000870       0x20 .\CortexM0\ARM_GCC_541\Debug\L103_Capsense_Tuning.a(CyBootAsmGnu.o)
 .debug_aranges
                0x00000890       0x48 C:\Program Files (x86)\Cypress\PSoC Creator\4.2\PSoC Creator\psoc\content\CyComponentLibrary\CyComponentLibrary.cylib\CapSense_CSD_P4_v2_60\PSoC4\Library\CapsenseP4Library_GCC.a(CSD_P4_SmartSense_v2_60.o)

.debug_pubnames
 *(.debug_pubnames)

.debug_info     0x00000000     0x61b2
 *(.debug_info .gnu.linkonce.wi.*)
 .debug_info    0x00000000      0x188 .\CortexM0\ARM_GCC_541\Debug\main.o
 .debug_info    0x00000188      0x404 .\CortexM0\ARM_GCC_541\Debug\cyfitter_cfg.o
 .debug_info    0x0000058c       0xf8 .\CortexM0\ARM_GCC_541\Debug\cymetadata.o
 .debug_info    0x00000684      0x3a2 .\CortexM0\ARM_GCC_541\Debug\Cm0Start.o
 .debug_info    0x00000a26      0xfaf .\CortexM0\ARM_GCC_541\Debug\L103_Capsense_Tuning.a(CapSense.o)
 .debug_info    0x000019d5      0xdce .\CortexM0\ARM_GCC_541\Debug\L103_Capsense_Tuning.a(CapSense_CSHL.o)
 .debug_info    0x000027a3      0x198 .\CortexM0\ARM_GCC_541\Debug\L103_Capsense_Tuning.a(CapSense_INT.o)
 .debug_info    0x0000293b      0x3e2 .\CortexM0\ARM_GCC_541\Debug\L103_Capsense_Tuning.a(CapSense_TunerHelper.o)
 .debug_info    0x00002d1d      0x76d .\CortexM0\ARM_GCC_541\Debug\L103_Capsense_Tuning.a(CapSense_SMS.o)
 .debug_info    0x0000348a      0x2dc .\CortexM0\ARM_GCC_541\Debug\L103_Capsense_Tuning.a(CapSense_MBX.o)
 .debug_info    0x00003766      0x14e .\CortexM0\ARM_GCC_541\Debug\L103_Capsense_Tuning.a(CapSense_SampleClk.o)
 .debug_info    0x000038b4      0x14e .\CortexM0\ARM_GCC_541\Debug\L103_Capsense_Tuning.a(CapSense_SenseClk.o)
 .debug_info    0x00003a02      0xaec .\CortexM0\ARM_GCC_541\Debug\L103_Capsense_Tuning.a(CyLib.o)
 .debug_info    0x000044ee      0xcfe .\CortexM0\ARM_GCC_541\Debug\L103_Capsense_Tuning.a(CyLFClk.o)
 .debug_info    0x000051ec      0x19b .\CortexM0\ARM_GCC_541\Debug\L103_Capsense_Tuning.a(Pin_LED.o)
 .debug_info    0x00005387      0x2aa .\CortexM0\ARM_GCC_541\Debug\L103_Capsense_Tuning.a(EZI2C.o)
 .debug_info    0x00005631      0x319 .\CortexM0\ARM_GCC_541\Debug\L103_Capsense_Tuning.a(EZI2C_EZI2C.o)
 .debug_info    0x0000594a      0x202 .\CortexM0\ARM_GCC_541\Debug\L103_Capsense_Tuning.a(EZI2C_EZI2C_INT.o)
 .debug_info    0x00005b4c       0x84 .\CortexM0\ARM_GCC_541\Debug\L103_Capsense_Tuning.a(CyBootAsmGnu.o)
 .debug_info    0x00005bd0      0x5e2 C:\Program Files (x86)\Cypress\PSoC Creator\4.2\PSoC Creator\psoc\content\CyComponentLibrary\CyComponentLibrary.cylib\CapSense_CSD_P4_v2_60\PSoC4\Library\CapsenseP4Library_GCC.a(CSD_P4_SmartSense_v2_60.o)

.debug_abbrev   0x00000000     0x17ff
 *(.debug_abbrev)
 .debug_abbrev  0x00000000       0x98 .\CortexM0\ARM_GCC_541\Debug\main.o
 .debug_abbrev  0x00000098      0x1cf .\CortexM0\ARM_GCC_541\Debug\cyfitter_cfg.o
 .debug_abbrev  0x00000267       0x5d .\CortexM0\ARM_GCC_541\Debug\cymetadata.o
 .debug_abbrev  0x000002c4      0x1d7 .\CortexM0\ARM_GCC_541\Debug\Cm0Start.o
 .debug_abbrev  0x0000049b      0x197 .\CortexM0\ARM_GCC_541\Debug\L103_Capsense_Tuning.a(CapSense.o)
 .debug_abbrev  0x00000632      0x235 .\CortexM0\ARM_GCC_541\Debug\L103_Capsense_Tuning.a(CapSense_CSHL.o)
 .debug_abbrev  0x00000867       0xca .\CortexM0\ARM_GCC_541\Debug\L103_Capsense_Tuning.a(CapSense_INT.o)
 .debug_abbrev  0x00000931      0x131 .\CortexM0\ARM_GCC_541\Debug\L103_Capsense_Tuning.a(CapSense_TunerHelper.o)
 .debug_abbrev  0x00000a62      0x1d5 .\CortexM0\ARM_GCC_541\Debug\L103_Capsense_Tuning.a(CapSense_SMS.o)
 .debug_abbrev  0x00000c37       0xe9 .\CortexM0\ARM_GCC_541\Debug\L103_Capsense_Tuning.a(CapSense_MBX.o)
 .debug_abbrev  0x00000d20       0xb7 .\CortexM0\ARM_GCC_541\Debug\L103_Capsense_Tuning.a(CapSense_SampleClk.o)
 .debug_abbrev  0x00000dd7       0xb7 .\CortexM0\ARM_GCC_541\Debug\L103_Capsense_Tuning.a(CapSense_SenseClk.o)
 .debug_abbrev  0x00000e8e      0x1e0 .\CortexM0\ARM_GCC_541\Debug\L103_Capsense_Tuning.a(CyLib.o)
 .debug_abbrev  0x0000106e      0x210 .\CortexM0\ARM_GCC_541\Debug\L103_Capsense_Tuning.a(CyLFClk.o)
 .debug_abbrev  0x0000127e       0xc8 .\CortexM0\ARM_GCC_541\Debug\L103_Capsense_Tuning.a(Pin_LED.o)
 .debug_abbrev  0x00001346      0x130 .\CortexM0\ARM_GCC_541\Debug\L103_Capsense_Tuning.a(EZI2C.o)
 .debug_abbrev  0x00001476      0x13a .\CortexM0\ARM_GCC_541\Debug\L103_Capsense_Tuning.a(EZI2C_EZI2C.o)
 .debug_abbrev  0x000015b0       0xdb .\CortexM0\ARM_GCC_541\Debug\L103_Capsense_Tuning.a(EZI2C_EZI2C_INT.o)
 .debug_abbrev  0x0000168b       0x14 .\CortexM0\ARM_GCC_541\Debug\L103_Capsense_Tuning.a(CyBootAsmGnu.o)
 .debug_abbrev  0x0000169f      0x160 C:\Program Files (x86)\Cypress\PSoC Creator\4.2\PSoC Creator\psoc\content\CyComponentLibrary\CyComponentLibrary.cylib\CapSense_CSD_P4_v2_60\PSoC4\Library\CapsenseP4Library_GCC.a(CSD_P4_SmartSense_v2_60.o)

.debug_line     0x00000000     0x2383
 *(.debug_line)
 .debug_line    0x00000000       0xb3 .\CortexM0\ARM_GCC_541\Debug\main.o
 .debug_line    0x000000b3      0x193 .\CortexM0\ARM_GCC_541\Debug\cyfitter_cfg.o
 .debug_line    0x00000246      0x141 .\CortexM0\ARM_GCC_541\Debug\cymetadata.o
 .debug_line    0x00000387      0x235 .\CortexM0\ARM_GCC_541\Debug\Cm0Start.o
 .debug_line    0x000005bc      0x4af .\CortexM0\ARM_GCC_541\Debug\L103_Capsense_Tuning.a(CapSense.o)
 .debug_line    0x00000a6b      0x3ad .\CortexM0\ARM_GCC_541\Debug\L103_Capsense_Tuning.a(CapSense_CSHL.o)
 .debug_line    0x00000e18       0xac .\CortexM0\ARM_GCC_541\Debug\L103_Capsense_Tuning.a(CapSense_INT.o)
 .debug_line    0x00000ec4      0x11e .\CortexM0\ARM_GCC_541\Debug\L103_Capsense_Tuning.a(CapSense_TunerHelper.o)
 .debug_line    0x00000fe2      0x1a8 .\CortexM0\ARM_GCC_541\Debug\L103_Capsense_Tuning.a(CapSense_SMS.o)
 .debug_line    0x0000118a      0x13c .\CortexM0\ARM_GCC_541\Debug\L103_Capsense_Tuning.a(CapSense_MBX.o)
 .debug_line    0x000012c6       0xb8 .\CortexM0\ARM_GCC_541\Debug\L103_Capsense_Tuning.a(CapSense_SampleClk.o)
 .debug_line    0x0000137e       0xb7 .\CortexM0\ARM_GCC_541\Debug\L103_Capsense_Tuning.a(CapSense_SenseClk.o)
 .debug_line    0x00001435      0x460 .\CortexM0\ARM_GCC_541\Debug\L103_Capsense_Tuning.a(CyLib.o)
 .debug_line    0x00001895      0x466 .\CortexM0\ARM_GCC_541\Debug\L103_Capsense_Tuning.a(CyLFClk.o)
 .debug_line    0x00001cfb       0xbe .\CortexM0\ARM_GCC_541\Debug\L103_Capsense_Tuning.a(Pin_LED.o)
 .debug_line    0x00001db9      0x147 .\CortexM0\ARM_GCC_541\Debug\L103_Capsense_Tuning.a(EZI2C.o)
 .debug_line    0x00001f00      0x104 .\CortexM0\ARM_GCC_541\Debug\L103_Capsense_Tuning.a(EZI2C_EZI2C.o)
 .debug_line    0x00002004      0x147 .\CortexM0\ARM_GCC_541\Debug\L103_Capsense_Tuning.a(EZI2C_EZI2C_INT.o)
 .debug_line    0x0000214b       0x69 .\CortexM0\ARM_GCC_541\Debug\L103_Capsense_Tuning.a(CyBootAsmGnu.o)
 .debug_line    0x000021b4      0x1cf C:\Program Files (x86)\Cypress\PSoC Creator\4.2\PSoC Creator\psoc\content\CyComponentLibrary\CyComponentLibrary.cylib\CapSense_CSD_P4_v2_60\PSoC4\Library\CapsenseP4Library_GCC.a(CSD_P4_SmartSense_v2_60.o)

.debug_frame    0x00000000     0x162c
 *(.debug_frame)
 .debug_frame   0x00000000       0x2c .\CortexM0\ARM_GCC_541\Debug\main.o
 .debug_frame   0x0000002c       0xb8 .\CortexM0\ARM_GCC_541\Debug\cyfitter_cfg.o
 .debug_frame   0x000000e4       0xbc .\CortexM0\ARM_GCC_541\Debug\Cm0Start.o
 .debug_frame   0x000001a0      0x398 .\CortexM0\ARM_GCC_541\Debug\L103_Capsense_Tuning.a(CapSense.o)
 .debug_frame   0x00000538      0x2ec .\CortexM0\ARM_GCC_541\Debug\L103_Capsense_Tuning.a(CapSense_CSHL.o)
 .debug_frame   0x00000824       0x2c .\CortexM0\ARM_GCC_541\Debug\L103_Capsense_Tuning.a(CapSense_INT.o)
 .debug_frame   0x00000850       0x64 .\CortexM0\ARM_GCC_541\Debug\L103_Capsense_Tuning.a(CapSense_TunerHelper.o)
 .debug_frame   0x000008b4       0xec .\CortexM0\ARM_GCC_541\Debug\L103_Capsense_Tuning.a(CapSense_SMS.o)
 .debug_frame   0x000009a0       0x44 .\CortexM0\ARM_GCC_541\Debug\L103_Capsense_Tuning.a(CapSense_MBX.o)
 .debug_frame   0x000009e4       0x60 .\CortexM0\ARM_GCC_541\Debug\L103_Capsense_Tuning.a(CapSense_SampleClk.o)
 .debug_frame   0x00000a44       0x60 .\CortexM0\ARM_GCC_541\Debug\L103_Capsense_Tuning.a(CapSense_SenseClk.o)
 .debug_frame   0x00000aa4      0x3e0 .\CortexM0\ARM_GCC_541\Debug\L103_Capsense_Tuning.a(CyLib.o)
 .debug_frame   0x00000e84      0x3a8 .\CortexM0\ARM_GCC_541\Debug\L103_Capsense_Tuning.a(CyLFClk.o)
 .debug_frame   0x0000122c       0x70 .\CortexM0\ARM_GCC_541\Debug\L103_Capsense_Tuning.a(Pin_LED.o)
 .debug_frame   0x0000129c       0xf8 .\CortexM0\ARM_GCC_541\Debug\L103_Capsense_Tuning.a(EZI2C.o)
 .debug_frame   0x00001394       0xa8 .\CortexM0\ARM_GCC_541\Debug\L103_Capsense_Tuning.a(EZI2C_EZI2C.o)
 .debug_frame   0x0000143c       0x30 .\CortexM0\ARM_GCC_541\Debug\L103_Capsense_Tuning.a(EZI2C_EZI2C_INT.o)
 .debug_frame   0x0000146c       0xec C:\Program Files (x86)\Cypress\PSoC Creator\4.2\PSoC Creator\psoc\content\CyComponentLibrary\CyComponentLibrary.cylib\CapSense_CSD_P4_v2_60\PSoC4\Library\CapsenseP4Library_GCC.a(CSD_P4_SmartSense_v2_60.o)
 .debug_frame   0x00001558       0x20 c:/program files (x86)/cypress/psoc creator/4.2/psoc creator/import/gnu/arm/5.4.1/bin/../lib/gcc/arm-none-eabi/5.4.1/armv6-m\libgcc.a(_udivsi3.o)
 .debug_frame   0x00001578       0x20 c:/program files (x86)/cypress/psoc creator/4.2/psoc creator/import/gnu/arm/5.4.1/bin/../lib/gcc/arm-none-eabi/5.4.1/armv6-m\libgcc.a(_divsi3.o)
 .debug_frame   0x00001598       0x20 c:/program files (x86)/cypress/psoc creator/4.2/psoc creator/import/gnu/arm/5.4.1/bin/../lib/gcc/arm-none-eabi/5.4.1/../../../../arm-none-eabi/lib/armv6-m\libg_nano.a(lib_a-errno.o)
 .debug_frame   0x000015b8       0x28 c:/program files (x86)/cypress/psoc creator/4.2/psoc creator/import/gnu/arm/5.4.1/bin/../lib/gcc/arm-none-eabi/5.4.1/../../../../arm-none-eabi/lib/armv6-m\libg_nano.a(lib_a-exit.o)
 .debug_frame   0x000015e0       0x2c c:/program files (x86)/cypress/psoc creator/4.2/psoc creator/import/gnu/arm/5.4.1/bin/../lib/gcc/arm-none-eabi/5.4.1/../../../../arm-none-eabi/lib/armv6-m\libg_nano.a(lib_a-init.o)
 .debug_frame   0x0000160c       0x20 c:/program files (x86)/cypress/psoc creator/4.2/psoc creator/import/gnu/arm/5.4.1/bin/../lib/gcc/arm-none-eabi/5.4.1/../../../../arm-none-eabi/lib/armv6-m\libg_nano.a(lib_a-memset.o)

.debug_str      0x00000000     0x291a
 *(.debug_str)
 .debug_str     0x00000000      0x216 .\CortexM0\ARM_GCC_541\Debug\main.o
                                0x256 (size before relaxing)
 .debug_str     0x00000216      0x159 .\CortexM0\ARM_GCC_541\Debug\cyfitter_cfg.o
                                0x2f1 (size before relaxing)
 .debug_str     0x0000036f       0x63 .\CortexM0\ARM_GCC_541\Debug\cymetadata.o
                                0x1bc (size before relaxing)
 .debug_str     0x000003d2      0x13a .\CortexM0\ARM_GCC_541\Debug\Cm0Start.o
                                0x2f5 (size before relaxing)
 .debug_str     0x0000050c      0x876 .\CortexM0\ARM_GCC_541\Debug\L103_Capsense_Tuning.a(CapSense.o)
                                0xa6d (size before relaxing)
 .debug_str     0x00000d82      0x6ce .\CortexM0\ARM_GCC_541\Debug\L103_Capsense_Tuning.a(CapSense_CSHL.o)
                                0xa97 (size before relaxing)
 .debug_str     0x00001450       0x48 .\CortexM0\ARM_GCC_541\Debug\L103_Capsense_Tuning.a(CapSense_INT.o)
                                0x283 (size before relaxing)
 .debug_str     0x00001498      0x16b .\CortexM0\ARM_GCC_541\Debug\L103_Capsense_Tuning.a(CapSense_TunerHelper.o)
                                0x444 (size before relaxing)
 .debug_str     0x00001603      0x25a .\CortexM0\ARM_GCC_541\Debug\L103_Capsense_Tuning.a(CapSense_SMS.o)
                                0x7bf (size before relaxing)
 .debug_str     0x0000185d       0x4c .\CortexM0\ARM_GCC_541\Debug\L103_Capsense_Tuning.a(CapSense_MBX.o)
                                0x3e2 (size before relaxing)
 .debug_str     0x000018a9       0xaa .\CortexM0\ARM_GCC_541\Debug\L103_Capsense_Tuning.a(CapSense_SampleClk.o)
                                0x27f (size before relaxing)
 .debug_str     0x00001953       0x7f .\CortexM0\ARM_GCC_541\Debug\L103_Capsense_Tuning.a(CapSense_SenseClk.o)
                                0x279 (size before relaxing)
 .debug_str     0x000019d2      0x462 .\CortexM0\ARM_GCC_541\Debug\L103_Capsense_Tuning.a(CyLib.o)
                                0x6aa (size before relaxing)
 .debug_str     0x00001e34      0x521 .\CortexM0\ARM_GCC_541\Debug\L103_Capsense_Tuning.a(CyLFClk.o)
                                0x731 (size before relaxing)
 .debug_str     0x00002355       0xa2 .\CortexM0\ARM_GCC_541\Debug\L103_Capsense_Tuning.a(Pin_LED.o)
                                0x238 (size before relaxing)
 .debug_str     0x000023f7      0x136 .\CortexM0\ARM_GCC_541\Debug\L103_Capsense_Tuning.a(EZI2C.o)
                                0x2ef (size before relaxing)
 .debug_str     0x0000252d      0x10e .\CortexM0\ARM_GCC_541\Debug\L103_Capsense_Tuning.a(EZI2C_EZI2C.o)
                                0x32c (size before relaxing)
 .debug_str     0x0000263b       0x97 .\CortexM0\ARM_GCC_541\Debug\L103_Capsense_Tuning.a(EZI2C_EZI2C_INT.o)
                                0x2df (size before relaxing)
 .debug_str     0x000026d2      0x248 C:\Program Files (x86)\Cypress\PSoC Creator\4.2\PSoC Creator\psoc\content\CyComponentLibrary\CyComponentLibrary.cylib\CapSense_CSD_P4_v2_60\PSoC4\Library\CapsenseP4Library_GCC.a(CSD_P4_SmartSense_v2_60.o)
                                0x59d (size before relaxing)

.debug_loc      0x00000000     0x2d41
 *(.debug_loc)
 .debug_loc     0x00000000       0x1f .\CortexM0\ARM_GCC_541\Debug\main.o
 .debug_loc     0x0000001f      0x14d .\CortexM0\ARM_GCC_541\Debug\cyfitter_cfg.o
 .debug_loc     0x0000016c      0x14f .\CortexM0\ARM_GCC_541\Debug\Cm0Start.o
 .debug_loc     0x000002bb      0x7f8 .\CortexM0\ARM_GCC_541\Debug\L103_Capsense_Tuning.a(CapSense.o)
 .debug_loc     0x00000ab3      0x657 .\CortexM0\ARM_GCC_541\Debug\L103_Capsense_Tuning.a(CapSense_CSHL.o)
 .debug_loc     0x0000110a       0x56 .\CortexM0\ARM_GCC_541\Debug\L103_Capsense_Tuning.a(CapSense_TunerHelper.o)
 .debug_loc     0x00001160      0x20f .\CortexM0\ARM_GCC_541\Debug\L103_Capsense_Tuning.a(CapSense_SMS.o)
 .debug_loc     0x0000136f       0xb3 .\CortexM0\ARM_GCC_541\Debug\L103_Capsense_Tuning.a(CapSense_MBX.o)
 .debug_loc     0x00001422       0x13 .\CortexM0\ARM_GCC_541\Debug\L103_Capsense_Tuning.a(CapSense_SampleClk.o)
 .debug_loc     0x00001435       0x13 .\CortexM0\ARM_GCC_541\Debug\L103_Capsense_Tuning.a(CapSense_SenseClk.o)
 .debug_loc     0x00001448      0x599 .\CortexM0\ARM_GCC_541\Debug\L103_Capsense_Tuning.a(CyLib.o)
 .debug_loc     0x000019e1      0x9b5 .\CortexM0\ARM_GCC_541\Debug\L103_Capsense_Tuning.a(CyLFClk.o)
 .debug_loc     0x00002396       0x81 .\CortexM0\ARM_GCC_541\Debug\L103_Capsense_Tuning.a(Pin_LED.o)
 .debug_loc     0x00002417       0x7e .\CortexM0\ARM_GCC_541\Debug\L103_Capsense_Tuning.a(EZI2C.o)
 .debug_loc     0x00002495       0xec .\CortexM0\ARM_GCC_541\Debug\L103_Capsense_Tuning.a(EZI2C_EZI2C.o)
 .debug_loc     0x00002581      0x132 .\CortexM0\ARM_GCC_541\Debug\L103_Capsense_Tuning.a(EZI2C_EZI2C_INT.o)
 .debug_loc     0x000026b3      0x68e C:\Program Files (x86)\Cypress\PSoC Creator\4.2\PSoC Creator\psoc\content\CyComponentLibrary\CyComponentLibrary.cylib\CapSense_CSD_P4_v2_60\PSoC4\Library\CapsenseP4Library_GCC.a(CSD_P4_SmartSense_v2_60.o)

.debug_macinfo
 *(.debug_macinfo)

.debug_ranges   0x00000000      0x780
 *(.debug_ranges)
 .debug_ranges  0x00000000       0x10 .\CortexM0\ARM_GCC_541\Debug\main.o
 .debug_ranges  0x00000010       0x38 .\CortexM0\ARM_GCC_541\Debug\cyfitter_cfg.o
 .debug_ranges  0x00000048       0x38 .\CortexM0\ARM_GCC_541\Debug\Cm0Start.o
 .debug_ranges  0x00000080      0x140 .\CortexM0\ARM_GCC_541\Debug\L103_Capsense_Tuning.a(CapSense.o)
 .debug_ranges  0x000001c0      0x118 .\CortexM0\ARM_GCC_541\Debug\L103_Capsense_Tuning.a(CapSense_CSHL.o)
 .debug_ranges  0x000002d8       0x10 .\CortexM0\ARM_GCC_541\Debug\L103_Capsense_Tuning.a(CapSense_INT.o)
 .debug_ranges  0x000002e8       0x20 .\CortexM0\ARM_GCC_541\Debug\L103_Capsense_Tuning.a(CapSense_TunerHelper.o)
 .debug_ranges  0x00000308       0x50 .\CortexM0\ARM_GCC_541\Debug\L103_Capsense_Tuning.a(CapSense_SMS.o)
 .debug_ranges  0x00000358       0x18 .\CortexM0\ARM_GCC_541\Debug\L103_Capsense_Tuning.a(CapSense_MBX.o)
 .debug_ranges  0x00000370       0x30 .\CortexM0\ARM_GCC_541\Debug\L103_Capsense_Tuning.a(CapSense_SampleClk.o)
 .debug_ranges  0x000003a0       0x30 .\CortexM0\ARM_GCC_541\Debug\L103_Capsense_Tuning.a(CapSense_SenseClk.o)
 .debug_ranges  0x000003d0      0x170 .\CortexM0\ARM_GCC_541\Debug\L103_Capsense_Tuning.a(CyLib.o)
 .debug_ranges  0x00000540      0x128 .\CortexM0\ARM_GCC_541\Debug\L103_Capsense_Tuning.a(CyLFClk.o)
 .debug_ranges  0x00000668       0x38 .\CortexM0\ARM_GCC_541\Debug\L103_Capsense_Tuning.a(Pin_LED.o)
 .debug_ranges  0x000006a0       0x58 .\CortexM0\ARM_GCC_541\Debug\L103_Capsense_Tuning.a(EZI2C.o)
 .debug_ranges  0x000006f8       0x40 .\CortexM0\ARM_GCC_541\Debug\L103_Capsense_Tuning.a(EZI2C_EZI2C.o)
 .debug_ranges  0x00000738       0x10 .\CortexM0\ARM_GCC_541\Debug\L103_Capsense_Tuning.a(EZI2C_EZI2C_INT.o)
 .debug_ranges  0x00000748       0x38 C:\Program Files (x86)\Cypress\PSoC Creator\4.2\PSoC Creator\psoc\content\CyComponentLibrary\CyComponentLibrary.cylib\CapSense_CSD_P4_v2_60\PSoC4\Library\CapsenseP4Library_GCC.a(CSD_P4_SmartSense_v2_60.o)

.comment        0x00000000       0xde
 .comment       0x00000000       0x6e .\CortexM0\ARM_GCC_541\Debug\main.o
                                 0x6f (size before relaxing)
 .comment       0x0000006e       0x6f .\CortexM0\ARM_GCC_541\Debug\cyfitter_cfg.o
 .comment       0x0000006e       0x6f .\CortexM0\ARM_GCC_541\Debug\cymetadata.o
 .comment       0x0000006e       0x6f .\CortexM0\ARM_GCC_541\Debug\Cm0Start.o
 .comment       0x0000006e       0x6f .\CortexM0\ARM_GCC_541\Debug\L103_Capsense_Tuning.a(CapSense.o)
 .comment       0x0000006e       0x6f .\CortexM0\ARM_GCC_541\Debug\L103_Capsense_Tuning.a(CapSense_CSHL.o)
 .comment       0x0000006e       0x6f .\CortexM0\ARM_GCC_541\Debug\L103_Capsense_Tuning.a(CapSense_INT.o)
 .comment       0x0000006e       0x6f .\CortexM0\ARM_GCC_541\Debug\L103_Capsense_Tuning.a(CapSense_TunerHelper.o)
 .comment       0x0000006e       0x6f .\CortexM0\ARM_GCC_541\Debug\L103_Capsense_Tuning.a(CapSense_SMS.o)
 .comment       0x0000006e       0x6f .\CortexM0\ARM_GCC_541\Debug\L103_Capsense_Tuning.a(CapSense_MBX.o)
 .comment       0x0000006e       0x6f .\CortexM0\ARM_GCC_541\Debug\L103_Capsense_Tuning.a(CapSense_SampleClk.o)
 .comment       0x0000006e       0x6f .\CortexM0\ARM_GCC_541\Debug\L103_Capsense_Tuning.a(CapSense_SenseClk.o)
 .comment       0x0000006e       0x6f .\CortexM0\ARM_GCC_541\Debug\L103_Capsense_Tuning.a(CyLib.o)
 .comment       0x0000006e       0x6f .\CortexM0\ARM_GCC_541\Debug\L103_Capsense_Tuning.a(CyLFClk.o)
 .comment       0x0000006e       0x6f .\CortexM0\ARM_GCC_541\Debug\L103_Capsense_Tuning.a(Pin_LED.o)
 .comment       0x0000006e       0x6f .\CortexM0\ARM_GCC_541\Debug\L103_Capsense_Tuning.a(EZI2C.o)
 .comment       0x0000006e       0x6f .\CortexM0\ARM_GCC_541\Debug\L103_Capsense_Tuning.a(EZI2C_EZI2C.o)
 .comment       0x0000006e       0x6f .\CortexM0\ARM_GCC_541\Debug\L103_Capsense_Tuning.a(EZI2C_EZI2C_INT.o)
 .comment       0x0000006e       0x70 C:\Program Files (x86)\Cypress\PSoC Creator\4.2\PSoC Creator\psoc\content\CyComponentLibrary\CyComponentLibrary.cylib\CapSense_CSD_P4_v2_60\PSoC4\Library\CapsenseP4Library_GCC.a(CSD_P4_SmartSense_v2_60.o)
                                 0x71 (size before relaxing)

.debug_weaknames
 *(.debug_weaknames)

.debug_funcnames
 *(.debug_funcnames)

.debug_typenames
 *(.debug_typenames)

.debug_varnames
 *(.debug_varnames)

.note.gnu.arm.ident
 *(.note.gnu.arm.ident)

.ARM.attributes
                0x00000000       0x28
 *(.ARM.attributes)
 .ARM.attributes
                0x00000000       0x1e c:/program files (x86)/cypress/psoc creator/4.2/psoc creator/import/gnu/arm/5.4.1/bin/../lib/gcc/arm-none-eabi/5.4.1/armv6-m/crti.o
 .ARM.attributes
                0x0000001e       0x2c c:/program files (x86)/cypress/psoc creator/4.2/psoc creator/import/gnu/arm/5.4.1/bin/../lib/gcc/arm-none-eabi/5.4.1/armv6-m/crtbegin.o
 .ARM.attributes
                0x0000004a       0x1b c:/program files (x86)/cypress/psoc creator/4.2/psoc creator/import/gnu/arm/5.4.1/bin/../lib/gcc/arm-none-eabi/5.4.1/../../../../arm-none-eabi/lib/armv6-m/crt0.o
 .ARM.attributes
                0x00000065       0x31 .\CortexM0\ARM_GCC_541\Debug\main.o
 .ARM.attributes
                0x00000096       0x31 .\CortexM0\ARM_GCC_541\Debug\cyfitter_cfg.o
 .ARM.attributes
                0x000000c7       0x31 .\CortexM0\ARM_GCC_541\Debug\cymetadata.o
 .ARM.attributes
                0x000000f8       0x31 .\CortexM0\ARM_GCC_541\Debug\Cm0Start.o
 .ARM.attributes
                0x00000129       0x31 .\CortexM0\ARM_GCC_541\Debug\L103_Capsense_Tuning.a(CapSense.o)
 .ARM.attributes
                0x0000015a       0x31 .\CortexM0\ARM_GCC_541\Debug\L103_Capsense_Tuning.a(CapSense_CSHL.o)
 .ARM.attributes
                0x0000018b       0x31 .\CortexM0\ARM_GCC_541\Debug\L103_Capsense_Tuning.a(CapSense_INT.o)
 .ARM.attributes
                0x000001bc       0x31 .\CortexM0\ARM_GCC_541\Debug\L103_Capsense_Tuning.a(CapSense_TunerHelper.o)
 .ARM.attributes
                0x000001ed       0x31 .\CortexM0\ARM_GCC_541\Debug\L103_Capsense_Tuning.a(CapSense_SMS.o)
 .ARM.attributes
                0x0000021e       0x31 .\CortexM0\ARM_GCC_541\Debug\L103_Capsense_Tuning.a(CapSense_MBX.o)
 .ARM.attributes
                0x0000024f       0x31 .\CortexM0\ARM_GCC_541\Debug\L103_Capsense_Tuning.a(CapSense_SampleClk.o)
 .ARM.attributes
                0x00000280       0x31 .\CortexM0\ARM_GCC_541\Debug\L103_Capsense_Tuning.a(CapSense_SenseClk.o)
 .ARM.attributes
                0x000002b1       0x31 .\CortexM0\ARM_GCC_541\Debug\L103_Capsense_Tuning.a(CyLib.o)
 .ARM.attributes
                0x000002e2       0x31 .\CortexM0\ARM_GCC_541\Debug\L103_Capsense_Tuning.a(CyLFClk.o)
 .ARM.attributes
                0x00000313       0x31 .\CortexM0\ARM_GCC_541\Debug\L103_Capsense_Tuning.a(Pin_LED.o)
 .ARM.attributes
                0x00000344       0x31 .\CortexM0\ARM_GCC_541\Debug\L103_Capsense_Tuning.a(EZI2C.o)
 .ARM.attributes
                0x00000375       0x31 .\CortexM0\ARM_GCC_541\Debug\L103_Capsense_Tuning.a(EZI2C_EZI2C.o)
 .ARM.attributes
                0x000003a6       0x31 .\CortexM0\ARM_GCC_541\Debug\L103_Capsense_Tuning.a(EZI2C_EZI2C_INT.o)
 .ARM.attributes
                0x000003d7       0x21 .\CortexM0\ARM_GCC_541\Debug\L103_Capsense_Tuning.a(CyBootAsmGnu.o)
 .ARM.attributes
                0x000003f8       0x31 C:\Program Files (x86)\Cypress\PSoC Creator\4.2\PSoC Creator\psoc\content\CyComponentLibrary\CyComponentLibrary.cylib\CapSense_CSD_P4_v2_60\PSoC4\Library\CapsenseP4Library_GCC.a(CSD_P4_SmartSense_v2_60.o)
 .ARM.attributes
                0x00000429       0x1e c:/program files (x86)/cypress/psoc creator/4.2/psoc creator/import/gnu/arm/5.4.1/bin/../lib/gcc/arm-none-eabi/5.4.1/armv6-m\libgcc.a(_udivsi3.o)
 .ARM.attributes
                0x00000447       0x1e c:/program files (x86)/cypress/psoc creator/4.2/psoc creator/import/gnu/arm/5.4.1/bin/../lib/gcc/arm-none-eabi/5.4.1/armv6-m\libgcc.a(_divsi3.o)
 .ARM.attributes
                0x00000465       0x1e c:/program files (x86)/cypress/psoc creator/4.2/psoc creator/import/gnu/arm/5.4.1/bin/../lib/gcc/arm-none-eabi/5.4.1/armv6-m\libgcc.a(_dvmd_tls.o)
 .ARM.attributes
                0x00000483       0x2c c:/program files (x86)/cypress/psoc creator/4.2/psoc creator/import/gnu/arm/5.4.1/bin/../lib/gcc/arm-none-eabi/5.4.1/../../../../arm-none-eabi/lib/armv6-m\libg_nano.a(lib_a-errno.o)
 .ARM.attributes
                0x000004af       0x2c c:/program files (x86)/cypress/psoc creator/4.2/psoc creator/import/gnu/arm/5.4.1/bin/../lib/gcc/arm-none-eabi/5.4.1/../../../../arm-none-eabi/lib/armv6-m\libg_nano.a(lib_a-exit.o)
 .ARM.attributes
                0x000004db       0x2c c:/program files (x86)/cypress/psoc creator/4.2/psoc creator/import/gnu/arm/5.4.1/bin/../lib/gcc/arm-none-eabi/5.4.1/../../../../arm-none-eabi/lib/armv6-m\libg_nano.a(lib_a-impure.o)
 .ARM.attributes
                0x00000507       0x2c c:/program files (x86)/cypress/psoc creator/4.2/psoc creator/import/gnu/arm/5.4.1/bin/../lib/gcc/arm-none-eabi/5.4.1/../../../../arm-none-eabi/lib/armv6-m\libg_nano.a(lib_a-init.o)
 .ARM.attributes
                0x00000533       0x2c c:/program files (x86)/cypress/psoc creator/4.2/psoc creator/import/gnu/arm/5.4.1/bin/../lib/gcc/arm-none-eabi/5.4.1/../../../../arm-none-eabi/lib/armv6-m\libg_nano.a(lib_a-memset.o)
 .ARM.attributes
                0x0000055f       0x2c c:/program files (x86)/cypress/psoc creator/4.2/psoc creator/import/gnu/arm/5.4.1/bin/../lib/gcc/arm-none-eabi/5.4.1/armv6-m/crtend.o
 .ARM.attributes
                0x0000058b       0x1e c:/program files (x86)/cypress/psoc creator/4.2/psoc creator/import/gnu/arm/5.4.1/bin/../lib/gcc/arm-none-eabi/5.4.1/armv6-m/crtn.o

/DISCARD/
 *(.note.GNU-stack)
OUTPUT(C:\Users\srhi\Desktop\PSOC\L103_Capsense_Tuning.cydsn\CortexM0\ARM_GCC_541\Debug\L103_Capsense_Tuning.elf elf32-littlearm)
