ARM GAS  C:\Users\Shashwat\AppData\Local\Temp\ccR31zrg.s 			page 1


   1              		.syntax unified
   2              		.cpu cortex-m0
   3              		.fpu softvfp
   4              		.eabi_attribute 20, 1
   5              		.eabi_attribute 21, 1
   6              		.eabi_attribute 23, 3
   7              		.eabi_attribute 24, 1
   8              		.eabi_attribute 25, 1
   9              		.eabi_attribute 26, 1
  10              		.eabi_attribute 30, 1
  11              		.eabi_attribute 34, 0
  12              		.eabi_attribute 18, 4
  13              		.thumb
  14              		.syntax unified
  15              		.file	"cyfitter_cfg.c"
  16              		.text
  17              	.Ltext0:
  18              		.cfi_sections	.debug_frame
  19              		.section	.text.cfg_write_bytes32,"ax",%progbits
  20              		.align	2
  21              		.code	16
  22              		.thumb_func
  23              		.type	cfg_write_bytes32, %function
  24              	cfg_write_bytes32:
  25              	.LFB3:
  26              		.file 1 "Generated_Source\\PSoC4\\cyfitter_cfg.c"
   1:Generated_Source\PSoC4/cyfitter_cfg.c **** 
   2:Generated_Source\PSoC4/cyfitter_cfg.c **** /*******************************************************************************
   3:Generated_Source\PSoC4/cyfitter_cfg.c **** * File Name: cyfitter_cfg.c
   4:Generated_Source\PSoC4/cyfitter_cfg.c **** * 
   5:Generated_Source\PSoC4/cyfitter_cfg.c **** * PSoC Creator  4.2
   6:Generated_Source\PSoC4/cyfitter_cfg.c **** *
   7:Generated_Source\PSoC4/cyfitter_cfg.c **** * Description:
   8:Generated_Source\PSoC4/cyfitter_cfg.c **** * This file contains device initialization code.
   9:Generated_Source\PSoC4/cyfitter_cfg.c **** * Except for the user defined sections in CyClockStartupError(), this file should not be modified.
  10:Generated_Source\PSoC4/cyfitter_cfg.c **** * This file is automatically generated by PSoC Creator.
  11:Generated_Source\PSoC4/cyfitter_cfg.c **** *
  12:Generated_Source\PSoC4/cyfitter_cfg.c **** ********************************************************************************
  13:Generated_Source\PSoC4/cyfitter_cfg.c **** * Copyright (c) 2007-2018 Cypress Semiconductor.  All rights reserved.
  14:Generated_Source\PSoC4/cyfitter_cfg.c **** * You may use this file only in accordance with the license, terms, conditions, 
  15:Generated_Source\PSoC4/cyfitter_cfg.c **** * disclaimers, and limitations in the end user license agreement accompanying 
  16:Generated_Source\PSoC4/cyfitter_cfg.c **** * the software package with which this file was provided.
  17:Generated_Source\PSoC4/cyfitter_cfg.c **** ********************************************************************************/
  18:Generated_Source\PSoC4/cyfitter_cfg.c **** 
  19:Generated_Source\PSoC4/cyfitter_cfg.c **** #include <string.h>
  20:Generated_Source\PSoC4/cyfitter_cfg.c **** #include "cytypes.h"
  21:Generated_Source\PSoC4/cyfitter_cfg.c **** #include "cydevice_trm.h"
  22:Generated_Source\PSoC4/cyfitter_cfg.c **** #include "cyfitter.h"
  23:Generated_Source\PSoC4/cyfitter_cfg.c **** #include "CyLib.h"
  24:Generated_Source\PSoC4/cyfitter_cfg.c **** #include "CyLFClk.h"
  25:Generated_Source\PSoC4/cyfitter_cfg.c **** #include "cyfitter_cfg.h"
  26:Generated_Source\PSoC4/cyfitter_cfg.c **** #include "cyapicallbacks.h"
  27:Generated_Source\PSoC4/cyfitter_cfg.c **** 
  28:Generated_Source\PSoC4/cyfitter_cfg.c **** 
  29:Generated_Source\PSoC4/cyfitter_cfg.c **** #if defined(__GNUC__) || defined(__ARMCC_VERSION)
  30:Generated_Source\PSoC4/cyfitter_cfg.c ****     #define CYPACKED 
  31:Generated_Source\PSoC4/cyfitter_cfg.c ****     #define CYPACKED_ATTR __attribute__ ((packed))
ARM GAS  C:\Users\Shashwat\AppData\Local\Temp\ccR31zrg.s 			page 2


  32:Generated_Source\PSoC4/cyfitter_cfg.c ****     #define CYALIGNED __attribute__ ((aligned))
  33:Generated_Source\PSoC4/cyfitter_cfg.c ****     #define CY_CFG_UNUSED __attribute__ ((unused))
  34:Generated_Source\PSoC4/cyfitter_cfg.c ****     #ifndef CY_CFG_SECTION
  35:Generated_Source\PSoC4/cyfitter_cfg.c ****         #define CY_CFG_SECTION __attribute__ ((section(".psocinit")))
  36:Generated_Source\PSoC4/cyfitter_cfg.c ****     #endif
  37:Generated_Source\PSoC4/cyfitter_cfg.c ****     
  38:Generated_Source\PSoC4/cyfitter_cfg.c ****     #if defined(__ARMCC_VERSION)
  39:Generated_Source\PSoC4/cyfitter_cfg.c ****         #define CY_CFG_MEMORY_BARRIER() __memory_changed()
  40:Generated_Source\PSoC4/cyfitter_cfg.c ****     #else
  41:Generated_Source\PSoC4/cyfitter_cfg.c ****         #define CY_CFG_MEMORY_BARRIER() __sync_synchronize()
  42:Generated_Source\PSoC4/cyfitter_cfg.c ****     #endif
  43:Generated_Source\PSoC4/cyfitter_cfg.c ****     
  44:Generated_Source\PSoC4/cyfitter_cfg.c **** #elif defined(__ICCARM__)
  45:Generated_Source\PSoC4/cyfitter_cfg.c ****     #include <intrinsics.h>
  46:Generated_Source\PSoC4/cyfitter_cfg.c **** 
  47:Generated_Source\PSoC4/cyfitter_cfg.c ****     #define CYPACKED __packed
  48:Generated_Source\PSoC4/cyfitter_cfg.c ****     #define CYPACKED_ATTR 
  49:Generated_Source\PSoC4/cyfitter_cfg.c ****     #define CYALIGNED _Pragma("data_alignment=4")
  50:Generated_Source\PSoC4/cyfitter_cfg.c ****     #define CY_CFG_UNUSED _Pragma("diag_suppress=Pe177")
  51:Generated_Source\PSoC4/cyfitter_cfg.c ****     #define CY_CFG_SECTION _Pragma("location=\".psocinit\"")
  52:Generated_Source\PSoC4/cyfitter_cfg.c ****     
  53:Generated_Source\PSoC4/cyfitter_cfg.c ****     #define CY_CFG_MEMORY_BARRIER() __DMB()
  54:Generated_Source\PSoC4/cyfitter_cfg.c ****     
  55:Generated_Source\PSoC4/cyfitter_cfg.c **** #else
  56:Generated_Source\PSoC4/cyfitter_cfg.c ****     #error Unsupported toolchain
  57:Generated_Source\PSoC4/cyfitter_cfg.c **** #endif
  58:Generated_Source\PSoC4/cyfitter_cfg.c **** 
  59:Generated_Source\PSoC4/cyfitter_cfg.c **** #ifndef CYCODE
  60:Generated_Source\PSoC4/cyfitter_cfg.c ****     #define CYCODE
  61:Generated_Source\PSoC4/cyfitter_cfg.c **** #endif
  62:Generated_Source\PSoC4/cyfitter_cfg.c **** #ifndef CYDATA
  63:Generated_Source\PSoC4/cyfitter_cfg.c ****     #define CYDATA
  64:Generated_Source\PSoC4/cyfitter_cfg.c **** #endif
  65:Generated_Source\PSoC4/cyfitter_cfg.c **** #ifndef CYFAR
  66:Generated_Source\PSoC4/cyfitter_cfg.c ****     #define CYFAR
  67:Generated_Source\PSoC4/cyfitter_cfg.c **** #endif
  68:Generated_Source\PSoC4/cyfitter_cfg.c **** #ifndef CYXDATA
  69:Generated_Source\PSoC4/cyfitter_cfg.c ****     #define CYXDATA
  70:Generated_Source\PSoC4/cyfitter_cfg.c **** #endif
  71:Generated_Source\PSoC4/cyfitter_cfg.c **** 
  72:Generated_Source\PSoC4/cyfitter_cfg.c **** 
  73:Generated_Source\PSoC4/cyfitter_cfg.c **** CY_CFG_UNUSED
  74:Generated_Source\PSoC4/cyfitter_cfg.c **** static void CYMEMZERO(void *s, size_t n);
  75:Generated_Source\PSoC4/cyfitter_cfg.c **** CY_CFG_UNUSED
  76:Generated_Source\PSoC4/cyfitter_cfg.c **** static void CYMEMZERO(void *s, size_t n)
  77:Generated_Source\PSoC4/cyfitter_cfg.c **** {
  78:Generated_Source\PSoC4/cyfitter_cfg.c **** 	(void)memset(s, 0, n);
  79:Generated_Source\PSoC4/cyfitter_cfg.c **** }
  80:Generated_Source\PSoC4/cyfitter_cfg.c **** CY_CFG_UNUSED
  81:Generated_Source\PSoC4/cyfitter_cfg.c **** static void CYCONFIGCPY(void *dest, const void *src, size_t n);
  82:Generated_Source\PSoC4/cyfitter_cfg.c **** CY_CFG_UNUSED
  83:Generated_Source\PSoC4/cyfitter_cfg.c **** static void CYCONFIGCPY(void *dest, const void *src, size_t n)
  84:Generated_Source\PSoC4/cyfitter_cfg.c **** {
  85:Generated_Source\PSoC4/cyfitter_cfg.c **** 	(void)memcpy(dest, src, n);
  86:Generated_Source\PSoC4/cyfitter_cfg.c **** }
  87:Generated_Source\PSoC4/cyfitter_cfg.c **** CY_CFG_UNUSED
  88:Generated_Source\PSoC4/cyfitter_cfg.c **** static void CYCONFIGCPYCODE(void *dest, const void *src, size_t n);
ARM GAS  C:\Users\Shashwat\AppData\Local\Temp\ccR31zrg.s 			page 3


  89:Generated_Source\PSoC4/cyfitter_cfg.c **** CY_CFG_UNUSED
  90:Generated_Source\PSoC4/cyfitter_cfg.c **** static void CYCONFIGCPYCODE(void *dest, const void *src, size_t n)
  91:Generated_Source\PSoC4/cyfitter_cfg.c **** {
  92:Generated_Source\PSoC4/cyfitter_cfg.c **** 	(void)memcpy(dest, src, n);
  93:Generated_Source\PSoC4/cyfitter_cfg.c **** }
  94:Generated_Source\PSoC4/cyfitter_cfg.c **** 
  95:Generated_Source\PSoC4/cyfitter_cfg.c **** 
  96:Generated_Source\PSoC4/cyfitter_cfg.c **** 
  97:Generated_Source\PSoC4/cyfitter_cfg.c **** 
  98:Generated_Source\PSoC4/cyfitter_cfg.c **** /* Clock startup error codes                                                   */
  99:Generated_Source\PSoC4/cyfitter_cfg.c **** #define CYCLOCKSTART_NO_ERROR    0u
 100:Generated_Source\PSoC4/cyfitter_cfg.c **** #define CYCLOCKSTART_XTAL_ERROR  1u
 101:Generated_Source\PSoC4/cyfitter_cfg.c **** #define CYCLOCKSTART_32KHZ_ERROR 2u
 102:Generated_Source\PSoC4/cyfitter_cfg.c **** #define CYCLOCKSTART_PLL_ERROR   3u
 103:Generated_Source\PSoC4/cyfitter_cfg.c **** #define CYCLOCKSTART_FLL_ERROR   4u
 104:Generated_Source\PSoC4/cyfitter_cfg.c **** #define CYCLOCKSTART_WCO_ERROR   5u
 105:Generated_Source\PSoC4/cyfitter_cfg.c **** 
 106:Generated_Source\PSoC4/cyfitter_cfg.c **** 
 107:Generated_Source\PSoC4/cyfitter_cfg.c **** #ifdef CY_NEED_CYCLOCKSTARTUPERROR
 108:Generated_Source\PSoC4/cyfitter_cfg.c **** /*******************************************************************************
 109:Generated_Source\PSoC4/cyfitter_cfg.c **** * Function Name: CyClockStartupError
 110:Generated_Source\PSoC4/cyfitter_cfg.c **** ********************************************************************************
 111:Generated_Source\PSoC4/cyfitter_cfg.c **** * Summary:
 112:Generated_Source\PSoC4/cyfitter_cfg.c **** *  If an error is encountered during clock configuration (crystal startup error,
 113:Generated_Source\PSoC4/cyfitter_cfg.c **** *  PLL lock error, etc.), the system will end up here.  Unless reimplemented by
 114:Generated_Source\PSoC4/cyfitter_cfg.c **** *  the customer, this function will stop in an infinite loop.
 115:Generated_Source\PSoC4/cyfitter_cfg.c **** *
 116:Generated_Source\PSoC4/cyfitter_cfg.c **** * Parameters:
 117:Generated_Source\PSoC4/cyfitter_cfg.c **** *   void
 118:Generated_Source\PSoC4/cyfitter_cfg.c **** *
 119:Generated_Source\PSoC4/cyfitter_cfg.c **** * Return:
 120:Generated_Source\PSoC4/cyfitter_cfg.c **** *   void
 121:Generated_Source\PSoC4/cyfitter_cfg.c **** *
 122:Generated_Source\PSoC4/cyfitter_cfg.c **** *******************************************************************************/
 123:Generated_Source\PSoC4/cyfitter_cfg.c **** CY_CFG_UNUSED
 124:Generated_Source\PSoC4/cyfitter_cfg.c **** static void CyClockStartupError(uint8 errorCode);
 125:Generated_Source\PSoC4/cyfitter_cfg.c **** CY_CFG_UNUSED
 126:Generated_Source\PSoC4/cyfitter_cfg.c **** static void CyClockStartupError(uint8 errorCode)
 127:Generated_Source\PSoC4/cyfitter_cfg.c **** {
 128:Generated_Source\PSoC4/cyfitter_cfg.c ****     /* To remove the compiler warning if errorCode not used.                */
 129:Generated_Source\PSoC4/cyfitter_cfg.c ****     errorCode = errorCode;
 130:Generated_Source\PSoC4/cyfitter_cfg.c **** 
 131:Generated_Source\PSoC4/cyfitter_cfg.c ****     /* If we have a clock startup error (bad MHz crystal, PLL lock, etc.),  */
 132:Generated_Source\PSoC4/cyfitter_cfg.c ****     /* we will end up here to allow the customer to implement something to  */
 133:Generated_Source\PSoC4/cyfitter_cfg.c ****     /* deal with the clock condition.                                       */
 134:Generated_Source\PSoC4/cyfitter_cfg.c **** 
 135:Generated_Source\PSoC4/cyfitter_cfg.c **** #ifdef CY_CFG_CLOCK_STARTUP_ERROR_CALLBACK
 136:Generated_Source\PSoC4/cyfitter_cfg.c ****     CY_CFG_Clock_Startup_ErrorCallback();
 137:Generated_Source\PSoC4/cyfitter_cfg.c **** #else
 138:Generated_Source\PSoC4/cyfitter_cfg.c ****     /*  If not using CY_CFG_CLOCK_STARTUP_ERROR_CALLBACK, place your clock startup code here. */
 139:Generated_Source\PSoC4/cyfitter_cfg.c ****     /* `#START CyClockStartupError` */
 140:Generated_Source\PSoC4/cyfitter_cfg.c **** 
 141:Generated_Source\PSoC4/cyfitter_cfg.c **** 
 142:Generated_Source\PSoC4/cyfitter_cfg.c **** 
 143:Generated_Source\PSoC4/cyfitter_cfg.c ****     /* `#END` */
 144:Generated_Source\PSoC4/cyfitter_cfg.c **** 
 145:Generated_Source\PSoC4/cyfitter_cfg.c ****     while(1) {}
ARM GAS  C:\Users\Shashwat\AppData\Local\Temp\ccR31zrg.s 			page 4


 146:Generated_Source\PSoC4/cyfitter_cfg.c **** #endif /* CY_CFG_CLOCK_STARTUP_ERROR_CALLBACK */
 147:Generated_Source\PSoC4/cyfitter_cfg.c **** }
 148:Generated_Source\PSoC4/cyfitter_cfg.c **** #endif
 149:Generated_Source\PSoC4/cyfitter_cfg.c **** 
 150:Generated_Source\PSoC4/cyfitter_cfg.c **** #define CY_CFG_BASE_ADDR_COUNT 1u
 151:Generated_Source\PSoC4/cyfitter_cfg.c **** CYPACKED typedef struct
 152:Generated_Source\PSoC4/cyfitter_cfg.c **** {
 153:Generated_Source\PSoC4/cyfitter_cfg.c **** 	uint8 offset;
 154:Generated_Source\PSoC4/cyfitter_cfg.c **** 	uint8 value;
 155:Generated_Source\PSoC4/cyfitter_cfg.c **** } CYPACKED_ATTR cy_cfg_addrvalue_t;
 156:Generated_Source\PSoC4/cyfitter_cfg.c **** 
 157:Generated_Source\PSoC4/cyfitter_cfg.c **** 
 158:Generated_Source\PSoC4/cyfitter_cfg.c **** 
 159:Generated_Source\PSoC4/cyfitter_cfg.c **** /*******************************************************************************
 160:Generated_Source\PSoC4/cyfitter_cfg.c **** * Function Name: cfg_write_bytes32
 161:Generated_Source\PSoC4/cyfitter_cfg.c **** ********************************************************************************
 162:Generated_Source\PSoC4/cyfitter_cfg.c **** * Summary:
 163:Generated_Source\PSoC4/cyfitter_cfg.c **** *  This function is used for setting up the chip configuration areas that
 164:Generated_Source\PSoC4/cyfitter_cfg.c **** *  contain relatively sparse data.
 165:Generated_Source\PSoC4/cyfitter_cfg.c **** *
 166:Generated_Source\PSoC4/cyfitter_cfg.c **** * Parameters:
 167:Generated_Source\PSoC4/cyfitter_cfg.c **** *   void
 168:Generated_Source\PSoC4/cyfitter_cfg.c **** *
 169:Generated_Source\PSoC4/cyfitter_cfg.c **** * Return:
 170:Generated_Source\PSoC4/cyfitter_cfg.c **** *   void
 171:Generated_Source\PSoC4/cyfitter_cfg.c **** *
 172:Generated_Source\PSoC4/cyfitter_cfg.c **** *******************************************************************************/
 173:Generated_Source\PSoC4/cyfitter_cfg.c **** static void cfg_write_bytes32(const uint32 addr_table[], const cy_cfg_addrvalue_t data_table[]);
 174:Generated_Source\PSoC4/cyfitter_cfg.c **** static void cfg_write_bytes32(const uint32 addr_table[], const cy_cfg_addrvalue_t data_table[])
 175:Generated_Source\PSoC4/cyfitter_cfg.c **** {
  27              		.loc 1 175 0
  28              		.cfi_startproc
  29              		@ args = 0, pretend = 0, frame = 0
  30              		@ frame_needed = 0, uses_anonymous_args = 0
  31              	.LVL0:
  32 0000 F0B5     		push	{r4, r5, r6, r7, lr}
  33              		.cfi_def_cfa_offset 20
  34              		.cfi_offset 4, -20
  35              		.cfi_offset 5, -16
  36              		.cfi_offset 6, -12
  37              		.cfi_offset 7, -8
  38              		.cfi_offset 14, -4
  39              	.LVL1:
 176:Generated_Source\PSoC4/cyfitter_cfg.c **** 	/* For 32-bit little-endian architectures */
 177:Generated_Source\PSoC4/cyfitter_cfg.c **** 	uint32 i, j = 0u;
  40              		.loc 1 177 0
  41 0002 0025     		movs	r5, #0
 178:Generated_Source\PSoC4/cyfitter_cfg.c **** 	for (i = 0u; i < CY_CFG_BASE_ADDR_COUNT; i++)
  42              		.loc 1 178 0
  43 0004 0027     		movs	r7, #0
  44 0006 11E0     		b	.L2
  45              	.LVL2:
  46              	.L5:
  47              	.LBB2:
 179:Generated_Source\PSoC4/cyfitter_cfg.c **** 	{
 180:Generated_Source\PSoC4/cyfitter_cfg.c **** 		uint32 baseAddr = addr_table[i];
  48              		.loc 1 180 0
ARM GAS  C:\Users\Shashwat\AppData\Local\Temp\ccR31zrg.s 			page 5


  49 0008 BB00     		lsls	r3, r7, #2
  50 000a C658     		ldr	r6, [r0, r3]
  51              	.LVL3:
 181:Generated_Source\PSoC4/cyfitter_cfg.c **** 		uint8 count = (uint8)baseAddr;
  52              		.loc 1 181 0
  53 000c F3B2     		uxtb	r3, r6
  54              	.LVL4:
 182:Generated_Source\PSoC4/cyfitter_cfg.c **** 		baseAddr &= 0xFFFFFF00u;
  55              		.loc 1 182 0
  56 000e FF22     		movs	r2, #255
  57 0010 9643     		bics	r6, r2
  58              	.LVL5:
 183:Generated_Source\PSoC4/cyfitter_cfg.c **** 		while (count != 0u)
  59              		.loc 1 183 0
  60 0012 08E0     		b	.L3
  61              	.L4:
 184:Generated_Source\PSoC4/cyfitter_cfg.c **** 		{
 185:Generated_Source\PSoC4/cyfitter_cfg.c **** 			CY_SET_REG8((void *)(baseAddr + data_table[j].offset), data_table[j].value);
  62              		.loc 1 185 0
  63 0014 6A00     		lsls	r2, r5, #1
  64 0016 8A18     		adds	r2, r1, r2
  65 0018 1478     		ldrb	r4, [r2]
  66 001a A419     		adds	r4, r4, r6
  67 001c 5278     		ldrb	r2, [r2, #1]
  68 001e 2270     		strb	r2, [r4]
 186:Generated_Source\PSoC4/cyfitter_cfg.c **** 			j++;
  69              		.loc 1 186 0
  70 0020 0135     		adds	r5, r5, #1
  71              	.LVL6:
 187:Generated_Source\PSoC4/cyfitter_cfg.c **** 			count--;
  72              		.loc 1 187 0
  73 0022 013B     		subs	r3, r3, #1
  74              	.LVL7:
  75 0024 DBB2     		uxtb	r3, r3
  76              	.LVL8:
  77              	.L3:
 183:Generated_Source\PSoC4/cyfitter_cfg.c **** 		{
  78              		.loc 1 183 0
  79 0026 002B     		cmp	r3, #0
  80 0028 F4D1     		bne	.L4
  81              	.LBE2:
 178:Generated_Source\PSoC4/cyfitter_cfg.c **** 	{
  82              		.loc 1 178 0 discriminator 2
  83 002a 0137     		adds	r7, r7, #1
  84              	.LVL9:
  85              	.L2:
 178:Generated_Source\PSoC4/cyfitter_cfg.c **** 	{
  86              		.loc 1 178 0 is_stmt 0 discriminator 1
  87 002c 002F     		cmp	r7, #0
  88 002e EBD0     		beq	.L5
 188:Generated_Source\PSoC4/cyfitter_cfg.c **** 		}
 189:Generated_Source\PSoC4/cyfitter_cfg.c **** 	}
 190:Generated_Source\PSoC4/cyfitter_cfg.c **** }
  89              		.loc 1 190 0 is_stmt 1
  90              		@ sp needed
  91              	.LVL10:
  92              	.LVL11:
ARM GAS  C:\Users\Shashwat\AppData\Local\Temp\ccR31zrg.s 			page 6


  93 0030 F0BD     		pop	{r4, r5, r6, r7, pc}
  94              		.cfi_endproc
  95              	.LFE3:
  96              		.size	cfg_write_bytes32, .-cfg_write_bytes32
  97 0032 C046     		.section	.text.CYMEMZERO,"ax",%progbits
  98              		.align	2
  99              		.code	16
 100              		.thumb_func
 101              		.type	CYMEMZERO, %function
 102              	CYMEMZERO:
 103              	.LFB0:
  77:Generated_Source\PSoC4/cyfitter_cfg.c **** 	(void)memset(s, 0, n);
 104              		.loc 1 77 0
 105              		.cfi_startproc
 106              		@ args = 0, pretend = 0, frame = 0
 107              		@ frame_needed = 0, uses_anonymous_args = 0
 108              	.LVL12:
 109 0000 10B5     		push	{r4, lr}
 110              		.cfi_def_cfa_offset 8
 111              		.cfi_offset 4, -8
 112              		.cfi_offset 14, -4
 113 0002 0A00     		movs	r2, r1
  78:Generated_Source\PSoC4/cyfitter_cfg.c **** }
 114              		.loc 1 78 0
 115 0004 0021     		movs	r1, #0
 116              	.LVL13:
 117 0006 FFF7FEFF 		bl	memset
 118              	.LVL14:
  79:Generated_Source\PSoC4/cyfitter_cfg.c **** CY_CFG_UNUSED
 119              		.loc 1 79 0
 120              		@ sp needed
 121 000a 10BD     		pop	{r4, pc}
 122              		.cfi_endproc
 123              	.LFE0:
 124              		.size	CYMEMZERO, .-CYMEMZERO
 125              		.section	.psocinit,"ax",%progbits
 126              		.align	2
 127              		.code	16
 128              		.thumb_func
 129              		.type	ClockSetup, %function
 130              	ClockSetup:
 131              	.LFB4:
 191:Generated_Source\PSoC4/cyfitter_cfg.c **** 
 192:Generated_Source\PSoC4/cyfitter_cfg.c **** 
 193:Generated_Source\PSoC4/cyfitter_cfg.c **** /*******************************************************************************
 194:Generated_Source\PSoC4/cyfitter_cfg.c **** * Function Name: ClockSetup
 195:Generated_Source\PSoC4/cyfitter_cfg.c **** ********************************************************************************
 196:Generated_Source\PSoC4/cyfitter_cfg.c **** *
 197:Generated_Source\PSoC4/cyfitter_cfg.c **** * Summary:
 198:Generated_Source\PSoC4/cyfitter_cfg.c **** *   Performs the initialization of all of the clocks in the device based on the
 199:Generated_Source\PSoC4/cyfitter_cfg.c **** *   settings in the Clock tab of the DWR.  This includes enabling the requested
 200:Generated_Source\PSoC4/cyfitter_cfg.c **** *   clocks and setting the necessary dividers to produce the desired frequency. 
 201:Generated_Source\PSoC4/cyfitter_cfg.c **** *
 202:Generated_Source\PSoC4/cyfitter_cfg.c **** * Parameters:
 203:Generated_Source\PSoC4/cyfitter_cfg.c **** *   void
 204:Generated_Source\PSoC4/cyfitter_cfg.c **** *
 205:Generated_Source\PSoC4/cyfitter_cfg.c **** * Return:
ARM GAS  C:\Users\Shashwat\AppData\Local\Temp\ccR31zrg.s 			page 7


 206:Generated_Source\PSoC4/cyfitter_cfg.c **** *   void
 207:Generated_Source\PSoC4/cyfitter_cfg.c **** *
 208:Generated_Source\PSoC4/cyfitter_cfg.c **** *******************************************************************************/
 209:Generated_Source\PSoC4/cyfitter_cfg.c **** static void ClockSetup(void);
 210:Generated_Source\PSoC4/cyfitter_cfg.c **** CY_CFG_SECTION
 211:Generated_Source\PSoC4/cyfitter_cfg.c **** static void ClockSetup(void)
 212:Generated_Source\PSoC4/cyfitter_cfg.c **** {
 132              		.loc 1 212 0
 133              		.cfi_startproc
 134              		@ args = 0, pretend = 0, frame = 0
 135              		@ frame_needed = 0, uses_anonymous_args = 0
 136 0000 70B5     		push	{r4, r5, r6, lr}
 137              		.cfi_def_cfa_offset 16
 138              		.cfi_offset 4, -16
 139              		.cfi_offset 5, -12
 140              		.cfi_offset 6, -8
 141              		.cfi_offset 14, -4
 213:Generated_Source\PSoC4/cyfitter_cfg.c **** 	/* Enable HALF_EN before trimming for the flash accelerator. */
 214:Generated_Source\PSoC4/cyfitter_cfg.c **** 	CY_SET_REG32((void CYXDATA *)(CYREG_CLK_SELECT), (CY_GET_REG32((void *)CYREG_CLK_SELECT) | 0x00040
 142              		.loc 1 214 0
 143 0002 0F4C     		ldr	r4, .L8
 144 0004 2368     		ldr	r3, [r4]
 145 0006 8022     		movs	r2, #128
 146 0008 D202     		lsls	r2, r2, #11
 147 000a 1343     		orrs	r3, r2
 148 000c 2360     		str	r3, [r4]
 215:Generated_Source\PSoC4/cyfitter_cfg.c **** 
 216:Generated_Source\PSoC4/cyfitter_cfg.c **** 	/* Setup and trim IMO based on desired frequency. */
 217:Generated_Source\PSoC4/cyfitter_cfg.c **** 	CySysClkWriteImoFreq(24u);
 149              		.loc 1 217 0
 150 000e 1820     		movs	r0, #24
 151 0010 FFF7FEFF 		bl	CySysClkWriteImoFreq
 152              	.LVL15:
 218:Generated_Source\PSoC4/cyfitter_cfg.c **** 
 219:Generated_Source\PSoC4/cyfitter_cfg.c **** 	/* Disable HALF_EN since it is not required at this IMO frequency. */
 220:Generated_Source\PSoC4/cyfitter_cfg.c **** 	CY_SET_REG32((void CYXDATA *)(CYREG_CLK_SELECT), (CY_GET_REG32((void *)CYREG_CLK_SELECT) & 0xFFFBF
 153              		.loc 1 220 0
 154 0014 2268     		ldr	r2, [r4]
 155 0016 0B4B     		ldr	r3, .L8+4
 156 0018 1340     		ands	r3, r2
 157 001a 2360     		str	r3, [r4]
 221:Generated_Source\PSoC4/cyfitter_cfg.c **** 	/* CYDEV_CLK_ILO_CONFIG Starting address: CYDEV_CLK_ILO_CONFIG */
 222:Generated_Source\PSoC4/cyfitter_cfg.c **** 	CY_SET_REG32((void *)(CYREG_CLK_ILO_CONFIG), 0x80000006u);
 158              		.loc 1 222 0
 159 001c 0A4A     		ldr	r2, .L8+8
 160 001e 0B4B     		ldr	r3, .L8+12
 161 0020 1A60     		str	r2, [r3]
 223:Generated_Source\PSoC4/cyfitter_cfg.c **** 
 224:Generated_Source\PSoC4/cyfitter_cfg.c **** 
 225:Generated_Source\PSoC4/cyfitter_cfg.c **** 	/* CYDEV_CLK_IMO_CONFIG Starting address: CYDEV_CLK_IMO_CONFIG */
 226:Generated_Source\PSoC4/cyfitter_cfg.c **** 	CY_SET_REG32((void *)(CYREG_CLK_IMO_CONFIG), 0x80000000u);
 162              		.loc 1 226 0
 163 0022 063A     		subs	r2, r2, #6
 164 0024 0A4B     		ldr	r3, .L8+16
 165 0026 1A60     		str	r2, [r3]
 227:Generated_Source\PSoC4/cyfitter_cfg.c **** 
 228:Generated_Source\PSoC4/cyfitter_cfg.c **** 	/* CYDEV_CLK_SELECT Starting address: CYDEV_CLK_SELECT */
ARM GAS  C:\Users\Shashwat\AppData\Local\Temp\ccR31zrg.s 			page 8


 229:Generated_Source\PSoC4/cyfitter_cfg.c **** 	CY_SET_REG32((void *)(CYREG_CLK_SELECT), 0x00000000u);
 166              		.loc 1 229 0
 167 0028 0025     		movs	r5, #0
 168 002a 2560     		str	r5, [r4]
 230:Generated_Source\PSoC4/cyfitter_cfg.c **** 
 231:Generated_Source\PSoC4/cyfitter_cfg.c **** 	(void)CyIntSetVector(9u, &CySysWdtIsr);
 169              		.loc 1 231 0
 170 002c 0949     		ldr	r1, .L8+20
 171 002e 0920     		movs	r0, #9
 172 0030 FFF7FEFF 		bl	CyIntSetVector
 173              	.LVL16:
 232:Generated_Source\PSoC4/cyfitter_cfg.c **** 	CyIntEnable(9u);
 174              		.loc 1 232 0
 175 0034 0920     		movs	r0, #9
 176 0036 FFF7FEFF 		bl	CyIntEnable
 177              	.LVL17:
 233:Generated_Source\PSoC4/cyfitter_cfg.c **** 	CY_SET_REG32((void *)(CYREG_WDT_CONFIG), 0x00000000u);
 178              		.loc 1 233 0
 179 003a 074B     		ldr	r3, .L8+24
 180 003c 1D60     		str	r5, [r3]
 234:Generated_Source\PSoC4/cyfitter_cfg.c **** }
 181              		.loc 1 234 0
 182              		@ sp needed
 183 003e 70BD     		pop	{r4, r5, r6, pc}
 184              	.L9:
 185              		.align	2
 186              	.L8:
 187 0040 00010B40 		.word	1074462976
 188 0044 FFFFFBFF 		.word	-262145
 189 0048 06000080 		.word	-2147483642
 190 004c 04010B40 		.word	1074462980
 191 0050 08010B40 		.word	1074462984
 192 0054 00000000 		.word	CySysWdtIsr
 193 0058 0C020B40 		.word	1074463244
 194              		.cfi_endproc
 195              	.LFE4:
 196              		.size	ClockSetup, .-ClockSetup
 197              		.align	2
 198              		.global	cyfitter_cfg
 199              		.code	16
 200              		.thumb_func
 201              		.type	cyfitter_cfg, %function
 202              	cyfitter_cfg:
 203              	.LFB6:
 235:Generated_Source\PSoC4/cyfitter_cfg.c **** 
 236:Generated_Source\PSoC4/cyfitter_cfg.c **** 
 237:Generated_Source\PSoC4/cyfitter_cfg.c **** /* Analog API Functions */
 238:Generated_Source\PSoC4/cyfitter_cfg.c **** 
 239:Generated_Source\PSoC4/cyfitter_cfg.c **** 
 240:Generated_Source\PSoC4/cyfitter_cfg.c **** /*******************************************************************************
 241:Generated_Source\PSoC4/cyfitter_cfg.c **** * Function Name: AnalogSetDefault
 242:Generated_Source\PSoC4/cyfitter_cfg.c **** ********************************************************************************
 243:Generated_Source\PSoC4/cyfitter_cfg.c **** *
 244:Generated_Source\PSoC4/cyfitter_cfg.c **** * Summary:
 245:Generated_Source\PSoC4/cyfitter_cfg.c **** *  Sets up the analog portions of the chip to default values based on chip
 246:Generated_Source\PSoC4/cyfitter_cfg.c **** *  configuration options from the project.
 247:Generated_Source\PSoC4/cyfitter_cfg.c **** *
ARM GAS  C:\Users\Shashwat\AppData\Local\Temp\ccR31zrg.s 			page 9


 248:Generated_Source\PSoC4/cyfitter_cfg.c **** * Parameters:
 249:Generated_Source\PSoC4/cyfitter_cfg.c **** *  void
 250:Generated_Source\PSoC4/cyfitter_cfg.c **** *
 251:Generated_Source\PSoC4/cyfitter_cfg.c **** * Return:
 252:Generated_Source\PSoC4/cyfitter_cfg.c **** *  void
 253:Generated_Source\PSoC4/cyfitter_cfg.c **** *
 254:Generated_Source\PSoC4/cyfitter_cfg.c **** *******************************************************************************/
 255:Generated_Source\PSoC4/cyfitter_cfg.c **** static void AnalogSetDefault(void);
 256:Generated_Source\PSoC4/cyfitter_cfg.c **** static void AnalogSetDefault(void)
 257:Generated_Source\PSoC4/cyfitter_cfg.c **** {
 258:Generated_Source\PSoC4/cyfitter_cfg.c **** }
 259:Generated_Source\PSoC4/cyfitter_cfg.c **** 
 260:Generated_Source\PSoC4/cyfitter_cfg.c **** 
 261:Generated_Source\PSoC4/cyfitter_cfg.c **** 
 262:Generated_Source\PSoC4/cyfitter_cfg.c **** 
 263:Generated_Source\PSoC4/cyfitter_cfg.c **** /*******************************************************************************
 264:Generated_Source\PSoC4/cyfitter_cfg.c **** * Function Name: cyfitter_cfg
 265:Generated_Source\PSoC4/cyfitter_cfg.c **** ********************************************************************************
 266:Generated_Source\PSoC4/cyfitter_cfg.c **** * Summary:
 267:Generated_Source\PSoC4/cyfitter_cfg.c **** *  This function is called by the start-up code for the selected device. It
 268:Generated_Source\PSoC4/cyfitter_cfg.c **** *  performs all of the necessary device configuration based on the design
 269:Generated_Source\PSoC4/cyfitter_cfg.c **** *  settings.  This includes settings from the Design Wide Resources (DWR) such
 270:Generated_Source\PSoC4/cyfitter_cfg.c **** *  as Clocks and Pins as well as any component configuration that is necessary.
 271:Generated_Source\PSoC4/cyfitter_cfg.c **** *
 272:Generated_Source\PSoC4/cyfitter_cfg.c **** * Parameters:
 273:Generated_Source\PSoC4/cyfitter_cfg.c **** *   void
 274:Generated_Source\PSoC4/cyfitter_cfg.c **** *
 275:Generated_Source\PSoC4/cyfitter_cfg.c **** * Return:
 276:Generated_Source\PSoC4/cyfitter_cfg.c **** *   void
 277:Generated_Source\PSoC4/cyfitter_cfg.c **** *
 278:Generated_Source\PSoC4/cyfitter_cfg.c **** *******************************************************************************/
 279:Generated_Source\PSoC4/cyfitter_cfg.c **** CY_CFG_SECTION
 280:Generated_Source\PSoC4/cyfitter_cfg.c **** void cyfitter_cfg(void)
 281:Generated_Source\PSoC4/cyfitter_cfg.c **** {
 204              		.loc 1 281 0
 205              		.cfi_startproc
 206              		@ args = 0, pretend = 0, frame = 0
 207              		@ frame_needed = 0, uses_anonymous_args = 0
 208 005c 10B5     		push	{r4, lr}
 209              		.cfi_def_cfa_offset 8
 210              		.cfi_offset 4, -8
 211              		.cfi_offset 14, -4
 282:Generated_Source\PSoC4/cyfitter_cfg.c **** 	/* Disable interrupts by default. Let user enable if/when they want. */
 283:Generated_Source\PSoC4/cyfitter_cfg.c **** 	CyGlobalIntDisable;
 212              		.loc 1 283 0
 213              		.syntax divided
 214              	@ 283 "Generated_Source\PSoC4\cyfitter_cfg.c" 1
 215 005e 72B6     		CPSID   i
 216              	@ 0 "" 2
 217              	.LVL18:
 218              		.thumb
 219              		.syntax unified
 220              	.LBB3:
 284:Generated_Source\PSoC4/cyfitter_cfg.c **** 
 285:Generated_Source\PSoC4/cyfitter_cfg.c **** 	{
 286:Generated_Source\PSoC4/cyfitter_cfg.c **** 		static const uint32 CYCODE cy_cfg_addr_table[] = {
 287:Generated_Source\PSoC4/cyfitter_cfg.c **** 			0x400F6002u, /* Base address: 0x400F6000 Count: 2 */
ARM GAS  C:\Users\Shashwat\AppData\Local\Temp\ccR31zrg.s 			page 10


 288:Generated_Source\PSoC4/cyfitter_cfg.c **** 		};
 289:Generated_Source\PSoC4/cyfitter_cfg.c **** 
 290:Generated_Source\PSoC4/cyfitter_cfg.c **** 		static const cy_cfg_addrvalue_t CYCODE cy_cfg_data_table[] = {
 291:Generated_Source\PSoC4/cyfitter_cfg.c **** 			{0x02u, 0x01u},
 292:Generated_Source\PSoC4/cyfitter_cfg.c **** 			{0x11u, 0x01u},
 293:Generated_Source\PSoC4/cyfitter_cfg.c **** 		};
 294:Generated_Source\PSoC4/cyfitter_cfg.c **** 
 295:Generated_Source\PSoC4/cyfitter_cfg.c **** 
 296:Generated_Source\PSoC4/cyfitter_cfg.c **** 
 297:Generated_Source\PSoC4/cyfitter_cfg.c **** 		CYPACKED typedef struct {
 298:Generated_Source\PSoC4/cyfitter_cfg.c **** 			void CYFAR *address;
 299:Generated_Source\PSoC4/cyfitter_cfg.c **** 			uint16 size;
 300:Generated_Source\PSoC4/cyfitter_cfg.c **** 		} CYPACKED_ATTR cfg_memset_t;
 301:Generated_Source\PSoC4/cyfitter_cfg.c **** 
 302:Generated_Source\PSoC4/cyfitter_cfg.c **** 		static const cfg_memset_t CYCODE cfg_memset_list[] = {
 303:Generated_Source\PSoC4/cyfitter_cfg.c **** 			/* address, size */
 304:Generated_Source\PSoC4/cyfitter_cfg.c **** 			{(void CYFAR *)(CYDEV_UDB_P0_U0_BASE), 1024u},
 305:Generated_Source\PSoC4/cyfitter_cfg.c **** 			{(void CYFAR *)(CYDEV_UDB_DSI0_BASE), 1024u},
 306:Generated_Source\PSoC4/cyfitter_cfg.c **** 		};
 307:Generated_Source\PSoC4/cyfitter_cfg.c **** 
 308:Generated_Source\PSoC4/cyfitter_cfg.c **** 		uint8 CYDATA i;
 309:Generated_Source\PSoC4/cyfitter_cfg.c **** 
 310:Generated_Source\PSoC4/cyfitter_cfg.c **** 		/* Zero out critical memory blocks before beginning configuration */
 311:Generated_Source\PSoC4/cyfitter_cfg.c **** 		for (i = 0u; i < (sizeof(cfg_memset_list)/sizeof(cfg_memset_list[0])); i++)
 221              		.loc 1 311 0
 222 0060 0024     		movs	r4, #0
 223 0062 0FE0     		b	.L11
 224              	.LVL19:
 225              	.L12:
 226              	.LBB4:
 312:Generated_Source\PSoC4/cyfitter_cfg.c **** 		{
 313:Generated_Source\PSoC4/cyfitter_cfg.c **** 			const cfg_memset_t CYCODE * CYDATA ms = &cfg_memset_list[i];
 314:Generated_Source\PSoC4/cyfitter_cfg.c **** 			CYMEMZERO(ms->address, (size_t)(uint32)(ms->size));
 227              		.loc 1 314 0 discriminator 3
 228 0064 2448     		ldr	r0, .L13
 229 0066 6200     		lsls	r2, r4, #1
 230 0068 1319     		adds	r3, r2, r4
 231 006a 5900     		lsls	r1, r3, #1
 232 006c 0B00     		movs	r3, r1
 233 006e 4118     		adds	r1, r0, r1
 234 0070 8988     		ldrh	r1, [r1, #4]
 235 0072 1A5A     		ldrh	r2, [r3, r0]
 236 0074 C318     		adds	r3, r0, r3
 237 0076 5888     		ldrh	r0, [r3, #2]
 238 0078 0004     		lsls	r0, r0, #16
 239 007a 1043     		orrs	r0, r2
 240 007c FFF7FEFF 		bl	CYMEMZERO
 241              	.LVL20:
 242              	.LBE4:
 311:Generated_Source\PSoC4/cyfitter_cfg.c **** 		{
 243              		.loc 1 311 0 discriminator 3
 244 0080 0134     		adds	r4, r4, #1
 245              	.LVL21:
 246 0082 E4B2     		uxtb	r4, r4
 247              	.LVL22:
 248              	.L11:
 311:Generated_Source\PSoC4/cyfitter_cfg.c **** 		{
ARM GAS  C:\Users\Shashwat\AppData\Local\Temp\ccR31zrg.s 			page 11


 249              		.loc 1 311 0 is_stmt 0 discriminator 1
 250 0084 012C     		cmp	r4, #1
 251 0086 EDD9     		bls	.L12
 315:Generated_Source\PSoC4/cyfitter_cfg.c **** 		}
 316:Generated_Source\PSoC4/cyfitter_cfg.c **** 
 317:Generated_Source\PSoC4/cyfitter_cfg.c **** 		cfg_write_bytes32(cy_cfg_addr_table, cy_cfg_data_table);
 252              		.loc 1 317 0 is_stmt 1
 253 0088 1B48     		ldr	r0, .L13
 254 008a 0100     		movs	r1, r0
 255 008c 0C31     		adds	r1, r1, #12
 256 008e 1030     		adds	r0, r0, #16
 257 0090 FFF7FEFF 		bl	cfg_write_bytes32
 258              	.LVL23:
 318:Generated_Source\PSoC4/cyfitter_cfg.c **** 
 319:Generated_Source\PSoC4/cyfitter_cfg.c **** 		/* HSIOM Starting address: CYDEV_HSIOM_BASE */
 320:Generated_Source\PSoC4/cyfitter_cfg.c **** 		CY_SET_REG32((void *)(CYREG_HSIOM_PORT_SEL3), 0x0000EE00u);
 259              		.loc 1 320 0
 260 0094 EE22     		movs	r2, #238
 261 0096 1202     		lsls	r2, r2, #8
 262 0098 184B     		ldr	r3, .L13+4
 263 009a 1A60     		str	r2, [r3]
 321:Generated_Source\PSoC4/cyfitter_cfg.c **** 
 322:Generated_Source\PSoC4/cyfitter_cfg.c **** 		/* UDB_PA_0 Starting address: CYDEV_UDB_PA0_BASE */
 323:Generated_Source\PSoC4/cyfitter_cfg.c **** 		CY_SET_REG32((void *)(CYDEV_UDB_PA0_BASE), 0x00990000u);
 264              		.loc 1 323 0
 265 009c 9923     		movs	r3, #153
 266 009e 1B04     		lsls	r3, r3, #16
 267 00a0 174A     		ldr	r2, .L13+8
 268 00a2 1360     		str	r3, [r2]
 324:Generated_Source\PSoC4/cyfitter_cfg.c **** 		CY_SET_REG32((void *)(CYREG_UDB_PA0_CFG4), 0x80000000u);
 269              		.loc 1 324 0
 270 00a4 8021     		movs	r1, #128
 271 00a6 0906     		lsls	r1, r1, #24
 272 00a8 164A     		ldr	r2, .L13+12
 273 00aa 1160     		str	r1, [r2]
 325:Generated_Source\PSoC4/cyfitter_cfg.c **** 
 326:Generated_Source\PSoC4/cyfitter_cfg.c **** 		/* UDB_PA_1 Starting address: CYDEV_UDB_PA1_BASE */
 327:Generated_Source\PSoC4/cyfitter_cfg.c **** 		CY_SET_REG32((void *)(CYDEV_UDB_PA1_BASE), 0x00990000u);
 274              		.loc 1 327 0
 275 00ac 164A     		ldr	r2, .L13+16
 276 00ae 1360     		str	r3, [r2]
 328:Generated_Source\PSoC4/cyfitter_cfg.c **** 
 329:Generated_Source\PSoC4/cyfitter_cfg.c **** 		/* UDB_PA_3 Starting address: CYDEV_UDB_PA3_BASE */
 330:Generated_Source\PSoC4/cyfitter_cfg.c **** 		CY_SET_REG32((void *)(CYDEV_UDB_PA3_BASE), 0x00990000u);
 277              		.loc 1 330 0
 278 00b0 164A     		ldr	r2, .L13+20
 279 00b2 1360     		str	r3, [r2]
 331:Generated_Source\PSoC4/cyfitter_cfg.c **** 
 332:Generated_Source\PSoC4/cyfitter_cfg.c **** 		/* Enable digital routing */
 333:Generated_Source\PSoC4/cyfitter_cfg.c **** 		CY_SET_XTND_REG8((void *)CYREG_UDB_UDBIF_BANK_CTL, (uint8)(CY_GET_XTND_REG8((void *)CYREG_UDB_UDB
 280              		.loc 1 333 0
 281 00b4 164A     		ldr	r2, .L13+24
 282 00b6 1178     		ldrb	r1, [r2]
 283 00b8 0623     		movs	r3, #6
 284 00ba 0B43     		orrs	r3, r1
 285 00bc DBB2     		uxtb	r3, r3
 286 00be 1370     		strb	r3, [r2]
ARM GAS  C:\Users\Shashwat\AppData\Local\Temp\ccR31zrg.s 			page 12


 287              	.LBE3:
 334:Generated_Source\PSoC4/cyfitter_cfg.c **** 	}
 335:Generated_Source\PSoC4/cyfitter_cfg.c **** 
 336:Generated_Source\PSoC4/cyfitter_cfg.c **** 	/* Perform second pass device configuration. These items must be configured in specific order afte
 337:Generated_Source\PSoC4/cyfitter_cfg.c **** 	/* IOPINS0_0 Starting address: CYDEV_PRT0_BASE */
 338:Generated_Source\PSoC4/cyfitter_cfg.c **** 	CY_SET_REG32((void *)(CYDEV_PRT0_BASE), 0x0000008Cu);
 288              		.loc 1 338 0
 289 00c0 8C22     		movs	r2, #140
 290 00c2 144B     		ldr	r3, .L13+28
 291 00c4 1A60     		str	r2, [r3]
 339:Generated_Source\PSoC4/cyfitter_cfg.c **** 	CY_SET_REG32((void *)(CYREG_PRT0_PC), 0x00400D80u);
 292              		.loc 1 339 0
 293 00c6 144A     		ldr	r2, .L13+32
 294 00c8 144B     		ldr	r3, .L13+36
 295 00ca 1A60     		str	r2, [r3]
 340:Generated_Source\PSoC4/cyfitter_cfg.c **** 	CY_SET_REG32((void *)(CYREG_PRT0_INTCFG), 0x00008000u);
 296              		.loc 1 340 0
 297 00cc 8022     		movs	r2, #128
 298 00ce 1202     		lsls	r2, r2, #8
 299 00d0 134B     		ldr	r3, .L13+40
 300 00d2 1A60     		str	r2, [r3]
 341:Generated_Source\PSoC4/cyfitter_cfg.c **** 	CY_SET_REG32((void *)(CYREG_PRT0_PC2), 0x00000080u);
 301              		.loc 1 341 0
 302 00d4 8022     		movs	r2, #128
 303 00d6 134B     		ldr	r3, .L13+44
 304 00d8 1A60     		str	r2, [r3]
 342:Generated_Source\PSoC4/cyfitter_cfg.c **** 
 343:Generated_Source\PSoC4/cyfitter_cfg.c **** 	/* IOPINS0_1 Starting address: CYDEV_PRT1_BASE */
 344:Generated_Source\PSoC4/cyfitter_cfg.c **** 	CY_SET_REG32((void *)(CYDEV_PRT1_BASE), 0x00000040u);
 305              		.loc 1 344 0
 306 00da 403A     		subs	r2, r2, #64
 307 00dc 124B     		ldr	r3, .L13+48
 308 00de 1A60     		str	r2, [r3]
 345:Generated_Source\PSoC4/cyfitter_cfg.c **** 	CY_SET_REG32((void *)(CYREG_PRT1_PC), 0x00180000u);
 309              		.loc 1 345 0
 310 00e0 C022     		movs	r2, #192
 311 00e2 5203     		lsls	r2, r2, #13
 312 00e4 114B     		ldr	r3, .L13+52
 313 00e6 1A60     		str	r2, [r3]
 346:Generated_Source\PSoC4/cyfitter_cfg.c **** 
 347:Generated_Source\PSoC4/cyfitter_cfg.c **** 	/* IOPINS0_3 Starting address: CYDEV_PRT3_BASE */
 348:Generated_Source\PSoC4/cyfitter_cfg.c **** 	CY_SET_REG32((void *)(CYREG_PRT3_PC), 0x00000D80u);
 314              		.loc 1 348 0
 315 00e8 D822     		movs	r2, #216
 316 00ea 1201     		lsls	r2, r2, #4
 317 00ec 104B     		ldr	r3, .L13+56
 318 00ee 1A60     		str	r2, [r3]
 349:Generated_Source\PSoC4/cyfitter_cfg.c **** 
 350:Generated_Source\PSoC4/cyfitter_cfg.c **** 
 351:Generated_Source\PSoC4/cyfitter_cfg.c **** 	/* Setup clocks based on selections from Clock DWR */
 352:Generated_Source\PSoC4/cyfitter_cfg.c **** 	ClockSetup();
 319              		.loc 1 352 0
 320 00f0 FFF786FF 		bl	ClockSetup
 321              	.LVL24:
 353:Generated_Source\PSoC4/cyfitter_cfg.c **** 
 354:Generated_Source\PSoC4/cyfitter_cfg.c **** 	/* Perform basic analog initialization to defaults */
 355:Generated_Source\PSoC4/cyfitter_cfg.c **** 	AnalogSetDefault();
ARM GAS  C:\Users\Shashwat\AppData\Local\Temp\ccR31zrg.s 			page 13


 356:Generated_Source\PSoC4/cyfitter_cfg.c **** 
 357:Generated_Source\PSoC4/cyfitter_cfg.c **** }
 322              		.loc 1 357 0
 323              		@ sp needed
 324              	.LVL25:
 325 00f4 10BD     		pop	{r4, pc}
 326              	.L14:
 327 00f6 C046     		.align	2
 328              	.L13:
 329 00f8 00000000 		.word	.LANCHOR0
 330 00fc 0C000140 		.word	1073807372
 331 0100 00500F40 		.word	1074745344
 332 0104 04500F40 		.word	1074745348
 333 0108 10500F40 		.word	1074745360
 334 010c 30500F40 		.word	1074745392
 335 0110 00700F40 		.word	1074753536
 336 0114 00000440 		.word	1074003968
 337 0118 800D4000 		.word	4197760
 338 011c 08000440 		.word	1074003976
 339 0120 0C000440 		.word	1074003980
 340 0124 18000440 		.word	1074003992
 341 0128 00010440 		.word	1074004224
 342 012c 08010440 		.word	1074004232
 343 0130 08030440 		.word	1074004744
 344              		.cfi_endproc
 345              	.LFE6:
 346              		.size	cyfitter_cfg, .-cyfitter_cfg
 347              		.section	.rodata
 348              		.align	2
 349              		.set	.LANCHOR0,. + 0
 350              		.type	cfg_memset_list.4870, %object
 351              		.size	cfg_memset_list.4870, 12
 352              	cfg_memset_list.4870:
 353 0000 00300F40 		.word	1074737152
 354 0004 0004     		.short	1024
 355 0006 00400F40 		.4byte	1074741248
 356 000a 0004     		.short	1024
 357              		.type	cy_cfg_data_table.4865, %object
 358              		.size	cy_cfg_data_table.4865, 4
 359              	cy_cfg_data_table.4865:
 360 000c 02       		.byte	2
 361 000d 01       		.byte	1
 362 000e 11       		.byte	17
 363 000f 01       		.byte	1
 364              		.type	cy_cfg_addr_table.4864, %object
 365              		.size	cy_cfg_addr_table.4864, 4
 366              	cy_cfg_addr_table.4864:
 367 0010 02600F40 		.word	1074749442
 368              		.text
 369              	.Letext0:
 370              		.file 2 "c:\\program files (x86)\\cypress\\psoc creator\\4.2\\psoc creator\\import\\gnu\\arm\\5.4.
 371              		.file 3 "Generated_Source\\PSoC4\\cytypes.h"
 372              		.file 4 "Generated_Source\\PSoC4\\CyLib.h"
 373              		.section	.debug_info,"",%progbits
 374              	.Ldebug_info0:
 375 0000 9C030000 		.4byte	0x39c
 376 0004 0400     		.2byte	0x4
ARM GAS  C:\Users\Shashwat\AppData\Local\Temp\ccR31zrg.s 			page 14


 377 0006 00000000 		.4byte	.Ldebug_abbrev0
 378 000a 04       		.byte	0x4
 379 000b 01       		.uleb128 0x1
 380 000c 30010000 		.4byte	.LASF39
 381 0010 0C       		.byte	0xc
 382 0011 AE020000 		.4byte	.LASF40
 383 0015 FE010000 		.4byte	.LASF41
 384 0019 00000000 		.4byte	.Ldebug_ranges0+0
 385 001d 00000000 		.4byte	0
 386 0021 00000000 		.4byte	.Ldebug_line0
 387 0025 02       		.uleb128 0x2
 388 0026 04       		.byte	0x4
 389 0027 05       		.byte	0x5
 390 0028 696E7400 		.ascii	"int\000"
 391 002c 03       		.uleb128 0x3
 392 002d 06000000 		.4byte	.LASF12
 393 0031 02       		.byte	0x2
 394 0032 D8       		.byte	0xd8
 395 0033 37000000 		.4byte	0x37
 396 0037 04       		.uleb128 0x4
 397 0038 04       		.byte	0x4
 398 0039 07       		.byte	0x7
 399 003a F7000000 		.4byte	.LASF0
 400 003e 04       		.uleb128 0x4
 401 003f 08       		.byte	0x8
 402 0040 05       		.byte	0x5
 403 0041 F0010000 		.4byte	.LASF1
 404 0045 04       		.uleb128 0x4
 405 0046 08       		.byte	0x8
 406 0047 04       		.byte	0x4
 407 0048 96020000 		.4byte	.LASF2
 408 004c 04       		.uleb128 0x4
 409 004d 01       		.byte	0x1
 410 004e 06       		.byte	0x6
 411 004f A2020000 		.4byte	.LASF3
 412 0053 04       		.uleb128 0x4
 413 0054 01       		.byte	0x1
 414 0055 08       		.byte	0x8
 415 0056 99000000 		.4byte	.LASF4
 416 005a 04       		.uleb128 0x4
 417 005b 02       		.byte	0x2
 418 005c 05       		.byte	0x5
 419 005d 69020000 		.4byte	.LASF5
 420 0061 04       		.uleb128 0x4
 421 0062 02       		.byte	0x2
 422 0063 07       		.byte	0x7
 423 0064 DD010000 		.4byte	.LASF6
 424 0068 04       		.uleb128 0x4
 425 0069 04       		.byte	0x4
 426 006a 05       		.byte	0x5
 427 006b 88020000 		.4byte	.LASF7
 428 006f 04       		.uleb128 0x4
 429 0070 04       		.byte	0x4
 430 0071 07       		.byte	0x7
 431 0072 77000000 		.4byte	.LASF8
 432 0076 04       		.uleb128 0x4
 433 0077 08       		.byte	0x8
ARM GAS  C:\Users\Shashwat\AppData\Local\Temp\ccR31zrg.s 			page 15


 434 0078 07       		.byte	0x7
 435 0079 19010000 		.4byte	.LASF9
 436 007d 04       		.uleb128 0x4
 437 007e 04       		.byte	0x4
 438 007f 07       		.byte	0x7
 439 0080 D4010000 		.4byte	.LASF10
 440 0084 05       		.uleb128 0x5
 441 0085 04       		.byte	0x4
 442 0086 04       		.uleb128 0x4
 443 0087 01       		.byte	0x1
 444 0088 08       		.byte	0x8
 445 0089 91020000 		.4byte	.LASF11
 446 008d 06       		.uleb128 0x6
 447 008e 89000000 		.4byte	.LASF13
 448 0092 03       		.byte	0x3
 449 0093 E401     		.2byte	0x1e4
 450 0095 53000000 		.4byte	0x53
 451 0099 06       		.uleb128 0x6
 452 009a DE000000 		.4byte	.LASF14
 453 009e 03       		.byte	0x3
 454 009f E501     		.2byte	0x1e5
 455 00a1 61000000 		.4byte	0x61
 456 00a5 06       		.uleb128 0x6
 457 00a6 F0000000 		.4byte	.LASF15
 458 00aa 03       		.byte	0x3
 459 00ab E601     		.2byte	0x1e6
 460 00ad 6F000000 		.4byte	0x6f
 461 00b1 04       		.uleb128 0x4
 462 00b2 04       		.byte	0x4
 463 00b3 04       		.byte	0x4
 464 00b4 57000000 		.4byte	.LASF16
 465 00b8 04       		.uleb128 0x4
 466 00b9 08       		.byte	0x8
 467 00ba 04       		.byte	0x4
 468 00bb AE000000 		.4byte	.LASF17
 469 00bf 06       		.uleb128 0x6
 470 00c0 72000000 		.4byte	.LASF18
 471 00c4 03       		.byte	0x3
 472 00c5 8E02     		.2byte	0x28e
 473 00c7 CB000000 		.4byte	0xcb
 474 00cb 07       		.uleb128 0x7
 475 00cc 8D000000 		.4byte	0x8d
 476 00d0 06       		.uleb128 0x6
 477 00d1 00000000 		.4byte	.LASF19
 478 00d5 03       		.byte	0x3
 479 00d6 9002     		.2byte	0x290
 480 00d8 DC000000 		.4byte	0xdc
 481 00dc 07       		.uleb128 0x7
 482 00dd A5000000 		.4byte	0xa5
 483 00e1 08       		.uleb128 0x8
 484 00e2 02       		.byte	0x2
 485 00e3 01       		.byte	0x1
 486 00e4 97       		.byte	0x97
 487 00e5 02010000 		.4byte	0x102
 488 00e9 09       		.uleb128 0x9
 489 00ea 62020000 		.4byte	.LASF20
 490 00ee 01       		.byte	0x1
ARM GAS  C:\Users\Shashwat\AppData\Local\Temp\ccR31zrg.s 			page 16


 491 00ef 99       		.byte	0x99
 492 00f0 8D000000 		.4byte	0x8d
 493 00f4 00       		.byte	0
 494 00f5 09       		.uleb128 0x9
 495 00f6 1C000000 		.4byte	.LASF21
 496 00fa 01       		.byte	0x1
 497 00fb 9A       		.byte	0x9a
 498 00fc 8D000000 		.4byte	0x8d
 499 0100 01       		.byte	0x1
 500 0101 00       		.byte	0
 501 0102 03       		.uleb128 0x3
 502 0103 4F020000 		.4byte	.LASF22
 503 0107 01       		.byte	0x1
 504 0108 9B       		.byte	0x9b
 505 0109 E1000000 		.4byte	0xe1
 506 010d 0A       		.uleb128 0xa
 507 010e B5000000 		.4byte	.LASF27
 508 0112 01       		.byte	0x1
 509 0113 AE       		.byte	0xae
 510 0114 00000000 		.4byte	.LFB3
 511 0118 32000000 		.4byte	.LFE3-.LFB3
 512 011c 01       		.uleb128 0x1
 513 011d 9C       		.byte	0x9c
 514 011e 7F010000 		.4byte	0x17f
 515 0122 0B       		.uleb128 0xb
 516 0123 D3000000 		.4byte	.LASF23
 517 0127 01       		.byte	0x1
 518 0128 AE       		.byte	0xae
 519 0129 7F010000 		.4byte	0x17f
 520 012d 01       		.uleb128 0x1
 521 012e 50       		.byte	0x50
 522 012f 0B       		.uleb128 0xb
 523 0130 E5000000 		.4byte	.LASF24
 524 0134 01       		.byte	0x1
 525 0135 AE       		.byte	0xae
 526 0136 8A010000 		.4byte	0x18a
 527 013a 01       		.uleb128 0x1
 528 013b 51       		.byte	0x51
 529 013c 0C       		.uleb128 0xc
 530 013d 6900     		.ascii	"i\000"
 531 013f 01       		.byte	0x1
 532 0140 B1       		.byte	0xb1
 533 0141 A5000000 		.4byte	0xa5
 534 0145 00000000 		.4byte	.LLST0
 535 0149 0C       		.uleb128 0xc
 536 014a 6A00     		.ascii	"j\000"
 537 014c 01       		.byte	0x1
 538 014d B1       		.byte	0xb1
 539 014e A5000000 		.4byte	0xa5
 540 0152 1F000000 		.4byte	.LLST1
 541 0156 0D       		.uleb128 0xd
 542 0157 08000000 		.4byte	.LBB2
 543 015b 22000000 		.4byte	.LBE2-.LBB2
 544 015f 0E       		.uleb128 0xe
 545 0160 CB010000 		.4byte	.LASF25
 546 0164 01       		.byte	0x1
 547 0165 B4       		.byte	0xb4
ARM GAS  C:\Users\Shashwat\AppData\Local\Temp\ccR31zrg.s 			page 17


 548 0166 A5000000 		.4byte	0xa5
 549 016a 3E000000 		.4byte	.LLST2
 550 016e 0E       		.uleb128 0xe
 551 016f 22000000 		.4byte	.LASF26
 552 0173 01       		.byte	0x1
 553 0174 B5       		.byte	0xb5
 554 0175 8D000000 		.4byte	0x8d
 555 0179 51000000 		.4byte	.LLST3
 556 017d 00       		.byte	0
 557 017e 00       		.byte	0
 558 017f 0F       		.uleb128 0xf
 559 0180 04       		.byte	0x4
 560 0181 85010000 		.4byte	0x185
 561 0185 10       		.uleb128 0x10
 562 0186 A5000000 		.4byte	0xa5
 563 018a 0F       		.uleb128 0xf
 564 018b 04       		.byte	0x4
 565 018c 90010000 		.4byte	0x190
 566 0190 10       		.uleb128 0x10
 567 0191 02010000 		.4byte	0x102
 568 0195 0A       		.uleb128 0xa
 569 0196 8F000000 		.4byte	.LASF28
 570 019a 01       		.byte	0x1
 571 019b 4C       		.byte	0x4c
 572 019c 00000000 		.4byte	.LFB0
 573 01a0 0C000000 		.4byte	.LFE0-.LFB0
 574 01a4 01       		.uleb128 0x1
 575 01a5 9C       		.byte	0x9c
 576 01a6 E2010000 		.4byte	0x1e2
 577 01aa 11       		.uleb128 0x11
 578 01ab 7300     		.ascii	"s\000"
 579 01ad 01       		.byte	0x1
 580 01ae 4C       		.byte	0x4c
 581 01af 84000000 		.4byte	0x84
 582 01b3 6F000000 		.4byte	.LLST4
 583 01b7 11       		.uleb128 0x11
 584 01b8 6E00     		.ascii	"n\000"
 585 01ba 01       		.byte	0x1
 586 01bb 4C       		.byte	0x4c
 587 01bc 2C000000 		.4byte	0x2c
 588 01c0 90000000 		.4byte	.LLST5
 589 01c4 12       		.uleb128 0x12
 590 01c5 0A000000 		.4byte	.LVL14
 591 01c9 75030000 		.4byte	0x375
 592 01cd 13       		.uleb128 0x13
 593 01ce 01       		.uleb128 0x1
 594 01cf 50       		.byte	0x50
 595 01d0 03       		.uleb128 0x3
 596 01d1 F3       		.byte	0xf3
 597 01d2 01       		.uleb128 0x1
 598 01d3 50       		.byte	0x50
 599 01d4 13       		.uleb128 0x13
 600 01d5 01       		.uleb128 0x1
 601 01d6 51       		.byte	0x51
 602 01d7 01       		.uleb128 0x1
 603 01d8 30       		.byte	0x30
 604 01d9 13       		.uleb128 0x13
ARM GAS  C:\Users\Shashwat\AppData\Local\Temp\ccR31zrg.s 			page 18


 605 01da 01       		.uleb128 0x1
 606 01db 52       		.byte	0x52
 607 01dc 03       		.uleb128 0x3
 608 01dd F3       		.byte	0xf3
 609 01de 01       		.uleb128 0x1
 610 01df 51       		.byte	0x51
 611 01e0 00       		.byte	0
 612 01e1 00       		.byte	0
 613 01e2 0A       		.uleb128 0xa
 614 01e3 28000000 		.4byte	.LASF29
 615 01e7 01       		.byte	0x1
 616 01e8 D3       		.byte	0xd3
 617 01e9 00000000 		.4byte	.LFB4
 618 01ed 5C000000 		.4byte	.LFE4-.LFB4
 619 01f1 01       		.uleb128 0x1
 620 01f2 9C       		.byte	0x9c
 621 01f3 2D020000 		.4byte	0x22d
 622 01f7 14       		.uleb128 0x14
 623 01f8 14000000 		.4byte	.LVL15
 624 01fc 7E030000 		.4byte	0x37e
 625 0200 0A020000 		.4byte	0x20a
 626 0204 13       		.uleb128 0x13
 627 0205 01       		.uleb128 0x1
 628 0206 50       		.byte	0x50
 629 0207 01       		.uleb128 0x1
 630 0208 48       		.byte	0x48
 631 0209 00       		.byte	0
 632 020a 14       		.uleb128 0x14
 633 020b 34000000 		.4byte	.LVL16
 634 020f 89030000 		.4byte	0x389
 635 0213 1D020000 		.4byte	0x21d
 636 0217 13       		.uleb128 0x13
 637 0218 01       		.uleb128 0x1
 638 0219 50       		.byte	0x50
 639 021a 01       		.uleb128 0x1
 640 021b 39       		.byte	0x39
 641 021c 00       		.byte	0
 642 021d 12       		.uleb128 0x12
 643 021e 3A000000 		.4byte	.LVL17
 644 0222 94030000 		.4byte	0x394
 645 0226 13       		.uleb128 0x13
 646 0227 01       		.uleb128 0x1
 647 0228 50       		.byte	0x50
 648 0229 01       		.uleb128 0x1
 649 022a 39       		.byte	0x39
 650 022b 00       		.byte	0
 651 022c 00       		.byte	0
 652 022d 15       		.uleb128 0x15
 653 022e 04010000 		.4byte	.LASF42
 654 0232 01       		.byte	0x1
 655 0233 1801     		.2byte	0x118
 656 0235 5C000000 		.4byte	.LFB6
 657 0239 D8000000 		.4byte	.LFE6-.LFB6
 658 023d 01       		.uleb128 0x1
 659 023e 9C       		.byte	0x9c
 660 023f 4B030000 		.4byte	0x34b
 661 0243 16       		.uleb128 0x16
ARM GAS  C:\Users\Shashwat\AppData\Local\Temp\ccR31zrg.s 			page 19


 662 0244 60000000 		.4byte	.LBB3
 663 0248 60000000 		.4byte	.LBE3-.LBB3
 664 024c 41030000 		.4byte	0x341
 665 0250 17       		.uleb128 0x17
 666 0251 33000000 		.4byte	.LASF30
 667 0255 01       		.byte	0x1
 668 0256 1E01     		.2byte	0x11e
 669 0258 5B030000 		.4byte	0x35b
 670 025c 05       		.uleb128 0x5
 671 025d 03       		.byte	0x3
 672 025e 10000000 		.4byte	cy_cfg_addr_table.4864
 673 0262 17       		.uleb128 0x17
 674 0263 45000000 		.4byte	.LASF31
 675 0267 01       		.byte	0x1
 676 0268 2201     		.2byte	0x122
 677 026a 70030000 		.4byte	0x370
 678 026e 05       		.uleb128 0x5
 679 026f 03       		.byte	0x3
 680 0270 0C000000 		.4byte	cy_cfg_data_table.4865
 681 0274 18       		.uleb128 0x18
 682 0275 06       		.byte	0x6
 683 0276 01       		.byte	0x1
 684 0277 2901     		.2byte	0x129
 685 0279 98020000 		.4byte	0x298
 686 027d 19       		.uleb128 0x19
 687 027e 11010000 		.4byte	.LASF32
 688 0282 01       		.byte	0x1
 689 0283 2A01     		.2byte	0x12a
 690 0285 84000000 		.4byte	0x84
 691 0289 00       		.byte	0
 692 028a 19       		.uleb128 0x19
 693 028b 6D000000 		.4byte	.LASF33
 694 028f 01       		.byte	0x1
 695 0290 2B01     		.2byte	0x12b
 696 0292 99000000 		.4byte	0x99
 697 0296 04       		.byte	0x4
 698 0297 00       		.byte	0
 699 0298 06       		.uleb128 0x6
 700 0299 BE010000 		.4byte	.LASF34
 701 029d 01       		.byte	0x1
 702 029e 2C01     		.2byte	0x12c
 703 02a0 74020000 		.4byte	0x274
 704 02a4 1A       		.uleb128 0x1a
 705 02a5 B4020000 		.4byte	0x2b4
 706 02a9 B4020000 		.4byte	0x2b4
 707 02ad 1B       		.uleb128 0x1b
 708 02ae 7D000000 		.4byte	0x7d
 709 02b2 01       		.byte	0x1
 710 02b3 00       		.byte	0
 711 02b4 10       		.uleb128 0x10
 712 02b5 98020000 		.4byte	0x298
 713 02b9 17       		.uleb128 0x17
 714 02ba 5D000000 		.4byte	.LASF35
 715 02be 01       		.byte	0x1
 716 02bf 2E01     		.2byte	0x12e
 717 02c1 CB020000 		.4byte	0x2cb
 718 02c5 05       		.uleb128 0x5
ARM GAS  C:\Users\Shashwat\AppData\Local\Temp\ccR31zrg.s 			page 20


 719 02c6 03       		.byte	0x3
 720 02c7 00000000 		.4byte	cfg_memset_list.4870
 721 02cb 10       		.uleb128 0x10
 722 02cc A4020000 		.4byte	0x2a4
 723 02d0 1C       		.uleb128 0x1c
 724 02d1 6900     		.ascii	"i\000"
 725 02d3 01       		.byte	0x1
 726 02d4 3401     		.2byte	0x134
 727 02d6 8D000000 		.4byte	0x8d
 728 02da BC000000 		.4byte	.LLST6
 729 02de 16       		.uleb128 0x16
 730 02df 64000000 		.4byte	.LBB4
 731 02e3 1C000000 		.4byte	.LBE4-.LBB4
 732 02e7 24030000 		.4byte	0x324
 733 02eb 1C       		.uleb128 0x1c
 734 02ec 6D7300   		.ascii	"ms\000"
 735 02ef 01       		.byte	0x1
 736 02f0 3901     		.2byte	0x139
 737 02f2 FA020000 		.4byte	0x2fa
 738 02f6 E6000000 		.4byte	.LLST7
 739 02fa 0F       		.uleb128 0xf
 740 02fb 04       		.byte	0x4
 741 02fc B4020000 		.4byte	0x2b4
 742 0300 12       		.uleb128 0x12
 743 0301 80000000 		.4byte	.LVL20
 744 0305 95010000 		.4byte	0x195
 745 0309 13       		.uleb128 0x13
 746 030a 01       		.uleb128 0x1
 747 030b 51       		.byte	0x51
 748 030c 15       		.uleb128 0x15
 749 030d 74       		.byte	0x74
 750 030e 00       		.sleb128 0
 751 030f 31       		.byte	0x31
 752 0310 24       		.byte	0x24
 753 0311 74       		.byte	0x74
 754 0312 00       		.sleb128 0
 755 0313 22       		.byte	0x22
 756 0314 31       		.byte	0x31
 757 0315 24       		.byte	0x24
 758 0316 03       		.byte	0x3
 759 0317 04000000 		.4byte	.LANCHOR0+4
 760 031b 22       		.byte	0x22
 761 031c 94       		.byte	0x94
 762 031d 02       		.byte	0x2
 763 031e 0A       		.byte	0xa
 764 031f FFFF     		.2byte	0xffff
 765 0321 1A       		.byte	0x1a
 766 0322 00       		.byte	0
 767 0323 00       		.byte	0
 768 0324 12       		.uleb128 0x12
 769 0325 94000000 		.4byte	.LVL23
 770 0329 0D010000 		.4byte	0x10d
 771 032d 13       		.uleb128 0x13
 772 032e 01       		.uleb128 0x1
 773 032f 50       		.byte	0x50
 774 0330 05       		.uleb128 0x5
 775 0331 03       		.byte	0x3
ARM GAS  C:\Users\Shashwat\AppData\Local\Temp\ccR31zrg.s 			page 21


 776 0332 10000000 		.4byte	.LANCHOR0+16
 777 0336 13       		.uleb128 0x13
 778 0337 01       		.uleb128 0x1
 779 0338 51       		.byte	0x51
 780 0339 05       		.uleb128 0x5
 781 033a 03       		.byte	0x3
 782 033b 0C000000 		.4byte	.LANCHOR0+12
 783 033f 00       		.byte	0
 784 0340 00       		.byte	0
 785 0341 1D       		.uleb128 0x1d
 786 0342 F4000000 		.4byte	.LVL24
 787 0346 E2010000 		.4byte	0x1e2
 788 034a 00       		.byte	0
 789 034b 1A       		.uleb128 0x1a
 790 034c 85010000 		.4byte	0x185
 791 0350 5B030000 		.4byte	0x35b
 792 0354 1B       		.uleb128 0x1b
 793 0355 7D000000 		.4byte	0x7d
 794 0359 00       		.byte	0
 795 035a 00       		.byte	0
 796 035b 10       		.uleb128 0x10
 797 035c 4B030000 		.4byte	0x34b
 798 0360 1A       		.uleb128 0x1a
 799 0361 90010000 		.4byte	0x190
 800 0365 70030000 		.4byte	0x370
 801 0369 1B       		.uleb128 0x1b
 802 036a 7D000000 		.4byte	0x7d
 803 036e 01       		.byte	0x1
 804 036f 00       		.byte	0
 805 0370 10       		.uleb128 0x10
 806 0371 60030000 		.4byte	0x360
 807 0375 1E       		.uleb128 0x1e
 808 0376 A7000000 		.4byte	.LASF43
 809 037a A7000000 		.4byte	.LASF43
 810 037e 1F       		.uleb128 0x1f
 811 037f 73020000 		.4byte	.LASF36
 812 0383 73020000 		.4byte	.LASF36
 813 0387 04       		.byte	0x4
 814 0388 6C       		.byte	0x6c
 815 0389 1F       		.uleb128 0x1f
 816 038a 0D000000 		.4byte	.LASF37
 817 038e 0D000000 		.4byte	.LASF37
 818 0392 04       		.byte	0x4
 819 0393 BD       		.byte	0xbd
 820 0394 1F       		.uleb128 0x1f
 821 0395 C7000000 		.4byte	.LASF38
 822 0399 C7000000 		.4byte	.LASF38
 823 039d 04       		.byte	0x4
 824 039e C3       		.byte	0xc3
 825 039f 00       		.byte	0
 826              		.section	.debug_abbrev,"",%progbits
 827              	.Ldebug_abbrev0:
 828 0000 01       		.uleb128 0x1
 829 0001 11       		.uleb128 0x11
 830 0002 01       		.byte	0x1
 831 0003 25       		.uleb128 0x25
 832 0004 0E       		.uleb128 0xe
ARM GAS  C:\Users\Shashwat\AppData\Local\Temp\ccR31zrg.s 			page 22


 833 0005 13       		.uleb128 0x13
 834 0006 0B       		.uleb128 0xb
 835 0007 03       		.uleb128 0x3
 836 0008 0E       		.uleb128 0xe
 837 0009 1B       		.uleb128 0x1b
 838 000a 0E       		.uleb128 0xe
 839 000b 55       		.uleb128 0x55
 840 000c 17       		.uleb128 0x17
 841 000d 11       		.uleb128 0x11
 842 000e 01       		.uleb128 0x1
 843 000f 10       		.uleb128 0x10
 844 0010 17       		.uleb128 0x17
 845 0011 00       		.byte	0
 846 0012 00       		.byte	0
 847 0013 02       		.uleb128 0x2
 848 0014 24       		.uleb128 0x24
 849 0015 00       		.byte	0
 850 0016 0B       		.uleb128 0xb
 851 0017 0B       		.uleb128 0xb
 852 0018 3E       		.uleb128 0x3e
 853 0019 0B       		.uleb128 0xb
 854 001a 03       		.uleb128 0x3
 855 001b 08       		.uleb128 0x8
 856 001c 00       		.byte	0
 857 001d 00       		.byte	0
 858 001e 03       		.uleb128 0x3
 859 001f 16       		.uleb128 0x16
 860 0020 00       		.byte	0
 861 0021 03       		.uleb128 0x3
 862 0022 0E       		.uleb128 0xe
 863 0023 3A       		.uleb128 0x3a
 864 0024 0B       		.uleb128 0xb
 865 0025 3B       		.uleb128 0x3b
 866 0026 0B       		.uleb128 0xb
 867 0027 49       		.uleb128 0x49
 868 0028 13       		.uleb128 0x13
 869 0029 00       		.byte	0
 870 002a 00       		.byte	0
 871 002b 04       		.uleb128 0x4
 872 002c 24       		.uleb128 0x24
 873 002d 00       		.byte	0
 874 002e 0B       		.uleb128 0xb
 875 002f 0B       		.uleb128 0xb
 876 0030 3E       		.uleb128 0x3e
 877 0031 0B       		.uleb128 0xb
 878 0032 03       		.uleb128 0x3
 879 0033 0E       		.uleb128 0xe
 880 0034 00       		.byte	0
 881 0035 00       		.byte	0
 882 0036 05       		.uleb128 0x5
 883 0037 0F       		.uleb128 0xf
 884 0038 00       		.byte	0
 885 0039 0B       		.uleb128 0xb
 886 003a 0B       		.uleb128 0xb
 887 003b 00       		.byte	0
 888 003c 00       		.byte	0
 889 003d 06       		.uleb128 0x6
ARM GAS  C:\Users\Shashwat\AppData\Local\Temp\ccR31zrg.s 			page 23


 890 003e 16       		.uleb128 0x16
 891 003f 00       		.byte	0
 892 0040 03       		.uleb128 0x3
 893 0041 0E       		.uleb128 0xe
 894 0042 3A       		.uleb128 0x3a
 895 0043 0B       		.uleb128 0xb
 896 0044 3B       		.uleb128 0x3b
 897 0045 05       		.uleb128 0x5
 898 0046 49       		.uleb128 0x49
 899 0047 13       		.uleb128 0x13
 900 0048 00       		.byte	0
 901 0049 00       		.byte	0
 902 004a 07       		.uleb128 0x7
 903 004b 35       		.uleb128 0x35
 904 004c 00       		.byte	0
 905 004d 49       		.uleb128 0x49
 906 004e 13       		.uleb128 0x13
 907 004f 00       		.byte	0
 908 0050 00       		.byte	0
 909 0051 08       		.uleb128 0x8
 910 0052 13       		.uleb128 0x13
 911 0053 01       		.byte	0x1
 912 0054 0B       		.uleb128 0xb
 913 0055 0B       		.uleb128 0xb
 914 0056 3A       		.uleb128 0x3a
 915 0057 0B       		.uleb128 0xb
 916 0058 3B       		.uleb128 0x3b
 917 0059 0B       		.uleb128 0xb
 918 005a 01       		.uleb128 0x1
 919 005b 13       		.uleb128 0x13
 920 005c 00       		.byte	0
 921 005d 00       		.byte	0
 922 005e 09       		.uleb128 0x9
 923 005f 0D       		.uleb128 0xd
 924 0060 00       		.byte	0
 925 0061 03       		.uleb128 0x3
 926 0062 0E       		.uleb128 0xe
 927 0063 3A       		.uleb128 0x3a
 928 0064 0B       		.uleb128 0xb
 929 0065 3B       		.uleb128 0x3b
 930 0066 0B       		.uleb128 0xb
 931 0067 49       		.uleb128 0x49
 932 0068 13       		.uleb128 0x13
 933 0069 38       		.uleb128 0x38
 934 006a 0B       		.uleb128 0xb
 935 006b 00       		.byte	0
 936 006c 00       		.byte	0
 937 006d 0A       		.uleb128 0xa
 938 006e 2E       		.uleb128 0x2e
 939 006f 01       		.byte	0x1
 940 0070 03       		.uleb128 0x3
 941 0071 0E       		.uleb128 0xe
 942 0072 3A       		.uleb128 0x3a
 943 0073 0B       		.uleb128 0xb
 944 0074 3B       		.uleb128 0x3b
 945 0075 0B       		.uleb128 0xb
 946 0076 27       		.uleb128 0x27
ARM GAS  C:\Users\Shashwat\AppData\Local\Temp\ccR31zrg.s 			page 24


 947 0077 19       		.uleb128 0x19
 948 0078 11       		.uleb128 0x11
 949 0079 01       		.uleb128 0x1
 950 007a 12       		.uleb128 0x12
 951 007b 06       		.uleb128 0x6
 952 007c 40       		.uleb128 0x40
 953 007d 18       		.uleb128 0x18
 954 007e 9742     		.uleb128 0x2117
 955 0080 19       		.uleb128 0x19
 956 0081 01       		.uleb128 0x1
 957 0082 13       		.uleb128 0x13
 958 0083 00       		.byte	0
 959 0084 00       		.byte	0
 960 0085 0B       		.uleb128 0xb
 961 0086 05       		.uleb128 0x5
 962 0087 00       		.byte	0
 963 0088 03       		.uleb128 0x3
 964 0089 0E       		.uleb128 0xe
 965 008a 3A       		.uleb128 0x3a
 966 008b 0B       		.uleb128 0xb
 967 008c 3B       		.uleb128 0x3b
 968 008d 0B       		.uleb128 0xb
 969 008e 49       		.uleb128 0x49
 970 008f 13       		.uleb128 0x13
 971 0090 02       		.uleb128 0x2
 972 0091 18       		.uleb128 0x18
 973 0092 00       		.byte	0
 974 0093 00       		.byte	0
 975 0094 0C       		.uleb128 0xc
 976 0095 34       		.uleb128 0x34
 977 0096 00       		.byte	0
 978 0097 03       		.uleb128 0x3
 979 0098 08       		.uleb128 0x8
 980 0099 3A       		.uleb128 0x3a
 981 009a 0B       		.uleb128 0xb
 982 009b 3B       		.uleb128 0x3b
 983 009c 0B       		.uleb128 0xb
 984 009d 49       		.uleb128 0x49
 985 009e 13       		.uleb128 0x13
 986 009f 02       		.uleb128 0x2
 987 00a0 17       		.uleb128 0x17
 988 00a1 00       		.byte	0
 989 00a2 00       		.byte	0
 990 00a3 0D       		.uleb128 0xd
 991 00a4 0B       		.uleb128 0xb
 992 00a5 01       		.byte	0x1
 993 00a6 11       		.uleb128 0x11
 994 00a7 01       		.uleb128 0x1
 995 00a8 12       		.uleb128 0x12
 996 00a9 06       		.uleb128 0x6
 997 00aa 00       		.byte	0
 998 00ab 00       		.byte	0
 999 00ac 0E       		.uleb128 0xe
 1000 00ad 34       		.uleb128 0x34
 1001 00ae 00       		.byte	0
 1002 00af 03       		.uleb128 0x3
 1003 00b0 0E       		.uleb128 0xe
ARM GAS  C:\Users\Shashwat\AppData\Local\Temp\ccR31zrg.s 			page 25


 1004 00b1 3A       		.uleb128 0x3a
 1005 00b2 0B       		.uleb128 0xb
 1006 00b3 3B       		.uleb128 0x3b
 1007 00b4 0B       		.uleb128 0xb
 1008 00b5 49       		.uleb128 0x49
 1009 00b6 13       		.uleb128 0x13
 1010 00b7 02       		.uleb128 0x2
 1011 00b8 17       		.uleb128 0x17
 1012 00b9 00       		.byte	0
 1013 00ba 00       		.byte	0
 1014 00bb 0F       		.uleb128 0xf
 1015 00bc 0F       		.uleb128 0xf
 1016 00bd 00       		.byte	0
 1017 00be 0B       		.uleb128 0xb
 1018 00bf 0B       		.uleb128 0xb
 1019 00c0 49       		.uleb128 0x49
 1020 00c1 13       		.uleb128 0x13
 1021 00c2 00       		.byte	0
 1022 00c3 00       		.byte	0
 1023 00c4 10       		.uleb128 0x10
 1024 00c5 26       		.uleb128 0x26
 1025 00c6 00       		.byte	0
 1026 00c7 49       		.uleb128 0x49
 1027 00c8 13       		.uleb128 0x13
 1028 00c9 00       		.byte	0
 1029 00ca 00       		.byte	0
 1030 00cb 11       		.uleb128 0x11
 1031 00cc 05       		.uleb128 0x5
 1032 00cd 00       		.byte	0
 1033 00ce 03       		.uleb128 0x3
 1034 00cf 08       		.uleb128 0x8
 1035 00d0 3A       		.uleb128 0x3a
 1036 00d1 0B       		.uleb128 0xb
 1037 00d2 3B       		.uleb128 0x3b
 1038 00d3 0B       		.uleb128 0xb
 1039 00d4 49       		.uleb128 0x49
 1040 00d5 13       		.uleb128 0x13
 1041 00d6 02       		.uleb128 0x2
 1042 00d7 17       		.uleb128 0x17
 1043 00d8 00       		.byte	0
 1044 00d9 00       		.byte	0
 1045 00da 12       		.uleb128 0x12
 1046 00db 898201   		.uleb128 0x4109
 1047 00de 01       		.byte	0x1
 1048 00df 11       		.uleb128 0x11
 1049 00e0 01       		.uleb128 0x1
 1050 00e1 31       		.uleb128 0x31
 1051 00e2 13       		.uleb128 0x13
 1052 00e3 00       		.byte	0
 1053 00e4 00       		.byte	0
 1054 00e5 13       		.uleb128 0x13
 1055 00e6 8A8201   		.uleb128 0x410a
 1056 00e9 00       		.byte	0
 1057 00ea 02       		.uleb128 0x2
 1058 00eb 18       		.uleb128 0x18
 1059 00ec 9142     		.uleb128 0x2111
 1060 00ee 18       		.uleb128 0x18
ARM GAS  C:\Users\Shashwat\AppData\Local\Temp\ccR31zrg.s 			page 26


 1061 00ef 00       		.byte	0
 1062 00f0 00       		.byte	0
 1063 00f1 14       		.uleb128 0x14
 1064 00f2 898201   		.uleb128 0x4109
 1065 00f5 01       		.byte	0x1
 1066 00f6 11       		.uleb128 0x11
 1067 00f7 01       		.uleb128 0x1
 1068 00f8 31       		.uleb128 0x31
 1069 00f9 13       		.uleb128 0x13
 1070 00fa 01       		.uleb128 0x1
 1071 00fb 13       		.uleb128 0x13
 1072 00fc 00       		.byte	0
 1073 00fd 00       		.byte	0
 1074 00fe 15       		.uleb128 0x15
 1075 00ff 2E       		.uleb128 0x2e
 1076 0100 01       		.byte	0x1
 1077 0101 3F       		.uleb128 0x3f
 1078 0102 19       		.uleb128 0x19
 1079 0103 03       		.uleb128 0x3
 1080 0104 0E       		.uleb128 0xe
 1081 0105 3A       		.uleb128 0x3a
 1082 0106 0B       		.uleb128 0xb
 1083 0107 3B       		.uleb128 0x3b
 1084 0108 05       		.uleb128 0x5
 1085 0109 27       		.uleb128 0x27
 1086 010a 19       		.uleb128 0x19
 1087 010b 11       		.uleb128 0x11
 1088 010c 01       		.uleb128 0x1
 1089 010d 12       		.uleb128 0x12
 1090 010e 06       		.uleb128 0x6
 1091 010f 40       		.uleb128 0x40
 1092 0110 18       		.uleb128 0x18
 1093 0111 9742     		.uleb128 0x2117
 1094 0113 19       		.uleb128 0x19
 1095 0114 01       		.uleb128 0x1
 1096 0115 13       		.uleb128 0x13
 1097 0116 00       		.byte	0
 1098 0117 00       		.byte	0
 1099 0118 16       		.uleb128 0x16
 1100 0119 0B       		.uleb128 0xb
 1101 011a 01       		.byte	0x1
 1102 011b 11       		.uleb128 0x11
 1103 011c 01       		.uleb128 0x1
 1104 011d 12       		.uleb128 0x12
 1105 011e 06       		.uleb128 0x6
 1106 011f 01       		.uleb128 0x1
 1107 0120 13       		.uleb128 0x13
 1108 0121 00       		.byte	0
 1109 0122 00       		.byte	0
 1110 0123 17       		.uleb128 0x17
 1111 0124 34       		.uleb128 0x34
 1112 0125 00       		.byte	0
 1113 0126 03       		.uleb128 0x3
 1114 0127 0E       		.uleb128 0xe
 1115 0128 3A       		.uleb128 0x3a
 1116 0129 0B       		.uleb128 0xb
 1117 012a 3B       		.uleb128 0x3b
ARM GAS  C:\Users\Shashwat\AppData\Local\Temp\ccR31zrg.s 			page 27


 1118 012b 05       		.uleb128 0x5
 1119 012c 49       		.uleb128 0x49
 1120 012d 13       		.uleb128 0x13
 1121 012e 02       		.uleb128 0x2
 1122 012f 18       		.uleb128 0x18
 1123 0130 00       		.byte	0
 1124 0131 00       		.byte	0
 1125 0132 18       		.uleb128 0x18
 1126 0133 13       		.uleb128 0x13
 1127 0134 01       		.byte	0x1
 1128 0135 0B       		.uleb128 0xb
 1129 0136 0B       		.uleb128 0xb
 1130 0137 3A       		.uleb128 0x3a
 1131 0138 0B       		.uleb128 0xb
 1132 0139 3B       		.uleb128 0x3b
 1133 013a 05       		.uleb128 0x5
 1134 013b 01       		.uleb128 0x1
 1135 013c 13       		.uleb128 0x13
 1136 013d 00       		.byte	0
 1137 013e 00       		.byte	0
 1138 013f 19       		.uleb128 0x19
 1139 0140 0D       		.uleb128 0xd
 1140 0141 00       		.byte	0
 1141 0142 03       		.uleb128 0x3
 1142 0143 0E       		.uleb128 0xe
 1143 0144 3A       		.uleb128 0x3a
 1144 0145 0B       		.uleb128 0xb
 1145 0146 3B       		.uleb128 0x3b
 1146 0147 05       		.uleb128 0x5
 1147 0148 49       		.uleb128 0x49
 1148 0149 13       		.uleb128 0x13
 1149 014a 38       		.uleb128 0x38
 1150 014b 0B       		.uleb128 0xb
 1151 014c 00       		.byte	0
 1152 014d 00       		.byte	0
 1153 014e 1A       		.uleb128 0x1a
 1154 014f 01       		.uleb128 0x1
 1155 0150 01       		.byte	0x1
 1156 0151 49       		.uleb128 0x49
 1157 0152 13       		.uleb128 0x13
 1158 0153 01       		.uleb128 0x1
 1159 0154 13       		.uleb128 0x13
 1160 0155 00       		.byte	0
 1161 0156 00       		.byte	0
 1162 0157 1B       		.uleb128 0x1b
 1163 0158 21       		.uleb128 0x21
 1164 0159 00       		.byte	0
 1165 015a 49       		.uleb128 0x49
 1166 015b 13       		.uleb128 0x13
 1167 015c 2F       		.uleb128 0x2f
 1168 015d 0B       		.uleb128 0xb
 1169 015e 00       		.byte	0
 1170 015f 00       		.byte	0
 1171 0160 1C       		.uleb128 0x1c
 1172 0161 34       		.uleb128 0x34
 1173 0162 00       		.byte	0
 1174 0163 03       		.uleb128 0x3
ARM GAS  C:\Users\Shashwat\AppData\Local\Temp\ccR31zrg.s 			page 28


 1175 0164 08       		.uleb128 0x8
 1176 0165 3A       		.uleb128 0x3a
 1177 0166 0B       		.uleb128 0xb
 1178 0167 3B       		.uleb128 0x3b
 1179 0168 05       		.uleb128 0x5
 1180 0169 49       		.uleb128 0x49
 1181 016a 13       		.uleb128 0x13
 1182 016b 02       		.uleb128 0x2
 1183 016c 17       		.uleb128 0x17
 1184 016d 00       		.byte	0
 1185 016e 00       		.byte	0
 1186 016f 1D       		.uleb128 0x1d
 1187 0170 898201   		.uleb128 0x4109
 1188 0173 00       		.byte	0
 1189 0174 11       		.uleb128 0x11
 1190 0175 01       		.uleb128 0x1
 1191 0176 31       		.uleb128 0x31
 1192 0177 13       		.uleb128 0x13
 1193 0178 00       		.byte	0
 1194 0179 00       		.byte	0
 1195 017a 1E       		.uleb128 0x1e
 1196 017b 2E       		.uleb128 0x2e
 1197 017c 00       		.byte	0
 1198 017d 3F       		.uleb128 0x3f
 1199 017e 19       		.uleb128 0x19
 1200 017f 3C       		.uleb128 0x3c
 1201 0180 19       		.uleb128 0x19
 1202 0181 6E       		.uleb128 0x6e
 1203 0182 0E       		.uleb128 0xe
 1204 0183 03       		.uleb128 0x3
 1205 0184 0E       		.uleb128 0xe
 1206 0185 00       		.byte	0
 1207 0186 00       		.byte	0
 1208 0187 1F       		.uleb128 0x1f
 1209 0188 2E       		.uleb128 0x2e
 1210 0189 00       		.byte	0
 1211 018a 3F       		.uleb128 0x3f
 1212 018b 19       		.uleb128 0x19
 1213 018c 3C       		.uleb128 0x3c
 1214 018d 19       		.uleb128 0x19
 1215 018e 6E       		.uleb128 0x6e
 1216 018f 0E       		.uleb128 0xe
 1217 0190 03       		.uleb128 0x3
 1218 0191 0E       		.uleb128 0xe
 1219 0192 3A       		.uleb128 0x3a
 1220 0193 0B       		.uleb128 0xb
 1221 0194 3B       		.uleb128 0x3b
 1222 0195 0B       		.uleb128 0xb
 1223 0196 00       		.byte	0
 1224 0197 00       		.byte	0
 1225 0198 00       		.byte	0
 1226              		.section	.debug_loc,"",%progbits
 1227              	.Ldebug_loc0:
 1228              	.LLST0:
 1229 0000 02000000 		.4byte	.LVL1
 1230 0004 08000000 		.4byte	.LVL2
 1231 0008 0200     		.2byte	0x2
ARM GAS  C:\Users\Shashwat\AppData\Local\Temp\ccR31zrg.s 			page 29


 1232 000a 30       		.byte	0x30
 1233 000b 9F       		.byte	0x9f
 1234 000c 08000000 		.4byte	.LVL2
 1235 0010 30000000 		.4byte	.LVL11
 1236 0014 0100     		.2byte	0x1
 1237 0016 57       		.byte	0x57
 1238 0017 00000000 		.4byte	0
 1239 001b 00000000 		.4byte	0
 1240              	.LLST1:
 1241 001f 02000000 		.4byte	.LVL1
 1242 0023 08000000 		.4byte	.LVL2
 1243 0027 0200     		.2byte	0x2
 1244 0029 30       		.byte	0x30
 1245 002a 9F       		.byte	0x9f
 1246 002b 08000000 		.4byte	.LVL2
 1247 002f 30000000 		.4byte	.LVL10
 1248 0033 0100     		.2byte	0x1
 1249 0035 55       		.byte	0x55
 1250 0036 00000000 		.4byte	0
 1251 003a 00000000 		.4byte	0
 1252              	.LLST2:
 1253 003e 0C000000 		.4byte	.LVL3
 1254 0042 2C000000 		.4byte	.LVL9
 1255 0046 0100     		.2byte	0x1
 1256 0048 56       		.byte	0x56
 1257 0049 00000000 		.4byte	0
 1258 004d 00000000 		.4byte	0
 1259              	.LLST3:
 1260 0051 0E000000 		.4byte	.LVL4
 1261 0055 24000000 		.4byte	.LVL7
 1262 0059 0100     		.2byte	0x1
 1263 005b 53       		.byte	0x53
 1264 005c 26000000 		.4byte	.LVL8
 1265 0060 2C000000 		.4byte	.LVL9
 1266 0064 0100     		.2byte	0x1
 1267 0066 53       		.byte	0x53
 1268 0067 00000000 		.4byte	0
 1269 006b 00000000 		.4byte	0
 1270              	.LLST4:
 1271 006f 00000000 		.4byte	.LVL12
 1272 0073 09000000 		.4byte	.LVL14-1
 1273 0077 0100     		.2byte	0x1
 1274 0079 50       		.byte	0x50
 1275 007a 09000000 		.4byte	.LVL14-1
 1276 007e 0C000000 		.4byte	.LFE0
 1277 0082 0400     		.2byte	0x4
 1278 0084 F3       		.byte	0xf3
 1279 0085 01       		.uleb128 0x1
 1280 0086 50       		.byte	0x50
 1281 0087 9F       		.byte	0x9f
 1282 0088 00000000 		.4byte	0
 1283 008c 00000000 		.4byte	0
 1284              	.LLST5:
 1285 0090 00000000 		.4byte	.LVL12
 1286 0094 06000000 		.4byte	.LVL13
 1287 0098 0100     		.2byte	0x1
 1288 009a 51       		.byte	0x51
ARM GAS  C:\Users\Shashwat\AppData\Local\Temp\ccR31zrg.s 			page 30


 1289 009b 06000000 		.4byte	.LVL13
 1290 009f 09000000 		.4byte	.LVL14-1
 1291 00a3 0100     		.2byte	0x1
 1292 00a5 52       		.byte	0x52
 1293 00a6 09000000 		.4byte	.LVL14-1
 1294 00aa 0C000000 		.4byte	.LFE0
 1295 00ae 0400     		.2byte	0x4
 1296 00b0 F3       		.byte	0xf3
 1297 00b1 01       		.uleb128 0x1
 1298 00b2 51       		.byte	0x51
 1299 00b3 9F       		.byte	0x9f
 1300 00b4 00000000 		.4byte	0
 1301 00b8 00000000 		.4byte	0
 1302              	.LLST6:
 1303 00bc 60000000 		.4byte	.LVL18
 1304 00c0 64000000 		.4byte	.LVL19
 1305 00c4 0200     		.2byte	0x2
 1306 00c6 30       		.byte	0x30
 1307 00c7 9F       		.byte	0x9f
 1308 00c8 64000000 		.4byte	.LVL19
 1309 00cc 82000000 		.4byte	.LVL21
 1310 00d0 0100     		.2byte	0x1
 1311 00d2 54       		.byte	0x54
 1312 00d3 84000000 		.4byte	.LVL22
 1313 00d7 F4000000 		.4byte	.LVL25
 1314 00db 0100     		.2byte	0x1
 1315 00dd 54       		.byte	0x54
 1316 00de 00000000 		.4byte	0
 1317 00e2 00000000 		.4byte	0
 1318              	.LLST7:
 1319 00e6 64000000 		.4byte	.LVL19
 1320 00ea 82000000 		.4byte	.LVL21
 1321 00ee 0B00     		.2byte	0xb
 1322 00f0 74       		.byte	0x74
 1323 00f1 00       		.sleb128 0
 1324 00f2 36       		.byte	0x36
 1325 00f3 1E       		.byte	0x1e
 1326 00f4 03       		.byte	0x3
 1327 00f5 00000000 		.4byte	cfg_memset_list.4870
 1328 00f9 22       		.byte	0x22
 1329 00fa 9F       		.byte	0x9f
 1330 00fb 82000000 		.4byte	.LVL21
 1331 00ff 84000000 		.4byte	.LVL22
 1332 0103 0B00     		.2byte	0xb
 1333 0105 74       		.byte	0x74
 1334 0106 7F       		.sleb128 -1
 1335 0107 36       		.byte	0x36
 1336 0108 1E       		.byte	0x1e
 1337 0109 03       		.byte	0x3
 1338 010a 00000000 		.4byte	cfg_memset_list.4870
 1339 010e 22       		.byte	0x22
 1340 010f 9F       		.byte	0x9f
 1341 0110 00000000 		.4byte	0
 1342 0114 00000000 		.4byte	0
 1343              		.section	.debug_aranges,"",%progbits
 1344 0000 34000000 		.4byte	0x34
 1345 0004 0200     		.2byte	0x2
ARM GAS  C:\Users\Shashwat\AppData\Local\Temp\ccR31zrg.s 			page 31


 1346 0006 00000000 		.4byte	.Ldebug_info0
 1347 000a 04       		.byte	0x4
 1348 000b 00       		.byte	0
 1349 000c 0000     		.2byte	0
 1350 000e 0000     		.2byte	0
 1351 0010 00000000 		.4byte	.LFB3
 1352 0014 32000000 		.4byte	.LFE3-.LFB3
 1353 0018 00000000 		.4byte	.LFB0
 1354 001c 0C000000 		.4byte	.LFE0-.LFB0
 1355 0020 00000000 		.4byte	.LFB4
 1356 0024 5C000000 		.4byte	.LFE4-.LFB4
 1357 0028 5C000000 		.4byte	.LFB6
 1358 002c D8000000 		.4byte	.LFE6-.LFB6
 1359 0030 00000000 		.4byte	0
 1360 0034 00000000 		.4byte	0
 1361              		.section	.debug_ranges,"",%progbits
 1362              	.Ldebug_ranges0:
 1363 0000 00000000 		.4byte	.LFB3
 1364 0004 32000000 		.4byte	.LFE3
 1365 0008 00000000 		.4byte	.LFB0
 1366 000c 0C000000 		.4byte	.LFE0
 1367 0010 00000000 		.4byte	.LFB4
 1368 0014 5C000000 		.4byte	.LFE4
 1369 0018 5C000000 		.4byte	.LFB6
 1370 001c 34010000 		.4byte	.LFE6
 1371 0020 00000000 		.4byte	0
 1372 0024 00000000 		.4byte	0
 1373              		.section	.debug_line,"",%progbits
 1374              	.Ldebug_line0:
 1375 0000 59010000 		.section	.debug_str,"MS",%progbits,1
 1375      0200D600 
 1375      00000201 
 1375      FB0E0D00 
 1375      01010101 
 1376              	.LASF19:
 1377 0000 72656733 		.ascii	"reg32\000"
 1377      3200
 1378              	.LASF12:
 1379 0006 73697A65 		.ascii	"size_t\000"
 1379      5F7400
 1380              	.LASF37:
 1381 000d 4379496E 		.ascii	"CyIntSetVector\000"
 1381      74536574 
 1381      56656374 
 1381      6F7200
 1382              	.LASF21:
 1383 001c 76616C75 		.ascii	"value\000"
 1383      6500
 1384              	.LASF26:
 1385 0022 636F756E 		.ascii	"count\000"
 1385      7400
 1386              	.LASF29:
 1387 0028 436C6F63 		.ascii	"ClockSetup\000"
 1387      6B536574 
 1387      757000
 1388              	.LASF30:
 1389 0033 63795F63 		.ascii	"cy_cfg_addr_table\000"
ARM GAS  C:\Users\Shashwat\AppData\Local\Temp\ccR31zrg.s 			page 32


 1389      66675F61 
 1389      6464725F 
 1389      7461626C 
 1389      6500
 1390              	.LASF31:
 1391 0045 63795F63 		.ascii	"cy_cfg_data_table\000"
 1391      66675F64 
 1391      6174615F 
 1391      7461626C 
 1391      6500
 1392              	.LASF16:
 1393 0057 666C6F61 		.ascii	"float\000"
 1393      7400
 1394              	.LASF35:
 1395 005d 6366675F 		.ascii	"cfg_memset_list\000"
 1395      6D656D73 
 1395      65745F6C 
 1395      69737400 
 1396              	.LASF33:
 1397 006d 73697A65 		.ascii	"size\000"
 1397      00
 1398              	.LASF18:
 1399 0072 72656738 		.ascii	"reg8\000"
 1399      00
 1400              	.LASF8:
 1401 0077 6C6F6E67 		.ascii	"long unsigned int\000"
 1401      20756E73 
 1401      69676E65 
 1401      6420696E 
 1401      7400
 1402              	.LASF13:
 1403 0089 75696E74 		.ascii	"uint8\000"
 1403      3800
 1404              	.LASF28:
 1405 008f 43594D45 		.ascii	"CYMEMZERO\000"
 1405      4D5A4552 
 1405      4F00
 1406              	.LASF4:
 1407 0099 756E7369 		.ascii	"unsigned char\000"
 1407      676E6564 
 1407      20636861 
 1407      7200
 1408              	.LASF43:
 1409 00a7 6D656D73 		.ascii	"memset\000"
 1409      657400
 1410              	.LASF17:
 1411 00ae 646F7562 		.ascii	"double\000"
 1411      6C6500
 1412              	.LASF27:
 1413 00b5 6366675F 		.ascii	"cfg_write_bytes32\000"
 1413      77726974 
 1413      655F6279 
 1413      74657333 
 1413      3200
 1414              	.LASF38:
 1415 00c7 4379496E 		.ascii	"CyIntEnable\000"
 1415      74456E61 
ARM GAS  C:\Users\Shashwat\AppData\Local\Temp\ccR31zrg.s 			page 33


 1415      626C6500 
 1416              	.LASF23:
 1417 00d3 61646472 		.ascii	"addr_table\000"
 1417      5F746162 
 1417      6C6500
 1418              	.LASF14:
 1419 00de 75696E74 		.ascii	"uint16\000"
 1419      313600
 1420              	.LASF24:
 1421 00e5 64617461 		.ascii	"data_table\000"
 1421      5F746162 
 1421      6C6500
 1422              	.LASF15:
 1423 00f0 75696E74 		.ascii	"uint32\000"
 1423      333200
 1424              	.LASF0:
 1425 00f7 756E7369 		.ascii	"unsigned int\000"
 1425      676E6564 
 1425      20696E74 
 1425      00
 1426              	.LASF42:
 1427 0104 63796669 		.ascii	"cyfitter_cfg\000"
 1427      74746572 
 1427      5F636667 
 1427      00
 1428              	.LASF32:
 1429 0111 61646472 		.ascii	"address\000"
 1429      65737300 
 1430              	.LASF9:
 1431 0119 6C6F6E67 		.ascii	"long long unsigned int\000"
 1431      206C6F6E 
 1431      6720756E 
 1431      7369676E 
 1431      65642069 
 1432              	.LASF39:
 1433 0130 474E5520 		.ascii	"GNU C11 5.4.1 20160609 (release) [ARM/embedded-5-br"
 1433      43313120 
 1433      352E342E 
 1433      31203230 
 1433      31363036 
 1434 0163 616E6368 		.ascii	"anch revision 237715] -mcpu=cortex-m0 -mthumb -g -O"
 1434      20726576 
 1434      6973696F 
 1434      6E203233 
 1434      37373135 
 1435 0196 67202D66 		.ascii	"g -ffunction-sections -ffat-lto-objects\000"
 1435      66756E63 
 1435      74696F6E 
 1435      2D736563 
 1435      74696F6E 
 1436              	.LASF34:
 1437 01be 6366675F 		.ascii	"cfg_memset_t\000"
 1437      6D656D73 
 1437      65745F74 
 1437      00
 1438              	.LASF25:
 1439 01cb 62617365 		.ascii	"baseAddr\000"
ARM GAS  C:\Users\Shashwat\AppData\Local\Temp\ccR31zrg.s 			page 34


 1439      41646472 
 1439      00
 1440              	.LASF10:
 1441 01d4 73697A65 		.ascii	"sizetype\000"
 1441      74797065 
 1441      00
 1442              	.LASF6:
 1443 01dd 73686F72 		.ascii	"short unsigned int\000"
 1443      7420756E 
 1443      7369676E 
 1443      65642069 
 1443      6E7400
 1444              	.LASF1:
 1445 01f0 6C6F6E67 		.ascii	"long long int\000"
 1445      206C6F6E 
 1445      6720696E 
 1445      7400
 1446              	.LASF41:
 1447 01fe 433A5C55 		.ascii	"C:\\Users\\Shashwat\\Documents\\PSoC Creator\\Empty"
 1447      73657273 
 1447      5C536861 
 1447      73687761 
 1447      745C446F 
 1448 022c 5C426C69 		.ascii	"\\Blink_with_button_interrupt.cydsn\000"
 1448      6E6B5F77 
 1448      6974685F 
 1448      62757474 
 1448      6F6E5F69 
 1449              	.LASF22:
 1450 024f 63795F63 		.ascii	"cy_cfg_addrvalue_t\000"
 1450      66675F61 
 1450      64647276 
 1450      616C7565 
 1450      5F7400
 1451              	.LASF20:
 1452 0262 6F666673 		.ascii	"offset\000"
 1452      657400
 1453              	.LASF5:
 1454 0269 73686F72 		.ascii	"short int\000"
 1454      7420696E 
 1454      7400
 1455              	.LASF36:
 1456 0273 43795379 		.ascii	"CySysClkWriteImoFreq\000"
 1456      73436C6B 
 1456      57726974 
 1456      65496D6F 
 1456      46726571 
 1457              	.LASF7:
 1458 0288 6C6F6E67 		.ascii	"long int\000"
 1458      20696E74 
 1458      00
 1459              	.LASF11:
 1460 0291 63686172 		.ascii	"char\000"
 1460      00
 1461              	.LASF2:
 1462 0296 6C6F6E67 		.ascii	"long double\000"
 1462      20646F75 
ARM GAS  C:\Users\Shashwat\AppData\Local\Temp\ccR31zrg.s 			page 35


 1462      626C6500 
 1463              	.LASF3:
 1464 02a2 7369676E 		.ascii	"signed char\000"
 1464      65642063 
 1464      68617200 
 1465              	.LASF40:
 1466 02ae 47656E65 		.ascii	"Generated_Source\\PSoC4\\cyfitter_cfg.c\000"
 1466      72617465 
 1466      645F536F 
 1466      75726365 
 1466      5C50536F 
 1467              		.ident	"GCC: (GNU Tools for ARM Embedded Processors) 5.4.1 20160609 (release) [ARM/embedded-5-bran
