ARM GAS  C:\Users\srhi\AppData\Local\Temp\ccDL4uBt.s 			page 1


   1              		.syntax unified
   2              		.cpu cortex-m0
   3              		.fpu softvfp
   4              		.eabi_attribute 20, 1
   5              		.eabi_attribute 21, 1
   6              		.eabi_attribute 23, 3
   7              		.eabi_attribute 24, 1
   8              		.eabi_attribute 25, 1
   9              		.eabi_attribute 26, 1
  10              		.eabi_attribute 30, 1
  11              		.eabi_attribute 34, 0
  12              		.eabi_attribute 18, 4
  13              		.thumb
  14              		.syntax unified
  15              		.file	"cyfitter_cfg.c"
  16              		.text
  17              	.Ltext0:
  18              		.cfi_sections	.debug_frame
  19              		.section	.text.cfg_write_bytes32,"ax",%progbits
  20              		.align	2
  21              		.code	16
  22              		.thumb_func
  23              		.type	cfg_write_bytes32, %function
  24              	cfg_write_bytes32:
  25              	.LFB3:
  26              		.file 1 "Generated_Source\\PSoC4\\cyfitter_cfg.c"
   1:Generated_Source\PSoC4/cyfitter_cfg.c **** 
   2:Generated_Source\PSoC4/cyfitter_cfg.c **** /*******************************************************************************
   3:Generated_Source\PSoC4/cyfitter_cfg.c **** * File Name: cyfitter_cfg.c
   4:Generated_Source\PSoC4/cyfitter_cfg.c **** * 
   5:Generated_Source\PSoC4/cyfitter_cfg.c **** * PSoC Creator  4.2
   6:Generated_Source\PSoC4/cyfitter_cfg.c **** *
   7:Generated_Source\PSoC4/cyfitter_cfg.c **** * Description:
   8:Generated_Source\PSoC4/cyfitter_cfg.c **** * This file contains device initialization code.
   9:Generated_Source\PSoC4/cyfitter_cfg.c **** * Except for the user defined sections in CyClockStartupError(), this file should not be modified.
  10:Generated_Source\PSoC4/cyfitter_cfg.c **** * This file is automatically generated by PSoC Creator.
  11:Generated_Source\PSoC4/cyfitter_cfg.c **** *
  12:Generated_Source\PSoC4/cyfitter_cfg.c **** ********************************************************************************
  13:Generated_Source\PSoC4/cyfitter_cfg.c **** * Copyright (c) 2007-2018 Cypress Semiconductor.  All rights reserved.
  14:Generated_Source\PSoC4/cyfitter_cfg.c **** * You may use this file only in accordance with the license, terms, conditions, 
  15:Generated_Source\PSoC4/cyfitter_cfg.c **** * disclaimers, and limitations in the end user license agreement accompanying 
  16:Generated_Source\PSoC4/cyfitter_cfg.c **** * the software package with which this file was provided.
  17:Generated_Source\PSoC4/cyfitter_cfg.c **** ********************************************************************************/
  18:Generated_Source\PSoC4/cyfitter_cfg.c **** 
  19:Generated_Source\PSoC4/cyfitter_cfg.c **** #include <string.h>
  20:Generated_Source\PSoC4/cyfitter_cfg.c **** #include "cytypes.h"
  21:Generated_Source\PSoC4/cyfitter_cfg.c **** #include "cydevice_trm.h"
  22:Generated_Source\PSoC4/cyfitter_cfg.c **** #include "cyfitter.h"
  23:Generated_Source\PSoC4/cyfitter_cfg.c **** #include "CyLib.h"
  24:Generated_Source\PSoC4/cyfitter_cfg.c **** #include "CyLFClk.h"
  25:Generated_Source\PSoC4/cyfitter_cfg.c **** #include "cyfitter_cfg.h"
  26:Generated_Source\PSoC4/cyfitter_cfg.c **** #include "cyapicallbacks.h"
  27:Generated_Source\PSoC4/cyfitter_cfg.c **** 
  28:Generated_Source\PSoC4/cyfitter_cfg.c **** 
  29:Generated_Source\PSoC4/cyfitter_cfg.c **** #if defined(__GNUC__) || defined(__ARMCC_VERSION)
  30:Generated_Source\PSoC4/cyfitter_cfg.c ****     #define CYPACKED 
  31:Generated_Source\PSoC4/cyfitter_cfg.c ****     #define CYPACKED_ATTR __attribute__ ((packed))
ARM GAS  C:\Users\srhi\AppData\Local\Temp\ccDL4uBt.s 			page 2


  32:Generated_Source\PSoC4/cyfitter_cfg.c ****     #define CYALIGNED __attribute__ ((aligned))
  33:Generated_Source\PSoC4/cyfitter_cfg.c ****     #define CY_CFG_UNUSED __attribute__ ((unused))
  34:Generated_Source\PSoC4/cyfitter_cfg.c ****     #ifndef CY_CFG_SECTION
  35:Generated_Source\PSoC4/cyfitter_cfg.c ****         #define CY_CFG_SECTION __attribute__ ((section(".psocinit")))
  36:Generated_Source\PSoC4/cyfitter_cfg.c ****     #endif
  37:Generated_Source\PSoC4/cyfitter_cfg.c ****     
  38:Generated_Source\PSoC4/cyfitter_cfg.c ****     #if defined(__ARMCC_VERSION)
  39:Generated_Source\PSoC4/cyfitter_cfg.c ****         #define CY_CFG_MEMORY_BARRIER() __memory_changed()
  40:Generated_Source\PSoC4/cyfitter_cfg.c ****     #else
  41:Generated_Source\PSoC4/cyfitter_cfg.c ****         #define CY_CFG_MEMORY_BARRIER() __sync_synchronize()
  42:Generated_Source\PSoC4/cyfitter_cfg.c ****     #endif
  43:Generated_Source\PSoC4/cyfitter_cfg.c ****     
  44:Generated_Source\PSoC4/cyfitter_cfg.c **** #elif defined(__ICCARM__)
  45:Generated_Source\PSoC4/cyfitter_cfg.c ****     #include <intrinsics.h>
  46:Generated_Source\PSoC4/cyfitter_cfg.c **** 
  47:Generated_Source\PSoC4/cyfitter_cfg.c ****     #define CYPACKED __packed
  48:Generated_Source\PSoC4/cyfitter_cfg.c ****     #define CYPACKED_ATTR 
  49:Generated_Source\PSoC4/cyfitter_cfg.c ****     #define CYALIGNED _Pragma("data_alignment=4")
  50:Generated_Source\PSoC4/cyfitter_cfg.c ****     #define CY_CFG_UNUSED _Pragma("diag_suppress=Pe177")
  51:Generated_Source\PSoC4/cyfitter_cfg.c ****     #define CY_CFG_SECTION _Pragma("location=\".psocinit\"")
  52:Generated_Source\PSoC4/cyfitter_cfg.c ****     
  53:Generated_Source\PSoC4/cyfitter_cfg.c ****     #define CY_CFG_MEMORY_BARRIER() __DMB()
  54:Generated_Source\PSoC4/cyfitter_cfg.c ****     
  55:Generated_Source\PSoC4/cyfitter_cfg.c **** #else
  56:Generated_Source\PSoC4/cyfitter_cfg.c ****     #error Unsupported toolchain
  57:Generated_Source\PSoC4/cyfitter_cfg.c **** #endif
  58:Generated_Source\PSoC4/cyfitter_cfg.c **** 
  59:Generated_Source\PSoC4/cyfitter_cfg.c **** #ifndef CYCODE
  60:Generated_Source\PSoC4/cyfitter_cfg.c ****     #define CYCODE
  61:Generated_Source\PSoC4/cyfitter_cfg.c **** #endif
  62:Generated_Source\PSoC4/cyfitter_cfg.c **** #ifndef CYDATA
  63:Generated_Source\PSoC4/cyfitter_cfg.c ****     #define CYDATA
  64:Generated_Source\PSoC4/cyfitter_cfg.c **** #endif
  65:Generated_Source\PSoC4/cyfitter_cfg.c **** #ifndef CYFAR
  66:Generated_Source\PSoC4/cyfitter_cfg.c ****     #define CYFAR
  67:Generated_Source\PSoC4/cyfitter_cfg.c **** #endif
  68:Generated_Source\PSoC4/cyfitter_cfg.c **** #ifndef CYXDATA
  69:Generated_Source\PSoC4/cyfitter_cfg.c ****     #define CYXDATA
  70:Generated_Source\PSoC4/cyfitter_cfg.c **** #endif
  71:Generated_Source\PSoC4/cyfitter_cfg.c **** 
  72:Generated_Source\PSoC4/cyfitter_cfg.c **** 
  73:Generated_Source\PSoC4/cyfitter_cfg.c **** CY_CFG_UNUSED
  74:Generated_Source\PSoC4/cyfitter_cfg.c **** static void CYMEMZERO(void *s, size_t n);
  75:Generated_Source\PSoC4/cyfitter_cfg.c **** CY_CFG_UNUSED
  76:Generated_Source\PSoC4/cyfitter_cfg.c **** static void CYMEMZERO(void *s, size_t n)
  77:Generated_Source\PSoC4/cyfitter_cfg.c **** {
  78:Generated_Source\PSoC4/cyfitter_cfg.c **** 	(void)memset(s, 0, n);
  79:Generated_Source\PSoC4/cyfitter_cfg.c **** }
  80:Generated_Source\PSoC4/cyfitter_cfg.c **** CY_CFG_UNUSED
  81:Generated_Source\PSoC4/cyfitter_cfg.c **** static void CYCONFIGCPY(void *dest, const void *src, size_t n);
  82:Generated_Source\PSoC4/cyfitter_cfg.c **** CY_CFG_UNUSED
  83:Generated_Source\PSoC4/cyfitter_cfg.c **** static void CYCONFIGCPY(void *dest, const void *src, size_t n)
  84:Generated_Source\PSoC4/cyfitter_cfg.c **** {
  85:Generated_Source\PSoC4/cyfitter_cfg.c **** 	(void)memcpy(dest, src, n);
  86:Generated_Source\PSoC4/cyfitter_cfg.c **** }
  87:Generated_Source\PSoC4/cyfitter_cfg.c **** CY_CFG_UNUSED
  88:Generated_Source\PSoC4/cyfitter_cfg.c **** static void CYCONFIGCPYCODE(void *dest, const void *src, size_t n);
ARM GAS  C:\Users\srhi\AppData\Local\Temp\ccDL4uBt.s 			page 3


  89:Generated_Source\PSoC4/cyfitter_cfg.c **** CY_CFG_UNUSED
  90:Generated_Source\PSoC4/cyfitter_cfg.c **** static void CYCONFIGCPYCODE(void *dest, const void *src, size_t n)
  91:Generated_Source\PSoC4/cyfitter_cfg.c **** {
  92:Generated_Source\PSoC4/cyfitter_cfg.c **** 	(void)memcpy(dest, src, n);
  93:Generated_Source\PSoC4/cyfitter_cfg.c **** }
  94:Generated_Source\PSoC4/cyfitter_cfg.c **** 
  95:Generated_Source\PSoC4/cyfitter_cfg.c **** 
  96:Generated_Source\PSoC4/cyfitter_cfg.c **** 
  97:Generated_Source\PSoC4/cyfitter_cfg.c **** 
  98:Generated_Source\PSoC4/cyfitter_cfg.c **** /* Clock startup error codes                                                   */
  99:Generated_Source\PSoC4/cyfitter_cfg.c **** #define CYCLOCKSTART_NO_ERROR    0u
 100:Generated_Source\PSoC4/cyfitter_cfg.c **** #define CYCLOCKSTART_XTAL_ERROR  1u
 101:Generated_Source\PSoC4/cyfitter_cfg.c **** #define CYCLOCKSTART_32KHZ_ERROR 2u
 102:Generated_Source\PSoC4/cyfitter_cfg.c **** #define CYCLOCKSTART_PLL_ERROR   3u
 103:Generated_Source\PSoC4/cyfitter_cfg.c **** #define CYCLOCKSTART_FLL_ERROR   4u
 104:Generated_Source\PSoC4/cyfitter_cfg.c **** #define CYCLOCKSTART_WCO_ERROR   5u
 105:Generated_Source\PSoC4/cyfitter_cfg.c **** 
 106:Generated_Source\PSoC4/cyfitter_cfg.c **** 
 107:Generated_Source\PSoC4/cyfitter_cfg.c **** #ifdef CY_NEED_CYCLOCKSTARTUPERROR
 108:Generated_Source\PSoC4/cyfitter_cfg.c **** /*******************************************************************************
 109:Generated_Source\PSoC4/cyfitter_cfg.c **** * Function Name: CyClockStartupError
 110:Generated_Source\PSoC4/cyfitter_cfg.c **** ********************************************************************************
 111:Generated_Source\PSoC4/cyfitter_cfg.c **** * Summary:
 112:Generated_Source\PSoC4/cyfitter_cfg.c **** *  If an error is encountered during clock configuration (crystal startup error,
 113:Generated_Source\PSoC4/cyfitter_cfg.c **** *  PLL lock error, etc.), the system will end up here.  Unless reimplemented by
 114:Generated_Source\PSoC4/cyfitter_cfg.c **** *  the customer, this function will stop in an infinite loop.
 115:Generated_Source\PSoC4/cyfitter_cfg.c **** *
 116:Generated_Source\PSoC4/cyfitter_cfg.c **** * Parameters:
 117:Generated_Source\PSoC4/cyfitter_cfg.c **** *   void
 118:Generated_Source\PSoC4/cyfitter_cfg.c **** *
 119:Generated_Source\PSoC4/cyfitter_cfg.c **** * Return:
 120:Generated_Source\PSoC4/cyfitter_cfg.c **** *   void
 121:Generated_Source\PSoC4/cyfitter_cfg.c **** *
 122:Generated_Source\PSoC4/cyfitter_cfg.c **** *******************************************************************************/
 123:Generated_Source\PSoC4/cyfitter_cfg.c **** CY_CFG_UNUSED
 124:Generated_Source\PSoC4/cyfitter_cfg.c **** static void CyClockStartupError(uint8 errorCode);
 125:Generated_Source\PSoC4/cyfitter_cfg.c **** CY_CFG_UNUSED
 126:Generated_Source\PSoC4/cyfitter_cfg.c **** static void CyClockStartupError(uint8 errorCode)
 127:Generated_Source\PSoC4/cyfitter_cfg.c **** {
 128:Generated_Source\PSoC4/cyfitter_cfg.c ****     /* To remove the compiler warning if errorCode not used.                */
 129:Generated_Source\PSoC4/cyfitter_cfg.c ****     errorCode = errorCode;
 130:Generated_Source\PSoC4/cyfitter_cfg.c **** 
 131:Generated_Source\PSoC4/cyfitter_cfg.c ****     /* If we have a clock startup error (bad MHz crystal, PLL lock, etc.),  */
 132:Generated_Source\PSoC4/cyfitter_cfg.c ****     /* we will end up here to allow the customer to implement something to  */
 133:Generated_Source\PSoC4/cyfitter_cfg.c ****     /* deal with the clock condition.                                       */
 134:Generated_Source\PSoC4/cyfitter_cfg.c **** 
 135:Generated_Source\PSoC4/cyfitter_cfg.c **** #ifdef CY_CFG_CLOCK_STARTUP_ERROR_CALLBACK
 136:Generated_Source\PSoC4/cyfitter_cfg.c ****     CY_CFG_Clock_Startup_ErrorCallback();
 137:Generated_Source\PSoC4/cyfitter_cfg.c **** #else
 138:Generated_Source\PSoC4/cyfitter_cfg.c ****     /*  If not using CY_CFG_CLOCK_STARTUP_ERROR_CALLBACK, place your clock startup code here. */
 139:Generated_Source\PSoC4/cyfitter_cfg.c ****     /* `#START CyClockStartupError` */
 140:Generated_Source\PSoC4/cyfitter_cfg.c **** 
 141:Generated_Source\PSoC4/cyfitter_cfg.c **** 
 142:Generated_Source\PSoC4/cyfitter_cfg.c **** 
 143:Generated_Source\PSoC4/cyfitter_cfg.c ****     /* `#END` */
 144:Generated_Source\PSoC4/cyfitter_cfg.c **** 
 145:Generated_Source\PSoC4/cyfitter_cfg.c ****     while(1) {}
ARM GAS  C:\Users\srhi\AppData\Local\Temp\ccDL4uBt.s 			page 4


 146:Generated_Source\PSoC4/cyfitter_cfg.c **** #endif /* CY_CFG_CLOCK_STARTUP_ERROR_CALLBACK */
 147:Generated_Source\PSoC4/cyfitter_cfg.c **** }
 148:Generated_Source\PSoC4/cyfitter_cfg.c **** #endif
 149:Generated_Source\PSoC4/cyfitter_cfg.c **** 
 150:Generated_Source\PSoC4/cyfitter_cfg.c **** #define CY_CFG_BASE_ADDR_COUNT 5u
 151:Generated_Source\PSoC4/cyfitter_cfg.c **** CYPACKED typedef struct
 152:Generated_Source\PSoC4/cyfitter_cfg.c **** {
 153:Generated_Source\PSoC4/cyfitter_cfg.c **** 	uint8 offset;
 154:Generated_Source\PSoC4/cyfitter_cfg.c **** 	uint8 value;
 155:Generated_Source\PSoC4/cyfitter_cfg.c **** } CYPACKED_ATTR cy_cfg_addrvalue_t;
 156:Generated_Source\PSoC4/cyfitter_cfg.c **** 
 157:Generated_Source\PSoC4/cyfitter_cfg.c **** 
 158:Generated_Source\PSoC4/cyfitter_cfg.c **** 
 159:Generated_Source\PSoC4/cyfitter_cfg.c **** /*******************************************************************************
 160:Generated_Source\PSoC4/cyfitter_cfg.c **** * Function Name: cfg_write_bytes32
 161:Generated_Source\PSoC4/cyfitter_cfg.c **** ********************************************************************************
 162:Generated_Source\PSoC4/cyfitter_cfg.c **** * Summary:
 163:Generated_Source\PSoC4/cyfitter_cfg.c **** *  This function is used for setting up the chip configuration areas that
 164:Generated_Source\PSoC4/cyfitter_cfg.c **** *  contain relatively sparse data.
 165:Generated_Source\PSoC4/cyfitter_cfg.c **** *
 166:Generated_Source\PSoC4/cyfitter_cfg.c **** * Parameters:
 167:Generated_Source\PSoC4/cyfitter_cfg.c **** *   void
 168:Generated_Source\PSoC4/cyfitter_cfg.c **** *
 169:Generated_Source\PSoC4/cyfitter_cfg.c **** * Return:
 170:Generated_Source\PSoC4/cyfitter_cfg.c **** *   void
 171:Generated_Source\PSoC4/cyfitter_cfg.c **** *
 172:Generated_Source\PSoC4/cyfitter_cfg.c **** *******************************************************************************/
 173:Generated_Source\PSoC4/cyfitter_cfg.c **** static void cfg_write_bytes32(const uint32 addr_table[], const cy_cfg_addrvalue_t data_table[]);
 174:Generated_Source\PSoC4/cyfitter_cfg.c **** static void cfg_write_bytes32(const uint32 addr_table[], const cy_cfg_addrvalue_t data_table[])
 175:Generated_Source\PSoC4/cyfitter_cfg.c **** {
  27              		.loc 1 175 0
  28              		.cfi_startproc
  29              		@ args = 0, pretend = 0, frame = 0
  30              		@ frame_needed = 0, uses_anonymous_args = 0
  31              	.LVL0:
  32 0000 F0B5     		push	{r4, r5, r6, r7, lr}
  33              		.cfi_def_cfa_offset 20
  34              		.cfi_offset 4, -20
  35              		.cfi_offset 5, -16
  36              		.cfi_offset 6, -12
  37              		.cfi_offset 7, -8
  38              		.cfi_offset 14, -4
  39              	.LVL1:
 176:Generated_Source\PSoC4/cyfitter_cfg.c **** 	/* For 32-bit little-endian architectures */
 177:Generated_Source\PSoC4/cyfitter_cfg.c **** 	uint32 i, j = 0u;
  40              		.loc 1 177 0
  41 0002 0025     		movs	r5, #0
 178:Generated_Source\PSoC4/cyfitter_cfg.c **** 	for (i = 0u; i < CY_CFG_BASE_ADDR_COUNT; i++)
  42              		.loc 1 178 0
  43 0004 0027     		movs	r7, #0
  44 0006 11E0     		b	.L2
  45              	.LVL2:
  46              	.L5:
  47              	.LBB2:
 179:Generated_Source\PSoC4/cyfitter_cfg.c **** 	{
 180:Generated_Source\PSoC4/cyfitter_cfg.c **** 		uint32 baseAddr = addr_table[i];
  48              		.loc 1 180 0
ARM GAS  C:\Users\srhi\AppData\Local\Temp\ccDL4uBt.s 			page 5


  49 0008 BB00     		lsls	r3, r7, #2
  50 000a C658     		ldr	r6, [r0, r3]
  51              	.LVL3:
 181:Generated_Source\PSoC4/cyfitter_cfg.c **** 		uint8 count = (uint8)baseAddr;
  52              		.loc 1 181 0
  53 000c F3B2     		uxtb	r3, r6
  54              	.LVL4:
 182:Generated_Source\PSoC4/cyfitter_cfg.c **** 		baseAddr &= 0xFFFFFF00u;
  55              		.loc 1 182 0
  56 000e FF22     		movs	r2, #255
  57 0010 9643     		bics	r6, r2
  58              	.LVL5:
 183:Generated_Source\PSoC4/cyfitter_cfg.c **** 		while (count != 0u)
  59              		.loc 1 183 0
  60 0012 08E0     		b	.L3
  61              	.L4:
 184:Generated_Source\PSoC4/cyfitter_cfg.c **** 		{
 185:Generated_Source\PSoC4/cyfitter_cfg.c **** 			CY_SET_REG8((void *)(baseAddr + data_table[j].offset), data_table[j].value);
  62              		.loc 1 185 0
  63 0014 6A00     		lsls	r2, r5, #1
  64 0016 8A18     		adds	r2, r1, r2
  65 0018 1478     		ldrb	r4, [r2]
  66 001a A419     		adds	r4, r4, r6
  67 001c 5278     		ldrb	r2, [r2, #1]
  68 001e 2270     		strb	r2, [r4]
 186:Generated_Source\PSoC4/cyfitter_cfg.c **** 			j++;
  69              		.loc 1 186 0
  70 0020 0135     		adds	r5, r5, #1
  71              	.LVL6:
 187:Generated_Source\PSoC4/cyfitter_cfg.c **** 			count--;
  72              		.loc 1 187 0
  73 0022 013B     		subs	r3, r3, #1
  74              	.LVL7:
  75 0024 DBB2     		uxtb	r3, r3
  76              	.LVL8:
  77              	.L3:
 183:Generated_Source\PSoC4/cyfitter_cfg.c **** 		{
  78              		.loc 1 183 0
  79 0026 002B     		cmp	r3, #0
  80 0028 F4D1     		bne	.L4
  81              	.LBE2:
 178:Generated_Source\PSoC4/cyfitter_cfg.c **** 	{
  82              		.loc 1 178 0 discriminator 2
  83 002a 0137     		adds	r7, r7, #1
  84              	.LVL9:
  85              	.L2:
 178:Generated_Source\PSoC4/cyfitter_cfg.c **** 	{
  86              		.loc 1 178 0 is_stmt 0 discriminator 1
  87 002c 042F     		cmp	r7, #4
  88 002e EBD9     		bls	.L5
 188:Generated_Source\PSoC4/cyfitter_cfg.c **** 		}
 189:Generated_Source\PSoC4/cyfitter_cfg.c **** 	}
 190:Generated_Source\PSoC4/cyfitter_cfg.c **** }
  89              		.loc 1 190 0 is_stmt 1
  90              		@ sp needed
  91              	.LVL10:
  92              	.LVL11:
ARM GAS  C:\Users\srhi\AppData\Local\Temp\ccDL4uBt.s 			page 6


  93 0030 F0BD     		pop	{r4, r5, r6, r7, pc}
  94              		.cfi_endproc
  95              	.LFE3:
  96              		.size	cfg_write_bytes32, .-cfg_write_bytes32
  97 0032 C046     		.section	.text.CYMEMZERO,"ax",%progbits
  98              		.align	2
  99              		.code	16
 100              		.thumb_func
 101              		.type	CYMEMZERO, %function
 102              	CYMEMZERO:
 103              	.LFB0:
  77:Generated_Source\PSoC4/cyfitter_cfg.c **** 	(void)memset(s, 0, n);
 104              		.loc 1 77 0
 105              		.cfi_startproc
 106              		@ args = 0, pretend = 0, frame = 0
 107              		@ frame_needed = 0, uses_anonymous_args = 0
 108              	.LVL12:
 109 0000 10B5     		push	{r4, lr}
 110              		.cfi_def_cfa_offset 8
 111              		.cfi_offset 4, -8
 112              		.cfi_offset 14, -4
 113 0002 0A00     		movs	r2, r1
  78:Generated_Source\PSoC4/cyfitter_cfg.c **** }
 114              		.loc 1 78 0
 115 0004 0021     		movs	r1, #0
 116              	.LVL13:
 117 0006 FFF7FEFF 		bl	memset
 118              	.LVL14:
  79:Generated_Source\PSoC4/cyfitter_cfg.c **** CY_CFG_UNUSED
 119              		.loc 1 79 0
 120              		@ sp needed
 121 000a 10BD     		pop	{r4, pc}
 122              		.cfi_endproc
 123              	.LFE0:
 124              		.size	CYMEMZERO, .-CYMEMZERO
 125              		.section	.psocinit,"ax",%progbits
 126              		.align	2
 127              		.code	16
 128              		.thumb_func
 129              		.type	ClockSetup, %function
 130              	ClockSetup:
 131              	.LFB4:
 191:Generated_Source\PSoC4/cyfitter_cfg.c **** 
 192:Generated_Source\PSoC4/cyfitter_cfg.c **** 
 193:Generated_Source\PSoC4/cyfitter_cfg.c **** /*******************************************************************************
 194:Generated_Source\PSoC4/cyfitter_cfg.c **** * Function Name: ClockSetup
 195:Generated_Source\PSoC4/cyfitter_cfg.c **** ********************************************************************************
 196:Generated_Source\PSoC4/cyfitter_cfg.c **** *
 197:Generated_Source\PSoC4/cyfitter_cfg.c **** * Summary:
 198:Generated_Source\PSoC4/cyfitter_cfg.c **** *   Performs the initialization of all of the clocks in the device based on the
 199:Generated_Source\PSoC4/cyfitter_cfg.c **** *   settings in the Clock tab of the DWR.  This includes enabling the requested
 200:Generated_Source\PSoC4/cyfitter_cfg.c **** *   clocks and setting the necessary dividers to produce the desired frequency. 
 201:Generated_Source\PSoC4/cyfitter_cfg.c **** *
 202:Generated_Source\PSoC4/cyfitter_cfg.c **** * Parameters:
 203:Generated_Source\PSoC4/cyfitter_cfg.c **** *   void
 204:Generated_Source\PSoC4/cyfitter_cfg.c **** *
 205:Generated_Source\PSoC4/cyfitter_cfg.c **** * Return:
ARM GAS  C:\Users\srhi\AppData\Local\Temp\ccDL4uBt.s 			page 7


 206:Generated_Source\PSoC4/cyfitter_cfg.c **** *   void
 207:Generated_Source\PSoC4/cyfitter_cfg.c **** *
 208:Generated_Source\PSoC4/cyfitter_cfg.c **** *******************************************************************************/
 209:Generated_Source\PSoC4/cyfitter_cfg.c **** static void ClockSetup(void);
 210:Generated_Source\PSoC4/cyfitter_cfg.c **** CY_CFG_SECTION
 211:Generated_Source\PSoC4/cyfitter_cfg.c **** static void ClockSetup(void)
 212:Generated_Source\PSoC4/cyfitter_cfg.c **** {
 132              		.loc 1 212 0
 133              		.cfi_startproc
 134              		@ args = 0, pretend = 0, frame = 0
 135              		@ frame_needed = 0, uses_anonymous_args = 0
 136 0000 70B5     		push	{r4, r5, r6, lr}
 137              		.cfi_def_cfa_offset 16
 138              		.cfi_offset 4, -16
 139              		.cfi_offset 5, -12
 140              		.cfi_offset 6, -8
 141              		.cfi_offset 14, -4
 213:Generated_Source\PSoC4/cyfitter_cfg.c **** 	/* Enable HALF_EN before trimming for the flash accelerator. */
 214:Generated_Source\PSoC4/cyfitter_cfg.c **** 	CY_SET_REG32((void CYXDATA *)(CYREG_CLK_SELECT), (CY_GET_REG32((void *)CYREG_CLK_SELECT) | 0x00040
 142              		.loc 1 214 0
 143 0002 1B4C     		ldr	r4, .L8
 144 0004 2368     		ldr	r3, [r4]
 145 0006 8022     		movs	r2, #128
 146 0008 D202     		lsls	r2, r2, #11
 147 000a 1343     		orrs	r3, r2
 148 000c 2360     		str	r3, [r4]
 215:Generated_Source\PSoC4/cyfitter_cfg.c **** 
 216:Generated_Source\PSoC4/cyfitter_cfg.c **** 	/* Setup and trim IMO based on desired frequency. */
 217:Generated_Source\PSoC4/cyfitter_cfg.c **** 	CySysClkWriteImoFreq(24u);
 149              		.loc 1 217 0
 150 000e 1820     		movs	r0, #24
 151 0010 FFF7FEFF 		bl	CySysClkWriteImoFreq
 152              	.LVL15:
 218:Generated_Source\PSoC4/cyfitter_cfg.c **** 
 219:Generated_Source\PSoC4/cyfitter_cfg.c **** 	/* Disable HALF_EN since it is not required at this IMO frequency. */
 220:Generated_Source\PSoC4/cyfitter_cfg.c **** 	CY_SET_REG32((void CYXDATA *)(CYREG_CLK_SELECT), (CY_GET_REG32((void *)CYREG_CLK_SELECT) & 0xFFFBF
 153              		.loc 1 220 0
 154 0014 2268     		ldr	r2, [r4]
 155 0016 174B     		ldr	r3, .L8+4
 156 0018 1340     		ands	r3, r2
 157 001a 2360     		str	r3, [r4]
 221:Generated_Source\PSoC4/cyfitter_cfg.c **** 	/* CYDEV_CLK_ILO_CONFIG Starting address: CYDEV_CLK_ILO_CONFIG */
 222:Generated_Source\PSoC4/cyfitter_cfg.c **** 	CY_SET_REG32((void *)(CYREG_CLK_ILO_CONFIG), 0x80000006u);
 158              		.loc 1 222 0
 159 001c 164A     		ldr	r2, .L8+8
 160 001e 174B     		ldr	r3, .L8+12
 161 0020 1A60     		str	r2, [r3]
 223:Generated_Source\PSoC4/cyfitter_cfg.c **** 
 224:Generated_Source\PSoC4/cyfitter_cfg.c **** 
 225:Generated_Source\PSoC4/cyfitter_cfg.c **** 	/* CYDEV_CLK_SELECT00 Starting address: CYDEV_CLK_SELECT00 */
 226:Generated_Source\PSoC4/cyfitter_cfg.c **** 	CY_SET_REG32((void *)(CYREG_CLK_SELECT13), 0x00000020u);
 162              		.loc 1 226 0
 163 0022 2022     		movs	r2, #32
 164 0024 164B     		ldr	r3, .L8+16
 165 0026 1A60     		str	r2, [r3]
 227:Generated_Source\PSoC4/cyfitter_cfg.c **** 	CY_SET_REG32((void *)(CYREG_CLK_SELECT14), 0x00000022u);
 166              		.loc 1 227 0
ARM GAS  C:\Users\srhi\AppData\Local\Temp\ccDL4uBt.s 			page 8


 167 0028 0232     		adds	r2, r2, #2
 168 002a 164B     		ldr	r3, .L8+20
 169 002c 1A60     		str	r2, [r3]
 228:Generated_Source\PSoC4/cyfitter_cfg.c **** 	CY_SET_REG32((void *)(CYREG_CLK_SELECT15), 0x00000021u);
 170              		.loc 1 228 0
 171 002e 013A     		subs	r2, r2, #1
 172 0030 154B     		ldr	r3, .L8+24
 173 0032 1A60     		str	r2, [r3]
 229:Generated_Source\PSoC4/cyfitter_cfg.c **** 
 230:Generated_Source\PSoC4/cyfitter_cfg.c **** 	/* CYDEV_CLK_IMO_CONFIG Starting address: CYDEV_CLK_IMO_CONFIG */
 231:Generated_Source\PSoC4/cyfitter_cfg.c **** 	CY_SET_REG32((void *)(CYREG_CLK_IMO_CONFIG), 0x80000000u);
 174              		.loc 1 231 0
 175 0034 8022     		movs	r2, #128
 176 0036 1206     		lsls	r2, r2, #24
 177 0038 144B     		ldr	r3, .L8+28
 178 003a 1A60     		str	r2, [r3]
 232:Generated_Source\PSoC4/cyfitter_cfg.c **** 
 233:Generated_Source\PSoC4/cyfitter_cfg.c **** 	/* CYDEV_CLK_SELECT Starting address: CYDEV_CLK_SELECT */
 234:Generated_Source\PSoC4/cyfitter_cfg.c **** 	CY_SET_REG32((void *)(CYREG_CLK_SELECT), 0x00000000u);
 179              		.loc 1 234 0
 180 003c 0025     		movs	r5, #0
 181 003e 2560     		str	r5, [r4]
 235:Generated_Source\PSoC4/cyfitter_cfg.c **** 
 236:Generated_Source\PSoC4/cyfitter_cfg.c **** 	/* CYDEV_CLK_DIVIDER_A00 Starting address: CYDEV_CLK_DIVIDER_A00 */
 237:Generated_Source\PSoC4/cyfitter_cfg.c **** 	CY_SET_REG32((void *)(CYREG_CLK_DIVIDER_A00), 0x80001387u);
 182              		.loc 1 237 0
 183 0040 134A     		ldr	r2, .L8+32
 184 0042 144B     		ldr	r3, .L8+36
 185 0044 1A60     		str	r2, [r3]
 238:Generated_Source\PSoC4/cyfitter_cfg.c **** 
 239:Generated_Source\PSoC4/cyfitter_cfg.c **** 	/* CYDEV_CLK_DIVIDER_B00 Starting address: CYDEV_CLK_DIVIDER_B00 */
 240:Generated_Source\PSoC4/cyfitter_cfg.c **** 	CY_SET_REG32((void *)(CYREG_CLK_DIVIDER_B00), 0xC00012BFu);
 186              		.loc 1 240 0
 187 0046 144B     		ldr	r3, .L8+40
 188 0048 1449     		ldr	r1, .L8+44
 189 004a 0B60     		str	r3, [r1]
 241:Generated_Source\PSoC4/cyfitter_cfg.c **** 
 242:Generated_Source\PSoC4/cyfitter_cfg.c **** 	/* CYDEV_CLK_DIVIDER_A01 Starting address: CYDEV_CLK_DIVIDER_A01 */
 243:Generated_Source\PSoC4/cyfitter_cfg.c **** 	CY_SET_REG32((void *)(CYREG_CLK_DIVIDER_A01), 0x80001387u);
 190              		.loc 1 243 0
 191 004c 1449     		ldr	r1, .L8+48
 192 004e 0A60     		str	r2, [r1]
 244:Generated_Source\PSoC4/cyfitter_cfg.c **** 
 245:Generated_Source\PSoC4/cyfitter_cfg.c **** 	/* CYDEV_CLK_DIVIDER_B01 Starting address: CYDEV_CLK_DIVIDER_B01 */
 246:Generated_Source\PSoC4/cyfitter_cfg.c **** 	CY_SET_REG32((void *)(CYREG_CLK_DIVIDER_B01), 0xC00012BFu);
 193              		.loc 1 246 0
 194 0050 1449     		ldr	r1, .L8+52
 195 0052 0B60     		str	r3, [r1]
 247:Generated_Source\PSoC4/cyfitter_cfg.c **** 
 248:Generated_Source\PSoC4/cyfitter_cfg.c **** 	/* CYDEV_CLK_DIVIDER_A02 Starting address: CYDEV_CLK_DIVIDER_A02 */
 249:Generated_Source\PSoC4/cyfitter_cfg.c **** 	CY_SET_REG32((void *)(CYREG_CLK_DIVIDER_A02), 0x80001387u);
 196              		.loc 1 249 0
 197 0054 1449     		ldr	r1, .L8+56
 198 0056 0A60     		str	r2, [r1]
 250:Generated_Source\PSoC4/cyfitter_cfg.c **** 
 251:Generated_Source\PSoC4/cyfitter_cfg.c **** 	/* CYDEV_CLK_DIVIDER_B02 Starting address: CYDEV_CLK_DIVIDER_B02 */
 252:Generated_Source\PSoC4/cyfitter_cfg.c **** 	CY_SET_REG32((void *)(CYREG_CLK_DIVIDER_B02), 0xC00012BFu);
ARM GAS  C:\Users\srhi\AppData\Local\Temp\ccDL4uBt.s 			page 9


 199              		.loc 1 252 0
 200 0058 144A     		ldr	r2, .L8+60
 201 005a 1360     		str	r3, [r2]
 253:Generated_Source\PSoC4/cyfitter_cfg.c **** 
 254:Generated_Source\PSoC4/cyfitter_cfg.c **** 	(void)CyIntSetVector(9u, &CySysWdtIsr);
 202              		.loc 1 254 0
 203 005c 1449     		ldr	r1, .L8+64
 204 005e 0920     		movs	r0, #9
 205 0060 FFF7FEFF 		bl	CyIntSetVector
 206              	.LVL16:
 255:Generated_Source\PSoC4/cyfitter_cfg.c **** 	CyIntEnable(9u);
 207              		.loc 1 255 0
 208 0064 0920     		movs	r0, #9
 209 0066 FFF7FEFF 		bl	CyIntEnable
 210              	.LVL17:
 256:Generated_Source\PSoC4/cyfitter_cfg.c **** 	CY_SET_REG32((void *)(CYREG_WDT_CONFIG), 0x00000000u);
 211              		.loc 1 256 0
 212 006a 124B     		ldr	r3, .L8+68
 213 006c 1D60     		str	r5, [r3]
 257:Generated_Source\PSoC4/cyfitter_cfg.c **** }
 214              		.loc 1 257 0
 215              		@ sp needed
 216 006e 70BD     		pop	{r4, r5, r6, pc}
 217              	.L9:
 218              		.align	2
 219              	.L8:
 220 0070 00010B40 		.word	1074462976
 221 0074 FFFFFBFF 		.word	-262145
 222 0078 06000080 		.word	-2147483642
 223 007c 04010B40 		.word	1074462980
 224 0080 34020240 		.word	1073873460
 225 0084 38020240 		.word	1073873464
 226 0088 3C020240 		.word	1073873468
 227 008c 08010B40 		.word	1074462984
 228 0090 87130080 		.word	-2147478649
 229 0094 00000240 		.word	1073872896
 230 0098 BF1200C0 		.word	-1073737025
 231 009c 40000240 		.word	1073872960
 232 00a0 04000240 		.word	1073872900
 233 00a4 44000240 		.word	1073872964
 234 00a8 08000240 		.word	1073872904
 235 00ac 48000240 		.word	1073872968
 236 00b0 00000000 		.word	CySysWdtIsr
 237 00b4 0C020B40 		.word	1074463244
 238              		.cfi_endproc
 239              	.LFE4:
 240              		.size	ClockSetup, .-ClockSetup
 241              		.align	2
 242              		.global	cyfitter_cfg
 243              		.code	16
 244              		.thumb_func
 245              		.type	cyfitter_cfg, %function
 246              	cyfitter_cfg:
 247              	.LFB6:
 258:Generated_Source\PSoC4/cyfitter_cfg.c **** 
 259:Generated_Source\PSoC4/cyfitter_cfg.c **** 
 260:Generated_Source\PSoC4/cyfitter_cfg.c **** /* Analog API Functions */
ARM GAS  C:\Users\srhi\AppData\Local\Temp\ccDL4uBt.s 			page 10


 261:Generated_Source\PSoC4/cyfitter_cfg.c **** 
 262:Generated_Source\PSoC4/cyfitter_cfg.c **** 
 263:Generated_Source\PSoC4/cyfitter_cfg.c **** /*******************************************************************************
 264:Generated_Source\PSoC4/cyfitter_cfg.c **** * Function Name: AnalogSetDefault
 265:Generated_Source\PSoC4/cyfitter_cfg.c **** ********************************************************************************
 266:Generated_Source\PSoC4/cyfitter_cfg.c **** *
 267:Generated_Source\PSoC4/cyfitter_cfg.c **** * Summary:
 268:Generated_Source\PSoC4/cyfitter_cfg.c **** *  Sets up the analog portions of the chip to default values based on chip
 269:Generated_Source\PSoC4/cyfitter_cfg.c **** *  configuration options from the project.
 270:Generated_Source\PSoC4/cyfitter_cfg.c **** *
 271:Generated_Source\PSoC4/cyfitter_cfg.c **** * Parameters:
 272:Generated_Source\PSoC4/cyfitter_cfg.c **** *  void
 273:Generated_Source\PSoC4/cyfitter_cfg.c **** *
 274:Generated_Source\PSoC4/cyfitter_cfg.c **** * Return:
 275:Generated_Source\PSoC4/cyfitter_cfg.c **** *  void
 276:Generated_Source\PSoC4/cyfitter_cfg.c **** *
 277:Generated_Source\PSoC4/cyfitter_cfg.c **** *******************************************************************************/
 278:Generated_Source\PSoC4/cyfitter_cfg.c **** static void AnalogSetDefault(void);
 279:Generated_Source\PSoC4/cyfitter_cfg.c **** static void AnalogSetDefault(void)
 280:Generated_Source\PSoC4/cyfitter_cfg.c **** {
 281:Generated_Source\PSoC4/cyfitter_cfg.c **** }
 282:Generated_Source\PSoC4/cyfitter_cfg.c **** 
 283:Generated_Source\PSoC4/cyfitter_cfg.c **** 
 284:Generated_Source\PSoC4/cyfitter_cfg.c **** 
 285:Generated_Source\PSoC4/cyfitter_cfg.c **** 
 286:Generated_Source\PSoC4/cyfitter_cfg.c **** /*******************************************************************************
 287:Generated_Source\PSoC4/cyfitter_cfg.c **** * Function Name: cyfitter_cfg
 288:Generated_Source\PSoC4/cyfitter_cfg.c **** ********************************************************************************
 289:Generated_Source\PSoC4/cyfitter_cfg.c **** * Summary:
 290:Generated_Source\PSoC4/cyfitter_cfg.c **** *  This function is called by the start-up code for the selected device. It
 291:Generated_Source\PSoC4/cyfitter_cfg.c **** *  performs all of the necessary device configuration based on the design
 292:Generated_Source\PSoC4/cyfitter_cfg.c **** *  settings.  This includes settings from the Design Wide Resources (DWR) such
 293:Generated_Source\PSoC4/cyfitter_cfg.c **** *  as Clocks and Pins as well as any component configuration that is necessary.
 294:Generated_Source\PSoC4/cyfitter_cfg.c **** *
 295:Generated_Source\PSoC4/cyfitter_cfg.c **** * Parameters:
 296:Generated_Source\PSoC4/cyfitter_cfg.c **** *   void
 297:Generated_Source\PSoC4/cyfitter_cfg.c **** *
 298:Generated_Source\PSoC4/cyfitter_cfg.c **** * Return:
 299:Generated_Source\PSoC4/cyfitter_cfg.c **** *   void
 300:Generated_Source\PSoC4/cyfitter_cfg.c **** *
 301:Generated_Source\PSoC4/cyfitter_cfg.c **** *******************************************************************************/
 302:Generated_Source\PSoC4/cyfitter_cfg.c **** CY_CFG_SECTION
 303:Generated_Source\PSoC4/cyfitter_cfg.c **** void cyfitter_cfg(void)
 304:Generated_Source\PSoC4/cyfitter_cfg.c **** {
 248              		.loc 1 304 0
 249              		.cfi_startproc
 250              		@ args = 0, pretend = 0, frame = 0
 251              		@ frame_needed = 0, uses_anonymous_args = 0
 252 00b8 10B5     		push	{r4, lr}
 253              		.cfi_def_cfa_offset 8
 254              		.cfi_offset 4, -8
 255              		.cfi_offset 14, -4
 305:Generated_Source\PSoC4/cyfitter_cfg.c **** 	/* Disable interrupts by default. Let user enable if/when they want. */
 306:Generated_Source\PSoC4/cyfitter_cfg.c **** 	CyGlobalIntDisable;
 256              		.loc 1 306 0
 257              		.syntax divided
 258              	@ 306 "Generated_Source\PSoC4\cyfitter_cfg.c" 1
ARM GAS  C:\Users\srhi\AppData\Local\Temp\ccDL4uBt.s 			page 11


 259 00ba 72B6     		CPSID   i
 260              	@ 0 "" 2
 261              	.LVL18:
 262              		.thumb
 263              		.syntax unified
 264              	.LBB3:
 307:Generated_Source\PSoC4/cyfitter_cfg.c **** 
 308:Generated_Source\PSoC4/cyfitter_cfg.c **** 	{
 309:Generated_Source\PSoC4/cyfitter_cfg.c **** 		static const uint32 CYCODE cy_cfg_addr_table[] = {
 310:Generated_Source\PSoC4/cyfitter_cfg.c **** 			0x400F320Eu, /* Base address: 0x400F3200 Count: 14 */
 311:Generated_Source\PSoC4/cyfitter_cfg.c **** 			0x400F330Bu, /* Base address: 0x400F3300 Count: 11 */
 312:Generated_Source\PSoC4/cyfitter_cfg.c **** 			0x400F4003u, /* Base address: 0x400F4000 Count: 3 */
 313:Generated_Source\PSoC4/cyfitter_cfg.c **** 			0x400F4109u, /* Base address: 0x400F4100 Count: 9 */
 314:Generated_Source\PSoC4/cyfitter_cfg.c **** 			0x400F6002u, /* Base address: 0x400F6000 Count: 2 */
 315:Generated_Source\PSoC4/cyfitter_cfg.c **** 		};
 316:Generated_Source\PSoC4/cyfitter_cfg.c **** 
 317:Generated_Source\PSoC4/cyfitter_cfg.c **** 		static const cy_cfg_addrvalue_t CYCODE cy_cfg_data_table[] = {
 318:Generated_Source\PSoC4/cyfitter_cfg.c **** 			{0x1Eu, 0x01u},
 319:Generated_Source\PSoC4/cyfitter_cfg.c **** 			{0x23u, 0x01u},
 320:Generated_Source\PSoC4/cyfitter_cfg.c **** 			{0x31u, 0x01u},
 321:Generated_Source\PSoC4/cyfitter_cfg.c **** 			{0x36u, 0x01u},
 322:Generated_Source\PSoC4/cyfitter_cfg.c **** 			{0x3Au, 0x80u},
 323:Generated_Source\PSoC4/cyfitter_cfg.c **** 			{0x3Bu, 0x02u},
 324:Generated_Source\PSoC4/cyfitter_cfg.c **** 			{0x58u, 0x04u},
 325:Generated_Source\PSoC4/cyfitter_cfg.c **** 			{0x59u, 0x04u},
 326:Generated_Source\PSoC4/cyfitter_cfg.c **** 			{0x5Cu, 0x23u},
 327:Generated_Source\PSoC4/cyfitter_cfg.c **** 			{0x5Fu, 0x01u},
 328:Generated_Source\PSoC4/cyfitter_cfg.c **** 			{0xBAu, 0xC0u},
 329:Generated_Source\PSoC4/cyfitter_cfg.c **** 			{0xD8u, 0x04u},
 330:Generated_Source\PSoC4/cyfitter_cfg.c **** 			{0xDCu, 0x01u},
 331:Generated_Source\PSoC4/cyfitter_cfg.c **** 			{0xDFu, 0x01u},
 332:Generated_Source\PSoC4/cyfitter_cfg.c **** 			{0x0Eu, 0x01u},
 333:Generated_Source\PSoC4/cyfitter_cfg.c **** 			{0x1Au, 0x01u},
 334:Generated_Source\PSoC4/cyfitter_cfg.c **** 			{0x1Fu, 0x80u},
 335:Generated_Source\PSoC4/cyfitter_cfg.c **** 			{0x27u, 0x80u},
 336:Generated_Source\PSoC4/cyfitter_cfg.c **** 			{0x2Fu, 0x80u},
 337:Generated_Source\PSoC4/cyfitter_cfg.c **** 			{0x83u, 0x80u},
 338:Generated_Source\PSoC4/cyfitter_cfg.c **** 			{0x86u, 0x01u},
 339:Generated_Source\PSoC4/cyfitter_cfg.c **** 			{0x8Bu, 0x80u},
 340:Generated_Source\PSoC4/cyfitter_cfg.c **** 			{0xC2u, 0x80u},
 341:Generated_Source\PSoC4/cyfitter_cfg.c **** 			{0xCAu, 0x80u},
 342:Generated_Source\PSoC4/cyfitter_cfg.c **** 			{0xE6u, 0x20u},
 343:Generated_Source\PSoC4/cyfitter_cfg.c **** 			{0x51u, 0x10u},
 344:Generated_Source\PSoC4/cyfitter_cfg.c **** 			{0x59u, 0x10u},
 345:Generated_Source\PSoC4/cyfitter_cfg.c **** 			{0xD4u, 0xA0u},
 346:Generated_Source\PSoC4/cyfitter_cfg.c **** 			{0x5Du, 0x01u},
 347:Generated_Source\PSoC4/cyfitter_cfg.c **** 			{0x81u, 0x10u},
 348:Generated_Source\PSoC4/cyfitter_cfg.c **** 			{0x85u, 0x01u},
 349:Generated_Source\PSoC4/cyfitter_cfg.c **** 			{0x89u, 0x10u},
 350:Generated_Source\PSoC4/cyfitter_cfg.c **** 			{0x95u, 0x20u},
 351:Generated_Source\PSoC4/cyfitter_cfg.c **** 			{0x9Du, 0x10u},
 352:Generated_Source\PSoC4/cyfitter_cfg.c **** 			{0xD6u, 0x80u},
 353:Generated_Source\PSoC4/cyfitter_cfg.c **** 			{0xE2u, 0x10u},
 354:Generated_Source\PSoC4/cyfitter_cfg.c **** 			{0xE6u, 0x20u},
 355:Generated_Source\PSoC4/cyfitter_cfg.c **** 			{0x01u, 0x0Eu},
 356:Generated_Source\PSoC4/cyfitter_cfg.c **** 			{0x10u, 0x0Eu},
 357:Generated_Source\PSoC4/cyfitter_cfg.c **** 		};
ARM GAS  C:\Users\srhi\AppData\Local\Temp\ccDL4uBt.s 			page 12


 358:Generated_Source\PSoC4/cyfitter_cfg.c **** 
 359:Generated_Source\PSoC4/cyfitter_cfg.c **** 
 360:Generated_Source\PSoC4/cyfitter_cfg.c **** 
 361:Generated_Source\PSoC4/cyfitter_cfg.c **** 		CYPACKED typedef struct {
 362:Generated_Source\PSoC4/cyfitter_cfg.c **** 			void CYFAR *address;
 363:Generated_Source\PSoC4/cyfitter_cfg.c **** 			uint16 size;
 364:Generated_Source\PSoC4/cyfitter_cfg.c **** 		} CYPACKED_ATTR cfg_memset_t;
 365:Generated_Source\PSoC4/cyfitter_cfg.c **** 
 366:Generated_Source\PSoC4/cyfitter_cfg.c **** 		static const cfg_memset_t CYCODE cfg_memset_list[] = {
 367:Generated_Source\PSoC4/cyfitter_cfg.c **** 			/* address, size */
 368:Generated_Source\PSoC4/cyfitter_cfg.c **** 			{(void CYFAR *)(CYDEV_UDB_P0_U0_BASE), 1024u},
 369:Generated_Source\PSoC4/cyfitter_cfg.c **** 			{(void CYFAR *)(CYDEV_UDB_DSI0_BASE), 1024u},
 370:Generated_Source\PSoC4/cyfitter_cfg.c **** 		};
 371:Generated_Source\PSoC4/cyfitter_cfg.c **** 
 372:Generated_Source\PSoC4/cyfitter_cfg.c **** 		uint8 CYDATA i;
 373:Generated_Source\PSoC4/cyfitter_cfg.c **** 
 374:Generated_Source\PSoC4/cyfitter_cfg.c **** 		/* Zero out critical memory blocks before beginning configuration */
 375:Generated_Source\PSoC4/cyfitter_cfg.c **** 		for (i = 0u; i < (sizeof(cfg_memset_list)/sizeof(cfg_memset_list[0])); i++)
 265              		.loc 1 375 0
 266 00bc 0024     		movs	r4, #0
 267 00be 0FE0     		b	.L11
 268              	.LVL19:
 269              	.L12:
 270              	.LBB4:
 376:Generated_Source\PSoC4/cyfitter_cfg.c **** 		{
 377:Generated_Source\PSoC4/cyfitter_cfg.c **** 			const cfg_memset_t CYCODE * CYDATA ms = &cfg_memset_list[i];
 378:Generated_Source\PSoC4/cyfitter_cfg.c **** 			CYMEMZERO(ms->address, (size_t)(uint32)(ms->size));
 271              		.loc 1 378 0 discriminator 3
 272 00c0 2A48     		ldr	r0, .L13
 273 00c2 6200     		lsls	r2, r4, #1
 274 00c4 1319     		adds	r3, r2, r4
 275 00c6 5900     		lsls	r1, r3, #1
 276 00c8 0B00     		movs	r3, r1
 277 00ca 4118     		adds	r1, r0, r1
 278 00cc 8988     		ldrh	r1, [r1, #4]
 279 00ce 1A5A     		ldrh	r2, [r3, r0]
 280 00d0 C318     		adds	r3, r0, r3
 281 00d2 5888     		ldrh	r0, [r3, #2]
 282 00d4 0004     		lsls	r0, r0, #16
 283 00d6 1043     		orrs	r0, r2
 284 00d8 FFF7FEFF 		bl	CYMEMZERO
 285              	.LVL20:
 286              	.LBE4:
 375:Generated_Source\PSoC4/cyfitter_cfg.c **** 		{
 287              		.loc 1 375 0 discriminator 3
 288 00dc 0134     		adds	r4, r4, #1
 289              	.LVL21:
 290 00de E4B2     		uxtb	r4, r4
 291              	.LVL22:
 292              	.L11:
 375:Generated_Source\PSoC4/cyfitter_cfg.c **** 		{
 293              		.loc 1 375 0 is_stmt 0 discriminator 1
 294 00e0 012C     		cmp	r4, #1
 295 00e2 EDD9     		bls	.L12
 379:Generated_Source\PSoC4/cyfitter_cfg.c **** 		}
 380:Generated_Source\PSoC4/cyfitter_cfg.c **** 
 381:Generated_Source\PSoC4/cyfitter_cfg.c **** 		cfg_write_bytes32(cy_cfg_addr_table, cy_cfg_data_table);
ARM GAS  C:\Users\srhi\AppData\Local\Temp\ccDL4uBt.s 			page 13


 296              		.loc 1 381 0 is_stmt 1
 297 00e4 2148     		ldr	r0, .L13
 298 00e6 0100     		movs	r1, r0
 299 00e8 0C31     		adds	r1, r1, #12
 300 00ea 5C30     		adds	r0, r0, #92
 301 00ec FFF7FEFF 		bl	cfg_write_bytes32
 302              	.LVL23:
 382:Generated_Source\PSoC4/cyfitter_cfg.c **** 
 383:Generated_Source\PSoC4/cyfitter_cfg.c **** 		/* HSIOM Starting address: CYDEV_HSIOM_BASE */
 384:Generated_Source\PSoC4/cyfitter_cfg.c **** 		CY_SET_REG32((void *)(CYDEV_HSIOM_BASE), 0x00003300u);
 303              		.loc 1 384 0
 304 00f0 CC22     		movs	r2, #204
 305 00f2 9201     		lsls	r2, r2, #6
 306 00f4 1E4B     		ldr	r3, .L13+4
 307 00f6 1A60     		str	r2, [r3]
 385:Generated_Source\PSoC4/cyfitter_cfg.c **** 		CY_SET_REG32((void *)(CYREG_HSIOM_PORT_SEL1), 0x03000000u);
 308              		.loc 1 385 0
 309 00f8 C022     		movs	r2, #192
 310 00fa 9204     		lsls	r2, r2, #18
 311 00fc 1D4B     		ldr	r3, .L13+8
 312 00fe 1A60     		str	r2, [r3]
 386:Generated_Source\PSoC4/cyfitter_cfg.c **** 		CY_SET_REG32((void *)(CYREG_HSIOM_PORT_SEL3), 0x0000EE00u);
 313              		.loc 1 386 0
 314 0100 EE22     		movs	r2, #238
 315 0102 1202     		lsls	r2, r2, #8
 316 0104 1C4B     		ldr	r3, .L13+12
 317 0106 1A60     		str	r2, [r3]
 387:Generated_Source\PSoC4/cyfitter_cfg.c **** 
 388:Generated_Source\PSoC4/cyfitter_cfg.c **** 		/* UDB_PA_0 Starting address: CYDEV_UDB_PA0_BASE */
 389:Generated_Source\PSoC4/cyfitter_cfg.c **** 		CY_SET_REG32((void *)(CYDEV_UDB_PA0_BASE), 0x00990000u);
 318              		.loc 1 389 0
 319 0108 9923     		movs	r3, #153
 320 010a 1B04     		lsls	r3, r3, #16
 321 010c 1B4A     		ldr	r2, .L13+16
 322 010e 1360     		str	r3, [r2]
 390:Generated_Source\PSoC4/cyfitter_cfg.c **** 		CY_SET_REG32((void *)(CYREG_UDB_PA0_CFG8), 0x00850000u);
 323              		.loc 1 390 0
 324 0110 8521     		movs	r1, #133
 325 0112 0904     		lsls	r1, r1, #16
 326 0114 1A4A     		ldr	r2, .L13+20
 327 0116 1160     		str	r1, [r2]
 391:Generated_Source\PSoC4/cyfitter_cfg.c **** 
 392:Generated_Source\PSoC4/cyfitter_cfg.c **** 		/* UDB_PA_1 Starting address: CYDEV_UDB_PA1_BASE */
 393:Generated_Source\PSoC4/cyfitter_cfg.c **** 		CY_SET_REG32((void *)(CYDEV_UDB_PA1_BASE), 0x00990000u);
 328              		.loc 1 393 0
 329 0118 1A4A     		ldr	r2, .L13+24
 330 011a 1360     		str	r3, [r2]
 394:Generated_Source\PSoC4/cyfitter_cfg.c **** 		CY_SET_REG32((void *)(CYREG_UDB_PA1_CFG8), 0x10000000u);
 331              		.loc 1 394 0
 332 011c 8021     		movs	r1, #128
 333 011e 4905     		lsls	r1, r1, #21
 334 0120 194A     		ldr	r2, .L13+28
 335 0122 1160     		str	r1, [r2]
 395:Generated_Source\PSoC4/cyfitter_cfg.c **** 
 396:Generated_Source\PSoC4/cyfitter_cfg.c **** 		/* UDB_PA_3 Starting address: CYDEV_UDB_PA3_BASE */
 397:Generated_Source\PSoC4/cyfitter_cfg.c **** 		CY_SET_REG32((void *)(CYDEV_UDB_PA3_BASE), 0x00990000u);
 336              		.loc 1 397 0
ARM GAS  C:\Users\srhi\AppData\Local\Temp\ccDL4uBt.s 			page 14


 337 0124 194A     		ldr	r2, .L13+32
 338 0126 1360     		str	r3, [r2]
 398:Generated_Source\PSoC4/cyfitter_cfg.c **** 
 399:Generated_Source\PSoC4/cyfitter_cfg.c **** 		/* Enable UDB array and digital routing */
 400:Generated_Source\PSoC4/cyfitter_cfg.c **** 		CY_SET_XTND_REG8((void *)CYREG_UDB_UDBIF_WAIT_CFG, (uint8)((CY_GET_XTND_REG8((void *)CYREG_UDB_UD
 339              		.loc 1 400 0
 340 0128 1949     		ldr	r1, .L13+36
 341 012a 0B78     		ldrb	r3, [r1]
 342 012c 3C22     		movs	r2, #60
 343 012e 9343     		bics	r3, r2
 344 0130 1422     		movs	r2, #20
 345 0132 1343     		orrs	r3, r2
 346 0134 DBB2     		uxtb	r3, r3
 347 0136 0B70     		strb	r3, [r1]
 401:Generated_Source\PSoC4/cyfitter_cfg.c **** 		CY_SET_XTND_REG8((void *)CYREG_UDB_UDBIF_BANK_CTL, (uint8)(CY_GET_XTND_REG8((void *)CYREG_UDB_UDB
 348              		.loc 1 401 0
 349 0138 164A     		ldr	r2, .L13+40
 350 013a 1178     		ldrb	r1, [r2]
 351 013c 1623     		movs	r3, #22
 352 013e 0B43     		orrs	r3, r1
 353 0140 DBB2     		uxtb	r3, r3
 354 0142 1370     		strb	r3, [r2]
 355              	.LBE3:
 402:Generated_Source\PSoC4/cyfitter_cfg.c **** 	}
 403:Generated_Source\PSoC4/cyfitter_cfg.c **** 
 404:Generated_Source\PSoC4/cyfitter_cfg.c **** 	/* Perform second pass device configuration. These items must be configured in specific order afte
 405:Generated_Source\PSoC4/cyfitter_cfg.c **** 	/* IOPINS0_0 Starting address: CYDEV_PRT0_BASE */
 406:Generated_Source\PSoC4/cyfitter_cfg.c **** 	CY_SET_REG32((void *)(CYDEV_PRT0_BASE), 0x0000000Cu);
 356              		.loc 1 406 0
 357 0144 0C22     		movs	r2, #12
 358 0146 144B     		ldr	r3, .L13+44
 359 0148 1A60     		str	r2, [r3]
 407:Generated_Source\PSoC4/cyfitter_cfg.c **** 	CY_SET_REG32((void *)(CYREG_PRT0_PC), 0x00000D80u);
 360              		.loc 1 407 0
 361 014a D823     		movs	r3, #216
 362 014c 1B01     		lsls	r3, r3, #4
 363 014e 134A     		ldr	r2, .L13+48
 364 0150 1360     		str	r3, [r2]
 408:Generated_Source\PSoC4/cyfitter_cfg.c **** 
 409:Generated_Source\PSoC4/cyfitter_cfg.c **** 	/* IOPINS0_1 Starting address: CYDEV_PRT1_BASE */
 410:Generated_Source\PSoC4/cyfitter_cfg.c **** 	CY_SET_REG32((void *)(CYDEV_PRT1_BASE), 0x00000040u);
 365              		.loc 1 410 0
 366 0152 4021     		movs	r1, #64
 367 0154 124A     		ldr	r2, .L13+52
 368 0156 1160     		str	r1, [r2]
 411:Generated_Source\PSoC4/cyfitter_cfg.c **** 	CY_SET_REG32((void *)(CYREG_PRT1_PC), 0x00180000u);
 369              		.loc 1 411 0
 370 0158 C021     		movs	r1, #192
 371 015a 4903     		lsls	r1, r1, #13
 372 015c 114A     		ldr	r2, .L13+56
 373 015e 1160     		str	r1, [r2]
 412:Generated_Source\PSoC4/cyfitter_cfg.c **** 
 413:Generated_Source\PSoC4/cyfitter_cfg.c **** 	/* IOPINS0_3 Starting address: CYDEV_PRT3_BASE */
 414:Generated_Source\PSoC4/cyfitter_cfg.c **** 	CY_SET_REG32((void *)(CYREG_PRT3_PC), 0x00000D80u);
 374              		.loc 1 414 0
 375 0160 114A     		ldr	r2, .L13+60
 376 0162 1360     		str	r3, [r2]
ARM GAS  C:\Users\srhi\AppData\Local\Temp\ccDL4uBt.s 			page 15


 415:Generated_Source\PSoC4/cyfitter_cfg.c **** 
 416:Generated_Source\PSoC4/cyfitter_cfg.c **** 
 417:Generated_Source\PSoC4/cyfitter_cfg.c **** 	/* Setup clocks based on selections from Clock DWR */
 418:Generated_Source\PSoC4/cyfitter_cfg.c **** 	ClockSetup();
 377              		.loc 1 418 0
 378 0164 FFF74CFF 		bl	ClockSetup
 379              	.LVL24:
 419:Generated_Source\PSoC4/cyfitter_cfg.c **** 
 420:Generated_Source\PSoC4/cyfitter_cfg.c **** 	/* Perform basic analog initialization to defaults */
 421:Generated_Source\PSoC4/cyfitter_cfg.c **** 	AnalogSetDefault();
 422:Generated_Source\PSoC4/cyfitter_cfg.c **** 
 423:Generated_Source\PSoC4/cyfitter_cfg.c **** }
 380              		.loc 1 423 0
 381              		@ sp needed
 382              	.LVL25:
 383 0168 10BD     		pop	{r4, pc}
 384              	.L14:
 385 016a C046     		.align	2
 386              	.L13:
 387 016c 00000000 		.word	.LANCHOR0
 388 0170 00000140 		.word	1073807360
 389 0174 04000140 		.word	1073807364
 390 0178 0C000140 		.word	1073807372
 391 017c 00500F40 		.word	1074745344
 392 0180 08500F40 		.word	1074745352
 393 0184 10500F40 		.word	1074745360
 394 0188 18500F40 		.word	1074745368
 395 018c 30500F40 		.word	1074745392
 396 0190 01700F40 		.word	1074753537
 397 0194 00700F40 		.word	1074753536
 398 0198 00000440 		.word	1074003968
 399 019c 08000440 		.word	1074003976
 400 01a0 00010440 		.word	1074004224
 401 01a4 08010440 		.word	1074004232
 402 01a8 08030440 		.word	1074004744
 403              		.cfi_endproc
 404              	.LFE6:
 405              		.size	cyfitter_cfg, .-cyfitter_cfg
 406              		.section	.rodata
 407              		.align	2
 408              		.set	.LANCHOR0,. + 0
 409              		.type	cfg_memset_list.4870, %object
 410              		.size	cfg_memset_list.4870, 12
 411              	cfg_memset_list.4870:
 412 0000 00300F40 		.word	1074737152
 413 0004 0004     		.short	1024
 414 0006 00400F40 		.4byte	1074741248
 415 000a 0004     		.short	1024
 416              		.type	cy_cfg_data_table.4865, %object
 417              		.size	cy_cfg_data_table.4865, 78
 418              	cy_cfg_data_table.4865:
 419 000c 1E       		.byte	30
 420 000d 01       		.byte	1
 421 000e 23       		.byte	35
 422 000f 01       		.byte	1
 423 0010 31       		.byte	49
 424 0011 01       		.byte	1
ARM GAS  C:\Users\srhi\AppData\Local\Temp\ccDL4uBt.s 			page 16


 425 0012 36       		.byte	54
 426 0013 01       		.byte	1
 427 0014 3A       		.byte	58
 428 0015 80       		.byte	-128
 429 0016 3B       		.byte	59
 430 0017 02       		.byte	2
 431 0018 58       		.byte	88
 432 0019 04       		.byte	4
 433 001a 59       		.byte	89
 434 001b 04       		.byte	4
 435 001c 5C       		.byte	92
 436 001d 23       		.byte	35
 437 001e 5F       		.byte	95
 438 001f 01       		.byte	1
 439 0020 BA       		.byte	-70
 440 0021 C0       		.byte	-64
 441 0022 D8       		.byte	-40
 442 0023 04       		.byte	4
 443 0024 DC       		.byte	-36
 444 0025 01       		.byte	1
 445 0026 DF       		.byte	-33
 446 0027 01       		.byte	1
 447 0028 0E       		.byte	14
 448 0029 01       		.byte	1
 449 002a 1A       		.byte	26
 450 002b 01       		.byte	1
 451 002c 1F       		.byte	31
 452 002d 80       		.byte	-128
 453 002e 27       		.byte	39
 454 002f 80       		.byte	-128
 455 0030 2F       		.byte	47
 456 0031 80       		.byte	-128
 457 0032 83       		.byte	-125
 458 0033 80       		.byte	-128
 459 0034 86       		.byte	-122
 460 0035 01       		.byte	1
 461 0036 8B       		.byte	-117
 462 0037 80       		.byte	-128
 463 0038 C2       		.byte	-62
 464 0039 80       		.byte	-128
 465 003a CA       		.byte	-54
 466 003b 80       		.byte	-128
 467 003c E6       		.byte	-26
 468 003d 20       		.byte	32
 469 003e 51       		.byte	81
 470 003f 10       		.byte	16
 471 0040 59       		.byte	89
 472 0041 10       		.byte	16
 473 0042 D4       		.byte	-44
 474 0043 A0       		.byte	-96
 475 0044 5D       		.byte	93
 476 0045 01       		.byte	1
 477 0046 81       		.byte	-127
 478 0047 10       		.byte	16
 479 0048 85       		.byte	-123
 480 0049 01       		.byte	1
 481 004a 89       		.byte	-119
ARM GAS  C:\Users\srhi\AppData\Local\Temp\ccDL4uBt.s 			page 17


 482 004b 10       		.byte	16
 483 004c 95       		.byte	-107
 484 004d 20       		.byte	32
 485 004e 9D       		.byte	-99
 486 004f 10       		.byte	16
 487 0050 D6       		.byte	-42
 488 0051 80       		.byte	-128
 489 0052 E2       		.byte	-30
 490 0053 10       		.byte	16
 491 0054 E6       		.byte	-26
 492 0055 20       		.byte	32
 493 0056 01       		.byte	1
 494 0057 0E       		.byte	14
 495 0058 10       		.byte	16
 496 0059 0E       		.byte	14
 497 005a 0000     		.space	2
 498              		.type	cy_cfg_addr_table.4864, %object
 499              		.size	cy_cfg_addr_table.4864, 20
 500              	cy_cfg_addr_table.4864:
 501 005c 0E320F40 		.word	1074737678
 502 0060 0B330F40 		.word	1074737931
 503 0064 03400F40 		.word	1074741251
 504 0068 09410F40 		.word	1074741513
 505 006c 02600F40 		.word	1074749442
 506              		.text
 507              	.Letext0:
 508              		.file 2 "c:\\program files (x86)\\cypress\\psoc creator\\4.2\\psoc creator\\import\\gnu\\arm\\5.4.
 509              		.file 3 "Generated_Source\\PSoC4\\cytypes.h"
 510              		.file 4 "Generated_Source\\PSoC4\\CyLib.h"
 511              		.section	.debug_info,"",%progbits
 512              	.Ldebug_info0:
 513 0000 9C030000 		.4byte	0x39c
 514 0004 0400     		.2byte	0x4
 515 0006 00000000 		.4byte	.Ldebug_abbrev0
 516 000a 04       		.byte	0x4
 517 000b 01       		.uleb128 0x1
 518 000c 65010000 		.4byte	.LASF39
 519 0010 0C       		.byte	0xc
 520 0011 92020000 		.4byte	.LASF40
 521 0015 30010000 		.4byte	.LASF41
 522 0019 00000000 		.4byte	.Ldebug_ranges0+0
 523 001d 00000000 		.4byte	0
 524 0021 00000000 		.4byte	.Ldebug_line0
 525 0025 02       		.uleb128 0x2
 526 0026 04       		.byte	0x4
 527 0027 05       		.byte	0x5
 528 0028 696E7400 		.ascii	"int\000"
 529 002c 03       		.uleb128 0x3
 530 002d 06000000 		.4byte	.LASF12
 531 0031 02       		.byte	0x2
 532 0032 D8       		.byte	0xd8
 533 0033 37000000 		.4byte	0x37
 534 0037 04       		.uleb128 0x4
 535 0038 04       		.byte	0x4
 536 0039 07       		.byte	0x7
 537 003a F7000000 		.4byte	.LASF0
 538 003e 04       		.uleb128 0x4
ARM GAS  C:\Users\srhi\AppData\Local\Temp\ccDL4uBt.s 			page 18


 539 003f 08       		.byte	0x8
 540 0040 05       		.byte	0x5
 541 0041 25020000 		.4byte	.LASF1
 542 0045 04       		.uleb128 0x4
 543 0046 08       		.byte	0x8
 544 0047 04       		.byte	0x4
 545 0048 7A020000 		.4byte	.LASF2
 546 004c 04       		.uleb128 0x4
 547 004d 01       		.byte	0x1
 548 004e 06       		.byte	0x6
 549 004f 86020000 		.4byte	.LASF3
 550 0053 04       		.uleb128 0x4
 551 0054 01       		.byte	0x1
 552 0055 08       		.byte	0x8
 553 0056 99000000 		.4byte	.LASF4
 554 005a 04       		.uleb128 0x4
 555 005b 02       		.byte	0x2
 556 005c 05       		.byte	0x5
 557 005d 52020000 		.4byte	.LASF5
 558 0061 04       		.uleb128 0x4
 559 0062 02       		.byte	0x2
 560 0063 07       		.byte	0x7
 561 0064 12020000 		.4byte	.LASF6
 562 0068 04       		.uleb128 0x4
 563 0069 04       		.byte	0x4
 564 006a 05       		.byte	0x5
 565 006b 71020000 		.4byte	.LASF7
 566 006f 04       		.uleb128 0x4
 567 0070 04       		.byte	0x4
 568 0071 07       		.byte	0x7
 569 0072 77000000 		.4byte	.LASF8
 570 0076 04       		.uleb128 0x4
 571 0077 08       		.byte	0x8
 572 0078 07       		.byte	0x7
 573 0079 19010000 		.4byte	.LASF9
 574 007d 04       		.uleb128 0x4
 575 007e 04       		.byte	0x4
 576 007f 07       		.byte	0x7
 577 0080 09020000 		.4byte	.LASF10
 578 0084 05       		.uleb128 0x5
 579 0085 04       		.byte	0x4
 580 0086 04       		.uleb128 0x4
 581 0087 01       		.byte	0x1
 582 0088 08       		.byte	0x8
 583 0089 33020000 		.4byte	.LASF11
 584 008d 06       		.uleb128 0x6
 585 008e 89000000 		.4byte	.LASF13
 586 0092 03       		.byte	0x3
 587 0093 E401     		.2byte	0x1e4
 588 0095 53000000 		.4byte	0x53
 589 0099 06       		.uleb128 0x6
 590 009a DE000000 		.4byte	.LASF14
 591 009e 03       		.byte	0x3
 592 009f E501     		.2byte	0x1e5
 593 00a1 61000000 		.4byte	0x61
 594 00a5 06       		.uleb128 0x6
 595 00a6 F0000000 		.4byte	.LASF15
ARM GAS  C:\Users\srhi\AppData\Local\Temp\ccDL4uBt.s 			page 19


 596 00aa 03       		.byte	0x3
 597 00ab E601     		.2byte	0x1e6
 598 00ad 6F000000 		.4byte	0x6f
 599 00b1 04       		.uleb128 0x4
 600 00b2 04       		.byte	0x4
 601 00b3 04       		.byte	0x4
 602 00b4 57000000 		.4byte	.LASF16
 603 00b8 04       		.uleb128 0x4
 604 00b9 08       		.byte	0x8
 605 00ba 04       		.byte	0x4
 606 00bb AE000000 		.4byte	.LASF17
 607 00bf 06       		.uleb128 0x6
 608 00c0 72000000 		.4byte	.LASF18
 609 00c4 03       		.byte	0x3
 610 00c5 8E02     		.2byte	0x28e
 611 00c7 CB000000 		.4byte	0xcb
 612 00cb 07       		.uleb128 0x7
 613 00cc 8D000000 		.4byte	0x8d
 614 00d0 06       		.uleb128 0x6
 615 00d1 00000000 		.4byte	.LASF19
 616 00d5 03       		.byte	0x3
 617 00d6 9002     		.2byte	0x290
 618 00d8 DC000000 		.4byte	0xdc
 619 00dc 07       		.uleb128 0x7
 620 00dd A5000000 		.4byte	0xa5
 621 00e1 08       		.uleb128 0x8
 622 00e2 02       		.byte	0x2
 623 00e3 01       		.byte	0x1
 624 00e4 97       		.byte	0x97
 625 00e5 02010000 		.4byte	0x102
 626 00e9 09       		.uleb128 0x9
 627 00ea 4B020000 		.4byte	.LASF20
 628 00ee 01       		.byte	0x1
 629 00ef 99       		.byte	0x99
 630 00f0 8D000000 		.4byte	0x8d
 631 00f4 00       		.byte	0
 632 00f5 09       		.uleb128 0x9
 633 00f6 1C000000 		.4byte	.LASF21
 634 00fa 01       		.byte	0x1
 635 00fb 9A       		.byte	0x9a
 636 00fc 8D000000 		.4byte	0x8d
 637 0100 01       		.byte	0x1
 638 0101 00       		.byte	0
 639 0102 03       		.uleb128 0x3
 640 0103 38020000 		.4byte	.LASF22
 641 0107 01       		.byte	0x1
 642 0108 9B       		.byte	0x9b
 643 0109 E1000000 		.4byte	0xe1
 644 010d 0A       		.uleb128 0xa
 645 010e B5000000 		.4byte	.LASF27
 646 0112 01       		.byte	0x1
 647 0113 AE       		.byte	0xae
 648 0114 00000000 		.4byte	.LFB3
 649 0118 32000000 		.4byte	.LFE3-.LFB3
 650 011c 01       		.uleb128 0x1
 651 011d 9C       		.byte	0x9c
 652 011e 7F010000 		.4byte	0x17f
ARM GAS  C:\Users\srhi\AppData\Local\Temp\ccDL4uBt.s 			page 20


 653 0122 0B       		.uleb128 0xb
 654 0123 D3000000 		.4byte	.LASF23
 655 0127 01       		.byte	0x1
 656 0128 AE       		.byte	0xae
 657 0129 7F010000 		.4byte	0x17f
 658 012d 01       		.uleb128 0x1
 659 012e 50       		.byte	0x50
 660 012f 0B       		.uleb128 0xb
 661 0130 E5000000 		.4byte	.LASF24
 662 0134 01       		.byte	0x1
 663 0135 AE       		.byte	0xae
 664 0136 8A010000 		.4byte	0x18a
 665 013a 01       		.uleb128 0x1
 666 013b 51       		.byte	0x51
 667 013c 0C       		.uleb128 0xc
 668 013d 6900     		.ascii	"i\000"
 669 013f 01       		.byte	0x1
 670 0140 B1       		.byte	0xb1
 671 0141 A5000000 		.4byte	0xa5
 672 0145 00000000 		.4byte	.LLST0
 673 0149 0C       		.uleb128 0xc
 674 014a 6A00     		.ascii	"j\000"
 675 014c 01       		.byte	0x1
 676 014d B1       		.byte	0xb1
 677 014e A5000000 		.4byte	0xa5
 678 0152 1F000000 		.4byte	.LLST1
 679 0156 0D       		.uleb128 0xd
 680 0157 08000000 		.4byte	.LBB2
 681 015b 22000000 		.4byte	.LBE2-.LBB2
 682 015f 0E       		.uleb128 0xe
 683 0160 00020000 		.4byte	.LASF25
 684 0164 01       		.byte	0x1
 685 0165 B4       		.byte	0xb4
 686 0166 A5000000 		.4byte	0xa5
 687 016a 3E000000 		.4byte	.LLST2
 688 016e 0E       		.uleb128 0xe
 689 016f 22000000 		.4byte	.LASF26
 690 0173 01       		.byte	0x1
 691 0174 B5       		.byte	0xb5
 692 0175 8D000000 		.4byte	0x8d
 693 0179 51000000 		.4byte	.LLST3
 694 017d 00       		.byte	0
 695 017e 00       		.byte	0
 696 017f 0F       		.uleb128 0xf
 697 0180 04       		.byte	0x4
 698 0181 85010000 		.4byte	0x185
 699 0185 10       		.uleb128 0x10
 700 0186 A5000000 		.4byte	0xa5
 701 018a 0F       		.uleb128 0xf
 702 018b 04       		.byte	0x4
 703 018c 90010000 		.4byte	0x190
 704 0190 10       		.uleb128 0x10
 705 0191 02010000 		.4byte	0x102
 706 0195 0A       		.uleb128 0xa
 707 0196 8F000000 		.4byte	.LASF28
 708 019a 01       		.byte	0x1
 709 019b 4C       		.byte	0x4c
ARM GAS  C:\Users\srhi\AppData\Local\Temp\ccDL4uBt.s 			page 21


 710 019c 00000000 		.4byte	.LFB0
 711 01a0 0C000000 		.4byte	.LFE0-.LFB0
 712 01a4 01       		.uleb128 0x1
 713 01a5 9C       		.byte	0x9c
 714 01a6 E2010000 		.4byte	0x1e2
 715 01aa 11       		.uleb128 0x11
 716 01ab 7300     		.ascii	"s\000"
 717 01ad 01       		.byte	0x1
 718 01ae 4C       		.byte	0x4c
 719 01af 84000000 		.4byte	0x84
 720 01b3 6F000000 		.4byte	.LLST4
 721 01b7 11       		.uleb128 0x11
 722 01b8 6E00     		.ascii	"n\000"
 723 01ba 01       		.byte	0x1
 724 01bb 4C       		.byte	0x4c
 725 01bc 2C000000 		.4byte	0x2c
 726 01c0 90000000 		.4byte	.LLST5
 727 01c4 12       		.uleb128 0x12
 728 01c5 0A000000 		.4byte	.LVL14
 729 01c9 75030000 		.4byte	0x375
 730 01cd 13       		.uleb128 0x13
 731 01ce 01       		.uleb128 0x1
 732 01cf 50       		.byte	0x50
 733 01d0 03       		.uleb128 0x3
 734 01d1 F3       		.byte	0xf3
 735 01d2 01       		.uleb128 0x1
 736 01d3 50       		.byte	0x50
 737 01d4 13       		.uleb128 0x13
 738 01d5 01       		.uleb128 0x1
 739 01d6 51       		.byte	0x51
 740 01d7 01       		.uleb128 0x1
 741 01d8 30       		.byte	0x30
 742 01d9 13       		.uleb128 0x13
 743 01da 01       		.uleb128 0x1
 744 01db 52       		.byte	0x52
 745 01dc 03       		.uleb128 0x3
 746 01dd F3       		.byte	0xf3
 747 01de 01       		.uleb128 0x1
 748 01df 51       		.byte	0x51
 749 01e0 00       		.byte	0
 750 01e1 00       		.byte	0
 751 01e2 0A       		.uleb128 0xa
 752 01e3 28000000 		.4byte	.LASF29
 753 01e7 01       		.byte	0x1
 754 01e8 D3       		.byte	0xd3
 755 01e9 00000000 		.4byte	.LFB4
 756 01ed B8000000 		.4byte	.LFE4-.LFB4
 757 01f1 01       		.uleb128 0x1
 758 01f2 9C       		.byte	0x9c
 759 01f3 2D020000 		.4byte	0x22d
 760 01f7 14       		.uleb128 0x14
 761 01f8 14000000 		.4byte	.LVL15
 762 01fc 7E030000 		.4byte	0x37e
 763 0200 0A020000 		.4byte	0x20a
 764 0204 13       		.uleb128 0x13
 765 0205 01       		.uleb128 0x1
 766 0206 50       		.byte	0x50
ARM GAS  C:\Users\srhi\AppData\Local\Temp\ccDL4uBt.s 			page 22


 767 0207 01       		.uleb128 0x1
 768 0208 48       		.byte	0x48
 769 0209 00       		.byte	0
 770 020a 14       		.uleb128 0x14
 771 020b 64000000 		.4byte	.LVL16
 772 020f 89030000 		.4byte	0x389
 773 0213 1D020000 		.4byte	0x21d
 774 0217 13       		.uleb128 0x13
 775 0218 01       		.uleb128 0x1
 776 0219 50       		.byte	0x50
 777 021a 01       		.uleb128 0x1
 778 021b 39       		.byte	0x39
 779 021c 00       		.byte	0
 780 021d 12       		.uleb128 0x12
 781 021e 6A000000 		.4byte	.LVL17
 782 0222 94030000 		.4byte	0x394
 783 0226 13       		.uleb128 0x13
 784 0227 01       		.uleb128 0x1
 785 0228 50       		.byte	0x50
 786 0229 01       		.uleb128 0x1
 787 022a 39       		.byte	0x39
 788 022b 00       		.byte	0
 789 022c 00       		.byte	0
 790 022d 15       		.uleb128 0x15
 791 022e 04010000 		.4byte	.LASF42
 792 0232 01       		.byte	0x1
 793 0233 2F01     		.2byte	0x12f
 794 0235 B8000000 		.4byte	.LFB6
 795 0239 F4000000 		.4byte	.LFE6-.LFB6
 796 023d 01       		.uleb128 0x1
 797 023e 9C       		.byte	0x9c
 798 023f 4B030000 		.4byte	0x34b
 799 0243 16       		.uleb128 0x16
 800 0244 BC000000 		.4byte	.LBB3
 801 0248 88000000 		.4byte	.LBE3-.LBB3
 802 024c 41030000 		.4byte	0x341
 803 0250 17       		.uleb128 0x17
 804 0251 33000000 		.4byte	.LASF30
 805 0255 01       		.byte	0x1
 806 0256 3501     		.2byte	0x135
 807 0258 5B030000 		.4byte	0x35b
 808 025c 05       		.uleb128 0x5
 809 025d 03       		.byte	0x3
 810 025e 5C000000 		.4byte	cy_cfg_addr_table.4864
 811 0262 17       		.uleb128 0x17
 812 0263 45000000 		.4byte	.LASF31
 813 0267 01       		.byte	0x1
 814 0268 3D01     		.2byte	0x13d
 815 026a 70030000 		.4byte	0x370
 816 026e 05       		.uleb128 0x5
 817 026f 03       		.byte	0x3
 818 0270 0C000000 		.4byte	cy_cfg_data_table.4865
 819 0274 18       		.uleb128 0x18
 820 0275 06       		.byte	0x6
 821 0276 01       		.byte	0x1
 822 0277 6901     		.2byte	0x169
 823 0279 98020000 		.4byte	0x298
ARM GAS  C:\Users\srhi\AppData\Local\Temp\ccDL4uBt.s 			page 23


 824 027d 19       		.uleb128 0x19
 825 027e 11010000 		.4byte	.LASF32
 826 0282 01       		.byte	0x1
 827 0283 6A01     		.2byte	0x16a
 828 0285 84000000 		.4byte	0x84
 829 0289 00       		.byte	0
 830 028a 19       		.uleb128 0x19
 831 028b 6D000000 		.4byte	.LASF33
 832 028f 01       		.byte	0x1
 833 0290 6B01     		.2byte	0x16b
 834 0292 99000000 		.4byte	0x99
 835 0296 04       		.byte	0x4
 836 0297 00       		.byte	0
 837 0298 06       		.uleb128 0x6
 838 0299 F3010000 		.4byte	.LASF34
 839 029d 01       		.byte	0x1
 840 029e 6C01     		.2byte	0x16c
 841 02a0 74020000 		.4byte	0x274
 842 02a4 1A       		.uleb128 0x1a
 843 02a5 B4020000 		.4byte	0x2b4
 844 02a9 B4020000 		.4byte	0x2b4
 845 02ad 1B       		.uleb128 0x1b
 846 02ae 7D000000 		.4byte	0x7d
 847 02b2 01       		.byte	0x1
 848 02b3 00       		.byte	0
 849 02b4 10       		.uleb128 0x10
 850 02b5 98020000 		.4byte	0x298
 851 02b9 17       		.uleb128 0x17
 852 02ba 5D000000 		.4byte	.LASF35
 853 02be 01       		.byte	0x1
 854 02bf 6E01     		.2byte	0x16e
 855 02c1 CB020000 		.4byte	0x2cb
 856 02c5 05       		.uleb128 0x5
 857 02c6 03       		.byte	0x3
 858 02c7 00000000 		.4byte	cfg_memset_list.4870
 859 02cb 10       		.uleb128 0x10
 860 02cc A4020000 		.4byte	0x2a4
 861 02d0 1C       		.uleb128 0x1c
 862 02d1 6900     		.ascii	"i\000"
 863 02d3 01       		.byte	0x1
 864 02d4 7401     		.2byte	0x174
 865 02d6 8D000000 		.4byte	0x8d
 866 02da BC000000 		.4byte	.LLST6
 867 02de 16       		.uleb128 0x16
 868 02df C0000000 		.4byte	.LBB4
 869 02e3 1C000000 		.4byte	.LBE4-.LBB4
 870 02e7 24030000 		.4byte	0x324
 871 02eb 1C       		.uleb128 0x1c
 872 02ec 6D7300   		.ascii	"ms\000"
 873 02ef 01       		.byte	0x1
 874 02f0 7901     		.2byte	0x179
 875 02f2 FA020000 		.4byte	0x2fa
 876 02f6 E6000000 		.4byte	.LLST7
 877 02fa 0F       		.uleb128 0xf
 878 02fb 04       		.byte	0x4
 879 02fc B4020000 		.4byte	0x2b4
 880 0300 12       		.uleb128 0x12
ARM GAS  C:\Users\srhi\AppData\Local\Temp\ccDL4uBt.s 			page 24


 881 0301 DC000000 		.4byte	.LVL20
 882 0305 95010000 		.4byte	0x195
 883 0309 13       		.uleb128 0x13
 884 030a 01       		.uleb128 0x1
 885 030b 51       		.byte	0x51
 886 030c 15       		.uleb128 0x15
 887 030d 74       		.byte	0x74
 888 030e 00       		.sleb128 0
 889 030f 31       		.byte	0x31
 890 0310 24       		.byte	0x24
 891 0311 74       		.byte	0x74
 892 0312 00       		.sleb128 0
 893 0313 22       		.byte	0x22
 894 0314 31       		.byte	0x31
 895 0315 24       		.byte	0x24
 896 0316 03       		.byte	0x3
 897 0317 04000000 		.4byte	.LANCHOR0+4
 898 031b 22       		.byte	0x22
 899 031c 94       		.byte	0x94
 900 031d 02       		.byte	0x2
 901 031e 0A       		.byte	0xa
 902 031f FFFF     		.2byte	0xffff
 903 0321 1A       		.byte	0x1a
 904 0322 00       		.byte	0
 905 0323 00       		.byte	0
 906 0324 12       		.uleb128 0x12
 907 0325 F0000000 		.4byte	.LVL23
 908 0329 0D010000 		.4byte	0x10d
 909 032d 13       		.uleb128 0x13
 910 032e 01       		.uleb128 0x1
 911 032f 50       		.byte	0x50
 912 0330 05       		.uleb128 0x5
 913 0331 03       		.byte	0x3
 914 0332 5C000000 		.4byte	.LANCHOR0+92
 915 0336 13       		.uleb128 0x13
 916 0337 01       		.uleb128 0x1
 917 0338 51       		.byte	0x51
 918 0339 05       		.uleb128 0x5
 919 033a 03       		.byte	0x3
 920 033b 0C000000 		.4byte	.LANCHOR0+12
 921 033f 00       		.byte	0
 922 0340 00       		.byte	0
 923 0341 1D       		.uleb128 0x1d
 924 0342 68010000 		.4byte	.LVL24
 925 0346 E2010000 		.4byte	0x1e2
 926 034a 00       		.byte	0
 927 034b 1A       		.uleb128 0x1a
 928 034c 85010000 		.4byte	0x185
 929 0350 5B030000 		.4byte	0x35b
 930 0354 1B       		.uleb128 0x1b
 931 0355 7D000000 		.4byte	0x7d
 932 0359 04       		.byte	0x4
 933 035a 00       		.byte	0
 934 035b 10       		.uleb128 0x10
 935 035c 4B030000 		.4byte	0x34b
 936 0360 1A       		.uleb128 0x1a
 937 0361 90010000 		.4byte	0x190
ARM GAS  C:\Users\srhi\AppData\Local\Temp\ccDL4uBt.s 			page 25


 938 0365 70030000 		.4byte	0x370
 939 0369 1B       		.uleb128 0x1b
 940 036a 7D000000 		.4byte	0x7d
 941 036e 26       		.byte	0x26
 942 036f 00       		.byte	0
 943 0370 10       		.uleb128 0x10
 944 0371 60030000 		.4byte	0x360
 945 0375 1E       		.uleb128 0x1e
 946 0376 A7000000 		.4byte	.LASF43
 947 037a A7000000 		.4byte	.LASF43
 948 037e 1F       		.uleb128 0x1f
 949 037f 5C020000 		.4byte	.LASF36
 950 0383 5C020000 		.4byte	.LASF36
 951 0387 04       		.byte	0x4
 952 0388 6C       		.byte	0x6c
 953 0389 1F       		.uleb128 0x1f
 954 038a 0D000000 		.4byte	.LASF37
 955 038e 0D000000 		.4byte	.LASF37
 956 0392 04       		.byte	0x4
 957 0393 BD       		.byte	0xbd
 958 0394 1F       		.uleb128 0x1f
 959 0395 C7000000 		.4byte	.LASF38
 960 0399 C7000000 		.4byte	.LASF38
 961 039d 04       		.byte	0x4
 962 039e C3       		.byte	0xc3
 963 039f 00       		.byte	0
 964              		.section	.debug_abbrev,"",%progbits
 965              	.Ldebug_abbrev0:
 966 0000 01       		.uleb128 0x1
 967 0001 11       		.uleb128 0x11
 968 0002 01       		.byte	0x1
 969 0003 25       		.uleb128 0x25
 970 0004 0E       		.uleb128 0xe
 971 0005 13       		.uleb128 0x13
 972 0006 0B       		.uleb128 0xb
 973 0007 03       		.uleb128 0x3
 974 0008 0E       		.uleb128 0xe
 975 0009 1B       		.uleb128 0x1b
 976 000a 0E       		.uleb128 0xe
 977 000b 55       		.uleb128 0x55
 978 000c 17       		.uleb128 0x17
 979 000d 11       		.uleb128 0x11
 980 000e 01       		.uleb128 0x1
 981 000f 10       		.uleb128 0x10
 982 0010 17       		.uleb128 0x17
 983 0011 00       		.byte	0
 984 0012 00       		.byte	0
 985 0013 02       		.uleb128 0x2
 986 0014 24       		.uleb128 0x24
 987 0015 00       		.byte	0
 988 0016 0B       		.uleb128 0xb
 989 0017 0B       		.uleb128 0xb
 990 0018 3E       		.uleb128 0x3e
 991 0019 0B       		.uleb128 0xb
 992 001a 03       		.uleb128 0x3
 993 001b 08       		.uleb128 0x8
 994 001c 00       		.byte	0
ARM GAS  C:\Users\srhi\AppData\Local\Temp\ccDL4uBt.s 			page 26


 995 001d 00       		.byte	0
 996 001e 03       		.uleb128 0x3
 997 001f 16       		.uleb128 0x16
 998 0020 00       		.byte	0
 999 0021 03       		.uleb128 0x3
 1000 0022 0E       		.uleb128 0xe
 1001 0023 3A       		.uleb128 0x3a
 1002 0024 0B       		.uleb128 0xb
 1003 0025 3B       		.uleb128 0x3b
 1004 0026 0B       		.uleb128 0xb
 1005 0027 49       		.uleb128 0x49
 1006 0028 13       		.uleb128 0x13
 1007 0029 00       		.byte	0
 1008 002a 00       		.byte	0
 1009 002b 04       		.uleb128 0x4
 1010 002c 24       		.uleb128 0x24
 1011 002d 00       		.byte	0
 1012 002e 0B       		.uleb128 0xb
 1013 002f 0B       		.uleb128 0xb
 1014 0030 3E       		.uleb128 0x3e
 1015 0031 0B       		.uleb128 0xb
 1016 0032 03       		.uleb128 0x3
 1017 0033 0E       		.uleb128 0xe
 1018 0034 00       		.byte	0
 1019 0035 00       		.byte	0
 1020 0036 05       		.uleb128 0x5
 1021 0037 0F       		.uleb128 0xf
 1022 0038 00       		.byte	0
 1023 0039 0B       		.uleb128 0xb
 1024 003a 0B       		.uleb128 0xb
 1025 003b 00       		.byte	0
 1026 003c 00       		.byte	0
 1027 003d 06       		.uleb128 0x6
 1028 003e 16       		.uleb128 0x16
 1029 003f 00       		.byte	0
 1030 0040 03       		.uleb128 0x3
 1031 0041 0E       		.uleb128 0xe
 1032 0042 3A       		.uleb128 0x3a
 1033 0043 0B       		.uleb128 0xb
 1034 0044 3B       		.uleb128 0x3b
 1035 0045 05       		.uleb128 0x5
 1036 0046 49       		.uleb128 0x49
 1037 0047 13       		.uleb128 0x13
 1038 0048 00       		.byte	0
 1039 0049 00       		.byte	0
 1040 004a 07       		.uleb128 0x7
 1041 004b 35       		.uleb128 0x35
 1042 004c 00       		.byte	0
 1043 004d 49       		.uleb128 0x49
 1044 004e 13       		.uleb128 0x13
 1045 004f 00       		.byte	0
 1046 0050 00       		.byte	0
 1047 0051 08       		.uleb128 0x8
 1048 0052 13       		.uleb128 0x13
 1049 0053 01       		.byte	0x1
 1050 0054 0B       		.uleb128 0xb
 1051 0055 0B       		.uleb128 0xb
ARM GAS  C:\Users\srhi\AppData\Local\Temp\ccDL4uBt.s 			page 27


 1052 0056 3A       		.uleb128 0x3a
 1053 0057 0B       		.uleb128 0xb
 1054 0058 3B       		.uleb128 0x3b
 1055 0059 0B       		.uleb128 0xb
 1056 005a 01       		.uleb128 0x1
 1057 005b 13       		.uleb128 0x13
 1058 005c 00       		.byte	0
 1059 005d 00       		.byte	0
 1060 005e 09       		.uleb128 0x9
 1061 005f 0D       		.uleb128 0xd
 1062 0060 00       		.byte	0
 1063 0061 03       		.uleb128 0x3
 1064 0062 0E       		.uleb128 0xe
 1065 0063 3A       		.uleb128 0x3a
 1066 0064 0B       		.uleb128 0xb
 1067 0065 3B       		.uleb128 0x3b
 1068 0066 0B       		.uleb128 0xb
 1069 0067 49       		.uleb128 0x49
 1070 0068 13       		.uleb128 0x13
 1071 0069 38       		.uleb128 0x38
 1072 006a 0B       		.uleb128 0xb
 1073 006b 00       		.byte	0
 1074 006c 00       		.byte	0
 1075 006d 0A       		.uleb128 0xa
 1076 006e 2E       		.uleb128 0x2e
 1077 006f 01       		.byte	0x1
 1078 0070 03       		.uleb128 0x3
 1079 0071 0E       		.uleb128 0xe
 1080 0072 3A       		.uleb128 0x3a
 1081 0073 0B       		.uleb128 0xb
 1082 0074 3B       		.uleb128 0x3b
 1083 0075 0B       		.uleb128 0xb
 1084 0076 27       		.uleb128 0x27
 1085 0077 19       		.uleb128 0x19
 1086 0078 11       		.uleb128 0x11
 1087 0079 01       		.uleb128 0x1
 1088 007a 12       		.uleb128 0x12
 1089 007b 06       		.uleb128 0x6
 1090 007c 40       		.uleb128 0x40
 1091 007d 18       		.uleb128 0x18
 1092 007e 9742     		.uleb128 0x2117
 1093 0080 19       		.uleb128 0x19
 1094 0081 01       		.uleb128 0x1
 1095 0082 13       		.uleb128 0x13
 1096 0083 00       		.byte	0
 1097 0084 00       		.byte	0
 1098 0085 0B       		.uleb128 0xb
 1099 0086 05       		.uleb128 0x5
 1100 0087 00       		.byte	0
 1101 0088 03       		.uleb128 0x3
 1102 0089 0E       		.uleb128 0xe
 1103 008a 3A       		.uleb128 0x3a
 1104 008b 0B       		.uleb128 0xb
 1105 008c 3B       		.uleb128 0x3b
 1106 008d 0B       		.uleb128 0xb
 1107 008e 49       		.uleb128 0x49
 1108 008f 13       		.uleb128 0x13
ARM GAS  C:\Users\srhi\AppData\Local\Temp\ccDL4uBt.s 			page 28


 1109 0090 02       		.uleb128 0x2
 1110 0091 18       		.uleb128 0x18
 1111 0092 00       		.byte	0
 1112 0093 00       		.byte	0
 1113 0094 0C       		.uleb128 0xc
 1114 0095 34       		.uleb128 0x34
 1115 0096 00       		.byte	0
 1116 0097 03       		.uleb128 0x3
 1117 0098 08       		.uleb128 0x8
 1118 0099 3A       		.uleb128 0x3a
 1119 009a 0B       		.uleb128 0xb
 1120 009b 3B       		.uleb128 0x3b
 1121 009c 0B       		.uleb128 0xb
 1122 009d 49       		.uleb128 0x49
 1123 009e 13       		.uleb128 0x13
 1124 009f 02       		.uleb128 0x2
 1125 00a0 17       		.uleb128 0x17
 1126 00a1 00       		.byte	0
 1127 00a2 00       		.byte	0
 1128 00a3 0D       		.uleb128 0xd
 1129 00a4 0B       		.uleb128 0xb
 1130 00a5 01       		.byte	0x1
 1131 00a6 11       		.uleb128 0x11
 1132 00a7 01       		.uleb128 0x1
 1133 00a8 12       		.uleb128 0x12
 1134 00a9 06       		.uleb128 0x6
 1135 00aa 00       		.byte	0
 1136 00ab 00       		.byte	0
 1137 00ac 0E       		.uleb128 0xe
 1138 00ad 34       		.uleb128 0x34
 1139 00ae 00       		.byte	0
 1140 00af 03       		.uleb128 0x3
 1141 00b0 0E       		.uleb128 0xe
 1142 00b1 3A       		.uleb128 0x3a
 1143 00b2 0B       		.uleb128 0xb
 1144 00b3 3B       		.uleb128 0x3b
 1145 00b4 0B       		.uleb128 0xb
 1146 00b5 49       		.uleb128 0x49
 1147 00b6 13       		.uleb128 0x13
 1148 00b7 02       		.uleb128 0x2
 1149 00b8 17       		.uleb128 0x17
 1150 00b9 00       		.byte	0
 1151 00ba 00       		.byte	0
 1152 00bb 0F       		.uleb128 0xf
 1153 00bc 0F       		.uleb128 0xf
 1154 00bd 00       		.byte	0
 1155 00be 0B       		.uleb128 0xb
 1156 00bf 0B       		.uleb128 0xb
 1157 00c0 49       		.uleb128 0x49
 1158 00c1 13       		.uleb128 0x13
 1159 00c2 00       		.byte	0
 1160 00c3 00       		.byte	0
 1161 00c4 10       		.uleb128 0x10
 1162 00c5 26       		.uleb128 0x26
 1163 00c6 00       		.byte	0
 1164 00c7 49       		.uleb128 0x49
 1165 00c8 13       		.uleb128 0x13
ARM GAS  C:\Users\srhi\AppData\Local\Temp\ccDL4uBt.s 			page 29


 1166 00c9 00       		.byte	0
 1167 00ca 00       		.byte	0
 1168 00cb 11       		.uleb128 0x11
 1169 00cc 05       		.uleb128 0x5
 1170 00cd 00       		.byte	0
 1171 00ce 03       		.uleb128 0x3
 1172 00cf 08       		.uleb128 0x8
 1173 00d0 3A       		.uleb128 0x3a
 1174 00d1 0B       		.uleb128 0xb
 1175 00d2 3B       		.uleb128 0x3b
 1176 00d3 0B       		.uleb128 0xb
 1177 00d4 49       		.uleb128 0x49
 1178 00d5 13       		.uleb128 0x13
 1179 00d6 02       		.uleb128 0x2
 1180 00d7 17       		.uleb128 0x17
 1181 00d8 00       		.byte	0
 1182 00d9 00       		.byte	0
 1183 00da 12       		.uleb128 0x12
 1184 00db 898201   		.uleb128 0x4109
 1185 00de 01       		.byte	0x1
 1186 00df 11       		.uleb128 0x11
 1187 00e0 01       		.uleb128 0x1
 1188 00e1 31       		.uleb128 0x31
 1189 00e2 13       		.uleb128 0x13
 1190 00e3 00       		.byte	0
 1191 00e4 00       		.byte	0
 1192 00e5 13       		.uleb128 0x13
 1193 00e6 8A8201   		.uleb128 0x410a
 1194 00e9 00       		.byte	0
 1195 00ea 02       		.uleb128 0x2
 1196 00eb 18       		.uleb128 0x18
 1197 00ec 9142     		.uleb128 0x2111
 1198 00ee 18       		.uleb128 0x18
 1199 00ef 00       		.byte	0
 1200 00f0 00       		.byte	0
 1201 00f1 14       		.uleb128 0x14
 1202 00f2 898201   		.uleb128 0x4109
 1203 00f5 01       		.byte	0x1
 1204 00f6 11       		.uleb128 0x11
 1205 00f7 01       		.uleb128 0x1
 1206 00f8 31       		.uleb128 0x31
 1207 00f9 13       		.uleb128 0x13
 1208 00fa 01       		.uleb128 0x1
 1209 00fb 13       		.uleb128 0x13
 1210 00fc 00       		.byte	0
 1211 00fd 00       		.byte	0
 1212 00fe 15       		.uleb128 0x15
 1213 00ff 2E       		.uleb128 0x2e
 1214 0100 01       		.byte	0x1
 1215 0101 3F       		.uleb128 0x3f
 1216 0102 19       		.uleb128 0x19
 1217 0103 03       		.uleb128 0x3
 1218 0104 0E       		.uleb128 0xe
 1219 0105 3A       		.uleb128 0x3a
 1220 0106 0B       		.uleb128 0xb
 1221 0107 3B       		.uleb128 0x3b
 1222 0108 05       		.uleb128 0x5
ARM GAS  C:\Users\srhi\AppData\Local\Temp\ccDL4uBt.s 			page 30


 1223 0109 27       		.uleb128 0x27
 1224 010a 19       		.uleb128 0x19
 1225 010b 11       		.uleb128 0x11
 1226 010c 01       		.uleb128 0x1
 1227 010d 12       		.uleb128 0x12
 1228 010e 06       		.uleb128 0x6
 1229 010f 40       		.uleb128 0x40
 1230 0110 18       		.uleb128 0x18
 1231 0111 9742     		.uleb128 0x2117
 1232 0113 19       		.uleb128 0x19
 1233 0114 01       		.uleb128 0x1
 1234 0115 13       		.uleb128 0x13
 1235 0116 00       		.byte	0
 1236 0117 00       		.byte	0
 1237 0118 16       		.uleb128 0x16
 1238 0119 0B       		.uleb128 0xb
 1239 011a 01       		.byte	0x1
 1240 011b 11       		.uleb128 0x11
 1241 011c 01       		.uleb128 0x1
 1242 011d 12       		.uleb128 0x12
 1243 011e 06       		.uleb128 0x6
 1244 011f 01       		.uleb128 0x1
 1245 0120 13       		.uleb128 0x13
 1246 0121 00       		.byte	0
 1247 0122 00       		.byte	0
 1248 0123 17       		.uleb128 0x17
 1249 0124 34       		.uleb128 0x34
 1250 0125 00       		.byte	0
 1251 0126 03       		.uleb128 0x3
 1252 0127 0E       		.uleb128 0xe
 1253 0128 3A       		.uleb128 0x3a
 1254 0129 0B       		.uleb128 0xb
 1255 012a 3B       		.uleb128 0x3b
 1256 012b 05       		.uleb128 0x5
 1257 012c 49       		.uleb128 0x49
 1258 012d 13       		.uleb128 0x13
 1259 012e 02       		.uleb128 0x2
 1260 012f 18       		.uleb128 0x18
 1261 0130 00       		.byte	0
 1262 0131 00       		.byte	0
 1263 0132 18       		.uleb128 0x18
 1264 0133 13       		.uleb128 0x13
 1265 0134 01       		.byte	0x1
 1266 0135 0B       		.uleb128 0xb
 1267 0136 0B       		.uleb128 0xb
 1268 0137 3A       		.uleb128 0x3a
 1269 0138 0B       		.uleb128 0xb
 1270 0139 3B       		.uleb128 0x3b
 1271 013a 05       		.uleb128 0x5
 1272 013b 01       		.uleb128 0x1
 1273 013c 13       		.uleb128 0x13
 1274 013d 00       		.byte	0
 1275 013e 00       		.byte	0
 1276 013f 19       		.uleb128 0x19
 1277 0140 0D       		.uleb128 0xd
 1278 0141 00       		.byte	0
 1279 0142 03       		.uleb128 0x3
ARM GAS  C:\Users\srhi\AppData\Local\Temp\ccDL4uBt.s 			page 31


 1280 0143 0E       		.uleb128 0xe
 1281 0144 3A       		.uleb128 0x3a
 1282 0145 0B       		.uleb128 0xb
 1283 0146 3B       		.uleb128 0x3b
 1284 0147 05       		.uleb128 0x5
 1285 0148 49       		.uleb128 0x49
 1286 0149 13       		.uleb128 0x13
 1287 014a 38       		.uleb128 0x38
 1288 014b 0B       		.uleb128 0xb
 1289 014c 00       		.byte	0
 1290 014d 00       		.byte	0
 1291 014e 1A       		.uleb128 0x1a
 1292 014f 01       		.uleb128 0x1
 1293 0150 01       		.byte	0x1
 1294 0151 49       		.uleb128 0x49
 1295 0152 13       		.uleb128 0x13
 1296 0153 01       		.uleb128 0x1
 1297 0154 13       		.uleb128 0x13
 1298 0155 00       		.byte	0
 1299 0156 00       		.byte	0
 1300 0157 1B       		.uleb128 0x1b
 1301 0158 21       		.uleb128 0x21
 1302 0159 00       		.byte	0
 1303 015a 49       		.uleb128 0x49
 1304 015b 13       		.uleb128 0x13
 1305 015c 2F       		.uleb128 0x2f
 1306 015d 0B       		.uleb128 0xb
 1307 015e 00       		.byte	0
 1308 015f 00       		.byte	0
 1309 0160 1C       		.uleb128 0x1c
 1310 0161 34       		.uleb128 0x34
 1311 0162 00       		.byte	0
 1312 0163 03       		.uleb128 0x3
 1313 0164 08       		.uleb128 0x8
 1314 0165 3A       		.uleb128 0x3a
 1315 0166 0B       		.uleb128 0xb
 1316 0167 3B       		.uleb128 0x3b
 1317 0168 05       		.uleb128 0x5
 1318 0169 49       		.uleb128 0x49
 1319 016a 13       		.uleb128 0x13
 1320 016b 02       		.uleb128 0x2
 1321 016c 17       		.uleb128 0x17
 1322 016d 00       		.byte	0
 1323 016e 00       		.byte	0
 1324 016f 1D       		.uleb128 0x1d
 1325 0170 898201   		.uleb128 0x4109
 1326 0173 00       		.byte	0
 1327 0174 11       		.uleb128 0x11
 1328 0175 01       		.uleb128 0x1
 1329 0176 31       		.uleb128 0x31
 1330 0177 13       		.uleb128 0x13
 1331 0178 00       		.byte	0
 1332 0179 00       		.byte	0
 1333 017a 1E       		.uleb128 0x1e
 1334 017b 2E       		.uleb128 0x2e
 1335 017c 00       		.byte	0
 1336 017d 3F       		.uleb128 0x3f
ARM GAS  C:\Users\srhi\AppData\Local\Temp\ccDL4uBt.s 			page 32


 1337 017e 19       		.uleb128 0x19
 1338 017f 3C       		.uleb128 0x3c
 1339 0180 19       		.uleb128 0x19
 1340 0181 6E       		.uleb128 0x6e
 1341 0182 0E       		.uleb128 0xe
 1342 0183 03       		.uleb128 0x3
 1343 0184 0E       		.uleb128 0xe
 1344 0185 00       		.byte	0
 1345 0186 00       		.byte	0
 1346 0187 1F       		.uleb128 0x1f
 1347 0188 2E       		.uleb128 0x2e
 1348 0189 00       		.byte	0
 1349 018a 3F       		.uleb128 0x3f
 1350 018b 19       		.uleb128 0x19
 1351 018c 3C       		.uleb128 0x3c
 1352 018d 19       		.uleb128 0x19
 1353 018e 6E       		.uleb128 0x6e
 1354 018f 0E       		.uleb128 0xe
 1355 0190 03       		.uleb128 0x3
 1356 0191 0E       		.uleb128 0xe
 1357 0192 3A       		.uleb128 0x3a
 1358 0193 0B       		.uleb128 0xb
 1359 0194 3B       		.uleb128 0x3b
 1360 0195 0B       		.uleb128 0xb
 1361 0196 00       		.byte	0
 1362 0197 00       		.byte	0
 1363 0198 00       		.byte	0
 1364              		.section	.debug_loc,"",%progbits
 1365              	.Ldebug_loc0:
 1366              	.LLST0:
 1367 0000 02000000 		.4byte	.LVL1
 1368 0004 08000000 		.4byte	.LVL2
 1369 0008 0200     		.2byte	0x2
 1370 000a 30       		.byte	0x30
 1371 000b 9F       		.byte	0x9f
 1372 000c 08000000 		.4byte	.LVL2
 1373 0010 30000000 		.4byte	.LVL11
 1374 0014 0100     		.2byte	0x1
 1375 0016 57       		.byte	0x57
 1376 0017 00000000 		.4byte	0
 1377 001b 00000000 		.4byte	0
 1378              	.LLST1:
 1379 001f 02000000 		.4byte	.LVL1
 1380 0023 08000000 		.4byte	.LVL2
 1381 0027 0200     		.2byte	0x2
 1382 0029 30       		.byte	0x30
 1383 002a 9F       		.byte	0x9f
 1384 002b 08000000 		.4byte	.LVL2
 1385 002f 30000000 		.4byte	.LVL10
 1386 0033 0100     		.2byte	0x1
 1387 0035 55       		.byte	0x55
 1388 0036 00000000 		.4byte	0
 1389 003a 00000000 		.4byte	0
 1390              	.LLST2:
 1391 003e 0C000000 		.4byte	.LVL3
 1392 0042 2C000000 		.4byte	.LVL9
 1393 0046 0100     		.2byte	0x1
ARM GAS  C:\Users\srhi\AppData\Local\Temp\ccDL4uBt.s 			page 33


 1394 0048 56       		.byte	0x56
 1395 0049 00000000 		.4byte	0
 1396 004d 00000000 		.4byte	0
 1397              	.LLST3:
 1398 0051 0E000000 		.4byte	.LVL4
 1399 0055 24000000 		.4byte	.LVL7
 1400 0059 0100     		.2byte	0x1
 1401 005b 53       		.byte	0x53
 1402 005c 26000000 		.4byte	.LVL8
 1403 0060 2C000000 		.4byte	.LVL9
 1404 0064 0100     		.2byte	0x1
 1405 0066 53       		.byte	0x53
 1406 0067 00000000 		.4byte	0
 1407 006b 00000000 		.4byte	0
 1408              	.LLST4:
 1409 006f 00000000 		.4byte	.LVL12
 1410 0073 09000000 		.4byte	.LVL14-1
 1411 0077 0100     		.2byte	0x1
 1412 0079 50       		.byte	0x50
 1413 007a 09000000 		.4byte	.LVL14-1
 1414 007e 0C000000 		.4byte	.LFE0
 1415 0082 0400     		.2byte	0x4
 1416 0084 F3       		.byte	0xf3
 1417 0085 01       		.uleb128 0x1
 1418 0086 50       		.byte	0x50
 1419 0087 9F       		.byte	0x9f
 1420 0088 00000000 		.4byte	0
 1421 008c 00000000 		.4byte	0
 1422              	.LLST5:
 1423 0090 00000000 		.4byte	.LVL12
 1424 0094 06000000 		.4byte	.LVL13
 1425 0098 0100     		.2byte	0x1
 1426 009a 51       		.byte	0x51
 1427 009b 06000000 		.4byte	.LVL13
 1428 009f 09000000 		.4byte	.LVL14-1
 1429 00a3 0100     		.2byte	0x1
 1430 00a5 52       		.byte	0x52
 1431 00a6 09000000 		.4byte	.LVL14-1
 1432 00aa 0C000000 		.4byte	.LFE0
 1433 00ae 0400     		.2byte	0x4
 1434 00b0 F3       		.byte	0xf3
 1435 00b1 01       		.uleb128 0x1
 1436 00b2 51       		.byte	0x51
 1437 00b3 9F       		.byte	0x9f
 1438 00b4 00000000 		.4byte	0
 1439 00b8 00000000 		.4byte	0
 1440              	.LLST6:
 1441 00bc BC000000 		.4byte	.LVL18
 1442 00c0 C0000000 		.4byte	.LVL19
 1443 00c4 0200     		.2byte	0x2
 1444 00c6 30       		.byte	0x30
 1445 00c7 9F       		.byte	0x9f
 1446 00c8 C0000000 		.4byte	.LVL19
 1447 00cc DE000000 		.4byte	.LVL21
 1448 00d0 0100     		.2byte	0x1
 1449 00d2 54       		.byte	0x54
 1450 00d3 E0000000 		.4byte	.LVL22
ARM GAS  C:\Users\srhi\AppData\Local\Temp\ccDL4uBt.s 			page 34


 1451 00d7 68010000 		.4byte	.LVL25
 1452 00db 0100     		.2byte	0x1
 1453 00dd 54       		.byte	0x54
 1454 00de 00000000 		.4byte	0
 1455 00e2 00000000 		.4byte	0
 1456              	.LLST7:
 1457 00e6 C0000000 		.4byte	.LVL19
 1458 00ea DE000000 		.4byte	.LVL21
 1459 00ee 0B00     		.2byte	0xb
 1460 00f0 74       		.byte	0x74
 1461 00f1 00       		.sleb128 0
 1462 00f2 36       		.byte	0x36
 1463 00f3 1E       		.byte	0x1e
 1464 00f4 03       		.byte	0x3
 1465 00f5 00000000 		.4byte	cfg_memset_list.4870
 1466 00f9 22       		.byte	0x22
 1467 00fa 9F       		.byte	0x9f
 1468 00fb DE000000 		.4byte	.LVL21
 1469 00ff E0000000 		.4byte	.LVL22
 1470 0103 0B00     		.2byte	0xb
 1471 0105 74       		.byte	0x74
 1472 0106 7F       		.sleb128 -1
 1473 0107 36       		.byte	0x36
 1474 0108 1E       		.byte	0x1e
 1475 0109 03       		.byte	0x3
 1476 010a 00000000 		.4byte	cfg_memset_list.4870
 1477 010e 22       		.byte	0x22
 1478 010f 9F       		.byte	0x9f
 1479 0110 00000000 		.4byte	0
 1480 0114 00000000 		.4byte	0
 1481              		.section	.debug_aranges,"",%progbits
 1482 0000 34000000 		.4byte	0x34
 1483 0004 0200     		.2byte	0x2
 1484 0006 00000000 		.4byte	.Ldebug_info0
 1485 000a 04       		.byte	0x4
 1486 000b 00       		.byte	0
 1487 000c 0000     		.2byte	0
 1488 000e 0000     		.2byte	0
 1489 0010 00000000 		.4byte	.LFB3
 1490 0014 32000000 		.4byte	.LFE3-.LFB3
 1491 0018 00000000 		.4byte	.LFB0
 1492 001c 0C000000 		.4byte	.LFE0-.LFB0
 1493 0020 00000000 		.4byte	.LFB4
 1494 0024 B8000000 		.4byte	.LFE4-.LFB4
 1495 0028 B8000000 		.4byte	.LFB6
 1496 002c F4000000 		.4byte	.LFE6-.LFB6
 1497 0030 00000000 		.4byte	0
 1498 0034 00000000 		.4byte	0
 1499              		.section	.debug_ranges,"",%progbits
 1500              	.Ldebug_ranges0:
 1501 0000 00000000 		.4byte	.LFB3
 1502 0004 32000000 		.4byte	.LFE3
 1503 0008 00000000 		.4byte	.LFB0
 1504 000c 0C000000 		.4byte	.LFE0
 1505 0010 00000000 		.4byte	.LFB4
 1506 0014 B8000000 		.4byte	.LFE4
 1507 0018 B8000000 		.4byte	.LFB6
ARM GAS  C:\Users\srhi\AppData\Local\Temp\ccDL4uBt.s 			page 35


 1508 001c AC010000 		.4byte	.LFE6
 1509 0020 00000000 		.4byte	0
 1510 0024 00000000 		.4byte	0
 1511              		.section	.debug_line,"",%progbits
 1512              	.Ldebug_line0:
 1513 0000 67010000 		.section	.debug_str,"MS",%progbits,1
 1513      0200D600 
 1513      00000201 
 1513      FB0E0D00 
 1513      01010101 
 1514              	.LASF19:
 1515 0000 72656733 		.ascii	"reg32\000"
 1515      3200
 1516              	.LASF12:
 1517 0006 73697A65 		.ascii	"size_t\000"
 1517      5F7400
 1518              	.LASF37:
 1519 000d 4379496E 		.ascii	"CyIntSetVector\000"
 1519      74536574 
 1519      56656374 
 1519      6F7200
 1520              	.LASF21:
 1521 001c 76616C75 		.ascii	"value\000"
 1521      6500
 1522              	.LASF26:
 1523 0022 636F756E 		.ascii	"count\000"
 1523      7400
 1524              	.LASF29:
 1525 0028 436C6F63 		.ascii	"ClockSetup\000"
 1525      6B536574 
 1525      757000
 1526              	.LASF30:
 1527 0033 63795F63 		.ascii	"cy_cfg_addr_table\000"
 1527      66675F61 
 1527      6464725F 
 1527      7461626C 
 1527      6500
 1528              	.LASF31:
 1529 0045 63795F63 		.ascii	"cy_cfg_data_table\000"
 1529      66675F64 
 1529      6174615F 
 1529      7461626C 
 1529      6500
 1530              	.LASF16:
 1531 0057 666C6F61 		.ascii	"float\000"
 1531      7400
 1532              	.LASF35:
 1533 005d 6366675F 		.ascii	"cfg_memset_list\000"
 1533      6D656D73 
 1533      65745F6C 
 1533      69737400 
 1534              	.LASF33:
 1535 006d 73697A65 		.ascii	"size\000"
 1535      00
 1536              	.LASF18:
 1537 0072 72656738 		.ascii	"reg8\000"
 1537      00
ARM GAS  C:\Users\srhi\AppData\Local\Temp\ccDL4uBt.s 			page 36


 1538              	.LASF8:
 1539 0077 6C6F6E67 		.ascii	"long unsigned int\000"
 1539      20756E73 
 1539      69676E65 
 1539      6420696E 
 1539      7400
 1540              	.LASF13:
 1541 0089 75696E74 		.ascii	"uint8\000"
 1541      3800
 1542              	.LASF28:
 1543 008f 43594D45 		.ascii	"CYMEMZERO\000"
 1543      4D5A4552 
 1543      4F00
 1544              	.LASF4:
 1545 0099 756E7369 		.ascii	"unsigned char\000"
 1545      676E6564 
 1545      20636861 
 1545      7200
 1546              	.LASF43:
 1547 00a7 6D656D73 		.ascii	"memset\000"
 1547      657400
 1548              	.LASF17:
 1549 00ae 646F7562 		.ascii	"double\000"
 1549      6C6500
 1550              	.LASF27:
 1551 00b5 6366675F 		.ascii	"cfg_write_bytes32\000"
 1551      77726974 
 1551      655F6279 
 1551      74657333 
 1551      3200
 1552              	.LASF38:
 1553 00c7 4379496E 		.ascii	"CyIntEnable\000"
 1553      74456E61 
 1553      626C6500 
 1554              	.LASF23:
 1555 00d3 61646472 		.ascii	"addr_table\000"
 1555      5F746162 
 1555      6C6500
 1556              	.LASF14:
 1557 00de 75696E74 		.ascii	"uint16\000"
 1557      313600
 1558              	.LASF24:
 1559 00e5 64617461 		.ascii	"data_table\000"
 1559      5F746162 
 1559      6C6500
 1560              	.LASF15:
 1561 00f0 75696E74 		.ascii	"uint32\000"
 1561      333200
 1562              	.LASF0:
 1563 00f7 756E7369 		.ascii	"unsigned int\000"
 1563      676E6564 
 1563      20696E74 
 1563      00
 1564              	.LASF42:
 1565 0104 63796669 		.ascii	"cyfitter_cfg\000"
 1565      74746572 
 1565      5F636667 
ARM GAS  C:\Users\srhi\AppData\Local\Temp\ccDL4uBt.s 			page 37


 1565      00
 1566              	.LASF32:
 1567 0111 61646472 		.ascii	"address\000"
 1567      65737300 
 1568              	.LASF9:
 1569 0119 6C6F6E67 		.ascii	"long long unsigned int\000"
 1569      206C6F6E 
 1569      6720756E 
 1569      7369676E 
 1569      65642069 
 1570              	.LASF41:
 1571 0130 433A5C55 		.ascii	"C:\\Users\\srhi\\Desktop\\PSOC\\L3_Blink_With_Clock"
 1571      73657273 
 1571      5C737268 
 1571      695C4465 
 1571      736B746F 
 1572 015e 2E637964 		.ascii	".cydsn\000"
 1572      736E00
 1573              	.LASF39:
 1574 0165 474E5520 		.ascii	"GNU C11 5.4.1 20160609 (release) [ARM/embedded-5-br"
 1574      43313120 
 1574      352E342E 
 1574      31203230 
 1574      31363036 
 1575 0198 616E6368 		.ascii	"anch revision 237715] -mcpu=cortex-m0 -mthumb -g -O"
 1575      20726576 
 1575      6973696F 
 1575      6E203233 
 1575      37373135 
 1576 01cb 67202D66 		.ascii	"g -ffunction-sections -ffat-lto-objects\000"
 1576      66756E63 
 1576      74696F6E 
 1576      2D736563 
 1576      74696F6E 
 1577              	.LASF34:
 1578 01f3 6366675F 		.ascii	"cfg_memset_t\000"
 1578      6D656D73 
 1578      65745F74 
 1578      00
 1579              	.LASF25:
 1580 0200 62617365 		.ascii	"baseAddr\000"
 1580      41646472 
 1580      00
 1581              	.LASF10:
 1582 0209 73697A65 		.ascii	"sizetype\000"
 1582      74797065 
 1582      00
 1583              	.LASF6:
 1584 0212 73686F72 		.ascii	"short unsigned int\000"
 1584      7420756E 
 1584      7369676E 
 1584      65642069 
 1584      6E7400
 1585              	.LASF1:
 1586 0225 6C6F6E67 		.ascii	"long long int\000"
 1586      206C6F6E 
 1586      6720696E 
ARM GAS  C:\Users\srhi\AppData\Local\Temp\ccDL4uBt.s 			page 38


 1586      7400
 1587              	.LASF11:
 1588 0233 63686172 		.ascii	"char\000"
 1588      00
 1589              	.LASF22:
 1590 0238 63795F63 		.ascii	"cy_cfg_addrvalue_t\000"
 1590      66675F61 
 1590      64647276 
 1590      616C7565 
 1590      5F7400
 1591              	.LASF20:
 1592 024b 6F666673 		.ascii	"offset\000"
 1592      657400
 1593              	.LASF5:
 1594 0252 73686F72 		.ascii	"short int\000"
 1594      7420696E 
 1594      7400
 1595              	.LASF36:
 1596 025c 43795379 		.ascii	"CySysClkWriteImoFreq\000"
 1596      73436C6B 
 1596      57726974 
 1596      65496D6F 
 1596      46726571 
 1597              	.LASF7:
 1598 0271 6C6F6E67 		.ascii	"long int\000"
 1598      20696E74 
 1598      00
 1599              	.LASF2:
 1600 027a 6C6F6E67 		.ascii	"long double\000"
 1600      20646F75 
 1600      626C6500 
 1601              	.LASF3:
 1602 0286 7369676E 		.ascii	"signed char\000"
 1602      65642063 
 1602      68617200 
 1603              	.LASF40:
 1604 0292 47656E65 		.ascii	"Generated_Source\\PSoC4\\cyfitter_cfg.c\000"
 1604      72617465 
 1604      645F536F 
 1604      75726365 
 1604      5C50536F 
 1605              		.ident	"GCC: (GNU Tools for ARM Embedded Processors) 5.4.1 20160609 (release) [ARM/embedded-5-bran
