Archive member included to satisfy reference by file (symbol)

.\CortexM0\ARM_GCC_541\Debug\L102_Capsense_Slider_to_control_brightness.a(CapSense.o)
                              .\CortexM0\ARM_GCC_541\Debug\main.o (CapSense_IsBusy)
.\CortexM0\ARM_GCC_541\Debug\L102_Capsense_Slider_to_control_brightness.a(CapSense_CSHL.o)
                              .\CortexM0\ARM_GCC_541\Debug\main.o (CapSense_InitializeAllBaselines)
.\CortexM0\ARM_GCC_541\Debug\L102_Capsense_Slider_to_control_brightness.a(CapSense_INT.o)
                              .\CortexM0\ARM_GCC_541\Debug\L102_Capsense_Slider_to_control_brightness.a(CapSense.o) (CapSense_ISR)
.\CortexM0\ARM_GCC_541\Debug\L102_Capsense_Slider_to_control_brightness.a(CapSense_SMS.o)
                              .\CortexM0\ARM_GCC_541\Debug\L102_Capsense_Slider_to_control_brightness.a(CapSense_CSHL.o) (CapSense_UpdateThresholds)
.\CortexM0\ARM_GCC_541\Debug\L102_Capsense_Slider_to_control_brightness.a(CapSense_SampleClk.o)
                              .\CortexM0\ARM_GCC_541\Debug\L102_Capsense_Slider_to_control_brightness.a(CapSense.o) (CapSense_SampleClk_Start)
.\CortexM0\ARM_GCC_541\Debug\L102_Capsense_Slider_to_control_brightness.a(CapSense_SenseClk.o)
                              .\CortexM0\ARM_GCC_541\Debug\L102_Capsense_Slider_to_control_brightness.a(CapSense.o) (CapSense_SenseClk_Start)
.\CortexM0\ARM_GCC_541\Debug\L102_Capsense_Slider_to_control_brightness.a(CyLib.o)
                              .\CortexM0\ARM_GCC_541\Debug\cyfitter_cfg.o (CyIntEnable)
.\CortexM0\ARM_GCC_541\Debug\L102_Capsense_Slider_to_control_brightness.a(CyLFClk.o)
                              .\CortexM0\ARM_GCC_541\Debug\cyfitter_cfg.o (CySysWdtIsr)
.\CortexM0\ARM_GCC_541\Debug\L102_Capsense_Slider_to_control_brightness.a(PWM.o)
                              .\CortexM0\ARM_GCC_541\Debug\main.o (PWM_WriteCompare)
.\CortexM0\ARM_GCC_541\Debug\L102_Capsense_Slider_to_control_brightness.a(CyBootAsmGnu.o)
                              .\CortexM0\ARM_GCC_541\Debug\L102_Capsense_Slider_to_control_brightness.a(CapSense.o) (CyDelayCycles)
C:\Program Files (x86)\Cypress\PSoC Creator\4.2\PSoC Creator\psoc\content\CyComponentLibrary\CyComponentLibrary.cylib\CapSense_CSD_P4_v2_60\PSoC4\Library\CapsenseP4Library_GCC.a(CSD_P4_SmartSense_v2_60.o)
                              .\CortexM0\ARM_GCC_541\Debug\L102_Capsense_Slider_to_control_brightness.a(CapSense_SMS.o) (CalibrateSensors_P4_v2_60)
c:/program files (x86)/cypress/psoc creator/4.2/psoc creator/import/gnu/arm/5.4.1/bin/../lib/gcc/arm-none-eabi/5.4.1/armv6-m\libgcc.a(_udivsi3.o)
                              .\CortexM0\ARM_GCC_541\Debug\L102_Capsense_Slider_to_control_brightness.a(CapSense_SMS.o) (__aeabi_uidiv)
c:/program files (x86)/cypress/psoc creator/4.2/psoc creator/import/gnu/arm/5.4.1/bin/../lib/gcc/arm-none-eabi/5.4.1/armv6-m\libgcc.a(_divsi3.o)
                              .\CortexM0\ARM_GCC_541\Debug\L102_Capsense_Slider_to_control_brightness.a(CapSense_CSHL.o) (__aeabi_idiv)
c:/program files (x86)/cypress/psoc creator/4.2/psoc creator/import/gnu/arm/5.4.1/bin/../lib/gcc/arm-none-eabi/5.4.1/armv6-m\libgcc.a(_dvmd_tls.o)
                              c:/program files (x86)/cypress/psoc creator/4.2/psoc creator/import/gnu/arm/5.4.1/bin/../lib/gcc/arm-none-eabi/5.4.1/armv6-m\libgcc.a(_udivsi3.o) (__aeabi_idiv0)
c:/program files (x86)/cypress/psoc creator/4.2/psoc creator/import/gnu/arm/5.4.1/bin/../lib/gcc/arm-none-eabi/5.4.1/../../../../arm-none-eabi/lib/armv6-m\libg_nano.a(lib_a-errno.o)
                              .\CortexM0\ARM_GCC_541\Debug\Cm0Start.o (__errno)
c:/program files (x86)/cypress/psoc creator/4.2/psoc creator/import/gnu/arm/5.4.1/bin/../lib/gcc/arm-none-eabi/5.4.1/../../../../arm-none-eabi/lib/armv6-m\libg_nano.a(lib_a-exit.o)
                              c:/program files (x86)/cypress/psoc creator/4.2/psoc creator/import/gnu/arm/5.4.1/bin/../lib/gcc/arm-none-eabi/5.4.1/../../../../arm-none-eabi/lib/armv6-m/crt0.o (exit)
c:/program files (x86)/cypress/psoc creator/4.2/psoc creator/import/gnu/arm/5.4.1/bin/../lib/gcc/arm-none-eabi/5.4.1/../../../../arm-none-eabi/lib/armv6-m\libg_nano.a(lib_a-impure.o)
                              c:/program files (x86)/cypress/psoc creator/4.2/psoc creator/import/gnu/arm/5.4.1/bin/../lib/gcc/arm-none-eabi/5.4.1/../../../../arm-none-eabi/lib/armv6-m\libg_nano.a(lib_a-exit.o) (_global_impure_ptr)
c:/program files (x86)/cypress/psoc creator/4.2/psoc creator/import/gnu/arm/5.4.1/bin/../lib/gcc/arm-none-eabi/5.4.1/../../../../arm-none-eabi/lib/armv6-m\libg_nano.a(lib_a-init.o)
                              c:/program files (x86)/cypress/psoc creator/4.2/psoc creator/import/gnu/arm/5.4.1/bin/../lib/gcc/arm-none-eabi/5.4.1/../../../../arm-none-eabi/lib/armv6-m/crt0.o (__libc_init_array)
c:/program files (x86)/cypress/psoc creator/4.2/psoc creator/import/gnu/arm/5.4.1/bin/../lib/gcc/arm-none-eabi/5.4.1/../../../../arm-none-eabi/lib/armv6-m\libg_nano.a(lib_a-memset.o)
[...]
Memory Configuration

Name             Origin             Length             Attributes
rom              0x00000000         0x00008000         xr
ram              0x20000000         0x00001000         xrw
*default*        0x00000000         0xffffffff

Linker script and memory map

LOAD c:/program files (x86)/cypress/psoc creator/4.2/psoc creator/import/gnu/arm/5.4.1/bin/../lib/gcc/arm-none-eabi/5.4.1/armv6-m/crti.o
LOAD c:/program files (x86)/cypress/psoc creator/4.2/psoc creator/import/gnu/arm/5.4.1/bin/../lib/gcc/arm-none-eabi/5.4.1/armv6-m/crtbegin.o
LOAD c:/program files (x86)/cypress/psoc creator/4.2/psoc creator/import/gnu/arm/5.4.1/bin/../lib/gcc/arm-none-eabi/5.4.1/../../../../arm-none-eabi/lib/armv6-m/crt0.o
START GROUP
LOAD .\CortexM0\ARM_GCC_541\Debug\main.o
LOAD .\CortexM0\ARM_GCC_541\Debug\cyfitter_cfg.o
LOAD .\CortexM0\ARM_GCC_541\Debug\cymetadata.o
LOAD .\CortexM0\ARM_GCC_541\Debug\Cm0Start.o
LOAD .\CortexM0\ARM_GCC_541\Debug\L102_Capsense_Slider_to_control_brightness.a
LOAD C:\Program Files (x86)\Cypress\PSoC Creator\4.2\PSoC Creator\psoc\content\CyComponentLibrary\CyComponentLibrary.cylib\CapSense_CSD_P4_v2_60\PSoC4\Library\CapsenseP4Library_GCC.a
END GROUP
START GROUP
LOAD c:/program files (x86)/cypress/psoc creator/4.2/psoc creator/import/gnu/arm/5.4.1/bin/../lib/gcc/arm-none-eabi/5.4.1/armv6-m\libgcc.a
LOAD c:/program files (x86)/cypress/psoc creator/4.2/psoc creator/import/gnu/arm/5.4.1/bin/../lib/gcc/arm-none-eabi/5.4.1/../../../../arm-none-eabi/lib/armv6-m\libg_nano.a
LOAD c:/program files (x86)/cypress/psoc creator/4.2/psoc creator/import/gnu/arm/5.4.1/bin/../lib/gcc/arm-none-eabi/5.4.1/../../../../arm-none-eabi/lib/armv6-m\libc_nano.a
END GROUP
START GROUP
LOAD c:/program files (x86)/cypress/psoc creator/4.2/psoc creator/import/gnu/arm/5.4.1/bin/../lib/gcc/arm-none-eabi/5.4.1/armv6-m\libgcc.a
LOAD c:/program files (x86)/cypress/psoc creator/4.2/psoc creator/import/gnu/arm/5.4.1/bin/../lib/gcc/arm-none-eabi/5.4.1/../../../../arm-none-eabi/lib/armv6-m\libc_nano.a
END GROUP
LOAD c:/program files (x86)/cypress/psoc creator/4.2/psoc creator/import/gnu/arm/5.4.1/bin/../lib/gcc/arm-none-eabi/5.4.1/armv6-m/crtend.o
LOAD c:/program files (x86)/cypress/psoc creator/4.2/psoc creator/import/gnu/arm/5.4.1/bin/../lib/gcc/arm-none-eabi/5.4.1/armv6-m/crtn.o
START GROUP
LOAD c:/program files (x86)/cypress/psoc creator/4.2/psoc creator/import/gnu/arm/5.4.1/bin/../lib/gcc/arm-none-eabi/5.4.1/armv6-m\libgcc.a
LOAD c:/program files (x86)/cypress/psoc creator/4.2/psoc creator/import/gnu/arm/5.4.1/bin/../lib/gcc/arm-none-eabi/5.4.1/../../../../arm-none-eabi/lib/armv6-m\libc.a
LOAD c:/program files (x86)/cypress/psoc creator/4.2/psoc creator/import/gnu/arm/5.4.1/bin/../lib/gcc/arm-none-eabi/5.4.1/../../../../arm-none-eabi/lib/armv6-m\libnosys.a
END GROUP
                0x00000000                CY_APPL_ORIGIN = 0x0
                0x00000080                CY_FLASH_ROW_SIZE = 0x80
                0x00000001                CY_APPL_NUM = 0x1
                0x00000001                CY_APPL_MAX = 0x1
                0x00000040                CY_METADATA_SIZE = 0x40
                0x00000000                CY_APPL_LOADABLE = 0x0
                0x00000000                CY_CHECKSUM_EXCLUDE_SIZE = ALIGN (0x0, CY_FLASH_ROW_SIZE)
                0x00000000                CY_APP_FOR_STACK_AND_COPIER = 0x0
                [!provide]                PROVIDE (__cy_heap_start, _end)
                0x00000001                PROVIDE (__cy_region_num, ((__cy_regions_end - __cy_regions) / 0x10))
                0x20001000                PROVIDE (__cy_stack, (ORIGIN (ram) + LENGTH (ram)))
                [!provide]                PROVIDE (__cy_heap_end, (__cy_stack - 0x400))

.cybootloader   0x00000000        0x0
 *(.cybootloader)
                0x00000000                appl1_start = CY_APPL_ORIGIN?CY_APPL_ORIGIN:ALIGN (CY_FLASH_ROW_SIZE)
                0x00003f80                appl2_start = (appl1_start + ALIGN ((((LENGTH (rom) - appl1_start) - (0x2 * CY_FLASH_ROW_SIZE)) / 0x2), CY_FLASH_ROW_SIZE))
                0x00000000                appl_start = (CY_APPL_NUM == 0x1)?appl1_start:appl2_start
                0x00000001                cy_project_type_bootloader = (appl_start == 0x0)?0x1:0x0
                0x00000000                cy_project_type_app_for_stack_and_copier = (CY_APP_FOR_STACK_AND_COPIER == 0x1)?0x1:0x0

.text           0x00000000     0x1874
 CREATE_OBJECT_SYMBOLS
                0x00000000                PROVIDE (__cy_interrupt_vector, RomVectors)
 *(.romvectors)
 .romvectors    0x00000000       0x10 .\CortexM0\ARM_GCC_541\Debug\Cm0Start.o
                0x00000000                RomVectors
                0x00000001                ASSERT ((. != __cy_interrupt_vector), No interrupt vector)
                0x00000001                ASSERT (CY_APPL_ORIGIN?(SIZEOF (.cybootloader) <= CY_APPL_ORIGIN):0x1, Wrong image location)
                0x00000010                PROVIDE (__cy_reset, Reset)
 *(.text.Reset)
 .text.Reset    0x00000010        0x8 .\CortexM0\ARM_GCC_541\Debug\Cm0Start.o
                0x00000010                Reset
                0x00000001                ASSERT ((. != __cy_reset), No reset code)
 *(.psocinit)
 .psocinit      0x00000018      0x188 .\CortexM0\ARM_GCC_541\Debug\cyfitter_cfg.o
                0x000000b8                cyfitter_cfg
                0x000001a0                . = MAX (., 0x100)
 *(.text .text.* .gnu.linkonce.t.*)
 .text          0x000001a0       0x60 c:/program files (x86)/cypress/psoc creator/4.2/psoc creator/import/gnu/arm/5.4.1/bin/../lib/gcc/arm-none-eabi/5.4.1/armv6-m/crtbegin.o
 .text.main     0x00000200       0x34 .\CortexM0\ARM_GCC_541\Debug\main.o
                0x00000200                main
 .text.cfg_write_bytes32
                0x00000234       0x34 .\CortexM0\ARM_GCC_541\Debug\cyfitter_cfg.o
 .text.CYMEMZERO
                0x00000268        0xc .\CortexM0\ARM_GCC_541\Debug\cyfitter_cfg.o
 .text.SetAnalogRoutingPumps
                0x00000274       0x40 .\CortexM0\ARM_GCC_541\Debug\cyfitter_cfg.o
                0x00000274                SetAnalogRoutingPumps
 .text.AnalogSetDefault
                0x000002b4        0xc .\CortexM0\ARM_GCC_541\Debug\cyfitter_cfg.o
 .text.IntDefaultHandler
                0x000002c0       0x10 .\CortexM0\ARM_GCC_541\Debug\Cm0Start.o
                0x000002c0                IntDefaultHandler
 .text.Start_c  0x000002d0       0x48 .\CortexM0\ARM_GCC_541\Debug\Cm0Start.o
                0x000002d0                Start_c
 .text.initialize_psoc
                0x00000318       0x40 .\CortexM0\ARM_GCC_541\Debug\Cm0Start.o
                0x00000318                initialize_psoc
 .text.CapSense_CsdHwBlockInit
                0x00000358       0x84 .\CortexM0\ARM_GCC_541\Debug\L102_Capsense_Slider_to_control_brightness.a(CapSense.o)
                0x00000358                CapSense_CsdHwBlockInit
 .text.CapSense_Enable
                0x000003dc       0x3c .\CortexM0\ARM_GCC_541\Debug\L102_Capsense_Slider_to_control_brightness.a(CapSense.o)
                0x000003dc                CapSense_Enable
 .text.CapSense_IsBusy
                0x00000418       0x10 .\CortexM0\ARM_GCC_541\Debug\L102_Capsense_Slider_to_control_brightness.a(CapSense.o)
                0x00000418                CapSense_IsBusy
 .text.CapSense_ReadSensorRaw
                0x00000428       0x10 .\CortexM0\ARM_GCC_541\Debug\L102_Capsense_Slider_to_control_brightness.a(CapSense.o)
                0x00000428                CapSense_ReadSensorRaw
 .text.CapSense_EnableSensor
                0x00000438       0x48 .\CortexM0\ARM_GCC_541\Debug\L102_Capsense_Slider_to_control_brightness.a(CapSense.o)
                0x00000438                CapSense_EnableSensor
 .text.CapSense_DisableSensor
                0x00000480       0x70 .\CortexM0\ARM_GCC_541\Debug\L102_Capsense_Slider_to_control_brightness.a(CapSense.o)
                0x00000480                CapSense_DisableSensor
 .text.CapSense_ClearSensors
                0x000004f0       0x14 .\CortexM0\ARM_GCC_541\Debug\L102_Capsense_Slider_to_control_brightness.a(CapSense.o)
                0x000004f0                CapSense_ClearSensors
 .text.CapSense_SetShieldDelay
                0x00000504       0x18 .\CortexM0\ARM_GCC_541\Debug\L102_Capsense_Slider_to_control_brightness.a(CapSense.o)
                0x00000504                CapSense_SetShieldDelay
 .text.CapSense_GetBitValue
                0x0000051c       0x18 .\CortexM0\ARM_GCC_541\Debug\L102_Capsense_Slider_to_control_brightness.a(CapSense.o)
                0x0000051c                CapSense_GetBitValue
 .text.CapSense_FindNextSensor
                0x00000534       0x24 .\CortexM0\ARM_GCC_541\Debug\L102_Capsense_Slider_to_control_brightness.a(CapSense.o)
                0x00000534                CapSense_FindNextSensor
 .text.CapSense_PreScan
                0x00000558       0xcc .\CortexM0\ARM_GCC_541\Debug\L102_Capsense_Slider_to_control_brightness.a(CapSense.o)
                0x00000558                CapSense_PreScan
 .text.CapSense_ScanSensor
                0x00000624       0x1c .\CortexM0\ARM_GCC_541\Debug\L102_Capsense_Slider_to_control_brightness.a(CapSense.o)
                0x00000624                CapSense_ScanSensor
 .text.CapSense_ScanEnabledWidgets
                0x00000640       0x38 .\CortexM0\ARM_GCC_541\Debug\L102_Capsense_Slider_to_control_brightness.a(CapSense.o)
                0x00000640                CapSense_ScanEnabledWidgets
 .text.CapSense_PostScan
                0x00000678       0x90 .\CortexM0\ARM_GCC_541\Debug\L102_Capsense_Slider_to_control_brightness.a(CapSense.o)
                0x00000678                CapSense_PostScan
 .text.CapSense_SetBitValue
                0x00000708       0x28 .\CortexM0\ARM_GCC_541\Debug\L102_Capsense_Slider_to_control_brightness.a(CapSense.o)
                0x00000708                CapSense_SetBitValue
 .text.CapSense_GetSensorRaw
                0x00000730       0x2c .\CortexM0\ARM_GCC_541\Debug\L102_Capsense_Slider_to_control_brightness.a(CapSense.o)
                0x00000730                CapSense_GetSensorRaw
 .text.CapSense_SetUnscannedSensorState
                0x0000075c        0xc .\CortexM0\ARM_GCC_541\Debug\L102_Capsense_Slider_to_control_brightness.a(CapSense.o)
                0x0000075c                CapSense_SetUnscannedSensorState
 .text.CapSense_Init
                0x00000768       0x24 .\CortexM0\ARM_GCC_541\Debug\L102_Capsense_Slider_to_control_brightness.a(CapSense.o)
                0x00000768                CapSense_Init
 .text.CapSense_Start
                0x0000078c       0x38 .\CortexM0\ARM_GCC_541\Debug\L102_Capsense_Slider_to_control_brightness.a(CapSense.o)
                0x0000078c                CapSense_Start
 .text.CapSense_NormalizeWidgets
                0x000007c4       0x40 .\CortexM0\ARM_GCC_541\Debug\L102_Capsense_Slider_to_control_brightness.a(CapSense.o)
                0x000007c4                CapSense_NormalizeWidgets
 .text.CapSense_BaseInit
                0x00000804       0x24 .\CortexM0\ARM_GCC_541\Debug\L102_Capsense_Slider_to_control_brightness.a(CapSense_CSHL.o)
                0x00000804                CapSense_BaseInit
 .text.CapSense_InitializeSensorBaseline
                0x00000828       0x18 .\CortexM0\ARM_GCC_541\Debug\L102_Capsense_Slider_to_control_brightness.a(CapSense_CSHL.o)
                0x00000828                CapSense_InitializeSensorBaseline
 .text.CapSense_InitializeAllBaselines
                0x00000840       0x14 .\CortexM0\ARM_GCC_541\Debug\L102_Capsense_Slider_to_control_brightness.a(CapSense_CSHL.o)
                0x00000840                CapSense_InitializeAllBaselines
 .text.CapSense_FindMaximum
                0x00000854       0x2c .\CortexM0\ARM_GCC_541\Debug\L102_Capsense_Slider_to_control_brightness.a(CapSense_CSHL.o)
                0x00000854                CapSense_FindMaximum
 .text.CapSense_CalcCentroid
                0x00000880       0xe4 .\CortexM0\ARM_GCC_541\Debug\L102_Capsense_Slider_to_control_brightness.a(CapSense_CSHL.o)
                0x00000880                CapSense_CalcCentroid
 .text.CapSense_IIR4Filter
                0x00000964        0xc .\CortexM0\ARM_GCC_541\Debug\L102_Capsense_Slider_to_control_brightness.a(CapSense_CSHL.o)
                0x00000964                CapSense_IIR4Filter
 .text.CapSense_UpdateBaselineNoThreshold
                0x00000970      0x120 .\CortexM0\ARM_GCC_541\Debug\L102_Capsense_Slider_to_control_brightness.a(CapSense_CSHL.o)
                0x00000970                CapSense_UpdateBaselineNoThreshold
 .text.CapSense_UpdateSensorBaseline
                0x00000a90       0x10 .\CortexM0\ARM_GCC_541\Debug\L102_Capsense_Slider_to_control_brightness.a(CapSense_CSHL.o)
                0x00000a90                CapSense_UpdateSensorBaseline
 .text.CapSense_UpdateEnabledBaselines
                0x00000aa0       0x24 .\CortexM0\ARM_GCC_541\Debug\L102_Capsense_Slider_to_control_brightness.a(CapSense_CSHL.o)
                0x00000aa0                CapSense_UpdateEnabledBaselines
 .text.CapSense_GetCentroidPos
                0x00000ac4       0x7c .\CortexM0\ARM_GCC_541\Debug\L102_Capsense_Slider_to_control_brightness.a(CapSense_CSHL.o)
                0x00000ac4                CapSense_GetCentroidPos
 .text.CapSense_ISR
                0x00000b40       0x9c .\CortexM0\ARM_GCC_541\Debug\L102_Capsense_Slider_to_control_brightness.a(CapSense_INT.o)
                0x00000b40                CapSense_ISR
 .text.CapSense_UpdateThresholds
                0x00000bdc       0x74 .\CortexM0\ARM_GCC_541\Debug\L102_Capsense_Slider_to_control_brightness.a(CapSense_SMS.o)
                0x00000bdc                CapSense_UpdateThresholds
 .text.CapSense_SetAnalogSwitchesSrcDirect
                0x00000c50       0x10 .\CortexM0\ARM_GCC_541\Debug\L102_Capsense_Slider_to_control_brightness.a(CapSense_SMS.o)
                0x00000c50                CapSense_SetAnalogSwitchesSrcDirect
 .text.CapSense_DisableBaselineIDAC
                0x00000c60       0x1c .\CortexM0\ARM_GCC_541\Debug\L102_Capsense_Slider_to_control_brightness.a(CapSense_SMS.o)
                0x00000c60                CapSense_DisableBaselineIDAC
 .text.CapSense_EnableBaselineIDAC
                0x00000c7c       0x50 .\CortexM0\ARM_GCC_541\Debug\L102_Capsense_Slider_to_control_brightness.a(CapSense_SMS.o)
                0x00000c7c                CapSense_EnableBaselineIDAC
 .text.CapSense_AutoTune
                0x00000ccc       0xbc .\CortexM0\ARM_GCC_541\Debug\L102_Capsense_Slider_to_control_brightness.a(CapSense_SMS.o)
                0x00000ccc                CapSense_AutoTune
 .text.CapSense_SampleClk_Start
                0x00000d88       0x14 .\CortexM0\ARM_GCC_541\Debug\L102_Capsense_Slider_to_control_brightness.a(CapSense_SampleClk.o)
                0x00000d88                CapSense_SampleClk_Start
 .text.CapSense_SampleClk_Stop
                0x00000d9c       0x10 .\CortexM0\ARM_GCC_541\Debug\L102_Capsense_Slider_to_control_brightness.a(CapSense_SampleClk.o)
                0x00000d9c                CapSense_SampleClk_Stop
 .text.CapSense_SampleClk_SetFractionalDividerRegister
                0x00000dac       0x14 .\CortexM0\ARM_GCC_541\Debug\L102_Capsense_Slider_to_control_brightness.a(CapSense_SampleClk.o)
                0x00000dac                CapSense_SampleClk_SetFractionalDividerRegister
 .text.CapSense_SenseClk_Start
                0x00000dc0       0x14 .\CortexM0\ARM_GCC_541\Debug\L102_Capsense_Slider_to_control_brightness.a(CapSense_SenseClk.o)
                0x00000dc0                CapSense_SenseClk_Start
 .text.CapSense_SenseClk_Stop
                0x00000dd4       0x10 .\CortexM0\ARM_GCC_541\Debug\L102_Capsense_Slider_to_control_brightness.a(CapSense_SenseClk.o)
                0x00000dd4                CapSense_SenseClk_Stop
 .text.CapSense_SenseClk_SetFractionalDividerRegister
                0x00000de4       0x14 .\CortexM0\ARM_GCC_541\Debug\L102_Capsense_Slider_to_control_brightness.a(CapSense_SenseClk.o)
                0x00000de4                CapSense_SenseClk_SetFractionalDividerRegister
 .text.CyIntEnable
                0x00000df8       0x14 .\CortexM0\ARM_GCC_541\Debug\L102_Capsense_Slider_to_control_brightness.a(CyLib.o)
                0x00000df8                CyIntEnable
 .text.CyIntDisable
                0x00000e0c       0x14 .\CortexM0\ARM_GCC_541\Debug\L102_Capsense_Slider_to_control_brightness.a(CyLib.o)
                0x00000e0c                CyIntDisable
 .text.CyHalt   0x00000e20        0x4 .\CortexM0\ARM_GCC_541\Debug\L102_Capsense_Slider_to_control_brightness.a(CyLib.o)
                0x00000e20                CyHalt
 .text.CyIntSetVector
                0x00000e24       0x24 .\CortexM0\ARM_GCC_541\Debug\L102_Capsense_Slider_to_control_brightness.a(CyLib.o)
                0x00000e24                CyIntSetVector
 .text.CyIntSetPriority
                0x00000e48       0x4c .\CortexM0\ARM_GCC_541\Debug\L102_Capsense_Slider_to_control_brightness.a(CyLib.o)
                0x00000e48                CyIntSetPriority
 .text.CyDelayUs
                0x00000e94       0x14 .\CortexM0\ARM_GCC_541\Debug\L102_Capsense_Slider_to_control_brightness.a(CyLib.o)
                0x00000e94                CyDelayUs
 .text.CySysClkWriteImoFreq
                0x00000ea8      0x164 .\CortexM0\ARM_GCC_541\Debug\L102_Capsense_Slider_to_control_brightness.a(CyLib.o)
                0x00000ea8                CySysClkWriteImoFreq
 .text.CySysWdtLocked
                0x0000100c       0x14 .\CortexM0\ARM_GCC_541\Debug\L102_Capsense_Slider_to_control_brightness.a(CyLFClk.o)
 .text.CySysWdtLock
                0x00001020       0x1c .\CortexM0\ARM_GCC_541\Debug\L102_Capsense_Slider_to_control_brightness.a(CyLFClk.o)
                0x00001020                CySysWdtLock
 .text.CySysWdtUnlock
                0x0000103c       0x30 .\CortexM0\ARM_GCC_541\Debug\L102_Capsense_Slider_to_control_brightness.a(CyLFClk.o)
                0x0000103c                CySysWdtUnlock
 .text.CySysWdtClearInterrupt
                0x0000106c       0x4c .\CortexM0\ARM_GCC_541\Debug\L102_Capsense_Slider_to_control_brightness.a(CyLFClk.o)
                0x0000106c                CySysWdtClearInterrupt
 .text.CySysWdtIsr
                0x000010b8       0xa4 .\CortexM0\ARM_GCC_541\Debug\L102_Capsense_Slider_to_control_brightness.a(CyLFClk.o)
                0x000010b8                CySysWdtIsr
 .text.PWM_WriteCounter
                0x0000115c       0x10 .\CortexM0\ARM_GCC_541\Debug\L102_Capsense_Slider_to_control_brightness.a(PWM.o)
                0x0000115c                PWM_WriteCounter
 .text.PWM_WritePeriod
                0x0000116c       0x10 .\CortexM0\ARM_GCC_541\Debug\L102_Capsense_Slider_to_control_brightness.a(PWM.o)
                0x0000116c                PWM_WritePeriod
 .text.PWM_WriteCompare
                0x0000117c       0x10 .\CortexM0\ARM_GCC_541\Debug\L102_Capsense_Slider_to_control_brightness.a(PWM.o)
                0x0000117c                PWM_WriteCompare
 .text.PWM_TriggerCommand
                0x0000118c       0x1c .\CortexM0\ARM_GCC_541\Debug\L102_Capsense_Slider_to_control_brightness.a(PWM.o)
                0x0000118c                PWM_TriggerCommand
 .text.PWM_Enable
                0x000011a8       0x24 .\CortexM0\ARM_GCC_541\Debug\L102_Capsense_Slider_to_control_brightness.a(PWM.o)
                0x000011a8                PWM_Enable
 .text.PWM_SetInterruptMode
                0x000011cc        0xc .\CortexM0\ARM_GCC_541\Debug\L102_Capsense_Slider_to_control_brightness.a(PWM.o)
                0x000011cc                PWM_SetInterruptMode
 .text.PWM_Init
                0x000011d8       0x4c .\CortexM0\ARM_GCC_541\Debug\L102_Capsense_Slider_to_control_brightness.a(PWM.o)
                0x000011d8                PWM_Init
 .text.PWM_Start
                0x00001224       0x20 .\CortexM0\ARM_GCC_541\Debug\L102_Capsense_Slider_to_control_brightness.a(PWM.o)
                0x00001224                PWM_Start
 *fill*         0x00001244        0x4 
 .text          0x00001248       0x24 .\CortexM0\ARM_GCC_541\Debug\L102_Capsense_Slider_to_control_brightness.a(CyBootAsmGnu.o)
                0x00001248                CyDelayCycles
                0x0000125c                CyEnterCriticalSection
                0x00001264                CyExitCriticalSection
 .text.CalibrateOneDAC_P4_v2_60
                0x0000126c       0x40 C:\Program Files (x86)\Cypress\PSoC Creator\4.2\PSoC Creator\psoc\content\CyComponentLibrary\CyComponentLibrary.cylib\CapSense_CSD_P4_v2_60\PSoC4\Library\CapsenseP4Library_GCC.a(CSD_P4_SmartSense_v2_60.o)
                0x0000126c                CalibrateOneDAC_P4_v2_60
 .text.CalibrateSensors_P4_v2_60
                0x000012ac       0x22 C:\Program Files (x86)\Cypress\PSoC Creator\4.2\PSoC Creator\psoc\content\CyComponentLibrary\CyComponentLibrary.cylib\CapSense_CSD_P4_v2_60\PSoC4\Library\CapsenseP4Library_GCC.a(CSD_P4_SmartSense_v2_60.o)
                0x000012ac                CalibrateSensors_P4_v2_60
 .text.TunePrescalers_P4_v2_60
                0x000012ce       0x42 C:\Program Files (x86)\Cypress\PSoC Creator\4.2\PSoC Creator\psoc\content\CyComponentLibrary\CyComponentLibrary.cylib\CapSense_CSD_P4_v2_60\PSoC4\Library\CapsenseP4Library_GCC.a(CSD_P4_SmartSense_v2_60.o)
                0x000012ce                TunePrescalers_P4_v2_60
 .text.TuneSensitivity_P4_v2_60
                0x00001310       0xdc C:\Program Files (x86)\Cypress\PSoC Creator\4.2\PSoC Creator\psoc\content\CyComponentLibrary\CyComponentLibrary.cylib\CapSense_CSD_P4_v2_60\PSoC4\Library\CapsenseP4Library_GCC.a(CSD_P4_SmartSense_v2_60.o)
                0x00001310                TuneSensitivity_P4_v2_60
 .text.MeasureNoiseEnvelope_P4_v2_60
                0x000013ec       0xfc C:\Program Files (x86)\Cypress\PSoC Creator\4.2\PSoC Creator\psoc\content\CyComponentLibrary\CyComponentLibrary.cylib\CapSense_CSD_P4_v2_60\PSoC4\Library\CapsenseP4Library_GCC.a(CSD_P4_SmartSense_v2_60.o)
                0x000013ec                MeasureNoiseEnvelope_P4_v2_60
 .text.CalculateThresholds_P4_v2_60
                0x000014e8       0x36 C:\Program Files (x86)\Cypress\PSoC Creator\4.2\PSoC Creator\psoc\content\CyComponentLibrary\CyComponentLibrary.cylib\CapSense_CSD_P4_v2_60\PSoC4\Library\CapsenseP4Library_GCC.a(CSD_P4_SmartSense_v2_60.o)
                0x000014e8                CalculateThresholds_P4_v2_60
 *fill*         0x0000151e        0x2 
 .text          0x00001520      0x114 c:/program files (x86)/cypress/psoc creator/4.2/psoc creator/import/gnu/arm/5.4.1/bin/../lib/gcc/arm-none-eabi/5.4.1/armv6-m\libgcc.a(_udivsi3.o)
                0x00001520                __aeabi_uidiv
                0x00001520                __udivsi3
                0x0000162c                __aeabi_uidivmod
 .text          0x00001634      0x1d4 c:/program files (x86)/cypress/psoc creator/4.2/psoc creator/import/gnu/arm/5.4.1/bin/../lib/gcc/arm-none-eabi/5.4.1/armv6-m\libgcc.a(_divsi3.o)
                0x00001634                __divsi3
                0x00001634                __aeabi_idiv
                0x00001800                __aeabi_idivmod
 .text          0x00001808        0x4 c:/program files (x86)/cypress/psoc creator/4.2/psoc creator/import/gnu/arm/5.4.1/bin/../lib/gcc/arm-none-eabi/5.4.1/armv6-m\libgcc.a(_dvmd_tls.o)
                0x00001808                __aeabi_idiv0
                0x00001808                __aeabi_ldiv0
 .text.__errno  0x0000180c        0xc c:/program files (x86)/cypress/psoc creator/4.2/psoc creator/import/gnu/arm/5.4.1/bin/../lib/gcc/arm-none-eabi/5.4.1/../../../../arm-none-eabi/lib/armv6-m\libg_nano.a(lib_a-errno.o)
                0x0000180c                __errno
 .text.__libc_init_array
                0x00001818       0x4c c:/program files (x86)/cypress/psoc creator/4.2/psoc creator/import/gnu/arm/5.4.1/bin/../lib/gcc/arm-none-eabi/5.4.1/../../../../arm-none-eabi/lib/armv6-m\libg_nano.a(lib_a-init.o)
                0x00001818                __libc_init_array
 .text.memset   0x00001864       0x10 c:/program files (x86)/cypress/psoc creator/4.2/psoc creator/import/gnu/arm/5.4.1/bin/../lib/gcc/arm-none-eabi/5.4.1/../../../../arm-none-eabi/lib/armv6-m\libg_nano.a(lib_a-memset.o)
                0x00001864                memset
 *(.plt)
 *(.gnu.warning)
 *(.glue_7t)
 .glue_7t       0x00001874        0x0 linker stubs
 *(.glue_7)
 .glue_7        0x00001874        0x0 linker stubs
 *(.vfp11_veneer)
 .vfp11_veneer  0x00001874        0x0 linker stubs
 *(.bootloader)
 *(.ARM.extab* .gnu.linkonce.armextab.*)
 *(.gcc_except_table)

.v4_bx          0x00001874        0x0
 .v4_bx         0x00001874        0x0 linker stubs

.iplt           0x00001874        0x0
 .iplt          0x00001874        0x0 c:/program files (x86)/cypress/psoc creator/4.2/psoc creator/import/gnu/arm/5.4.1/bin/../lib/gcc/arm-none-eabi/5.4.1/armv6-m/crtbegin.o

.eh_frame_hdr
 *(.eh_frame_hdr)

.eh_frame       0x00001874        0x4
 *(.eh_frame)
 .eh_frame      0x00001874        0x0 c:/program files (x86)/cypress/psoc creator/4.2/psoc creator/import/gnu/arm/5.4.1/bin/../lib/gcc/arm-none-eabi/5.4.1/armv6-m/crtbegin.o
 .eh_frame      0x00001874        0x4 c:/program files (x86)/cypress/psoc creator/4.2/psoc creator/import/gnu/arm/5.4.1/bin/../lib/gcc/arm-none-eabi/5.4.1/armv6-m/crtend.o
                [!provide]                PROVIDE (__exidx_start, .)

.ARM.exidx
 *(.ARM.exidx* .gnu.linkonce.armexidx.*)
                0x00001878                __exidx_end = .

.rodata         0x00001878      0x198
 *(.rodata .rodata.* .gnu.linkonce.r.*)
 .rodata        0x00001878       0x54 .\CortexM0\ARM_GCC_541\Debug\cyfitter_cfg.o
 .rodata        0x000018cc       0x68 .\CortexM0\ARM_GCC_541\Debug\L102_Capsense_Slider_to_control_brightness.a(CapSense.o)
                0x000018cc                CapSense_portTable
                0x000018d4                CapSense_pinShiftTbl
                0x000018dc                CapSense_prtSelTbl
                0x000018f0                CapSense_prtCfgTbl
                0x00001904                CapSense_prtDRTbl
                0x00001918                CapSense_widgetNumber
                0x00001920                CapSense_maskTable
 .rodata        0x00001934        0x5 .\CortexM0\ARM_GCC_541\Debug\L102_Capsense_Slider_to_control_brightness.a(CapSense_CSHL.o)
                0x00001934                CapSense_numberOfSensors
                0x00001938                CapSense_rawDataIndex
 *fill*         0x00001939        0x3 
 .rodata        0x0000193c       0x6c .\CortexM0\ARM_GCC_541\Debug\L102_Capsense_Slider_to_control_brightness.a(CapSense_SMS.o)
                0x0000193c                CapSense_configPointers
                0x00001998                CapSense_prescalerTable
 .rodata        0x000019a8       0x2e .\CortexM0\ARM_GCC_541\Debug\L102_Capsense_Slider_to_control_brightness.a(CyLib.o)
                0x000019a8                cyImoFreqMhz2Reg
 .rodata.str1.1
                0x000019d6        0x2 c:/program files (x86)/cypress/psoc creator/4.2/psoc creator/import/gnu/arm/5.4.1/bin/../lib/gcc/arm-none-eabi/5.4.1/../../../../arm-none-eabi/lib/armv6-m\libg_nano.a(lib_a-impure.o)
                0x000019d8                . = ALIGN (0x4)
 *(.init)
 .init          0x000019d8        0x4 c:/program files (x86)/cypress/psoc creator/4.2/psoc creator/import/gnu/arm/5.4.1/bin/../lib/gcc/arm-none-eabi/5.4.1/armv6-m/crti.o
                0x000019d8                _init
 .init          0x000019dc        0x8 c:/program files (x86)/cypress/psoc creator/4.2/psoc creator/import/gnu/arm/5.4.1/bin/../lib/gcc/arm-none-eabi/5.4.1/armv6-m/crtn.o
                0x000019e4                . = ALIGN (0x4)
                0x000019e4                __preinit_array_start = .
 *(.preinit_array)
                0x000019e4                __preinit_array_end = .
                0x000019e4                . = ALIGN (0x4)
                0x000019e4                __init_array_start = .
 *(SORT(.init_array.*))
 *(.init_array)
 .init_array    0x000019e4        0x4 c:/program files (x86)/cypress/psoc creator/4.2/psoc creator/import/gnu/arm/5.4.1/bin/../lib/gcc/arm-none-eabi/5.4.1/armv6-m/crtbegin.o
 .init_array    0x000019e8        0x4 .\CortexM0\ARM_GCC_541\Debug\Cm0Start.o
                0x000019ec                __init_array_end = .
                0x000019ec                . = ALIGN (0x4)
 *(.fini)
 .fini          0x000019ec        0x4 c:/program files (x86)/cypress/psoc creator/4.2/psoc creator/import/gnu/arm/5.4.1/bin/../lib/gcc/arm-none-eabi/5.4.1/armv6-m/crti.o
                0x000019ec                _fini
 .fini          0x000019f0        0x8 c:/program files (x86)/cypress/psoc creator/4.2/psoc creator/import/gnu/arm/5.4.1/bin/../lib/gcc/arm-none-eabi/5.4.1/armv6-m/crtn.o
                0x000019f8                . = ALIGN (0x4)
                0x000019f8                __fini_array_start = .
 *(.fini_array)
 .fini_array    0x000019f8        0x4 c:/program files (x86)/cypress/psoc creator/4.2/psoc creator/import/gnu/arm/5.4.1/bin/../lib/gcc/arm-none-eabi/5.4.1/armv6-m/crtbegin.o
 *(SORT(.fini_array.*))
                0x000019fc                __fini_array_end = .
                0x000019fc                . = ALIGN (0x4)
 *crtbegin.o(.ctors)
 *(EXCLUDE_FILE(*crtend.o) .ctors)
 *(SORT(.ctors.*))
 *crtend.o(.ctors)
                0x000019fc                . = ALIGN (0x4)
 *crtbegin.o(.dtors)
 *(EXCLUDE_FILE(*crtend.o) .dtors)
 *(SORT(.dtors.*))
 *crtend.o(.dtors)
                0x000019fc                . = ALIGN (0x4)
                0x000019fc                __cy_regions = .
                0x000019fc        0x4 LONG 0x1a10 __cy_region_init_ram
                0x00001a00        0x4 LONG 0x200000c0 __cy_region_start_data
                0x00001a04        0x4 LONG 0xb8 __cy_region_init_size_ram
                0x00001a08        0x4 LONG 0x128 __cy_region_zero_size_ram
                0x00001a0c                __cy_regions_end = .
                0x00001a10                . = ALIGN (0x8)
 *fill*         0x00001a0c        0x4 
                0x00001a10                _etext = .

.cy_checksum_exclude
                0x00001a10        0x0
 *(.cy_checksum_exclude)

.ramvectors     0x20000000       0xc0
                0x20000000                __cy_region_start_ram = .
 *(.ramvectors)
 .ramvectors    0x20000000       0xc0 .\CortexM0\ARM_GCC_541\Debug\Cm0Start.o
                0x20000000                CyRamVectors

.noinit
 *(.noinit)

.data           0x200000c0       0xb8 load address 0x00001a10
                0x200000c0                __cy_region_start_data = .
 *(.jcr)
 .jcr           0x200000c0        0x0 c:/program files (x86)/cypress/psoc creator/4.2/psoc creator/import/gnu/arm/5.4.1/bin/../lib/gcc/arm-none-eabi/5.4.1/armv6-m/crtbegin.o
 .jcr           0x200000c0        0x4 c:/program files (x86)/cypress/psoc creator/4.2/psoc creator/import/gnu/arm/5.4.1/bin/../lib/gcc/arm-none-eabi/5.4.1/armv6-m/crtend.o
 *(.got.plt)
 *(.got)
 *(.shdata)
 *(.data .data.* .gnu.linkonce.d.*)
 .data          0x200000c4       0x1c .\CortexM0\ARM_GCC_541\Debug\L102_Capsense_Slider_to_control_brightness.a(CapSense.o)
                0x200000c4                CapSense_widgetResolution
                0x200000c8                CapSense_sensorEnableMask
                0x200000cc                CapSense_pcTable
 .data          0x200000e0        0xf .\CortexM0\ARM_GCC_541\Debug\L102_Capsense_Slider_to_control_brightness.a(CapSense_CSHL.o)
                0x200000e0                CapSense_debounce
                0x200000e4                CapSense_lowBaselineReset
                0x200000e9                CapSense_enableRawFilters
 *fill*         0x200000ef        0x1 
 .data          0x200000f0        0x5 .\CortexM0\ARM_GCC_541\Debug\L102_Capsense_Slider_to_control_brightness.a(CapSense_SMS.o)
                0x200000f0                CapSense_sensorSensitivity
 *fill*         0x200000f5        0x3 
 .data          0x200000f8       0x14 .\CortexM0\ARM_GCC_541\Debug\L102_Capsense_Slider_to_control_brightness.a(CyLib.o)
                0x200000f8                CySysClkPumpConfig
                0x200000fc                cydelay32kMs
                0x20000100                cydelayFreqKhz
                0x20000104                cydelayFreqMhz
                0x20000108                cydelayFreqHz
 .data          0x2000010c        0x4 .\CortexM0\ARM_GCC_541\Debug\L102_Capsense_Slider_to_control_brightness.a(CyLFClk.o)
 .data.impure_data
                0x20000110       0x60 c:/program files (x86)/cypress/psoc creator/4.2/psoc creator/import/gnu/arm/5.4.1/bin/../lib/gcc/arm-none-eabi/5.4.1/../../../../arm-none-eabi/lib/armv6-m\libg_nano.a(lib_a-impure.o)
 .data._impure_ptr
                0x20000170        0x4 c:/program files (x86)/cypress/psoc creator/4.2/psoc creator/import/gnu/arm/5.4.1/bin/../lib/gcc/arm-none-eabi/5.4.1/../../../../arm-none-eabi/lib/armv6-m\libg_nano.a(lib_a-impure.o)
                0x20000170                _impure_ptr
                0x20000178                . = ALIGN (0x8)
 *fill*         0x20000174        0x4 
 *(.ram)
                0x20000178                _edata = .

.igot.plt       0x20000178        0x0 load address 0x00001ac8
 .igot.plt      0x20000178        0x0 c:/program files (x86)/cypress/psoc creator/4.2/psoc creator/import/gnu/arm/5.4.1/bin/../lib/gcc/arm-none-eabi/5.4.1/armv6-m/crtbegin.o

.bss            0x20000178      0x128 load address 0x00001ac8
                0x20000178                PROVIDE (__bss_start__, .)
 *(.shbss)
 *(.bss .bss.* .gnu.linkonce.b.*)
 .bss           0x20000178       0x1c c:/program files (x86)/cypress/psoc creator/4.2/psoc creator/import/gnu/arm/5.4.1/bin/../lib/gcc/arm-none-eabi/5.4.1/armv6-m/crtbegin.o
 .bss           0x20000194       0x11 .\CortexM0\ARM_GCC_541\Debug\L102_Capsense_Slider_to_control_brightness.a(CapSense.o)
                0x20000194                CapSense_csdStatusVar
                0x20000198                CapSense_sensorRaw
                0x200001a2                CapSense_sensorIndex
                0x200001a4                CapSense_lowLevelTuningDone
 *fill*         0x200001a5        0x3 
 .bss           0x200001a8       0x27 .\CortexM0\ARM_GCC_541\Debug\L102_Capsense_Slider_to_control_brightness.a(CapSense_CSHL.o)
                0x200001a8                CapSense_sensorBaseline
                0x200001b4                CapSense_sensorBaselineLow
                0x200001bc                CapSense_sensorSignal
                0x200001c8                CapSense_sensorOnMask
 .bss           0x200001cf        0x1 .\CortexM0\ARM_GCC_541\Debug\L102_Capsense_Slider_to_control_brightness.a(CapSense_INT.o)
 .bss           0x200001d0       0x20 .\CortexM0\ARM_GCC_541\Debug\L102_Capsense_Slider_to_control_brightness.a(CyLFClk.o)
 .bss           0x200001f0        0x1 .\CortexM0\ARM_GCC_541\Debug\L102_Capsense_Slider_to_control_brightness.a(PWM.o)
                0x200001f0                PWM_initVar
 *(COMMON)
 *fill*         0x200001f1        0x3 
 COMMON         0x200001f4       0x31 .\CortexM0\ARM_GCC_541\Debug\L102_Capsense_Slider_to_control_brightness.a(CapSense.o)
                0x200001f4                CapSense_csdTrim1
                0x200001f8                CapSense_scanSpeedTbl
                0x200001fc                CapSense_sensorEnableMaskBackup
                0x20000200                CapSense_senseClkDividerVal
                0x20000208                CapSense_modulationIDAC
                0x20000210                CapSense_compensationIDAC
                0x20000218                CapSense_unscannedSnsDriveMode
                0x20000220                CapSense_sampleClkDividerVal
 *fill*         0x20000225        0x3 
 COMMON         0x20000228       0x21 .\CortexM0\ARM_GCC_541\Debug\L102_Capsense_Slider_to_control_brightness.a(CapSense_CSHL.o)
                0x20000228                CapSense_noiseThreshold
                0x2000022c                CapSense_lowBaselineResetCnt
                0x20000234                CapSense_negativeNoiseThreshold
                0x20000238                CapSense_rawFilterData1
                0x20000244                CapSense_hysteresis
                0x20000248                CapSense_fingerThreshold
 *fill*         0x20000249        0x3 
 COMMON         0x2000024c       0x4d .\CortexM0\ARM_GCC_541\Debug\L102_Capsense_Slider_to_control_brightness.a(CapSense_SMS.o)
                0x2000024c                CapSense_runningDifferenceTbl
                0x20000254                CapSense_signRegisterTbl
                0x2000025c                CapSense_sampleMaxTbl
                0x20000268                CapSense_noiseEnvelopeTbl
                0x20000270                CapSense_previousSampleTbl
                0x2000027c                CapSense_sampleMinTbl
                0x20000288                CapSense_config
                0x20000294                CapSense_kValueTbl
                0x200002a0                . = ALIGN (0x8)
 *fill*         0x20000299        0x7 
 *(.ram.b)
                0x200002a0                _end = .
                0x200002a0                __end = .
                0x200002a0                PROVIDE (end, .)
                0x200002a0                PROVIDE (__bss_end__, .)
                0x00001a10                __cy_region_init_ram = LOADADDR (.data)
                0x000000b8                __cy_region_init_size_ram = (_edata - ADDR (.data))
                0x00000128                __cy_region_zero_size_ram = (_end - _edata)

.heap           0x200002a0       0x80 load address 0x00001ac8
                0x200002a0                . = _end
                0x20000320                . = (. + 0x80)
 *fill*         0x200002a0       0x80 
                0x20000320                __cy_heap_limit = .

.stack          0x20000c00      0x400
                0x20000c00                __cy_stack_limit = .
                0x20001000                . = (. + 0x400)
 *fill*         0x20000c00      0x400 
                0x00000001                ASSERT ((__cy_stack_limit >= __cy_heap_limit), region RAM overflowed with stack)
                0x00000000                cy_checksum_exclude_size = (CY_APPL_LOADABLE == 0x1)?SIZEOF (.cy_checksum_exclude):0x0
                0x00000001                ASSERT ((cy_checksum_exclude_size <= CY_CHECKSUM_EXCLUDE_SIZE), CY_BOOT: Section .cy_checksum_exclude size exceedes specified limit.)
                0x00007fc0                cyloadermeta_start = (cy_project_type_bootloader || cy_project_type_app_for_stack_and_copier)?(LENGTH (rom) - CY_METADATA_SIZE):0xf0000000

.cyloadermeta
 *(.cyloadermeta)
                0x00007fc0                cyloadablemeta_start = cy_project_type_app_for_stack_and_copier?((LENGTH (rom) - CY_FLASH_ROW_SIZE) - CY_METADATA_SIZE):((LENGTH (rom) - (CY_FLASH_ROW_SIZE * (CY_APPL_NUM - 0x1))) - CY_METADATA_SIZE)

.cyloadablemeta
 *(.cyloadablemeta)

.cyflashprotect
                0x90400000       0x20
 *(.cyflashprotect)
 .cyflashprotect
                0x90400000       0x20 .\CortexM0\ARM_GCC_541\Debug\cymetadata.o
                0x90400000                cy_meta_flashprotect

.cymeta         0x90500000        0xc
 *(.cymeta)
 .cymeta        0x90500000        0xc .\CortexM0\ARM_GCC_541\Debug\cymetadata.o
                0x90500000                cy_metadata

.cychipprotect  0x90600000        0x1
 *(.cychipprotect)
 .cychipprotect
                0x90600000        0x1 .\CortexM0\ARM_GCC_541\Debug\cymetadata.o
                0x90600000                cy_meta_chipprotect

.rel.dyn        0x00001ac8        0x0 load address 0x90600004
 .rel.iplt      0x00001ac8        0x0 c:/program files (x86)/cypress/psoc creator/4.2/psoc creator/import/gnu/arm/5.4.1/bin/../lib/gcc/arm-none-eabi/5.4.1/armv6-m/crtbegin.o

.stab
 *(.stab)

.stabstr
 *(.stabstr)

.debug
 *(.debug)

.line
 *(.line)

.debug_srcinfo
 *(.debug_srcinfo)

.debug_sfnames
 *(.debug_sfnames)

.debug_aranges  0x00000000      0x8e0
 *(.debug_aranges)
 .debug_aranges
                0x00000000       0x20 .\CortexM0\ARM_GCC_541\Debug\main.o
 .debug_aranges
                0x00000020       0x48 .\CortexM0\ARM_GCC_541\Debug\cyfitter_cfg.o
 .debug_aranges
                0x00000068       0x18 .\CortexM0\ARM_GCC_541\Debug\cymetadata.o
 .debug_aranges
                0x00000080       0x48 .\CortexM0\ARM_GCC_541\Debug\Cm0Start.o
 .debug_aranges
                0x000000c8      0x158 .\CortexM0\ARM_GCC_541\Debug\L102_Capsense_Slider_to_control_brightness.a(CapSense.o)
 .debug_aranges
                0x00000220      0x148 .\CortexM0\ARM_GCC_541\Debug\L102_Capsense_Slider_to_control_brightness.a(CapSense_CSHL.o)
 .debug_aranges
                0x00000368       0x20 .\CortexM0\ARM_GCC_541\Debug\L102_Capsense_Slider_to_control_brightness.a(CapSense_INT.o)
 .debug_aranges
                0x00000388       0x60 .\CortexM0\ARM_GCC_541\Debug\L102_Capsense_Slider_to_control_brightness.a(CapSense_SMS.o)
 .debug_aranges
                0x000003e8       0x40 .\CortexM0\ARM_GCC_541\Debug\L102_Capsense_Slider_to_control_brightness.a(CapSense_SampleClk.o)
 .debug_aranges
                0x00000428       0x40 .\CortexM0\ARM_GCC_541\Debug\L102_Capsense_Slider_to_control_brightness.a(CapSense_SenseClk.o)
 .debug_aranges
                0x00000468      0x180 .\CortexM0\ARM_GCC_541\Debug\L102_Capsense_Slider_to_control_brightness.a(CyLib.o)
 .debug_aranges
                0x000005e8      0x138 .\CortexM0\ARM_GCC_541\Debug\L102_Capsense_Slider_to_control_brightness.a(CyLFClk.o)
 .debug_aranges
                0x00000720      0x158 .\CortexM0\ARM_GCC_541\Debug\L102_Capsense_Slider_to_control_brightness.a(PWM.o)
 .debug_aranges
                0x00000878       0x20 .\CortexM0\ARM_GCC_541\Debug\L102_Capsense_Slider_to_control_brightness.a(CyBootAsmGnu.o)
 .debug_aranges
                0x00000898       0x48 C:\Program Files (x86)\Cypress\PSoC Creator\4.2\PSoC Creator\psoc\content\CyComponentLibrary\CyComponentLibrary.cylib\CapSense_CSD_P4_v2_60\PSoC4\Library\CapsenseP4Library_GCC.a(CSD_P4_SmartSense_v2_60.o)

.debug_pubnames
 *(.debug_pubnames)

.debug_info     0x00000000     0x5f12
 *(.debug_info .gnu.linkonce.wi.*)
 .debug_info    0x00000000      0x16f .\CortexM0\ARM_GCC_541\Debug\main.o
 .debug_info    0x0000016f      0x404 .\CortexM0\ARM_GCC_541\Debug\cyfitter_cfg.o
 .debug_info    0x00000573       0xf8 .\CortexM0\ARM_GCC_541\Debug\cymetadata.o
 .debug_info    0x0000066b      0x3a2 .\CortexM0\ARM_GCC_541\Debug\Cm0Start.o
 .debug_info    0x00000a0d     0x1082 .\CortexM0\ARM_GCC_541\Debug\L102_Capsense_Slider_to_control_brightness.a(CapSense.o)
 .debug_info    0x00001a8f     0x1116 .\CortexM0\ARM_GCC_541\Debug\L102_Capsense_Slider_to_control_brightness.a(CapSense_CSHL.o)
 .debug_info    0x00002ba5      0x198 .\CortexM0\ARM_GCC_541\Debug\L102_Capsense_Slider_to_control_brightness.a(CapSense_INT.o)
 .debug_info    0x00002d3d      0x7ca .\CortexM0\ARM_GCC_541\Debug\L102_Capsense_Slider_to_control_brightness.a(CapSense_SMS.o)
 .debug_info    0x00003507      0x14e .\CortexM0\ARM_GCC_541\Debug\L102_Capsense_Slider_to_control_brightness.a(CapSense_SampleClk.o)
 .debug_info    0x00003655      0x14e .\CortexM0\ARM_GCC_541\Debug\L102_Capsense_Slider_to_control_brightness.a(CapSense_SenseClk.o)
 .debug_info    0x000037a3      0xaec .\CortexM0\ARM_GCC_541\Debug\L102_Capsense_Slider_to_control_brightness.a(CyLib.o)
 .debug_info    0x0000428f      0xcfe .\CortexM0\ARM_GCC_541\Debug\L102_Capsense_Slider_to_control_brightness.a(CyLFClk.o)
 .debug_info    0x00004f8d      0x909 .\CortexM0\ARM_GCC_541\Debug\L102_Capsense_Slider_to_control_brightness.a(PWM.o)
 .debug_info    0x00005896       0x9a .\CortexM0\ARM_GCC_541\Debug\L102_Capsense_Slider_to_control_brightness.a(CyBootAsmGnu.o)
 .debug_info    0x00005930      0x5e2 C:\Program Files (x86)\Cypress\PSoC Creator\4.2\PSoC Creator\psoc\content\CyComponentLibrary\CyComponentLibrary.cylib\CapSense_CSD_P4_v2_60\PSoC4\Library\CapsenseP4Library_GCC.a(CSD_P4_SmartSense_v2_60.o)

.debug_abbrev   0x00000000     0x12e9
 *(.debug_abbrev)
 .debug_abbrev  0x00000000       0x92 .\CortexM0\ARM_GCC_541\Debug\main.o
 .debug_abbrev  0x00000092      0x1cf .\CortexM0\ARM_GCC_541\Debug\cyfitter_cfg.o
 .debug_abbrev  0x00000261       0x5d .\CortexM0\ARM_GCC_541\Debug\cymetadata.o
 .debug_abbrev  0x000002be      0x1d7 .\CortexM0\ARM_GCC_541\Debug\Cm0Start.o
 .debug_abbrev  0x00000495      0x188 .\CortexM0\ARM_GCC_541\Debug\L102_Capsense_Slider_to_control_brightness.a(CapSense.o)
 .debug_abbrev  0x0000061d      0x242 .\CortexM0\ARM_GCC_541\Debug\L102_Capsense_Slider_to_control_brightness.a(CapSense_CSHL.o)
 .debug_abbrev  0x0000085f       0xca .\CortexM0\ARM_GCC_541\Debug\L102_Capsense_Slider_to_control_brightness.a(CapSense_INT.o)
 .debug_abbrev  0x00000929      0x1d5 .\CortexM0\ARM_GCC_541\Debug\L102_Capsense_Slider_to_control_brightness.a(CapSense_SMS.o)
 .debug_abbrev  0x00000afe       0xb7 .\CortexM0\ARM_GCC_541\Debug\L102_Capsense_Slider_to_control_brightness.a(CapSense_SampleClk.o)
 .debug_abbrev  0x00000bb5       0xb7 .\CortexM0\ARM_GCC_541\Debug\L102_Capsense_Slider_to_control_brightness.a(CapSense_SenseClk.o)
 .debug_abbrev  0x00000c6c      0x1e0 .\CortexM0\ARM_GCC_541\Debug\L102_Capsense_Slider_to_control_brightness.a(CyLib.o)
 .debug_abbrev  0x00000e4c      0x210 .\CortexM0\ARM_GCC_541\Debug\L102_Capsense_Slider_to_control_brightness.a(CyLFClk.o)
 .debug_abbrev  0x0000105c      0x119 .\CortexM0\ARM_GCC_541\Debug\L102_Capsense_Slider_to_control_brightness.a(PWM.o)
 .debug_abbrev  0x00001175       0x14 .\CortexM0\ARM_GCC_541\Debug\L102_Capsense_Slider_to_control_brightness.a(CyBootAsmGnu.o)
 .debug_abbrev  0x00001189      0x160 C:\Program Files (x86)\Cypress\PSoC Creator\4.2\PSoC Creator\psoc\content\CyComponentLibrary\CyComponentLibrary.cylib\CapSense_CSD_P4_v2_60\PSoC4\Library\CapsenseP4Library_GCC.a(CSD_P4_SmartSense_v2_60.o)

.debug_line     0x00000000     0x2142
 *(.debug_line)
 .debug_line    0x00000000       0x8e .\CortexM0\ARM_GCC_541\Debug\main.o
 .debug_line    0x0000008e      0x194 .\CortexM0\ARM_GCC_541\Debug\cyfitter_cfg.o
 .debug_line    0x00000222      0x141 .\CortexM0\ARM_GCC_541\Debug\cymetadata.o
 .debug_line    0x00000363      0x235 .\CortexM0\ARM_GCC_541\Debug\Cm0Start.o
 .debug_line    0x00000598      0x4f0 .\CortexM0\ARM_GCC_541\Debug\L102_Capsense_Slider_to_control_brightness.a(CapSense.o)
 .debug_line    0x00000a88      0x47a .\CortexM0\ARM_GCC_541\Debug\L102_Capsense_Slider_to_control_brightness.a(CapSense_CSHL.o)
 .debug_line    0x00000f02       0xac .\CortexM0\ARM_GCC_541\Debug\L102_Capsense_Slider_to_control_brightness.a(CapSense_INT.o)
 .debug_line    0x00000fae      0x1ab .\CortexM0\ARM_GCC_541\Debug\L102_Capsense_Slider_to_control_brightness.a(CapSense_SMS.o)
 .debug_line    0x00001159       0xb8 .\CortexM0\ARM_GCC_541\Debug\L102_Capsense_Slider_to_control_brightness.a(CapSense_SampleClk.o)
 .debug_line    0x00001211       0xb7 .\CortexM0\ARM_GCC_541\Debug\L102_Capsense_Slider_to_control_brightness.a(CapSense_SenseClk.o)
 .debug_line    0x000012c8      0x460 .\CortexM0\ARM_GCC_541\Debug\L102_Capsense_Slider_to_control_brightness.a(CyLib.o)
 .debug_line    0x00001728      0x466 .\CortexM0\ARM_GCC_541\Debug\L102_Capsense_Slider_to_control_brightness.a(CyLFClk.o)
 .debug_line    0x00001b8e      0x37c .\CortexM0\ARM_GCC_541\Debug\L102_Capsense_Slider_to_control_brightness.a(PWM.o)
 .debug_line    0x00001f0a       0x69 .\CortexM0\ARM_GCC_541\Debug\L102_Capsense_Slider_to_control_brightness.a(CyBootAsmGnu.o)
 .debug_line    0x00001f73      0x1cf C:\Program Files (x86)\Cypress\PSoC Creator\4.2\PSoC Creator\psoc\content\CyComponentLibrary\CyComponentLibrary.cylib\CapSense_CSD_P4_v2_60\PSoC4\Library\CapsenseP4Library_GCC.a(CSD_P4_SmartSense_v2_60.o)

.debug_frame    0x00000000     0x1794
 *(.debug_frame)
 .debug_frame   0x00000000       0x2c .\CortexM0\ARM_GCC_541\Debug\main.o
 .debug_frame   0x0000002c       0xb8 .\CortexM0\ARM_GCC_541\Debug\cyfitter_cfg.o
 .debug_frame   0x000000e4       0xbc .\CortexM0\ARM_GCC_541\Debug\Cm0Start.o
 .debug_frame   0x000001a0      0x3cc .\CortexM0\ARM_GCC_541\Debug\L102_Capsense_Slider_to_control_brightness.a(CapSense.o)
 .debug_frame   0x0000056c      0x368 .\CortexM0\ARM_GCC_541\Debug\L102_Capsense_Slider_to_control_brightness.a(CapSense_CSHL.o)
 .debug_frame   0x000008d4       0x2c .\CortexM0\ARM_GCC_541\Debug\L102_Capsense_Slider_to_control_brightness.a(CapSense_INT.o)
 .debug_frame   0x00000900       0xec .\CortexM0\ARM_GCC_541\Debug\L102_Capsense_Slider_to_control_brightness.a(CapSense_SMS.o)
 .debug_frame   0x000009ec       0x60 .\CortexM0\ARM_GCC_541\Debug\L102_Capsense_Slider_to_control_brightness.a(CapSense_SampleClk.o)
 .debug_frame   0x00000a4c       0x60 .\CortexM0\ARM_GCC_541\Debug\L102_Capsense_Slider_to_control_brightness.a(CapSense_SenseClk.o)
 .debug_frame   0x00000aac      0x3e0 .\CortexM0\ARM_GCC_541\Debug\L102_Capsense_Slider_to_control_brightness.a(CyLib.o)
 .debug_frame   0x00000e8c      0x3a8 .\CortexM0\ARM_GCC_541\Debug\L102_Capsense_Slider_to_control_brightness.a(CyLFClk.o)
 .debug_frame   0x00001234      0x3a0 .\CortexM0\ARM_GCC_541\Debug\L102_Capsense_Slider_to_control_brightness.a(PWM.o)
 .debug_frame   0x000015d4       0xec C:\Program Files (x86)\Cypress\PSoC Creator\4.2\PSoC Creator\psoc\content\CyComponentLibrary\CyComponentLibrary.cylib\CapSense_CSD_P4_v2_60\PSoC4\Library\CapsenseP4Library_GCC.a(CSD_P4_SmartSense_v2_60.o)
 .debug_frame   0x000016c0       0x20 c:/program files (x86)/cypress/psoc creator/4.2/psoc creator/import/gnu/arm/5.4.1/bin/../lib/gcc/arm-none-eabi/5.4.1/armv6-m\libgcc.a(_udivsi3.o)
 .debug_frame   0x000016e0       0x20 c:/program files (x86)/cypress/psoc creator/4.2/psoc creator/import/gnu/arm/5.4.1/bin/../lib/gcc/arm-none-eabi/5.4.1/armv6-m\libgcc.a(_divsi3.o)
 .debug_frame   0x00001700       0x20 c:/program files (x86)/cypress/psoc creator/4.2/psoc creator/import/gnu/arm/5.4.1/bin/../lib/gcc/arm-none-eabi/5.4.1/../../../../arm-none-eabi/lib/armv6-m\libg_nano.a(lib_a-errno.o)
 .debug_frame   0x00001720       0x28 c:/program files (x86)/cypress/psoc creator/4.2/psoc creator/import/gnu/arm/5.4.1/bin/../lib/gcc/arm-none-eabi/5.4.1/../../../../arm-none-eabi/lib/armv6-m\libg_nano.a(lib_a-exit.o)
 .debug_frame   0x00001748       0x2c c:/program files (x86)/cypress/psoc creator/4.2/psoc creator/import/gnu/arm/5.4.1/bin/../lib/gcc/arm-none-eabi/5.4.1/../../../../arm-none-eabi/lib/armv6-m\libg_nano.a(lib_a-init.o)
 .debug_frame   0x00001774       0x20 c:/program files (x86)/cypress/psoc creator/4.2/psoc creator/import/gnu/arm/5.4.1/bin/../lib/gcc/arm-none-eabi/5.4.1/../../../../arm-none-eabi/lib/armv6-m\libg_nano.a(lib_a-memset.o)

.debug_str      0x00000000     0x28c7
 *(.debug_str)
 .debug_str     0x00000000      0x211 .\CortexM0\ARM_GCC_541\Debug\main.o
                                0x251 (size before relaxing)
 .debug_str     0x00000211      0x153 .\CortexM0\ARM_GCC_541\Debug\cyfitter_cfg.o
                                0x307 (size before relaxing)
 .debug_str     0x00000364       0x63 .\CortexM0\ARM_GCC_541\Debug\cymetadata.o
                                0x1d2 (size before relaxing)
 .debug_str     0x000003c7      0x13a .\CortexM0\ARM_GCC_541\Debug\Cm0Start.o
                                0x30b (size before relaxing)
 .debug_str     0x00000501      0x8cc .\CortexM0\ARM_GCC_541\Debug\L102_Capsense_Slider_to_control_brightness.a(CapSense.o)
                                0xad9 (size before relaxing)
 .debug_str     0x00000dcd      0x7e5 .\CortexM0\ARM_GCC_541\Debug\L102_Capsense_Slider_to_control_brightness.a(CapSense_CSHL.o)
                                0xbfb (size before relaxing)
 .debug_str     0x000015b2       0x48 .\CortexM0\ARM_GCC_541\Debug\L102_Capsense_Slider_to_control_brightness.a(CapSense_INT.o)
                                0x299 (size before relaxing)
 .debug_str     0x000015fa      0x25a .\CortexM0\ARM_GCC_541\Debug\L102_Capsense_Slider_to_control_brightness.a(CapSense_SMS.o)
                                0x7ef (size before relaxing)
 .debug_str     0x00001854       0xaa .\CortexM0\ARM_GCC_541\Debug\L102_Capsense_Slider_to_control_brightness.a(CapSense_SampleClk.o)
                                0x295 (size before relaxing)
 .debug_str     0x000018fe       0x7f .\CortexM0\ARM_GCC_541\Debug\L102_Capsense_Slider_to_control_brightness.a(CapSense_SenseClk.o)
                                0x28f (size before relaxing)
 .debug_str     0x0000197d      0x462 .\CortexM0\ARM_GCC_541\Debug\L102_Capsense_Slider_to_control_brightness.a(CyLib.o)
                                0x6c0 (size before relaxing)
 .debug_str     0x00001ddf      0x521 .\CortexM0\ARM_GCC_541\Debug\L102_Capsense_Slider_to_control_brightness.a(CyLFClk.o)
                                0x747 (size before relaxing)
 .debug_str     0x00002300      0x377 .\CortexM0\ARM_GCC_541\Debug\L102_Capsense_Slider_to_control_brightness.a(PWM.o)
                                0x567 (size before relaxing)
 .debug_str     0x00002677      0x250 C:\Program Files (x86)\Cypress\PSoC Creator\4.2\PSoC Creator\psoc\content\CyComponentLibrary\CyComponentLibrary.cylib\CapSense_CSD_P4_v2_60\PSoC4\Library\CapsenseP4Library_GCC.a(CSD_P4_SmartSense_v2_60.o)
                                0x59d (size before relaxing)

.debug_loc      0x00000000     0x35bc
 *(.debug_loc)
 .debug_loc     0x00000000       0x1f .\CortexM0\ARM_GCC_541\Debug\main.o
 .debug_loc     0x0000001f      0x14d .\CortexM0\ARM_GCC_541\Debug\cyfitter_cfg.o
 .debug_loc     0x0000016c      0x14f .\CortexM0\ARM_GCC_541\Debug\Cm0Start.o
 .debug_loc     0x000002bb      0xbc6 .\CortexM0\ARM_GCC_541\Debug\L102_Capsense_Slider_to_control_brightness.a(CapSense.o)
 .debug_loc     0x00000e81      0x9e3 .\CortexM0\ARM_GCC_541\Debug\L102_Capsense_Slider_to_control_brightness.a(CapSense_CSHL.o)
 .debug_loc     0x00001864      0x20f .\CortexM0\ARM_GCC_541\Debug\L102_Capsense_Slider_to_control_brightness.a(CapSense_SMS.o)
 .debug_loc     0x00001a73       0x13 .\CortexM0\ARM_GCC_541\Debug\L102_Capsense_Slider_to_control_brightness.a(CapSense_SampleClk.o)
 .debug_loc     0x00001a86       0x13 .\CortexM0\ARM_GCC_541\Debug\L102_Capsense_Slider_to_control_brightness.a(CapSense_SenseClk.o)
 .debug_loc     0x00001a99      0x599 .\CortexM0\ARM_GCC_541\Debug\L102_Capsense_Slider_to_control_brightness.a(CyLib.o)
 .debug_loc     0x00002032      0x9b5 .\CortexM0\ARM_GCC_541\Debug\L102_Capsense_Slider_to_control_brightness.a(CyLFClk.o)
 .debug_loc     0x000029e7      0x547 .\CortexM0\ARM_GCC_541\Debug\L102_Capsense_Slider_to_control_brightness.a(PWM.o)
 .debug_loc     0x00002f2e      0x68e C:\Program Files (x86)\Cypress\PSoC Creator\4.2\PSoC Creator\psoc\content\CyComponentLibrary\CyComponentLibrary.cylib\CapSense_CSD_P4_v2_60\PSoC4\Library\CapsenseP4Library_GCC.a(CSD_P4_SmartSense_v2_60.o)

.debug_macinfo
 *(.debug_macinfo)

.debug_ranges   0x00000000      0x7d8
 *(.debug_ranges)
 .debug_ranges  0x00000000       0x10 .\CortexM0\ARM_GCC_541\Debug\main.o
 .debug_ranges  0x00000010       0x38 .\CortexM0\ARM_GCC_541\Debug\cyfitter_cfg.o
 .debug_ranges  0x00000048       0x38 .\CortexM0\ARM_GCC_541\Debug\Cm0Start.o
 .debug_ranges  0x00000080      0x148 .\CortexM0\ARM_GCC_541\Debug\L102_Capsense_Slider_to_control_brightness.a(CapSense.o)
 .debug_ranges  0x000001c8      0x138 .\CortexM0\ARM_GCC_541\Debug\L102_Capsense_Slider_to_control_brightness.a(CapSense_CSHL.o)
 .debug_ranges  0x00000300       0x10 .\CortexM0\ARM_GCC_541\Debug\L102_Capsense_Slider_to_control_brightness.a(CapSense_INT.o)
 .debug_ranges  0x00000310       0x50 .\CortexM0\ARM_GCC_541\Debug\L102_Capsense_Slider_to_control_brightness.a(CapSense_SMS.o)
 .debug_ranges  0x00000360       0x30 .\CortexM0\ARM_GCC_541\Debug\L102_Capsense_Slider_to_control_brightness.a(CapSense_SampleClk.o)
 .debug_ranges  0x00000390       0x30 .\CortexM0\ARM_GCC_541\Debug\L102_Capsense_Slider_to_control_brightness.a(CapSense_SenseClk.o)
 .debug_ranges  0x000003c0      0x170 .\CortexM0\ARM_GCC_541\Debug\L102_Capsense_Slider_to_control_brightness.a(CyLib.o)
 .debug_ranges  0x00000530      0x128 .\CortexM0\ARM_GCC_541\Debug\L102_Capsense_Slider_to_control_brightness.a(CyLFClk.o)
 .debug_ranges  0x00000658      0x148 .\CortexM0\ARM_GCC_541\Debug\L102_Capsense_Slider_to_control_brightness.a(PWM.o)
 .debug_ranges  0x000007a0       0x38 C:\Program Files (x86)\Cypress\PSoC Creator\4.2\PSoC Creator\psoc\content\CyComponentLibrary\CyComponentLibrary.cylib\CapSense_CSD_P4_v2_60\PSoC4\Library\CapsenseP4Library_GCC.a(CSD_P4_SmartSense_v2_60.o)

.comment        0x00000000       0xde
 .comment       0x00000000       0x6e .\CortexM0\ARM_GCC_541\Debug\main.o
                                 0x6f (size before relaxing)
 .comment       0x0000006e       0x6f .\CortexM0\ARM_GCC_541\Debug\cyfitter_cfg.o
 .comment       0x0000006e       0x6f .\CortexM0\ARM_GCC_541\Debug\cymetadata.o
 .comment       0x0000006e       0x6f .\CortexM0\ARM_GCC_541\Debug\Cm0Start.o
 .comment       0x0000006e       0x6f .\CortexM0\ARM_GCC_541\Debug\L102_Capsense_Slider_to_control_brightness.a(CapSense.o)
 .comment       0x0000006e       0x6f .\CortexM0\ARM_GCC_541\Debug\L102_Capsense_Slider_to_control_brightness.a(CapSense_CSHL.o)
 .comment       0x0000006e       0x6f .\CortexM0\ARM_GCC_541\Debug\L102_Capsense_Slider_to_control_brightness.a(CapSense_INT.o)
 .comment       0x0000006e       0x6f .\CortexM0\ARM_GCC_541\Debug\L102_Capsense_Slider_to_control_brightness.a(CapSense_SMS.o)
 .comment       0x0000006e       0x6f .\CortexM0\ARM_GCC_541\Debug\L102_Capsense_Slider_to_control_brightness.a(CapSense_SampleClk.o)
 .comment       0x0000006e       0x6f .\CortexM0\ARM_GCC_541\Debug\L102_Capsense_Slider_to_control_brightness.a(CapSense_SenseClk.o)
 .comment       0x0000006e       0x6f .\CortexM0\ARM_GCC_541\Debug\L102_Capsense_Slider_to_control_brightness.a(CyLib.o)
 .comment       0x0000006e       0x6f .\CortexM0\ARM_GCC_541\Debug\L102_Capsense_Slider_to_control_brightness.a(CyLFClk.o)
 .comment       0x0000006e       0x6f .\CortexM0\ARM_GCC_541\Debug\L102_Capsense_Slider_to_control_brightness.a(PWM.o)
 .comment       0x0000006e       0x70 C:\Program Files (x86)\Cypress\PSoC Creator\4.2\PSoC Creator\psoc\content\CyComponentLibrary\CyComponentLibrary.cylib\CapSense_CSD_P4_v2_60\PSoC4\Library\CapsenseP4Library_GCC.a(CSD_P4_SmartSense_v2_60.o)
                                 0x71 (size before relaxing)

.debug_weaknames
 *(.debug_weaknames)

.debug_funcnames
 *(.debug_funcnames)

.debug_typenames
 *(.debug_typenames)

.debug_varnames
 *(.debug_varnames)

.note.gnu.arm.ident
 *(.note.gnu.arm.ident)

.ARM.attributes
                0x00000000       0x28
 *(.ARM.attributes)
 .ARM.attributes
                0x00000000       0x1e c:/program files (x86)/cypress/psoc creator/4.2/psoc creator/import/gnu/arm/5.4.1/bin/../lib/gcc/arm-none-eabi/5.4.1/armv6-m/crti.o
 .ARM.attributes
                0x0000001e       0x2c c:/program files (x86)/cypress/psoc creator/4.2/psoc creator/import/gnu/arm/5.4.1/bin/../lib/gcc/arm-none-eabi/5.4.1/armv6-m/crtbegin.o
 .ARM.attributes
                0x0000004a       0x1b c:/program files (x86)/cypress/psoc creator/4.2/psoc creator/import/gnu/arm/5.4.1/bin/../lib/gcc/arm-none-eabi/5.4.1/../../../../arm-none-eabi/lib/armv6-m/crt0.o
 .ARM.attributes
                0x00000065       0x31 .\CortexM0\ARM_GCC_541\Debug\main.o
 .ARM.attributes
                0x00000096       0x31 .\CortexM0\ARM_GCC_541\Debug\cyfitter_cfg.o
 .ARM.attributes
                0x000000c7       0x31 .\CortexM0\ARM_GCC_541\Debug\cymetadata.o
 .ARM.attributes
                0x000000f8       0x31 .\CortexM0\ARM_GCC_541\Debug\Cm0Start.o
 .ARM.attributes
                0x00000129       0x31 .\CortexM0\ARM_GCC_541\Debug\L102_Capsense_Slider_to_control_brightness.a(CapSense.o)
 .ARM.attributes
                0x0000015a       0x31 .\CortexM0\ARM_GCC_541\Debug\L102_Capsense_Slider_to_control_brightness.a(CapSense_CSHL.o)
 .ARM.attributes
                0x0000018b       0x31 .\CortexM0\ARM_GCC_541\Debug\L102_Capsense_Slider_to_control_brightness.a(CapSense_INT.o)
 .ARM.attributes
                0x000001bc       0x31 .\CortexM0\ARM_GCC_541\Debug\L102_Capsense_Slider_to_control_brightness.a(CapSense_SMS.o)
 .ARM.attributes
                0x000001ed       0x31 .\CortexM0\ARM_GCC_541\Debug\L102_Capsense_Slider_to_control_brightness.a(CapSense_SampleClk.o)
 .ARM.attributes
                0x0000021e       0x31 .\CortexM0\ARM_GCC_541\Debug\L102_Capsense_Slider_to_control_brightness.a(CapSense_SenseClk.o)
 .ARM.attributes
                0x0000024f       0x31 .\CortexM0\ARM_GCC_541\Debug\L102_Capsense_Slider_to_control_brightness.a(CyLib.o)
 .ARM.attributes
                0x00000280       0x31 .\CortexM0\ARM_GCC_541\Debug\L102_Capsense_Slider_to_control_brightness.a(CyLFClk.o)
 .ARM.attributes
                0x000002b1       0x31 .\CortexM0\ARM_GCC_541\Debug\L102_Capsense_Slider_to_control_brightness.a(PWM.o)
 .ARM.attributes
                0x000002e2       0x21 .\CortexM0\ARM_GCC_541\Debug\L102_Capsense_Slider_to_control_brightness.a(CyBootAsmGnu.o)
 .ARM.attributes
                0x00000303       0x31 C:\Program Files (x86)\Cypress\PSoC Creator\4.2\PSoC Creator\psoc\content\CyComponentLibrary\CyComponentLibrary.cylib\CapSense_CSD_P4_v2_60\PSoC4\Library\CapsenseP4Library_GCC.a(CSD_P4_SmartSense_v2_60.o)
 .ARM.attributes
                0x00000334       0x1e c:/program files (x86)/cypress/psoc creator/4.2/psoc creator/import/gnu/arm/5.4.1/bin/../lib/gcc/arm-none-eabi/5.4.1/armv6-m\libgcc.a(_udivsi3.o)
 .ARM.attributes
                0x00000352       0x1e c:/program files (x86)/cypress/psoc creator/4.2/psoc creator/import/gnu/arm/5.4.1/bin/../lib/gcc/arm-none-eabi/5.4.1/armv6-m\libgcc.a(_divsi3.o)
 .ARM.attributes
                0x00000370       0x1e c:/program files (x86)/cypress/psoc creator/4.2/psoc creator/import/gnu/arm/5.4.1/bin/../lib/gcc/arm-none-eabi/5.4.1/armv6-m\libgcc.a(_dvmd_tls.o)
 .ARM.attributes
                0x0000038e       0x2c c:/program files (x86)/cypress/psoc creator/4.2/psoc creator/import/gnu/arm/5.4.1/bin/../lib/gcc/arm-none-eabi/5.4.1/../../../../arm-none-eabi/lib/armv6-m\libg_nano.a(lib_a-errno.o)
 .ARM.attributes
                0x000003ba       0x2c c:/program files (x86)/cypress/psoc creator/4.2/psoc creator/import/gnu/arm/5.4.1/bin/../lib/gcc/arm-none-eabi/5.4.1/../../../../arm-none-eabi/lib/armv6-m\libg_nano.a(lib_a-exit.o)
 .ARM.attributes
                0x000003e6       0x2c c:/program files (x86)/cypress/psoc creator/4.2/psoc creator/import/gnu/arm/5.4.1/bin/../lib/gcc/arm-none-eabi/5.4.1/../../../../arm-none-eabi/lib/armv6-m\libg_nano.a(lib_a-impure.o)
 .ARM.attributes
                0x00000412       0x2c c:/program files (x86)/cypress/psoc creator/4.2/psoc creator/import/gnu/arm/5.4.1/bin/../lib/gcc/arm-none-eabi/5.4.1/../../../../arm-none-eabi/lib/armv6-m\libg_nano.a(lib_a-init.o)
 .ARM.attributes
                0x0000043e       0x2c c:/program files (x86)/cypress/psoc creator/4.2/psoc creator/import/gnu/arm/5.4.1/bin/../lib/gcc/arm-none-eabi/5.4.1/../../../../arm-none-eabi/lib/armv6-m\libg_nano.a(lib_a-memset.o)
 .ARM.attributes
                0x0000046a       0x2c c:/program files (x86)/cypress/psoc creator/4.2/psoc creator/import/gnu/arm/5.4.1/bin/../lib/gcc/arm-none-eabi/5.4.1/armv6-m/crtend.o
 .ARM.attributes
                0x00000496       0x1e c:/program files (x86)/cypress/psoc creator/4.2/psoc creator/import/gnu/arm/5.4.1/bin/../lib/gcc/arm-none-eabi/5.4.1/armv6-m/crtn.o

/DISCARD/
 *(.note.GNU-stack)
OUTPUT(C:\Users\srhi\Desktop\PSOC\L102_Capsense_Slider_to_control_brightness.cydsn\CortexM0\ARM_GCC_541\Debug\L102_Capsense_Slider_to_control_brightness.elf elf32-littlearm)
