ARM GAS  C:\Users\srhi\AppData\Local\Temp\cc4aDTnO.s 			page 1


   1              		.syntax unified
   2              		.cpu cortex-m0
   3              		.fpu softvfp
   4              		.eabi_attribute 20, 1
   5              		.eabi_attribute 21, 1
   6              		.eabi_attribute 23, 3
   7              		.eabi_attribute 24, 1
   8              		.eabi_attribute 25, 1
   9              		.eabi_attribute 26, 1
  10              		.eabi_attribute 30, 1
  11              		.eabi_attribute 34, 0
  12              		.eabi_attribute 18, 4
  13              		.thumb
  14              		.syntax unified
  15              		.file	"cyfitter_cfg.c"
  16              		.text
  17              	.Ltext0:
  18              		.cfi_sections	.debug_frame
  19              		.section	.text.cfg_write_bytes32,"ax",%progbits
  20              		.align	2
  21              		.code	16
  22              		.thumb_func
  23              		.type	cfg_write_bytes32, %function
  24              	cfg_write_bytes32:
  25              	.LFB3:
  26              		.file 1 "Generated_Source\\PSoC4\\cyfitter_cfg.c"
   1:Generated_Source\PSoC4/cyfitter_cfg.c **** 
   2:Generated_Source\PSoC4/cyfitter_cfg.c **** /*******************************************************************************
   3:Generated_Source\PSoC4/cyfitter_cfg.c **** * File Name: cyfitter_cfg.c
   4:Generated_Source\PSoC4/cyfitter_cfg.c **** * 
   5:Generated_Source\PSoC4/cyfitter_cfg.c **** * PSoC Creator  4.2
   6:Generated_Source\PSoC4/cyfitter_cfg.c **** *
   7:Generated_Source\PSoC4/cyfitter_cfg.c **** * Description:
   8:Generated_Source\PSoC4/cyfitter_cfg.c **** * This file contains device initialization code.
   9:Generated_Source\PSoC4/cyfitter_cfg.c **** * Except for the user defined sections in CyClockStartupError(), this file should not be modified.
  10:Generated_Source\PSoC4/cyfitter_cfg.c **** * This file is automatically generated by PSoC Creator.
  11:Generated_Source\PSoC4/cyfitter_cfg.c **** *
  12:Generated_Source\PSoC4/cyfitter_cfg.c **** ********************************************************************************
  13:Generated_Source\PSoC4/cyfitter_cfg.c **** * Copyright (c) 2007-2018 Cypress Semiconductor.  All rights reserved.
  14:Generated_Source\PSoC4/cyfitter_cfg.c **** * You may use this file only in accordance with the license, terms, conditions, 
  15:Generated_Source\PSoC4/cyfitter_cfg.c **** * disclaimers, and limitations in the end user license agreement accompanying 
  16:Generated_Source\PSoC4/cyfitter_cfg.c **** * the software package with which this file was provided.
  17:Generated_Source\PSoC4/cyfitter_cfg.c **** ********************************************************************************/
  18:Generated_Source\PSoC4/cyfitter_cfg.c **** 
  19:Generated_Source\PSoC4/cyfitter_cfg.c **** #include <string.h>
  20:Generated_Source\PSoC4/cyfitter_cfg.c **** #include "cytypes.h"
  21:Generated_Source\PSoC4/cyfitter_cfg.c **** #include "cydevice_trm.h"
  22:Generated_Source\PSoC4/cyfitter_cfg.c **** #include "cyfitter.h"
  23:Generated_Source\PSoC4/cyfitter_cfg.c **** #include "CyLib.h"
  24:Generated_Source\PSoC4/cyfitter_cfg.c **** #include "CyLFClk.h"
  25:Generated_Source\PSoC4/cyfitter_cfg.c **** #include "cyfitter_cfg.h"
  26:Generated_Source\PSoC4/cyfitter_cfg.c **** #include "cyapicallbacks.h"
  27:Generated_Source\PSoC4/cyfitter_cfg.c **** 
  28:Generated_Source\PSoC4/cyfitter_cfg.c **** 
  29:Generated_Source\PSoC4/cyfitter_cfg.c **** #if defined(__GNUC__) || defined(__ARMCC_VERSION)
  30:Generated_Source\PSoC4/cyfitter_cfg.c ****     #define CYPACKED 
  31:Generated_Source\PSoC4/cyfitter_cfg.c ****     #define CYPACKED_ATTR __attribute__ ((packed))
ARM GAS  C:\Users\srhi\AppData\Local\Temp\cc4aDTnO.s 			page 2


  32:Generated_Source\PSoC4/cyfitter_cfg.c ****     #define CYALIGNED __attribute__ ((aligned))
  33:Generated_Source\PSoC4/cyfitter_cfg.c ****     #define CY_CFG_UNUSED __attribute__ ((unused))
  34:Generated_Source\PSoC4/cyfitter_cfg.c ****     #ifndef CY_CFG_SECTION
  35:Generated_Source\PSoC4/cyfitter_cfg.c ****         #define CY_CFG_SECTION __attribute__ ((section(".psocinit")))
  36:Generated_Source\PSoC4/cyfitter_cfg.c ****     #endif
  37:Generated_Source\PSoC4/cyfitter_cfg.c ****     
  38:Generated_Source\PSoC4/cyfitter_cfg.c ****     #if defined(__ARMCC_VERSION)
  39:Generated_Source\PSoC4/cyfitter_cfg.c ****         #define CY_CFG_MEMORY_BARRIER() __memory_changed()
  40:Generated_Source\PSoC4/cyfitter_cfg.c ****     #else
  41:Generated_Source\PSoC4/cyfitter_cfg.c ****         #define CY_CFG_MEMORY_BARRIER() __sync_synchronize()
  42:Generated_Source\PSoC4/cyfitter_cfg.c ****     #endif
  43:Generated_Source\PSoC4/cyfitter_cfg.c ****     
  44:Generated_Source\PSoC4/cyfitter_cfg.c **** #elif defined(__ICCARM__)
  45:Generated_Source\PSoC4/cyfitter_cfg.c ****     #include <intrinsics.h>
  46:Generated_Source\PSoC4/cyfitter_cfg.c **** 
  47:Generated_Source\PSoC4/cyfitter_cfg.c ****     #define CYPACKED __packed
  48:Generated_Source\PSoC4/cyfitter_cfg.c ****     #define CYPACKED_ATTR 
  49:Generated_Source\PSoC4/cyfitter_cfg.c ****     #define CYALIGNED _Pragma("data_alignment=4")
  50:Generated_Source\PSoC4/cyfitter_cfg.c ****     #define CY_CFG_UNUSED _Pragma("diag_suppress=Pe177")
  51:Generated_Source\PSoC4/cyfitter_cfg.c ****     #define CY_CFG_SECTION _Pragma("location=\".psocinit\"")
  52:Generated_Source\PSoC4/cyfitter_cfg.c ****     
  53:Generated_Source\PSoC4/cyfitter_cfg.c ****     #define CY_CFG_MEMORY_BARRIER() __DMB()
  54:Generated_Source\PSoC4/cyfitter_cfg.c ****     
  55:Generated_Source\PSoC4/cyfitter_cfg.c **** #else
  56:Generated_Source\PSoC4/cyfitter_cfg.c ****     #error Unsupported toolchain
  57:Generated_Source\PSoC4/cyfitter_cfg.c **** #endif
  58:Generated_Source\PSoC4/cyfitter_cfg.c **** 
  59:Generated_Source\PSoC4/cyfitter_cfg.c **** #ifndef CYCODE
  60:Generated_Source\PSoC4/cyfitter_cfg.c ****     #define CYCODE
  61:Generated_Source\PSoC4/cyfitter_cfg.c **** #endif
  62:Generated_Source\PSoC4/cyfitter_cfg.c **** #ifndef CYDATA
  63:Generated_Source\PSoC4/cyfitter_cfg.c ****     #define CYDATA
  64:Generated_Source\PSoC4/cyfitter_cfg.c **** #endif
  65:Generated_Source\PSoC4/cyfitter_cfg.c **** #ifndef CYFAR
  66:Generated_Source\PSoC4/cyfitter_cfg.c ****     #define CYFAR
  67:Generated_Source\PSoC4/cyfitter_cfg.c **** #endif
  68:Generated_Source\PSoC4/cyfitter_cfg.c **** #ifndef CYXDATA
  69:Generated_Source\PSoC4/cyfitter_cfg.c ****     #define CYXDATA
  70:Generated_Source\PSoC4/cyfitter_cfg.c **** #endif
  71:Generated_Source\PSoC4/cyfitter_cfg.c **** 
  72:Generated_Source\PSoC4/cyfitter_cfg.c **** 
  73:Generated_Source\PSoC4/cyfitter_cfg.c **** CY_CFG_UNUSED
  74:Generated_Source\PSoC4/cyfitter_cfg.c **** static void CYMEMZERO(void *s, size_t n);
  75:Generated_Source\PSoC4/cyfitter_cfg.c **** CY_CFG_UNUSED
  76:Generated_Source\PSoC4/cyfitter_cfg.c **** static void CYMEMZERO(void *s, size_t n)
  77:Generated_Source\PSoC4/cyfitter_cfg.c **** {
  78:Generated_Source\PSoC4/cyfitter_cfg.c **** 	(void)memset(s, 0, n);
  79:Generated_Source\PSoC4/cyfitter_cfg.c **** }
  80:Generated_Source\PSoC4/cyfitter_cfg.c **** CY_CFG_UNUSED
  81:Generated_Source\PSoC4/cyfitter_cfg.c **** static void CYCONFIGCPY(void *dest, const void *src, size_t n);
  82:Generated_Source\PSoC4/cyfitter_cfg.c **** CY_CFG_UNUSED
  83:Generated_Source\PSoC4/cyfitter_cfg.c **** static void CYCONFIGCPY(void *dest, const void *src, size_t n)
  84:Generated_Source\PSoC4/cyfitter_cfg.c **** {
  85:Generated_Source\PSoC4/cyfitter_cfg.c **** 	(void)memcpy(dest, src, n);
  86:Generated_Source\PSoC4/cyfitter_cfg.c **** }
  87:Generated_Source\PSoC4/cyfitter_cfg.c **** CY_CFG_UNUSED
  88:Generated_Source\PSoC4/cyfitter_cfg.c **** static void CYCONFIGCPYCODE(void *dest, const void *src, size_t n);
ARM GAS  C:\Users\srhi\AppData\Local\Temp\cc4aDTnO.s 			page 3


  89:Generated_Source\PSoC4/cyfitter_cfg.c **** CY_CFG_UNUSED
  90:Generated_Source\PSoC4/cyfitter_cfg.c **** static void CYCONFIGCPYCODE(void *dest, const void *src, size_t n)
  91:Generated_Source\PSoC4/cyfitter_cfg.c **** {
  92:Generated_Source\PSoC4/cyfitter_cfg.c **** 	(void)memcpy(dest, src, n);
  93:Generated_Source\PSoC4/cyfitter_cfg.c **** }
  94:Generated_Source\PSoC4/cyfitter_cfg.c **** 
  95:Generated_Source\PSoC4/cyfitter_cfg.c **** 
  96:Generated_Source\PSoC4/cyfitter_cfg.c **** 
  97:Generated_Source\PSoC4/cyfitter_cfg.c **** 
  98:Generated_Source\PSoC4/cyfitter_cfg.c **** /* Clock startup error codes                                                   */
  99:Generated_Source\PSoC4/cyfitter_cfg.c **** #define CYCLOCKSTART_NO_ERROR    0u
 100:Generated_Source\PSoC4/cyfitter_cfg.c **** #define CYCLOCKSTART_XTAL_ERROR  1u
 101:Generated_Source\PSoC4/cyfitter_cfg.c **** #define CYCLOCKSTART_32KHZ_ERROR 2u
 102:Generated_Source\PSoC4/cyfitter_cfg.c **** #define CYCLOCKSTART_PLL_ERROR   3u
 103:Generated_Source\PSoC4/cyfitter_cfg.c **** #define CYCLOCKSTART_FLL_ERROR   4u
 104:Generated_Source\PSoC4/cyfitter_cfg.c **** #define CYCLOCKSTART_WCO_ERROR   5u
 105:Generated_Source\PSoC4/cyfitter_cfg.c **** 
 106:Generated_Source\PSoC4/cyfitter_cfg.c **** 
 107:Generated_Source\PSoC4/cyfitter_cfg.c **** #ifdef CY_NEED_CYCLOCKSTARTUPERROR
 108:Generated_Source\PSoC4/cyfitter_cfg.c **** /*******************************************************************************
 109:Generated_Source\PSoC4/cyfitter_cfg.c **** * Function Name: CyClockStartupError
 110:Generated_Source\PSoC4/cyfitter_cfg.c **** ********************************************************************************
 111:Generated_Source\PSoC4/cyfitter_cfg.c **** * Summary:
 112:Generated_Source\PSoC4/cyfitter_cfg.c **** *  If an error is encountered during clock configuration (crystal startup error,
 113:Generated_Source\PSoC4/cyfitter_cfg.c **** *  PLL lock error, etc.), the system will end up here.  Unless reimplemented by
 114:Generated_Source\PSoC4/cyfitter_cfg.c **** *  the customer, this function will stop in an infinite loop.
 115:Generated_Source\PSoC4/cyfitter_cfg.c **** *
 116:Generated_Source\PSoC4/cyfitter_cfg.c **** * Parameters:
 117:Generated_Source\PSoC4/cyfitter_cfg.c **** *   void
 118:Generated_Source\PSoC4/cyfitter_cfg.c **** *
 119:Generated_Source\PSoC4/cyfitter_cfg.c **** * Return:
 120:Generated_Source\PSoC4/cyfitter_cfg.c **** *   void
 121:Generated_Source\PSoC4/cyfitter_cfg.c **** *
 122:Generated_Source\PSoC4/cyfitter_cfg.c **** *******************************************************************************/
 123:Generated_Source\PSoC4/cyfitter_cfg.c **** CY_CFG_UNUSED
 124:Generated_Source\PSoC4/cyfitter_cfg.c **** static void CyClockStartupError(uint8 errorCode);
 125:Generated_Source\PSoC4/cyfitter_cfg.c **** CY_CFG_UNUSED
 126:Generated_Source\PSoC4/cyfitter_cfg.c **** static void CyClockStartupError(uint8 errorCode)
 127:Generated_Source\PSoC4/cyfitter_cfg.c **** {
 128:Generated_Source\PSoC4/cyfitter_cfg.c ****     /* To remove the compiler warning if errorCode not used.                */
 129:Generated_Source\PSoC4/cyfitter_cfg.c ****     errorCode = errorCode;
 130:Generated_Source\PSoC4/cyfitter_cfg.c **** 
 131:Generated_Source\PSoC4/cyfitter_cfg.c ****     /* If we have a clock startup error (bad MHz crystal, PLL lock, etc.),  */
 132:Generated_Source\PSoC4/cyfitter_cfg.c ****     /* we will end up here to allow the customer to implement something to  */
 133:Generated_Source\PSoC4/cyfitter_cfg.c ****     /* deal with the clock condition.                                       */
 134:Generated_Source\PSoC4/cyfitter_cfg.c **** 
 135:Generated_Source\PSoC4/cyfitter_cfg.c **** #ifdef CY_CFG_CLOCK_STARTUP_ERROR_CALLBACK
 136:Generated_Source\PSoC4/cyfitter_cfg.c ****     CY_CFG_Clock_Startup_ErrorCallback();
 137:Generated_Source\PSoC4/cyfitter_cfg.c **** #else
 138:Generated_Source\PSoC4/cyfitter_cfg.c ****     /*  If not using CY_CFG_CLOCK_STARTUP_ERROR_CALLBACK, place your clock startup code here. */
 139:Generated_Source\PSoC4/cyfitter_cfg.c ****     /* `#START CyClockStartupError` */
 140:Generated_Source\PSoC4/cyfitter_cfg.c **** 
 141:Generated_Source\PSoC4/cyfitter_cfg.c **** 
 142:Generated_Source\PSoC4/cyfitter_cfg.c **** 
 143:Generated_Source\PSoC4/cyfitter_cfg.c ****     /* `#END` */
 144:Generated_Source\PSoC4/cyfitter_cfg.c **** 
 145:Generated_Source\PSoC4/cyfitter_cfg.c ****     while(1) {}
ARM GAS  C:\Users\srhi\AppData\Local\Temp\cc4aDTnO.s 			page 4


 146:Generated_Source\PSoC4/cyfitter_cfg.c **** #endif /* CY_CFG_CLOCK_STARTUP_ERROR_CALLBACK */
 147:Generated_Source\PSoC4/cyfitter_cfg.c **** }
 148:Generated_Source\PSoC4/cyfitter_cfg.c **** #endif
 149:Generated_Source\PSoC4/cyfitter_cfg.c **** 
 150:Generated_Source\PSoC4/cyfitter_cfg.c **** #define CY_CFG_BASE_ADDR_COUNT 6u
 151:Generated_Source\PSoC4/cyfitter_cfg.c **** CYPACKED typedef struct
 152:Generated_Source\PSoC4/cyfitter_cfg.c **** {
 153:Generated_Source\PSoC4/cyfitter_cfg.c **** 	uint8 offset;
 154:Generated_Source\PSoC4/cyfitter_cfg.c **** 	uint8 value;
 155:Generated_Source\PSoC4/cyfitter_cfg.c **** } CYPACKED_ATTR cy_cfg_addrvalue_t;
 156:Generated_Source\PSoC4/cyfitter_cfg.c **** 
 157:Generated_Source\PSoC4/cyfitter_cfg.c **** 
 158:Generated_Source\PSoC4/cyfitter_cfg.c **** 
 159:Generated_Source\PSoC4/cyfitter_cfg.c **** /*******************************************************************************
 160:Generated_Source\PSoC4/cyfitter_cfg.c **** * Function Name: cfg_write_bytes32
 161:Generated_Source\PSoC4/cyfitter_cfg.c **** ********************************************************************************
 162:Generated_Source\PSoC4/cyfitter_cfg.c **** * Summary:
 163:Generated_Source\PSoC4/cyfitter_cfg.c **** *  This function is used for setting up the chip configuration areas that
 164:Generated_Source\PSoC4/cyfitter_cfg.c **** *  contain relatively sparse data.
 165:Generated_Source\PSoC4/cyfitter_cfg.c **** *
 166:Generated_Source\PSoC4/cyfitter_cfg.c **** * Parameters:
 167:Generated_Source\PSoC4/cyfitter_cfg.c **** *   void
 168:Generated_Source\PSoC4/cyfitter_cfg.c **** *
 169:Generated_Source\PSoC4/cyfitter_cfg.c **** * Return:
 170:Generated_Source\PSoC4/cyfitter_cfg.c **** *   void
 171:Generated_Source\PSoC4/cyfitter_cfg.c **** *
 172:Generated_Source\PSoC4/cyfitter_cfg.c **** *******************************************************************************/
 173:Generated_Source\PSoC4/cyfitter_cfg.c **** static void cfg_write_bytes32(const uint32 addr_table[], const cy_cfg_addrvalue_t data_table[]);
 174:Generated_Source\PSoC4/cyfitter_cfg.c **** static void cfg_write_bytes32(const uint32 addr_table[], const cy_cfg_addrvalue_t data_table[])
 175:Generated_Source\PSoC4/cyfitter_cfg.c **** {
  27              		.loc 1 175 0
  28              		.cfi_startproc
  29              		@ args = 0, pretend = 0, frame = 0
  30              		@ frame_needed = 0, uses_anonymous_args = 0
  31              	.LVL0:
  32 0000 F0B5     		push	{r4, r5, r6, r7, lr}
  33              		.cfi_def_cfa_offset 20
  34              		.cfi_offset 4, -20
  35              		.cfi_offset 5, -16
  36              		.cfi_offset 6, -12
  37              		.cfi_offset 7, -8
  38              		.cfi_offset 14, -4
  39              	.LVL1:
 176:Generated_Source\PSoC4/cyfitter_cfg.c **** 	/* For 32-bit little-endian architectures */
 177:Generated_Source\PSoC4/cyfitter_cfg.c **** 	uint32 i, j = 0u;
  40              		.loc 1 177 0
  41 0002 0025     		movs	r5, #0
 178:Generated_Source\PSoC4/cyfitter_cfg.c **** 	for (i = 0u; i < CY_CFG_BASE_ADDR_COUNT; i++)
  42              		.loc 1 178 0
  43 0004 0027     		movs	r7, #0
  44 0006 11E0     		b	.L2
  45              	.LVL2:
  46              	.L5:
  47              	.LBB2:
 179:Generated_Source\PSoC4/cyfitter_cfg.c **** 	{
 180:Generated_Source\PSoC4/cyfitter_cfg.c **** 		uint32 baseAddr = addr_table[i];
  48              		.loc 1 180 0
ARM GAS  C:\Users\srhi\AppData\Local\Temp\cc4aDTnO.s 			page 5


  49 0008 BB00     		lsls	r3, r7, #2
  50 000a C658     		ldr	r6, [r0, r3]
  51              	.LVL3:
 181:Generated_Source\PSoC4/cyfitter_cfg.c **** 		uint8 count = (uint8)baseAddr;
  52              		.loc 1 181 0
  53 000c F3B2     		uxtb	r3, r6
  54              	.LVL4:
 182:Generated_Source\PSoC4/cyfitter_cfg.c **** 		baseAddr &= 0xFFFFFF00u;
  55              		.loc 1 182 0
  56 000e FF22     		movs	r2, #255
  57 0010 9643     		bics	r6, r2
  58              	.LVL5:
 183:Generated_Source\PSoC4/cyfitter_cfg.c **** 		while (count != 0u)
  59              		.loc 1 183 0
  60 0012 08E0     		b	.L3
  61              	.L4:
 184:Generated_Source\PSoC4/cyfitter_cfg.c **** 		{
 185:Generated_Source\PSoC4/cyfitter_cfg.c **** 			CY_SET_REG8((void *)(baseAddr + data_table[j].offset), data_table[j].value);
  62              		.loc 1 185 0
  63 0014 6A00     		lsls	r2, r5, #1
  64 0016 8A18     		adds	r2, r1, r2
  65 0018 1478     		ldrb	r4, [r2]
  66 001a A419     		adds	r4, r4, r6
  67 001c 5278     		ldrb	r2, [r2, #1]
  68 001e 2270     		strb	r2, [r4]
 186:Generated_Source\PSoC4/cyfitter_cfg.c **** 			j++;
  69              		.loc 1 186 0
  70 0020 0135     		adds	r5, r5, #1
  71              	.LVL6:
 187:Generated_Source\PSoC4/cyfitter_cfg.c **** 			count--;
  72              		.loc 1 187 0
  73 0022 013B     		subs	r3, r3, #1
  74              	.LVL7:
  75 0024 DBB2     		uxtb	r3, r3
  76              	.LVL8:
  77              	.L3:
 183:Generated_Source\PSoC4/cyfitter_cfg.c **** 		{
  78              		.loc 1 183 0
  79 0026 002B     		cmp	r3, #0
  80 0028 F4D1     		bne	.L4
  81              	.LBE2:
 178:Generated_Source\PSoC4/cyfitter_cfg.c **** 	{
  82              		.loc 1 178 0 discriminator 2
  83 002a 0137     		adds	r7, r7, #1
  84              	.LVL9:
  85              	.L2:
 178:Generated_Source\PSoC4/cyfitter_cfg.c **** 	{
  86              		.loc 1 178 0 is_stmt 0 discriminator 1
  87 002c 052F     		cmp	r7, #5
  88 002e EBD9     		bls	.L5
 188:Generated_Source\PSoC4/cyfitter_cfg.c **** 		}
 189:Generated_Source\PSoC4/cyfitter_cfg.c **** 	}
 190:Generated_Source\PSoC4/cyfitter_cfg.c **** }
  89              		.loc 1 190 0 is_stmt 1
  90              		@ sp needed
  91              	.LVL10:
  92              	.LVL11:
ARM GAS  C:\Users\srhi\AppData\Local\Temp\cc4aDTnO.s 			page 6


  93 0030 F0BD     		pop	{r4, r5, r6, r7, pc}
  94              		.cfi_endproc
  95              	.LFE3:
  96              		.size	cfg_write_bytes32, .-cfg_write_bytes32
  97 0032 C046     		.section	.text.CYMEMZERO,"ax",%progbits
  98              		.align	2
  99              		.code	16
 100              		.thumb_func
 101              		.type	CYMEMZERO, %function
 102              	CYMEMZERO:
 103              	.LFB0:
  77:Generated_Source\PSoC4/cyfitter_cfg.c **** 	(void)memset(s, 0, n);
 104              		.loc 1 77 0
 105              		.cfi_startproc
 106              		@ args = 0, pretend = 0, frame = 0
 107              		@ frame_needed = 0, uses_anonymous_args = 0
 108              	.LVL12:
 109 0000 10B5     		push	{r4, lr}
 110              		.cfi_def_cfa_offset 8
 111              		.cfi_offset 4, -8
 112              		.cfi_offset 14, -4
 113 0002 0A00     		movs	r2, r1
  78:Generated_Source\PSoC4/cyfitter_cfg.c **** }
 114              		.loc 1 78 0
 115 0004 0021     		movs	r1, #0
 116              	.LVL13:
 117 0006 FFF7FEFF 		bl	memset
 118              	.LVL14:
  79:Generated_Source\PSoC4/cyfitter_cfg.c **** CY_CFG_UNUSED
 119              		.loc 1 79 0
 120              		@ sp needed
 121 000a 10BD     		pop	{r4, pc}
 122              		.cfi_endproc
 123              	.LFE0:
 124              		.size	CYMEMZERO, .-CYMEMZERO
 125              		.section	.psocinit,"ax",%progbits
 126              		.align	2
 127              		.code	16
 128              		.thumb_func
 129              		.type	ClockSetup, %function
 130              	ClockSetup:
 131              	.LFB4:
 191:Generated_Source\PSoC4/cyfitter_cfg.c **** 
 192:Generated_Source\PSoC4/cyfitter_cfg.c **** 
 193:Generated_Source\PSoC4/cyfitter_cfg.c **** /*******************************************************************************
 194:Generated_Source\PSoC4/cyfitter_cfg.c **** * Function Name: ClockSetup
 195:Generated_Source\PSoC4/cyfitter_cfg.c **** ********************************************************************************
 196:Generated_Source\PSoC4/cyfitter_cfg.c **** *
 197:Generated_Source\PSoC4/cyfitter_cfg.c **** * Summary:
 198:Generated_Source\PSoC4/cyfitter_cfg.c **** *   Performs the initialization of all of the clocks in the device based on the
 199:Generated_Source\PSoC4/cyfitter_cfg.c **** *   settings in the Clock tab of the DWR.  This includes enabling the requested
 200:Generated_Source\PSoC4/cyfitter_cfg.c **** *   clocks and setting the necessary dividers to produce the desired frequency. 
 201:Generated_Source\PSoC4/cyfitter_cfg.c **** *
 202:Generated_Source\PSoC4/cyfitter_cfg.c **** * Parameters:
 203:Generated_Source\PSoC4/cyfitter_cfg.c **** *   void
 204:Generated_Source\PSoC4/cyfitter_cfg.c **** *
 205:Generated_Source\PSoC4/cyfitter_cfg.c **** * Return:
ARM GAS  C:\Users\srhi\AppData\Local\Temp\cc4aDTnO.s 			page 7


 206:Generated_Source\PSoC4/cyfitter_cfg.c **** *   void
 207:Generated_Source\PSoC4/cyfitter_cfg.c **** *
 208:Generated_Source\PSoC4/cyfitter_cfg.c **** *******************************************************************************/
 209:Generated_Source\PSoC4/cyfitter_cfg.c **** static void ClockSetup(void);
 210:Generated_Source\PSoC4/cyfitter_cfg.c **** CY_CFG_SECTION
 211:Generated_Source\PSoC4/cyfitter_cfg.c **** static void ClockSetup(void)
 212:Generated_Source\PSoC4/cyfitter_cfg.c **** {
 132              		.loc 1 212 0
 133              		.cfi_startproc
 134              		@ args = 0, pretend = 0, frame = 0
 135              		@ frame_needed = 0, uses_anonymous_args = 0
 136 0000 70B5     		push	{r4, r5, r6, lr}
 137              		.cfi_def_cfa_offset 16
 138              		.cfi_offset 4, -16
 139              		.cfi_offset 5, -12
 140              		.cfi_offset 6, -8
 141              		.cfi_offset 14, -4
 213:Generated_Source\PSoC4/cyfitter_cfg.c **** 	/* Enable HALF_EN before trimming for the flash accelerator. */
 214:Generated_Source\PSoC4/cyfitter_cfg.c **** 	CY_SET_REG32((void CYXDATA *)(CYREG_CLK_SELECT), (CY_GET_REG32((void *)CYREG_CLK_SELECT) | 0x00040
 142              		.loc 1 214 0
 143 0002 164C     		ldr	r4, .L8
 144 0004 2368     		ldr	r3, [r4]
 145 0006 8022     		movs	r2, #128
 146 0008 D202     		lsls	r2, r2, #11
 147 000a 1343     		orrs	r3, r2
 148 000c 2360     		str	r3, [r4]
 215:Generated_Source\PSoC4/cyfitter_cfg.c **** 
 216:Generated_Source\PSoC4/cyfitter_cfg.c **** 	/* Setup and trim IMO based on desired frequency. */
 217:Generated_Source\PSoC4/cyfitter_cfg.c **** 	CySysClkWriteImoFreq(24u);
 149              		.loc 1 217 0
 150 000e 1820     		movs	r0, #24
 151 0010 FFF7FEFF 		bl	CySysClkWriteImoFreq
 152              	.LVL15:
 218:Generated_Source\PSoC4/cyfitter_cfg.c **** 
 219:Generated_Source\PSoC4/cyfitter_cfg.c **** 	/* Disable HALF_EN since it is not required at this IMO frequency. */
 220:Generated_Source\PSoC4/cyfitter_cfg.c **** 	CY_SET_REG32((void CYXDATA *)(CYREG_CLK_SELECT), (CY_GET_REG32((void *)CYREG_CLK_SELECT) & 0xFFFBF
 153              		.loc 1 220 0
 154 0014 2268     		ldr	r2, [r4]
 155 0016 124B     		ldr	r3, .L8+4
 156 0018 1340     		ands	r3, r2
 157 001a 2360     		str	r3, [r4]
 221:Generated_Source\PSoC4/cyfitter_cfg.c **** 	/* CYDEV_CLK_ILO_CONFIG Starting address: CYDEV_CLK_ILO_CONFIG */
 222:Generated_Source\PSoC4/cyfitter_cfg.c **** 	CY_SET_REG32((void *)(CYREG_CLK_ILO_CONFIG), 0x80000006u);
 158              		.loc 1 222 0
 159 001c 114A     		ldr	r2, .L8+8
 160 001e 124B     		ldr	r3, .L8+12
 161 0020 1A60     		str	r2, [r3]
 223:Generated_Source\PSoC4/cyfitter_cfg.c **** 
 224:Generated_Source\PSoC4/cyfitter_cfg.c **** 
 225:Generated_Source\PSoC4/cyfitter_cfg.c **** 	/* CYDEV_CLK_SELECT00 Starting address: CYDEV_CLK_SELECT00 */
 226:Generated_Source\PSoC4/cyfitter_cfg.c **** 	CY_SET_REG32((void *)(CYREG_CLK_SELECT13), 0x00000010u);
 162              		.loc 1 226 0
 163 0022 1022     		movs	r2, #16
 164 0024 114B     		ldr	r3, .L8+16
 165 0026 1A60     		str	r2, [r3]
 227:Generated_Source\PSoC4/cyfitter_cfg.c **** 	CY_SET_REG32((void *)(CYREG_CLK_SELECT15), 0x00000020u);
 166              		.loc 1 227 0
ARM GAS  C:\Users\srhi\AppData\Local\Temp\cc4aDTnO.s 			page 8


 167 0028 1032     		adds	r2, r2, #16
 168 002a 114B     		ldr	r3, .L8+20
 169 002c 1A60     		str	r2, [r3]
 228:Generated_Source\PSoC4/cyfitter_cfg.c **** 
 229:Generated_Source\PSoC4/cyfitter_cfg.c **** 	/* CYDEV_CLK_IMO_CONFIG Starting address: CYDEV_CLK_IMO_CONFIG */
 230:Generated_Source\PSoC4/cyfitter_cfg.c **** 	CY_SET_REG32((void *)(CYREG_CLK_IMO_CONFIG), 0x80000000u);
 170              		.loc 1 230 0
 171 002e 8022     		movs	r2, #128
 172 0030 1206     		lsls	r2, r2, #24
 173 0032 104B     		ldr	r3, .L8+24
 174 0034 1A60     		str	r2, [r3]
 231:Generated_Source\PSoC4/cyfitter_cfg.c **** 
 232:Generated_Source\PSoC4/cyfitter_cfg.c **** 	/* CYDEV_CLK_SELECT Starting address: CYDEV_CLK_SELECT */
 233:Generated_Source\PSoC4/cyfitter_cfg.c **** 	CY_SET_REG32((void *)(CYREG_CLK_SELECT), 0x00000000u);
 175              		.loc 1 233 0
 176 0036 0025     		movs	r5, #0
 177 0038 2560     		str	r5, [r4]
 234:Generated_Source\PSoC4/cyfitter_cfg.c **** 
 235:Generated_Source\PSoC4/cyfitter_cfg.c **** 	/* CYDEV_CLK_DIVIDER_A00 Starting address: CYDEV_CLK_DIVIDER_A00 */
 236:Generated_Source\PSoC4/cyfitter_cfg.c **** 	CY_SET_REG32((void *)(CYREG_CLK_DIVIDER_A00), 0x80002EDFu);
 178              		.loc 1 236 0
 179 003a 0F4A     		ldr	r2, .L8+28
 180 003c 0F4B     		ldr	r3, .L8+32
 181 003e 1A60     		str	r2, [r3]
 237:Generated_Source\PSoC4/cyfitter_cfg.c **** 
 238:Generated_Source\PSoC4/cyfitter_cfg.c **** 	/* CYDEV_CLK_DIVIDER_B00 Starting address: CYDEV_CLK_DIVIDER_B00 */
 239:Generated_Source\PSoC4/cyfitter_cfg.c **** 	CY_SET_REG32((void *)(CYREG_CLK_DIVIDER_B00), 0x80005DBFu);
 182              		.loc 1 239 0
 183 0040 0F4A     		ldr	r2, .L8+36
 184 0042 104B     		ldr	r3, .L8+40
 185 0044 1A60     		str	r2, [r3]
 240:Generated_Source\PSoC4/cyfitter_cfg.c **** 
 241:Generated_Source\PSoC4/cyfitter_cfg.c **** 	(void)CyIntSetVector(9u, &CySysWdtIsr);
 186              		.loc 1 241 0
 187 0046 1049     		ldr	r1, .L8+44
 188 0048 0920     		movs	r0, #9
 189 004a FFF7FEFF 		bl	CyIntSetVector
 190              	.LVL16:
 242:Generated_Source\PSoC4/cyfitter_cfg.c **** 	CyIntEnable(9u);
 191              		.loc 1 242 0
 192 004e 0920     		movs	r0, #9
 193 0050 FFF7FEFF 		bl	CyIntEnable
 194              	.LVL17:
 243:Generated_Source\PSoC4/cyfitter_cfg.c **** 	CY_SET_REG32((void *)(CYREG_WDT_CONFIG), 0x00000000u);
 195              		.loc 1 243 0
 196 0054 0D4B     		ldr	r3, .L8+48
 197 0056 1D60     		str	r5, [r3]
 244:Generated_Source\PSoC4/cyfitter_cfg.c **** }
 198              		.loc 1 244 0
 199              		@ sp needed
 200 0058 70BD     		pop	{r4, r5, r6, pc}
 201              	.L9:
 202 005a C046     		.align	2
 203              	.L8:
 204 005c 00010B40 		.word	1074462976
 205 0060 FFFFFBFF 		.word	-262145
 206 0064 06000080 		.word	-2147483642
ARM GAS  C:\Users\srhi\AppData\Local\Temp\cc4aDTnO.s 			page 9


 207 0068 04010B40 		.word	1074462980
 208 006c 34020240 		.word	1073873460
 209 0070 3C020240 		.word	1073873468
 210 0074 08010B40 		.word	1074462984
 211 0078 DF2E0080 		.word	-2147471649
 212 007c 00000240 		.word	1073872896
 213 0080 BF5D0080 		.word	-2147459649
 214 0084 40000240 		.word	1073872960
 215 0088 00000000 		.word	CySysWdtIsr
 216 008c 0C020B40 		.word	1074463244
 217              		.cfi_endproc
 218              	.LFE4:
 219              		.size	ClockSetup, .-ClockSetup
 220              		.align	2
 221              		.global	cyfitter_cfg
 222              		.code	16
 223              		.thumb_func
 224              		.type	cyfitter_cfg, %function
 225              	cyfitter_cfg:
 226              	.LFB6:
 245:Generated_Source\PSoC4/cyfitter_cfg.c **** 
 246:Generated_Source\PSoC4/cyfitter_cfg.c **** 
 247:Generated_Source\PSoC4/cyfitter_cfg.c **** /* Analog API Functions */
 248:Generated_Source\PSoC4/cyfitter_cfg.c **** 
 249:Generated_Source\PSoC4/cyfitter_cfg.c **** 
 250:Generated_Source\PSoC4/cyfitter_cfg.c **** /*******************************************************************************
 251:Generated_Source\PSoC4/cyfitter_cfg.c **** * Function Name: AnalogSetDefault
 252:Generated_Source\PSoC4/cyfitter_cfg.c **** ********************************************************************************
 253:Generated_Source\PSoC4/cyfitter_cfg.c **** *
 254:Generated_Source\PSoC4/cyfitter_cfg.c **** * Summary:
 255:Generated_Source\PSoC4/cyfitter_cfg.c **** *  Sets up the analog portions of the chip to default values based on chip
 256:Generated_Source\PSoC4/cyfitter_cfg.c **** *  configuration options from the project.
 257:Generated_Source\PSoC4/cyfitter_cfg.c **** *
 258:Generated_Source\PSoC4/cyfitter_cfg.c **** * Parameters:
 259:Generated_Source\PSoC4/cyfitter_cfg.c **** *  void
 260:Generated_Source\PSoC4/cyfitter_cfg.c **** *
 261:Generated_Source\PSoC4/cyfitter_cfg.c **** * Return:
 262:Generated_Source\PSoC4/cyfitter_cfg.c **** *  void
 263:Generated_Source\PSoC4/cyfitter_cfg.c **** *
 264:Generated_Source\PSoC4/cyfitter_cfg.c **** *******************************************************************************/
 265:Generated_Source\PSoC4/cyfitter_cfg.c **** static void AnalogSetDefault(void);
 266:Generated_Source\PSoC4/cyfitter_cfg.c **** static void AnalogSetDefault(void)
 267:Generated_Source\PSoC4/cyfitter_cfg.c **** {
 268:Generated_Source\PSoC4/cyfitter_cfg.c **** }
 269:Generated_Source\PSoC4/cyfitter_cfg.c **** 
 270:Generated_Source\PSoC4/cyfitter_cfg.c **** 
 271:Generated_Source\PSoC4/cyfitter_cfg.c **** 
 272:Generated_Source\PSoC4/cyfitter_cfg.c **** 
 273:Generated_Source\PSoC4/cyfitter_cfg.c **** /*******************************************************************************
 274:Generated_Source\PSoC4/cyfitter_cfg.c **** * Function Name: cyfitter_cfg
 275:Generated_Source\PSoC4/cyfitter_cfg.c **** ********************************************************************************
 276:Generated_Source\PSoC4/cyfitter_cfg.c **** * Summary:
 277:Generated_Source\PSoC4/cyfitter_cfg.c **** *  This function is called by the start-up code for the selected device. It
 278:Generated_Source\PSoC4/cyfitter_cfg.c **** *  performs all of the necessary device configuration based on the design
 279:Generated_Source\PSoC4/cyfitter_cfg.c **** *  settings.  This includes settings from the Design Wide Resources (DWR) such
 280:Generated_Source\PSoC4/cyfitter_cfg.c **** *  as Clocks and Pins as well as any component configuration that is necessary.
 281:Generated_Source\PSoC4/cyfitter_cfg.c **** *
ARM GAS  C:\Users\srhi\AppData\Local\Temp\cc4aDTnO.s 			page 10


 282:Generated_Source\PSoC4/cyfitter_cfg.c **** * Parameters:
 283:Generated_Source\PSoC4/cyfitter_cfg.c **** *   void
 284:Generated_Source\PSoC4/cyfitter_cfg.c **** *
 285:Generated_Source\PSoC4/cyfitter_cfg.c **** * Return:
 286:Generated_Source\PSoC4/cyfitter_cfg.c **** *   void
 287:Generated_Source\PSoC4/cyfitter_cfg.c **** *
 288:Generated_Source\PSoC4/cyfitter_cfg.c **** *******************************************************************************/
 289:Generated_Source\PSoC4/cyfitter_cfg.c **** CY_CFG_SECTION
 290:Generated_Source\PSoC4/cyfitter_cfg.c **** void cyfitter_cfg(void)
 291:Generated_Source\PSoC4/cyfitter_cfg.c **** {
 227              		.loc 1 291 0
 228              		.cfi_startproc
 229              		@ args = 0, pretend = 0, frame = 0
 230              		@ frame_needed = 0, uses_anonymous_args = 0
 231 0090 10B5     		push	{r4, lr}
 232              		.cfi_def_cfa_offset 8
 233              		.cfi_offset 4, -8
 234              		.cfi_offset 14, -4
 292:Generated_Source\PSoC4/cyfitter_cfg.c **** 	/* Disable interrupts by default. Let user enable if/when they want. */
 293:Generated_Source\PSoC4/cyfitter_cfg.c **** 	CyGlobalIntDisable;
 235              		.loc 1 293 0
 236              		.syntax divided
 237              	@ 293 "Generated_Source\PSoC4\cyfitter_cfg.c" 1
 238 0092 72B6     		CPSID   i
 239              	@ 0 "" 2
 240              	.LVL18:
 241              		.thumb
 242              		.syntax unified
 243              	.LBB3:
 294:Generated_Source\PSoC4/cyfitter_cfg.c **** 
 295:Generated_Source\PSoC4/cyfitter_cfg.c **** 	{
 296:Generated_Source\PSoC4/cyfitter_cfg.c **** 		static const uint32 CYCODE cy_cfg_addr_table[] = {
 297:Generated_Source\PSoC4/cyfitter_cfg.c **** 			0x400F320Eu, /* Base address: 0x400F3200 Count: 14 */
 298:Generated_Source\PSoC4/cyfitter_cfg.c **** 			0x400F330Fu, /* Base address: 0x400F3300 Count: 15 */
 299:Generated_Source\PSoC4/cyfitter_cfg.c **** 			0x400F4002u, /* Base address: 0x400F4000 Count: 2 */
 300:Generated_Source\PSoC4/cyfitter_cfg.c **** 			0x400F4106u, /* Base address: 0x400F4100 Count: 6 */
 301:Generated_Source\PSoC4/cyfitter_cfg.c **** 			0x400F4304u, /* Base address: 0x400F4300 Count: 4 */
 302:Generated_Source\PSoC4/cyfitter_cfg.c **** 			0x400F6002u, /* Base address: 0x400F6000 Count: 2 */
 303:Generated_Source\PSoC4/cyfitter_cfg.c **** 		};
 304:Generated_Source\PSoC4/cyfitter_cfg.c **** 
 305:Generated_Source\PSoC4/cyfitter_cfg.c **** 		static const cy_cfg_addrvalue_t CYCODE cy_cfg_data_table[] = {
 306:Generated_Source\PSoC4/cyfitter_cfg.c **** 			{0x06u, 0x01u},
 307:Generated_Source\PSoC4/cyfitter_cfg.c **** 			{0x1Au, 0x02u},
 308:Generated_Source\PSoC4/cyfitter_cfg.c **** 			{0x20u, 0x05u},
 309:Generated_Source\PSoC4/cyfitter_cfg.c **** 			{0x22u, 0x02u},
 310:Generated_Source\PSoC4/cyfitter_cfg.c **** 			{0x34u, 0x03u},
 311:Generated_Source\PSoC4/cyfitter_cfg.c **** 			{0x36u, 0x04u},
 312:Generated_Source\PSoC4/cyfitter_cfg.c **** 			{0x3Au, 0x0Cu},
 313:Generated_Source\PSoC4/cyfitter_cfg.c **** 			{0x3Bu, 0x0Cu},
 314:Generated_Source\PSoC4/cyfitter_cfg.c **** 			{0x3Eu, 0x50u},
 315:Generated_Source\PSoC4/cyfitter_cfg.c **** 			{0x58u, 0x04u},
 316:Generated_Source\PSoC4/cyfitter_cfg.c **** 			{0x59u, 0x04u},
 317:Generated_Source\PSoC4/cyfitter_cfg.c **** 			{0x5Bu, 0x04u},
 318:Generated_Source\PSoC4/cyfitter_cfg.c **** 			{0x5Cu, 0x31u},
 319:Generated_Source\PSoC4/cyfitter_cfg.c **** 			{0x5Fu, 0x01u},
 320:Generated_Source\PSoC4/cyfitter_cfg.c **** 			{0x05u, 0x04u},
 321:Generated_Source\PSoC4/cyfitter_cfg.c **** 			{0x0Eu, 0x08u},
ARM GAS  C:\Users\srhi\AppData\Local\Temp\cc4aDTnO.s 			page 11


 322:Generated_Source\PSoC4/cyfitter_cfg.c **** 			{0x17u, 0x01u},
 323:Generated_Source\PSoC4/cyfitter_cfg.c **** 			{0x1Du, 0x14u},
 324:Generated_Source\PSoC4/cyfitter_cfg.c **** 			{0x1Fu, 0x40u},
 325:Generated_Source\PSoC4/cyfitter_cfg.c **** 			{0x26u, 0x04u},
 326:Generated_Source\PSoC4/cyfitter_cfg.c **** 			{0x6Eu, 0x40u},
 327:Generated_Source\PSoC4/cyfitter_cfg.c **** 			{0x6Fu, 0x01u},
 328:Generated_Source\PSoC4/cyfitter_cfg.c **** 			{0x87u, 0x40u},
 329:Generated_Source\PSoC4/cyfitter_cfg.c **** 			{0x8Du, 0x10u},
 330:Generated_Source\PSoC4/cyfitter_cfg.c **** 			{0x8Eu, 0x40u},
 331:Generated_Source\PSoC4/cyfitter_cfg.c **** 			{0xC0u, 0x20u},
 332:Generated_Source\PSoC4/cyfitter_cfg.c **** 			{0xC2u, 0x40u},
 333:Generated_Source\PSoC4/cyfitter_cfg.c **** 			{0xC4u, 0x10u},
 334:Generated_Source\PSoC4/cyfitter_cfg.c **** 			{0xE6u, 0x40u},
 335:Generated_Source\PSoC4/cyfitter_cfg.c **** 			{0x50u, 0x10u},
 336:Generated_Source\PSoC4/cyfitter_cfg.c **** 			{0xD4u, 0x20u},
 337:Generated_Source\PSoC4/cyfitter_cfg.c **** 			{0x63u, 0x10u},
 338:Generated_Source\PSoC4/cyfitter_cfg.c **** 			{0x87u, 0x10u},
 339:Generated_Source\PSoC4/cyfitter_cfg.c **** 			{0x8Cu, 0x10u},
 340:Generated_Source\PSoC4/cyfitter_cfg.c **** 			{0x94u, 0x20u},
 341:Generated_Source\PSoC4/cyfitter_cfg.c **** 			{0xD8u, 0x40u},
 342:Generated_Source\PSoC4/cyfitter_cfg.c **** 			{0xE2u, 0x10u},
 343:Generated_Source\PSoC4/cyfitter_cfg.c **** 			{0x60u, 0x20u},
 344:Generated_Source\PSoC4/cyfitter_cfg.c **** 			{0x8Cu, 0x20u},
 345:Generated_Source\PSoC4/cyfitter_cfg.c **** 			{0xD8u, 0x02u},
 346:Generated_Source\PSoC4/cyfitter_cfg.c **** 			{0xE0u, 0x02u},
 347:Generated_Source\PSoC4/cyfitter_cfg.c **** 			{0x01u, 0x0Au},
 348:Generated_Source\PSoC4/cyfitter_cfg.c **** 			{0x10u, 0x0Au},
 349:Generated_Source\PSoC4/cyfitter_cfg.c **** 		};
 350:Generated_Source\PSoC4/cyfitter_cfg.c **** 
 351:Generated_Source\PSoC4/cyfitter_cfg.c **** 
 352:Generated_Source\PSoC4/cyfitter_cfg.c **** 
 353:Generated_Source\PSoC4/cyfitter_cfg.c **** 		CYPACKED typedef struct {
 354:Generated_Source\PSoC4/cyfitter_cfg.c **** 			void CYFAR *address;
 355:Generated_Source\PSoC4/cyfitter_cfg.c **** 			uint16 size;
 356:Generated_Source\PSoC4/cyfitter_cfg.c **** 		} CYPACKED_ATTR cfg_memset_t;
 357:Generated_Source\PSoC4/cyfitter_cfg.c **** 
 358:Generated_Source\PSoC4/cyfitter_cfg.c **** 		static const cfg_memset_t CYCODE cfg_memset_list[] = {
 359:Generated_Source\PSoC4/cyfitter_cfg.c **** 			/* address, size */
 360:Generated_Source\PSoC4/cyfitter_cfg.c **** 			{(void CYFAR *)(CYDEV_UDB_P0_U0_BASE), 1024u},
 361:Generated_Source\PSoC4/cyfitter_cfg.c **** 			{(void CYFAR *)(CYDEV_UDB_DSI0_BASE), 1024u},
 362:Generated_Source\PSoC4/cyfitter_cfg.c **** 		};
 363:Generated_Source\PSoC4/cyfitter_cfg.c **** 
 364:Generated_Source\PSoC4/cyfitter_cfg.c **** 		uint8 CYDATA i;
 365:Generated_Source\PSoC4/cyfitter_cfg.c **** 
 366:Generated_Source\PSoC4/cyfitter_cfg.c **** 		/* Zero out critical memory blocks before beginning configuration */
 367:Generated_Source\PSoC4/cyfitter_cfg.c **** 		for (i = 0u; i < (sizeof(cfg_memset_list)/sizeof(cfg_memset_list[0])); i++)
 244              		.loc 1 367 0
 245 0094 0024     		movs	r4, #0
 246 0096 0FE0     		b	.L11
 247              	.LVL19:
 248              	.L12:
 249              	.LBB4:
 368:Generated_Source\PSoC4/cyfitter_cfg.c **** 		{
 369:Generated_Source\PSoC4/cyfitter_cfg.c **** 			const cfg_memset_t CYCODE * CYDATA ms = &cfg_memset_list[i];
 370:Generated_Source\PSoC4/cyfitter_cfg.c **** 			CYMEMZERO(ms->address, (size_t)(uint32)(ms->size));
 250              		.loc 1 370 0 discriminator 3
 251 0098 2E48     		ldr	r0, .L13
ARM GAS  C:\Users\srhi\AppData\Local\Temp\cc4aDTnO.s 			page 12


 252 009a 6200     		lsls	r2, r4, #1
 253 009c 1319     		adds	r3, r2, r4
 254 009e 5900     		lsls	r1, r3, #1
 255 00a0 0B00     		movs	r3, r1
 256 00a2 4118     		adds	r1, r0, r1
 257 00a4 8988     		ldrh	r1, [r1, #4]
 258 00a6 1A5A     		ldrh	r2, [r3, r0]
 259 00a8 C318     		adds	r3, r0, r3
 260 00aa 5888     		ldrh	r0, [r3, #2]
 261 00ac 0004     		lsls	r0, r0, #16
 262 00ae 1043     		orrs	r0, r2
 263 00b0 FFF7FEFF 		bl	CYMEMZERO
 264              	.LVL20:
 265              	.LBE4:
 367:Generated_Source\PSoC4/cyfitter_cfg.c **** 		{
 266              		.loc 1 367 0 discriminator 3
 267 00b4 0134     		adds	r4, r4, #1
 268              	.LVL21:
 269 00b6 E4B2     		uxtb	r4, r4
 270              	.LVL22:
 271              	.L11:
 367:Generated_Source\PSoC4/cyfitter_cfg.c **** 		{
 272              		.loc 1 367 0 is_stmt 0 discriminator 1
 273 00b8 012C     		cmp	r4, #1
 274 00ba EDD9     		bls	.L12
 371:Generated_Source\PSoC4/cyfitter_cfg.c **** 		}
 372:Generated_Source\PSoC4/cyfitter_cfg.c **** 
 373:Generated_Source\PSoC4/cyfitter_cfg.c **** 		cfg_write_bytes32(cy_cfg_addr_table, cy_cfg_data_table);
 275              		.loc 1 373 0 is_stmt 1
 276 00bc 2548     		ldr	r0, .L13
 277 00be 0100     		movs	r1, r0
 278 00c0 0C31     		adds	r1, r1, #12
 279 00c2 6430     		adds	r0, r0, #100
 280 00c4 FFF7FEFF 		bl	cfg_write_bytes32
 281              	.LVL23:
 374:Generated_Source\PSoC4/cyfitter_cfg.c **** 
 375:Generated_Source\PSoC4/cyfitter_cfg.c **** 		/* HSIOM Starting address: CYDEV_HSIOM_BASE */
 376:Generated_Source\PSoC4/cyfitter_cfg.c **** 		CY_SET_REG32((void *)(CYDEV_HSIOM_BASE), 0x00000300u);
 282              		.loc 1 376 0
 283 00c8 C022     		movs	r2, #192
 284 00ca 9200     		lsls	r2, r2, #2
 285 00cc 224B     		ldr	r3, .L13+4
 286 00ce 1A60     		str	r2, [r3]
 377:Generated_Source\PSoC4/cyfitter_cfg.c **** 		CY_SET_REG32((void *)(CYREG_HSIOM_PORT_SEL1), 0x03000000u);
 287              		.loc 1 377 0
 288 00d0 C022     		movs	r2, #192
 289 00d2 9204     		lsls	r2, r2, #18
 290 00d4 214B     		ldr	r3, .L13+8
 291 00d6 1A60     		str	r2, [r3]
 378:Generated_Source\PSoC4/cyfitter_cfg.c **** 		CY_SET_REG32((void *)(CYREG_HSIOM_PORT_SEL3), 0x0030EE00u);
 292              		.loc 1 378 0
 293 00d8 214A     		ldr	r2, .L13+12
 294 00da 224B     		ldr	r3, .L13+16
 295 00dc 1A60     		str	r2, [r3]
 379:Generated_Source\PSoC4/cyfitter_cfg.c **** 
 380:Generated_Source\PSoC4/cyfitter_cfg.c **** 		/* UDB_PA_0 Starting address: CYDEV_UDB_PA0_BASE */
 381:Generated_Source\PSoC4/cyfitter_cfg.c **** 		CY_SET_REG32((void *)(CYDEV_UDB_PA0_BASE), 0x00990000u);
ARM GAS  C:\Users\srhi\AppData\Local\Temp\cc4aDTnO.s 			page 13


 296              		.loc 1 381 0
 297 00de 9923     		movs	r3, #153
 298 00e0 1B04     		lsls	r3, r3, #16
 299 00e2 214A     		ldr	r2, .L13+20
 300 00e4 1360     		str	r3, [r2]
 382:Generated_Source\PSoC4/cyfitter_cfg.c **** 		CY_SET_REG32((void *)(CYREG_UDB_PA0_CFG8), 0x00450000u);
 301              		.loc 1 382 0
 302 00e6 8A21     		movs	r1, #138
 303 00e8 C903     		lsls	r1, r1, #15
 304 00ea 204A     		ldr	r2, .L13+24
 305 00ec 1160     		str	r1, [r2]
 383:Generated_Source\PSoC4/cyfitter_cfg.c **** 
 384:Generated_Source\PSoC4/cyfitter_cfg.c **** 		/* UDB_PA_1 Starting address: CYDEV_UDB_PA1_BASE */
 385:Generated_Source\PSoC4/cyfitter_cfg.c **** 		CY_SET_REG32((void *)(CYDEV_UDB_PA1_BASE), 0x00990000u);
 306              		.loc 1 385 0
 307 00ee 204A     		ldr	r2, .L13+28
 308 00f0 1360     		str	r3, [r2]
 386:Generated_Source\PSoC4/cyfitter_cfg.c **** 		CY_SET_REG32((void *)(CYREG_UDB_PA1_CFG8), 0x20000000u);
 309              		.loc 1 386 0
 310 00f2 8021     		movs	r1, #128
 311 00f4 8905     		lsls	r1, r1, #22
 312 00f6 1F4A     		ldr	r2, .L13+32
 313 00f8 1160     		str	r1, [r2]
 387:Generated_Source\PSoC4/cyfitter_cfg.c **** 
 388:Generated_Source\PSoC4/cyfitter_cfg.c **** 		/* UDB_PA_3 Starting address: CYDEV_UDB_PA3_BASE */
 389:Generated_Source\PSoC4/cyfitter_cfg.c **** 		CY_SET_REG32((void *)(CYDEV_UDB_PA3_BASE), 0x00990000u);
 314              		.loc 1 389 0
 315 00fa 1F4A     		ldr	r2, .L13+36
 316 00fc 1360     		str	r3, [r2]
 390:Generated_Source\PSoC4/cyfitter_cfg.c **** 		CY_SET_REG32((void *)(CYREG_UDB_PA3_CFG8), 0x08000000u);
 317              		.loc 1 390 0
 318 00fe 8022     		movs	r2, #128
 319 0100 1205     		lsls	r2, r2, #20
 320 0102 1E4B     		ldr	r3, .L13+40
 321 0104 1A60     		str	r2, [r3]
 391:Generated_Source\PSoC4/cyfitter_cfg.c **** 
 392:Generated_Source\PSoC4/cyfitter_cfg.c **** 		/* Enable UDB array and digital routing */
 393:Generated_Source\PSoC4/cyfitter_cfg.c **** 		CY_SET_XTND_REG8((void *)CYREG_UDB_UDBIF_WAIT_CFG, (uint8)((CY_GET_XTND_REG8((void *)CYREG_UDB_UD
 322              		.loc 1 393 0
 323 0106 1E49     		ldr	r1, .L13+44
 324 0108 0B78     		ldrb	r3, [r1]
 325 010a 3C22     		movs	r2, #60
 326 010c 9343     		bics	r3, r2
 327 010e 1422     		movs	r2, #20
 328 0110 1343     		orrs	r3, r2
 329 0112 DBB2     		uxtb	r3, r3
 330 0114 0B70     		strb	r3, [r1]
 394:Generated_Source\PSoC4/cyfitter_cfg.c **** 		CY_SET_XTND_REG8((void *)CYREG_UDB_UDBIF_BANK_CTL, (uint8)(CY_GET_XTND_REG8((void *)CYREG_UDB_UDB
 331              		.loc 1 394 0
 332 0116 1B4A     		ldr	r2, .L13+48
 333 0118 1178     		ldrb	r1, [r2]
 334 011a 1623     		movs	r3, #22
 335 011c 0B43     		orrs	r3, r1
 336 011e DBB2     		uxtb	r3, r3
 337 0120 1370     		strb	r3, [r2]
 338              	.LBE3:
 395:Generated_Source\PSoC4/cyfitter_cfg.c **** 	}
ARM GAS  C:\Users\srhi\AppData\Local\Temp\cc4aDTnO.s 			page 14


 396:Generated_Source\PSoC4/cyfitter_cfg.c **** 
 397:Generated_Source\PSoC4/cyfitter_cfg.c **** 	/* Perform second pass device configuration. These items must be configured in specific order afte
 398:Generated_Source\PSoC4/cyfitter_cfg.c **** 	/* IOPINS0_0 Starting address: CYDEV_PRT0_BASE */
 399:Generated_Source\PSoC4/cyfitter_cfg.c **** 	CY_SET_REG32((void *)(CYDEV_PRT0_BASE), 0x00000004u);
 339              		.loc 1 399 0
 340 0122 0422     		movs	r2, #4
 341 0124 184B     		ldr	r3, .L13+52
 342 0126 1A60     		str	r2, [r3]
 400:Generated_Source\PSoC4/cyfitter_cfg.c **** 	CY_SET_REG32((void *)(CYREG_PRT0_PC), 0x00000180u);
 343              		.loc 1 400 0
 344 0128 7D32     		adds	r2, r2, #125
 345 012a FF32     		adds	r2, r2, #255
 346 012c 174B     		ldr	r3, .L13+56
 347 012e 1A60     		str	r2, [r3]
 401:Generated_Source\PSoC4/cyfitter_cfg.c **** 
 402:Generated_Source\PSoC4/cyfitter_cfg.c **** 	/* IOPINS0_1 Starting address: CYDEV_PRT1_BASE */
 403:Generated_Source\PSoC4/cyfitter_cfg.c **** 	CY_SET_REG32((void *)(CYDEV_PRT1_BASE), 0x00000040u);
 348              		.loc 1 403 0
 349 0130 413A     		subs	r2, r2, #65
 350 0132 FF3A     		subs	r2, r2, #255
 351 0134 164B     		ldr	r3, .L13+60
 352 0136 1A60     		str	r2, [r3]
 404:Generated_Source\PSoC4/cyfitter_cfg.c **** 	CY_SET_REG32((void *)(CYREG_PRT1_PC), 0x00180000u);
 353              		.loc 1 404 0
 354 0138 C022     		movs	r2, #192
 355 013a 5203     		lsls	r2, r2, #13
 356 013c 154B     		ldr	r3, .L13+64
 357 013e 1A60     		str	r2, [r3]
 405:Generated_Source\PSoC4/cyfitter_cfg.c **** 
 406:Generated_Source\PSoC4/cyfitter_cfg.c **** 	/* IOPINS0_3 Starting address: CYDEV_PRT3_BASE */
 407:Generated_Source\PSoC4/cyfitter_cfg.c **** 	CY_SET_REG32((void *)(CYDEV_PRT3_BASE), 0x00000020u);
 358              		.loc 1 407 0
 359 0140 2022     		movs	r2, #32
 360 0142 154B     		ldr	r3, .L13+68
 361 0144 1A60     		str	r2, [r3]
 408:Generated_Source\PSoC4/cyfitter_cfg.c **** 	CY_SET_REG32((void *)(CYREG_PRT3_PC), 0x00030D80u);
 362              		.loc 1 408 0
 363 0146 154A     		ldr	r2, .L13+72
 364 0148 154B     		ldr	r3, .L13+76
 365 014a 1A60     		str	r2, [r3]
 409:Generated_Source\PSoC4/cyfitter_cfg.c **** 
 410:Generated_Source\PSoC4/cyfitter_cfg.c **** 
 411:Generated_Source\PSoC4/cyfitter_cfg.c **** 	/* Setup clocks based on selections from Clock DWR */
 412:Generated_Source\PSoC4/cyfitter_cfg.c **** 	ClockSetup();
 366              		.loc 1 412 0
 367 014c FFF758FF 		bl	ClockSetup
 368              	.LVL24:
 413:Generated_Source\PSoC4/cyfitter_cfg.c **** 
 414:Generated_Source\PSoC4/cyfitter_cfg.c **** 	/* Perform basic analog initialization to defaults */
 415:Generated_Source\PSoC4/cyfitter_cfg.c **** 	AnalogSetDefault();
 416:Generated_Source\PSoC4/cyfitter_cfg.c **** 
 417:Generated_Source\PSoC4/cyfitter_cfg.c **** }
 369              		.loc 1 417 0
 370              		@ sp needed
 371              	.LVL25:
 372 0150 10BD     		pop	{r4, pc}
 373              	.L14:
ARM GAS  C:\Users\srhi\AppData\Local\Temp\cc4aDTnO.s 			page 15


 374 0152 C046     		.align	2
 375              	.L13:
 376 0154 00000000 		.word	.LANCHOR0
 377 0158 00000140 		.word	1073807360
 378 015c 04000140 		.word	1073807364
 379 0160 00EE3000 		.word	3206656
 380 0164 0C000140 		.word	1073807372
 381 0168 00500F40 		.word	1074745344
 382 016c 08500F40 		.word	1074745352
 383 0170 10500F40 		.word	1074745360
 384 0174 18500F40 		.word	1074745368
 385 0178 30500F40 		.word	1074745392
 386 017c 38500F40 		.word	1074745400
 387 0180 01700F40 		.word	1074753537
 388 0184 00700F40 		.word	1074753536
 389 0188 00000440 		.word	1074003968
 390 018c 08000440 		.word	1074003976
 391 0190 00010440 		.word	1074004224
 392 0194 08010440 		.word	1074004232
 393 0198 00030440 		.word	1074004736
 394 019c 800D0300 		.word	200064
 395 01a0 08030440 		.word	1074004744
 396              		.cfi_endproc
 397              	.LFE6:
 398              		.size	cyfitter_cfg, .-cyfitter_cfg
 399              		.section	.rodata
 400              		.align	2
 401              		.set	.LANCHOR0,. + 0
 402              		.type	cfg_memset_list.4870, %object
 403              		.size	cfg_memset_list.4870, 12
 404              	cfg_memset_list.4870:
 405 0000 00300F40 		.word	1074737152
 406 0004 0004     		.short	1024
 407 0006 00400F40 		.4byte	1074741248
 408 000a 0004     		.short	1024
 409              		.type	cy_cfg_data_table.4865, %object
 410              		.size	cy_cfg_data_table.4865, 86
 411              	cy_cfg_data_table.4865:
 412 000c 06       		.byte	6
 413 000d 01       		.byte	1
 414 000e 1A       		.byte	26
 415 000f 02       		.byte	2
 416 0010 20       		.byte	32
 417 0011 05       		.byte	5
 418 0012 22       		.byte	34
 419 0013 02       		.byte	2
 420 0014 34       		.byte	52
 421 0015 03       		.byte	3
 422 0016 36       		.byte	54
 423 0017 04       		.byte	4
 424 0018 3A       		.byte	58
 425 0019 0C       		.byte	12
 426 001a 3B       		.byte	59
 427 001b 0C       		.byte	12
 428 001c 3E       		.byte	62
 429 001d 50       		.byte	80
 430 001e 58       		.byte	88
ARM GAS  C:\Users\srhi\AppData\Local\Temp\cc4aDTnO.s 			page 16


 431 001f 04       		.byte	4
 432 0020 59       		.byte	89
 433 0021 04       		.byte	4
 434 0022 5B       		.byte	91
 435 0023 04       		.byte	4
 436 0024 5C       		.byte	92
 437 0025 31       		.byte	49
 438 0026 5F       		.byte	95
 439 0027 01       		.byte	1
 440 0028 05       		.byte	5
 441 0029 04       		.byte	4
 442 002a 0E       		.byte	14
 443 002b 08       		.byte	8
 444 002c 17       		.byte	23
 445 002d 01       		.byte	1
 446 002e 1D       		.byte	29
 447 002f 14       		.byte	20
 448 0030 1F       		.byte	31
 449 0031 40       		.byte	64
 450 0032 26       		.byte	38
 451 0033 04       		.byte	4
 452 0034 6E       		.byte	110
 453 0035 40       		.byte	64
 454 0036 6F       		.byte	111
 455 0037 01       		.byte	1
 456 0038 87       		.byte	-121
 457 0039 40       		.byte	64
 458 003a 8D       		.byte	-115
 459 003b 10       		.byte	16
 460 003c 8E       		.byte	-114
 461 003d 40       		.byte	64
 462 003e C0       		.byte	-64
 463 003f 20       		.byte	32
 464 0040 C2       		.byte	-62
 465 0041 40       		.byte	64
 466 0042 C4       		.byte	-60
 467 0043 10       		.byte	16
 468 0044 E6       		.byte	-26
 469 0045 40       		.byte	64
 470 0046 50       		.byte	80
 471 0047 10       		.byte	16
 472 0048 D4       		.byte	-44
 473 0049 20       		.byte	32
 474 004a 63       		.byte	99
 475 004b 10       		.byte	16
 476 004c 87       		.byte	-121
 477 004d 10       		.byte	16
 478 004e 8C       		.byte	-116
 479 004f 10       		.byte	16
 480 0050 94       		.byte	-108
 481 0051 20       		.byte	32
 482 0052 D8       		.byte	-40
 483 0053 40       		.byte	64
 484 0054 E2       		.byte	-30
 485 0055 10       		.byte	16
 486 0056 60       		.byte	96
 487 0057 20       		.byte	32
ARM GAS  C:\Users\srhi\AppData\Local\Temp\cc4aDTnO.s 			page 17


 488 0058 8C       		.byte	-116
 489 0059 20       		.byte	32
 490 005a D8       		.byte	-40
 491 005b 02       		.byte	2
 492 005c E0       		.byte	-32
 493 005d 02       		.byte	2
 494 005e 01       		.byte	1
 495 005f 0A       		.byte	10
 496 0060 10       		.byte	16
 497 0061 0A       		.byte	10
 498 0062 0000     		.space	2
 499              		.type	cy_cfg_addr_table.4864, %object
 500              		.size	cy_cfg_addr_table.4864, 24
 501              	cy_cfg_addr_table.4864:
 502 0064 0E320F40 		.word	1074737678
 503 0068 0F330F40 		.word	1074737935
 504 006c 02400F40 		.word	1074741250
 505 0070 06410F40 		.word	1074741510
 506 0074 04430F40 		.word	1074742020
 507 0078 02600F40 		.word	1074749442
 508              		.text
 509              	.Letext0:
 510              		.file 2 "c:\\program files (x86)\\cypress\\psoc creator\\4.2\\psoc creator\\import\\gnu\\arm\\5.4.
 511              		.file 3 "Generated_Source\\PSoC4\\cytypes.h"
 512              		.file 4 "Generated_Source\\PSoC4\\CyLib.h"
 513              		.section	.debug_info,"",%progbits
 514              	.Ldebug_info0:
 515 0000 9C030000 		.4byte	0x39c
 516 0004 0400     		.2byte	0x4
 517 0006 00000000 		.4byte	.Ldebug_abbrev0
 518 000a 04       		.byte	0x4
 519 000b 01       		.uleb128 0x1
 520 000c 7F010000 		.4byte	.LASF39
 521 0010 0C       		.byte	0xc
 522 0011 AC020000 		.4byte	.LASF40
 523 0015 B5000000 		.4byte	.LASF41
 524 0019 00000000 		.4byte	.Ldebug_ranges0+0
 525 001d 00000000 		.4byte	0
 526 0021 00000000 		.4byte	.Ldebug_line0
 527 0025 02       		.uleb128 0x2
 528 0026 04       		.byte	0x4
 529 0027 05       		.byte	0x5
 530 0028 696E7400 		.ascii	"int\000"
 531 002c 03       		.uleb128 0x3
 532 002d 06000000 		.4byte	.LASF12
 533 0031 02       		.byte	0x2
 534 0032 D8       		.byte	0xd8
 535 0033 37000000 		.4byte	0x37
 536 0037 04       		.uleb128 0x4
 537 0038 04       		.byte	0x4
 538 0039 07       		.byte	0x7
 539 003a 46010000 		.4byte	.LASF0
 540 003e 04       		.uleb128 0x4
 541 003f 08       		.byte	0x8
 542 0040 05       		.byte	0x5
 543 0041 3F020000 		.4byte	.LASF1
 544 0045 04       		.uleb128 0x4
ARM GAS  C:\Users\srhi\AppData\Local\Temp\cc4aDTnO.s 			page 18


 545 0046 08       		.byte	0x8
 546 0047 04       		.byte	0x4
 547 0048 94020000 		.4byte	.LASF2
 548 004c 04       		.uleb128 0x4
 549 004d 01       		.byte	0x1
 550 004e 06       		.byte	0x6
 551 004f A0020000 		.4byte	.LASF3
 552 0053 04       		.uleb128 0x4
 553 0054 01       		.byte	0x1
 554 0055 08       		.byte	0x8
 555 0056 99000000 		.4byte	.LASF4
 556 005a 04       		.uleb128 0x4
 557 005b 02       		.byte	0x2
 558 005c 05       		.byte	0x5
 559 005d 6C020000 		.4byte	.LASF5
 560 0061 04       		.uleb128 0x4
 561 0062 02       		.byte	0x2
 562 0063 07       		.byte	0x7
 563 0064 2C020000 		.4byte	.LASF6
 564 0068 04       		.uleb128 0x4
 565 0069 04       		.byte	0x4
 566 006a 05       		.byte	0x5
 567 006b 8B020000 		.4byte	.LASF7
 568 006f 04       		.uleb128 0x4
 569 0070 04       		.byte	0x4
 570 0071 07       		.byte	0x7
 571 0072 77000000 		.4byte	.LASF8
 572 0076 04       		.uleb128 0x4
 573 0077 08       		.byte	0x8
 574 0078 07       		.byte	0x7
 575 0079 68010000 		.4byte	.LASF9
 576 007d 04       		.uleb128 0x4
 577 007e 04       		.byte	0x4
 578 007f 07       		.byte	0x7
 579 0080 23020000 		.4byte	.LASF10
 580 0084 05       		.uleb128 0x5
 581 0085 04       		.byte	0x4
 582 0086 04       		.uleb128 0x4
 583 0087 01       		.byte	0x1
 584 0088 08       		.byte	0x8
 585 0089 4D020000 		.4byte	.LASF11
 586 008d 06       		.uleb128 0x6
 587 008e 89000000 		.4byte	.LASF13
 588 0092 03       		.byte	0x3
 589 0093 E401     		.2byte	0x1e4
 590 0095 53000000 		.4byte	0x53
 591 0099 06       		.uleb128 0x6
 592 009a 2D010000 		.4byte	.LASF14
 593 009e 03       		.byte	0x3
 594 009f E501     		.2byte	0x1e5
 595 00a1 61000000 		.4byte	0x61
 596 00a5 06       		.uleb128 0x6
 597 00a6 3F010000 		.4byte	.LASF15
 598 00aa 03       		.byte	0x3
 599 00ab E601     		.2byte	0x1e6
 600 00ad 6F000000 		.4byte	0x6f
 601 00b1 04       		.uleb128 0x4
ARM GAS  C:\Users\srhi\AppData\Local\Temp\cc4aDTnO.s 			page 19


 602 00b2 04       		.byte	0x4
 603 00b3 04       		.byte	0x4
 604 00b4 57000000 		.4byte	.LASF16
 605 00b8 04       		.uleb128 0x4
 606 00b9 08       		.byte	0x8
 607 00ba 04       		.byte	0x4
 608 00bb AE000000 		.4byte	.LASF17
 609 00bf 06       		.uleb128 0x6
 610 00c0 72000000 		.4byte	.LASF18
 611 00c4 03       		.byte	0x3
 612 00c5 8E02     		.2byte	0x28e
 613 00c7 CB000000 		.4byte	0xcb
 614 00cb 07       		.uleb128 0x7
 615 00cc 8D000000 		.4byte	0x8d
 616 00d0 06       		.uleb128 0x6
 617 00d1 00000000 		.4byte	.LASF19
 618 00d5 03       		.byte	0x3
 619 00d6 9002     		.2byte	0x290
 620 00d8 DC000000 		.4byte	0xdc
 621 00dc 07       		.uleb128 0x7
 622 00dd A5000000 		.4byte	0xa5
 623 00e1 08       		.uleb128 0x8
 624 00e2 02       		.byte	0x2
 625 00e3 01       		.byte	0x1
 626 00e4 97       		.byte	0x97
 627 00e5 02010000 		.4byte	0x102
 628 00e9 09       		.uleb128 0x9
 629 00ea 65020000 		.4byte	.LASF20
 630 00ee 01       		.byte	0x1
 631 00ef 99       		.byte	0x99
 632 00f0 8D000000 		.4byte	0x8d
 633 00f4 00       		.byte	0
 634 00f5 09       		.uleb128 0x9
 635 00f6 1C000000 		.4byte	.LASF21
 636 00fa 01       		.byte	0x1
 637 00fb 9A       		.byte	0x9a
 638 00fc 8D000000 		.4byte	0x8d
 639 0100 01       		.byte	0x1
 640 0101 00       		.byte	0
 641 0102 03       		.uleb128 0x3
 642 0103 52020000 		.4byte	.LASF22
 643 0107 01       		.byte	0x1
 644 0108 9B       		.byte	0x9b
 645 0109 E1000000 		.4byte	0xe1
 646 010d 0A       		.uleb128 0xa
 647 010e 04010000 		.4byte	.LASF27
 648 0112 01       		.byte	0x1
 649 0113 AE       		.byte	0xae
 650 0114 00000000 		.4byte	.LFB3
 651 0118 32000000 		.4byte	.LFE3-.LFB3
 652 011c 01       		.uleb128 0x1
 653 011d 9C       		.byte	0x9c
 654 011e 7F010000 		.4byte	0x17f
 655 0122 0B       		.uleb128 0xb
 656 0123 22010000 		.4byte	.LASF23
 657 0127 01       		.byte	0x1
 658 0128 AE       		.byte	0xae
ARM GAS  C:\Users\srhi\AppData\Local\Temp\cc4aDTnO.s 			page 20


 659 0129 7F010000 		.4byte	0x17f
 660 012d 01       		.uleb128 0x1
 661 012e 50       		.byte	0x50
 662 012f 0B       		.uleb128 0xb
 663 0130 34010000 		.4byte	.LASF24
 664 0134 01       		.byte	0x1
 665 0135 AE       		.byte	0xae
 666 0136 8A010000 		.4byte	0x18a
 667 013a 01       		.uleb128 0x1
 668 013b 51       		.byte	0x51
 669 013c 0C       		.uleb128 0xc
 670 013d 6900     		.ascii	"i\000"
 671 013f 01       		.byte	0x1
 672 0140 B1       		.byte	0xb1
 673 0141 A5000000 		.4byte	0xa5
 674 0145 00000000 		.4byte	.LLST0
 675 0149 0C       		.uleb128 0xc
 676 014a 6A00     		.ascii	"j\000"
 677 014c 01       		.byte	0x1
 678 014d B1       		.byte	0xb1
 679 014e A5000000 		.4byte	0xa5
 680 0152 1F000000 		.4byte	.LLST1
 681 0156 0D       		.uleb128 0xd
 682 0157 08000000 		.4byte	.LBB2
 683 015b 22000000 		.4byte	.LBE2-.LBB2
 684 015f 0E       		.uleb128 0xe
 685 0160 1A020000 		.4byte	.LASF25
 686 0164 01       		.byte	0x1
 687 0165 B4       		.byte	0xb4
 688 0166 A5000000 		.4byte	0xa5
 689 016a 3E000000 		.4byte	.LLST2
 690 016e 0E       		.uleb128 0xe
 691 016f 22000000 		.4byte	.LASF26
 692 0173 01       		.byte	0x1
 693 0174 B5       		.byte	0xb5
 694 0175 8D000000 		.4byte	0x8d
 695 0179 51000000 		.4byte	.LLST3
 696 017d 00       		.byte	0
 697 017e 00       		.byte	0
 698 017f 0F       		.uleb128 0xf
 699 0180 04       		.byte	0x4
 700 0181 85010000 		.4byte	0x185
 701 0185 10       		.uleb128 0x10
 702 0186 A5000000 		.4byte	0xa5
 703 018a 0F       		.uleb128 0xf
 704 018b 04       		.byte	0x4
 705 018c 90010000 		.4byte	0x190
 706 0190 10       		.uleb128 0x10
 707 0191 02010000 		.4byte	0x102
 708 0195 0A       		.uleb128 0xa
 709 0196 8F000000 		.4byte	.LASF28
 710 019a 01       		.byte	0x1
 711 019b 4C       		.byte	0x4c
 712 019c 00000000 		.4byte	.LFB0
 713 01a0 0C000000 		.4byte	.LFE0-.LFB0
 714 01a4 01       		.uleb128 0x1
 715 01a5 9C       		.byte	0x9c
ARM GAS  C:\Users\srhi\AppData\Local\Temp\cc4aDTnO.s 			page 21


 716 01a6 E2010000 		.4byte	0x1e2
 717 01aa 11       		.uleb128 0x11
 718 01ab 7300     		.ascii	"s\000"
 719 01ad 01       		.byte	0x1
 720 01ae 4C       		.byte	0x4c
 721 01af 84000000 		.4byte	0x84
 722 01b3 6F000000 		.4byte	.LLST4
 723 01b7 11       		.uleb128 0x11
 724 01b8 6E00     		.ascii	"n\000"
 725 01ba 01       		.byte	0x1
 726 01bb 4C       		.byte	0x4c
 727 01bc 2C000000 		.4byte	0x2c
 728 01c0 90000000 		.4byte	.LLST5
 729 01c4 12       		.uleb128 0x12
 730 01c5 0A000000 		.4byte	.LVL14
 731 01c9 75030000 		.4byte	0x375
 732 01cd 13       		.uleb128 0x13
 733 01ce 01       		.uleb128 0x1
 734 01cf 50       		.byte	0x50
 735 01d0 03       		.uleb128 0x3
 736 01d1 F3       		.byte	0xf3
 737 01d2 01       		.uleb128 0x1
 738 01d3 50       		.byte	0x50
 739 01d4 13       		.uleb128 0x13
 740 01d5 01       		.uleb128 0x1
 741 01d6 51       		.byte	0x51
 742 01d7 01       		.uleb128 0x1
 743 01d8 30       		.byte	0x30
 744 01d9 13       		.uleb128 0x13
 745 01da 01       		.uleb128 0x1
 746 01db 52       		.byte	0x52
 747 01dc 03       		.uleb128 0x3
 748 01dd F3       		.byte	0xf3
 749 01de 01       		.uleb128 0x1
 750 01df 51       		.byte	0x51
 751 01e0 00       		.byte	0
 752 01e1 00       		.byte	0
 753 01e2 0A       		.uleb128 0xa
 754 01e3 28000000 		.4byte	.LASF29
 755 01e7 01       		.byte	0x1
 756 01e8 D3       		.byte	0xd3
 757 01e9 00000000 		.4byte	.LFB4
 758 01ed 90000000 		.4byte	.LFE4-.LFB4
 759 01f1 01       		.uleb128 0x1
 760 01f2 9C       		.byte	0x9c
 761 01f3 2D020000 		.4byte	0x22d
 762 01f7 14       		.uleb128 0x14
 763 01f8 14000000 		.4byte	.LVL15
 764 01fc 7E030000 		.4byte	0x37e
 765 0200 0A020000 		.4byte	0x20a
 766 0204 13       		.uleb128 0x13
 767 0205 01       		.uleb128 0x1
 768 0206 50       		.byte	0x50
 769 0207 01       		.uleb128 0x1
 770 0208 48       		.byte	0x48
 771 0209 00       		.byte	0
 772 020a 14       		.uleb128 0x14
ARM GAS  C:\Users\srhi\AppData\Local\Temp\cc4aDTnO.s 			page 22


 773 020b 4E000000 		.4byte	.LVL16
 774 020f 89030000 		.4byte	0x389
 775 0213 1D020000 		.4byte	0x21d
 776 0217 13       		.uleb128 0x13
 777 0218 01       		.uleb128 0x1
 778 0219 50       		.byte	0x50
 779 021a 01       		.uleb128 0x1
 780 021b 39       		.byte	0x39
 781 021c 00       		.byte	0
 782 021d 12       		.uleb128 0x12
 783 021e 54000000 		.4byte	.LVL17
 784 0222 94030000 		.4byte	0x394
 785 0226 13       		.uleb128 0x13
 786 0227 01       		.uleb128 0x1
 787 0228 50       		.byte	0x50
 788 0229 01       		.uleb128 0x1
 789 022a 39       		.byte	0x39
 790 022b 00       		.byte	0
 791 022c 00       		.byte	0
 792 022d 15       		.uleb128 0x15
 793 022e 53010000 		.4byte	.LASF42
 794 0232 01       		.byte	0x1
 795 0233 2201     		.2byte	0x122
 796 0235 90000000 		.4byte	.LFB6
 797 0239 14010000 		.4byte	.LFE6-.LFB6
 798 023d 01       		.uleb128 0x1
 799 023e 9C       		.byte	0x9c
 800 023f 4B030000 		.4byte	0x34b
 801 0243 16       		.uleb128 0x16
 802 0244 94000000 		.4byte	.LBB3
 803 0248 8E000000 		.4byte	.LBE3-.LBB3
 804 024c 41030000 		.4byte	0x341
 805 0250 17       		.uleb128 0x17
 806 0251 33000000 		.4byte	.LASF30
 807 0255 01       		.byte	0x1
 808 0256 2801     		.2byte	0x128
 809 0258 5B030000 		.4byte	0x35b
 810 025c 05       		.uleb128 0x5
 811 025d 03       		.byte	0x3
 812 025e 64000000 		.4byte	cy_cfg_addr_table.4864
 813 0262 17       		.uleb128 0x17
 814 0263 45000000 		.4byte	.LASF31
 815 0267 01       		.byte	0x1
 816 0268 3101     		.2byte	0x131
 817 026a 70030000 		.4byte	0x370
 818 026e 05       		.uleb128 0x5
 819 026f 03       		.byte	0x3
 820 0270 0C000000 		.4byte	cy_cfg_data_table.4865
 821 0274 18       		.uleb128 0x18
 822 0275 06       		.byte	0x6
 823 0276 01       		.byte	0x1
 824 0277 6101     		.2byte	0x161
 825 0279 98020000 		.4byte	0x298
 826 027d 19       		.uleb128 0x19
 827 027e 60010000 		.4byte	.LASF32
 828 0282 01       		.byte	0x1
 829 0283 6201     		.2byte	0x162
ARM GAS  C:\Users\srhi\AppData\Local\Temp\cc4aDTnO.s 			page 23


 830 0285 84000000 		.4byte	0x84
 831 0289 00       		.byte	0
 832 028a 19       		.uleb128 0x19
 833 028b 6D000000 		.4byte	.LASF33
 834 028f 01       		.byte	0x1
 835 0290 6301     		.2byte	0x163
 836 0292 99000000 		.4byte	0x99
 837 0296 04       		.byte	0x4
 838 0297 00       		.byte	0
 839 0298 06       		.uleb128 0x6
 840 0299 0D020000 		.4byte	.LASF34
 841 029d 01       		.byte	0x1
 842 029e 6401     		.2byte	0x164
 843 02a0 74020000 		.4byte	0x274
 844 02a4 1A       		.uleb128 0x1a
 845 02a5 B4020000 		.4byte	0x2b4
 846 02a9 B4020000 		.4byte	0x2b4
 847 02ad 1B       		.uleb128 0x1b
 848 02ae 7D000000 		.4byte	0x7d
 849 02b2 01       		.byte	0x1
 850 02b3 00       		.byte	0
 851 02b4 10       		.uleb128 0x10
 852 02b5 98020000 		.4byte	0x298
 853 02b9 17       		.uleb128 0x17
 854 02ba 5D000000 		.4byte	.LASF35
 855 02be 01       		.byte	0x1
 856 02bf 6601     		.2byte	0x166
 857 02c1 CB020000 		.4byte	0x2cb
 858 02c5 05       		.uleb128 0x5
 859 02c6 03       		.byte	0x3
 860 02c7 00000000 		.4byte	cfg_memset_list.4870
 861 02cb 10       		.uleb128 0x10
 862 02cc A4020000 		.4byte	0x2a4
 863 02d0 1C       		.uleb128 0x1c
 864 02d1 6900     		.ascii	"i\000"
 865 02d3 01       		.byte	0x1
 866 02d4 6C01     		.2byte	0x16c
 867 02d6 8D000000 		.4byte	0x8d
 868 02da BC000000 		.4byte	.LLST6
 869 02de 16       		.uleb128 0x16
 870 02df 98000000 		.4byte	.LBB4
 871 02e3 1C000000 		.4byte	.LBE4-.LBB4
 872 02e7 24030000 		.4byte	0x324
 873 02eb 1C       		.uleb128 0x1c
 874 02ec 6D7300   		.ascii	"ms\000"
 875 02ef 01       		.byte	0x1
 876 02f0 7101     		.2byte	0x171
 877 02f2 FA020000 		.4byte	0x2fa
 878 02f6 E6000000 		.4byte	.LLST7
 879 02fa 0F       		.uleb128 0xf
 880 02fb 04       		.byte	0x4
 881 02fc B4020000 		.4byte	0x2b4
 882 0300 12       		.uleb128 0x12
 883 0301 B4000000 		.4byte	.LVL20
 884 0305 95010000 		.4byte	0x195
 885 0309 13       		.uleb128 0x13
 886 030a 01       		.uleb128 0x1
ARM GAS  C:\Users\srhi\AppData\Local\Temp\cc4aDTnO.s 			page 24


 887 030b 51       		.byte	0x51
 888 030c 15       		.uleb128 0x15
 889 030d 74       		.byte	0x74
 890 030e 00       		.sleb128 0
 891 030f 31       		.byte	0x31
 892 0310 24       		.byte	0x24
 893 0311 74       		.byte	0x74
 894 0312 00       		.sleb128 0
 895 0313 22       		.byte	0x22
 896 0314 31       		.byte	0x31
 897 0315 24       		.byte	0x24
 898 0316 03       		.byte	0x3
 899 0317 04000000 		.4byte	.LANCHOR0+4
 900 031b 22       		.byte	0x22
 901 031c 94       		.byte	0x94
 902 031d 02       		.byte	0x2
 903 031e 0A       		.byte	0xa
 904 031f FFFF     		.2byte	0xffff
 905 0321 1A       		.byte	0x1a
 906 0322 00       		.byte	0
 907 0323 00       		.byte	0
 908 0324 12       		.uleb128 0x12
 909 0325 C8000000 		.4byte	.LVL23
 910 0329 0D010000 		.4byte	0x10d
 911 032d 13       		.uleb128 0x13
 912 032e 01       		.uleb128 0x1
 913 032f 50       		.byte	0x50
 914 0330 05       		.uleb128 0x5
 915 0331 03       		.byte	0x3
 916 0332 64000000 		.4byte	.LANCHOR0+100
 917 0336 13       		.uleb128 0x13
 918 0337 01       		.uleb128 0x1
 919 0338 51       		.byte	0x51
 920 0339 05       		.uleb128 0x5
 921 033a 03       		.byte	0x3
 922 033b 0C000000 		.4byte	.LANCHOR0+12
 923 033f 00       		.byte	0
 924 0340 00       		.byte	0
 925 0341 1D       		.uleb128 0x1d
 926 0342 50010000 		.4byte	.LVL24
 927 0346 E2010000 		.4byte	0x1e2
 928 034a 00       		.byte	0
 929 034b 1A       		.uleb128 0x1a
 930 034c 85010000 		.4byte	0x185
 931 0350 5B030000 		.4byte	0x35b
 932 0354 1B       		.uleb128 0x1b
 933 0355 7D000000 		.4byte	0x7d
 934 0359 05       		.byte	0x5
 935 035a 00       		.byte	0
 936 035b 10       		.uleb128 0x10
 937 035c 4B030000 		.4byte	0x34b
 938 0360 1A       		.uleb128 0x1a
 939 0361 90010000 		.4byte	0x190
 940 0365 70030000 		.4byte	0x370
 941 0369 1B       		.uleb128 0x1b
 942 036a 7D000000 		.4byte	0x7d
 943 036e 2A       		.byte	0x2a
ARM GAS  C:\Users\srhi\AppData\Local\Temp\cc4aDTnO.s 			page 25


 944 036f 00       		.byte	0
 945 0370 10       		.uleb128 0x10
 946 0371 60030000 		.4byte	0x360
 947 0375 1E       		.uleb128 0x1e
 948 0376 A7000000 		.4byte	.LASF43
 949 037a A7000000 		.4byte	.LASF43
 950 037e 1F       		.uleb128 0x1f
 951 037f 76020000 		.4byte	.LASF36
 952 0383 76020000 		.4byte	.LASF36
 953 0387 04       		.byte	0x4
 954 0388 6C       		.byte	0x6c
 955 0389 1F       		.uleb128 0x1f
 956 038a 0D000000 		.4byte	.LASF37
 957 038e 0D000000 		.4byte	.LASF37
 958 0392 04       		.byte	0x4
 959 0393 BD       		.byte	0xbd
 960 0394 1F       		.uleb128 0x1f
 961 0395 16010000 		.4byte	.LASF38
 962 0399 16010000 		.4byte	.LASF38
 963 039d 04       		.byte	0x4
 964 039e C3       		.byte	0xc3
 965 039f 00       		.byte	0
 966              		.section	.debug_abbrev,"",%progbits
 967              	.Ldebug_abbrev0:
 968 0000 01       		.uleb128 0x1
 969 0001 11       		.uleb128 0x11
 970 0002 01       		.byte	0x1
 971 0003 25       		.uleb128 0x25
 972 0004 0E       		.uleb128 0xe
 973 0005 13       		.uleb128 0x13
 974 0006 0B       		.uleb128 0xb
 975 0007 03       		.uleb128 0x3
 976 0008 0E       		.uleb128 0xe
 977 0009 1B       		.uleb128 0x1b
 978 000a 0E       		.uleb128 0xe
 979 000b 55       		.uleb128 0x55
 980 000c 17       		.uleb128 0x17
 981 000d 11       		.uleb128 0x11
 982 000e 01       		.uleb128 0x1
 983 000f 10       		.uleb128 0x10
 984 0010 17       		.uleb128 0x17
 985 0011 00       		.byte	0
 986 0012 00       		.byte	0
 987 0013 02       		.uleb128 0x2
 988 0014 24       		.uleb128 0x24
 989 0015 00       		.byte	0
 990 0016 0B       		.uleb128 0xb
 991 0017 0B       		.uleb128 0xb
 992 0018 3E       		.uleb128 0x3e
 993 0019 0B       		.uleb128 0xb
 994 001a 03       		.uleb128 0x3
 995 001b 08       		.uleb128 0x8
 996 001c 00       		.byte	0
 997 001d 00       		.byte	0
 998 001e 03       		.uleb128 0x3
 999 001f 16       		.uleb128 0x16
 1000 0020 00       		.byte	0
ARM GAS  C:\Users\srhi\AppData\Local\Temp\cc4aDTnO.s 			page 26


 1001 0021 03       		.uleb128 0x3
 1002 0022 0E       		.uleb128 0xe
 1003 0023 3A       		.uleb128 0x3a
 1004 0024 0B       		.uleb128 0xb
 1005 0025 3B       		.uleb128 0x3b
 1006 0026 0B       		.uleb128 0xb
 1007 0027 49       		.uleb128 0x49
 1008 0028 13       		.uleb128 0x13
 1009 0029 00       		.byte	0
 1010 002a 00       		.byte	0
 1011 002b 04       		.uleb128 0x4
 1012 002c 24       		.uleb128 0x24
 1013 002d 00       		.byte	0
 1014 002e 0B       		.uleb128 0xb
 1015 002f 0B       		.uleb128 0xb
 1016 0030 3E       		.uleb128 0x3e
 1017 0031 0B       		.uleb128 0xb
 1018 0032 03       		.uleb128 0x3
 1019 0033 0E       		.uleb128 0xe
 1020 0034 00       		.byte	0
 1021 0035 00       		.byte	0
 1022 0036 05       		.uleb128 0x5
 1023 0037 0F       		.uleb128 0xf
 1024 0038 00       		.byte	0
 1025 0039 0B       		.uleb128 0xb
 1026 003a 0B       		.uleb128 0xb
 1027 003b 00       		.byte	0
 1028 003c 00       		.byte	0
 1029 003d 06       		.uleb128 0x6
 1030 003e 16       		.uleb128 0x16
 1031 003f 00       		.byte	0
 1032 0040 03       		.uleb128 0x3
 1033 0041 0E       		.uleb128 0xe
 1034 0042 3A       		.uleb128 0x3a
 1035 0043 0B       		.uleb128 0xb
 1036 0044 3B       		.uleb128 0x3b
 1037 0045 05       		.uleb128 0x5
 1038 0046 49       		.uleb128 0x49
 1039 0047 13       		.uleb128 0x13
 1040 0048 00       		.byte	0
 1041 0049 00       		.byte	0
 1042 004a 07       		.uleb128 0x7
 1043 004b 35       		.uleb128 0x35
 1044 004c 00       		.byte	0
 1045 004d 49       		.uleb128 0x49
 1046 004e 13       		.uleb128 0x13
 1047 004f 00       		.byte	0
 1048 0050 00       		.byte	0
 1049 0051 08       		.uleb128 0x8
 1050 0052 13       		.uleb128 0x13
 1051 0053 01       		.byte	0x1
 1052 0054 0B       		.uleb128 0xb
 1053 0055 0B       		.uleb128 0xb
 1054 0056 3A       		.uleb128 0x3a
 1055 0057 0B       		.uleb128 0xb
 1056 0058 3B       		.uleb128 0x3b
 1057 0059 0B       		.uleb128 0xb
ARM GAS  C:\Users\srhi\AppData\Local\Temp\cc4aDTnO.s 			page 27


 1058 005a 01       		.uleb128 0x1
 1059 005b 13       		.uleb128 0x13
 1060 005c 00       		.byte	0
 1061 005d 00       		.byte	0
 1062 005e 09       		.uleb128 0x9
 1063 005f 0D       		.uleb128 0xd
 1064 0060 00       		.byte	0
 1065 0061 03       		.uleb128 0x3
 1066 0062 0E       		.uleb128 0xe
 1067 0063 3A       		.uleb128 0x3a
 1068 0064 0B       		.uleb128 0xb
 1069 0065 3B       		.uleb128 0x3b
 1070 0066 0B       		.uleb128 0xb
 1071 0067 49       		.uleb128 0x49
 1072 0068 13       		.uleb128 0x13
 1073 0069 38       		.uleb128 0x38
 1074 006a 0B       		.uleb128 0xb
 1075 006b 00       		.byte	0
 1076 006c 00       		.byte	0
 1077 006d 0A       		.uleb128 0xa
 1078 006e 2E       		.uleb128 0x2e
 1079 006f 01       		.byte	0x1
 1080 0070 03       		.uleb128 0x3
 1081 0071 0E       		.uleb128 0xe
 1082 0072 3A       		.uleb128 0x3a
 1083 0073 0B       		.uleb128 0xb
 1084 0074 3B       		.uleb128 0x3b
 1085 0075 0B       		.uleb128 0xb
 1086 0076 27       		.uleb128 0x27
 1087 0077 19       		.uleb128 0x19
 1088 0078 11       		.uleb128 0x11
 1089 0079 01       		.uleb128 0x1
 1090 007a 12       		.uleb128 0x12
 1091 007b 06       		.uleb128 0x6
 1092 007c 40       		.uleb128 0x40
 1093 007d 18       		.uleb128 0x18
 1094 007e 9742     		.uleb128 0x2117
 1095 0080 19       		.uleb128 0x19
 1096 0081 01       		.uleb128 0x1
 1097 0082 13       		.uleb128 0x13
 1098 0083 00       		.byte	0
 1099 0084 00       		.byte	0
 1100 0085 0B       		.uleb128 0xb
 1101 0086 05       		.uleb128 0x5
 1102 0087 00       		.byte	0
 1103 0088 03       		.uleb128 0x3
 1104 0089 0E       		.uleb128 0xe
 1105 008a 3A       		.uleb128 0x3a
 1106 008b 0B       		.uleb128 0xb
 1107 008c 3B       		.uleb128 0x3b
 1108 008d 0B       		.uleb128 0xb
 1109 008e 49       		.uleb128 0x49
 1110 008f 13       		.uleb128 0x13
 1111 0090 02       		.uleb128 0x2
 1112 0091 18       		.uleb128 0x18
 1113 0092 00       		.byte	0
 1114 0093 00       		.byte	0
ARM GAS  C:\Users\srhi\AppData\Local\Temp\cc4aDTnO.s 			page 28


 1115 0094 0C       		.uleb128 0xc
 1116 0095 34       		.uleb128 0x34
 1117 0096 00       		.byte	0
 1118 0097 03       		.uleb128 0x3
 1119 0098 08       		.uleb128 0x8
 1120 0099 3A       		.uleb128 0x3a
 1121 009a 0B       		.uleb128 0xb
 1122 009b 3B       		.uleb128 0x3b
 1123 009c 0B       		.uleb128 0xb
 1124 009d 49       		.uleb128 0x49
 1125 009e 13       		.uleb128 0x13
 1126 009f 02       		.uleb128 0x2
 1127 00a0 17       		.uleb128 0x17
 1128 00a1 00       		.byte	0
 1129 00a2 00       		.byte	0
 1130 00a3 0D       		.uleb128 0xd
 1131 00a4 0B       		.uleb128 0xb
 1132 00a5 01       		.byte	0x1
 1133 00a6 11       		.uleb128 0x11
 1134 00a7 01       		.uleb128 0x1
 1135 00a8 12       		.uleb128 0x12
 1136 00a9 06       		.uleb128 0x6
 1137 00aa 00       		.byte	0
 1138 00ab 00       		.byte	0
 1139 00ac 0E       		.uleb128 0xe
 1140 00ad 34       		.uleb128 0x34
 1141 00ae 00       		.byte	0
 1142 00af 03       		.uleb128 0x3
 1143 00b0 0E       		.uleb128 0xe
 1144 00b1 3A       		.uleb128 0x3a
 1145 00b2 0B       		.uleb128 0xb
 1146 00b3 3B       		.uleb128 0x3b
 1147 00b4 0B       		.uleb128 0xb
 1148 00b5 49       		.uleb128 0x49
 1149 00b6 13       		.uleb128 0x13
 1150 00b7 02       		.uleb128 0x2
 1151 00b8 17       		.uleb128 0x17
 1152 00b9 00       		.byte	0
 1153 00ba 00       		.byte	0
 1154 00bb 0F       		.uleb128 0xf
 1155 00bc 0F       		.uleb128 0xf
 1156 00bd 00       		.byte	0
 1157 00be 0B       		.uleb128 0xb
 1158 00bf 0B       		.uleb128 0xb
 1159 00c0 49       		.uleb128 0x49
 1160 00c1 13       		.uleb128 0x13
 1161 00c2 00       		.byte	0
 1162 00c3 00       		.byte	0
 1163 00c4 10       		.uleb128 0x10
 1164 00c5 26       		.uleb128 0x26
 1165 00c6 00       		.byte	0
 1166 00c7 49       		.uleb128 0x49
 1167 00c8 13       		.uleb128 0x13
 1168 00c9 00       		.byte	0
 1169 00ca 00       		.byte	0
 1170 00cb 11       		.uleb128 0x11
 1171 00cc 05       		.uleb128 0x5
ARM GAS  C:\Users\srhi\AppData\Local\Temp\cc4aDTnO.s 			page 29


 1172 00cd 00       		.byte	0
 1173 00ce 03       		.uleb128 0x3
 1174 00cf 08       		.uleb128 0x8
 1175 00d0 3A       		.uleb128 0x3a
 1176 00d1 0B       		.uleb128 0xb
 1177 00d2 3B       		.uleb128 0x3b
 1178 00d3 0B       		.uleb128 0xb
 1179 00d4 49       		.uleb128 0x49
 1180 00d5 13       		.uleb128 0x13
 1181 00d6 02       		.uleb128 0x2
 1182 00d7 17       		.uleb128 0x17
 1183 00d8 00       		.byte	0
 1184 00d9 00       		.byte	0
 1185 00da 12       		.uleb128 0x12
 1186 00db 898201   		.uleb128 0x4109
 1187 00de 01       		.byte	0x1
 1188 00df 11       		.uleb128 0x11
 1189 00e0 01       		.uleb128 0x1
 1190 00e1 31       		.uleb128 0x31
 1191 00e2 13       		.uleb128 0x13
 1192 00e3 00       		.byte	0
 1193 00e4 00       		.byte	0
 1194 00e5 13       		.uleb128 0x13
 1195 00e6 8A8201   		.uleb128 0x410a
 1196 00e9 00       		.byte	0
 1197 00ea 02       		.uleb128 0x2
 1198 00eb 18       		.uleb128 0x18
 1199 00ec 9142     		.uleb128 0x2111
 1200 00ee 18       		.uleb128 0x18
 1201 00ef 00       		.byte	0
 1202 00f0 00       		.byte	0
 1203 00f1 14       		.uleb128 0x14
 1204 00f2 898201   		.uleb128 0x4109
 1205 00f5 01       		.byte	0x1
 1206 00f6 11       		.uleb128 0x11
 1207 00f7 01       		.uleb128 0x1
 1208 00f8 31       		.uleb128 0x31
 1209 00f9 13       		.uleb128 0x13
 1210 00fa 01       		.uleb128 0x1
 1211 00fb 13       		.uleb128 0x13
 1212 00fc 00       		.byte	0
 1213 00fd 00       		.byte	0
 1214 00fe 15       		.uleb128 0x15
 1215 00ff 2E       		.uleb128 0x2e
 1216 0100 01       		.byte	0x1
 1217 0101 3F       		.uleb128 0x3f
 1218 0102 19       		.uleb128 0x19
 1219 0103 03       		.uleb128 0x3
 1220 0104 0E       		.uleb128 0xe
 1221 0105 3A       		.uleb128 0x3a
 1222 0106 0B       		.uleb128 0xb
 1223 0107 3B       		.uleb128 0x3b
 1224 0108 05       		.uleb128 0x5
 1225 0109 27       		.uleb128 0x27
 1226 010a 19       		.uleb128 0x19
 1227 010b 11       		.uleb128 0x11
 1228 010c 01       		.uleb128 0x1
ARM GAS  C:\Users\srhi\AppData\Local\Temp\cc4aDTnO.s 			page 30


 1229 010d 12       		.uleb128 0x12
 1230 010e 06       		.uleb128 0x6
 1231 010f 40       		.uleb128 0x40
 1232 0110 18       		.uleb128 0x18
 1233 0111 9742     		.uleb128 0x2117
 1234 0113 19       		.uleb128 0x19
 1235 0114 01       		.uleb128 0x1
 1236 0115 13       		.uleb128 0x13
 1237 0116 00       		.byte	0
 1238 0117 00       		.byte	0
 1239 0118 16       		.uleb128 0x16
 1240 0119 0B       		.uleb128 0xb
 1241 011a 01       		.byte	0x1
 1242 011b 11       		.uleb128 0x11
 1243 011c 01       		.uleb128 0x1
 1244 011d 12       		.uleb128 0x12
 1245 011e 06       		.uleb128 0x6
 1246 011f 01       		.uleb128 0x1
 1247 0120 13       		.uleb128 0x13
 1248 0121 00       		.byte	0
 1249 0122 00       		.byte	0
 1250 0123 17       		.uleb128 0x17
 1251 0124 34       		.uleb128 0x34
 1252 0125 00       		.byte	0
 1253 0126 03       		.uleb128 0x3
 1254 0127 0E       		.uleb128 0xe
 1255 0128 3A       		.uleb128 0x3a
 1256 0129 0B       		.uleb128 0xb
 1257 012a 3B       		.uleb128 0x3b
 1258 012b 05       		.uleb128 0x5
 1259 012c 49       		.uleb128 0x49
 1260 012d 13       		.uleb128 0x13
 1261 012e 02       		.uleb128 0x2
 1262 012f 18       		.uleb128 0x18
 1263 0130 00       		.byte	0
 1264 0131 00       		.byte	0
 1265 0132 18       		.uleb128 0x18
 1266 0133 13       		.uleb128 0x13
 1267 0134 01       		.byte	0x1
 1268 0135 0B       		.uleb128 0xb
 1269 0136 0B       		.uleb128 0xb
 1270 0137 3A       		.uleb128 0x3a
 1271 0138 0B       		.uleb128 0xb
 1272 0139 3B       		.uleb128 0x3b
 1273 013a 05       		.uleb128 0x5
 1274 013b 01       		.uleb128 0x1
 1275 013c 13       		.uleb128 0x13
 1276 013d 00       		.byte	0
 1277 013e 00       		.byte	0
 1278 013f 19       		.uleb128 0x19
 1279 0140 0D       		.uleb128 0xd
 1280 0141 00       		.byte	0
 1281 0142 03       		.uleb128 0x3
 1282 0143 0E       		.uleb128 0xe
 1283 0144 3A       		.uleb128 0x3a
 1284 0145 0B       		.uleb128 0xb
 1285 0146 3B       		.uleb128 0x3b
ARM GAS  C:\Users\srhi\AppData\Local\Temp\cc4aDTnO.s 			page 31


 1286 0147 05       		.uleb128 0x5
 1287 0148 49       		.uleb128 0x49
 1288 0149 13       		.uleb128 0x13
 1289 014a 38       		.uleb128 0x38
 1290 014b 0B       		.uleb128 0xb
 1291 014c 00       		.byte	0
 1292 014d 00       		.byte	0
 1293 014e 1A       		.uleb128 0x1a
 1294 014f 01       		.uleb128 0x1
 1295 0150 01       		.byte	0x1
 1296 0151 49       		.uleb128 0x49
 1297 0152 13       		.uleb128 0x13
 1298 0153 01       		.uleb128 0x1
 1299 0154 13       		.uleb128 0x13
 1300 0155 00       		.byte	0
 1301 0156 00       		.byte	0
 1302 0157 1B       		.uleb128 0x1b
 1303 0158 21       		.uleb128 0x21
 1304 0159 00       		.byte	0
 1305 015a 49       		.uleb128 0x49
 1306 015b 13       		.uleb128 0x13
 1307 015c 2F       		.uleb128 0x2f
 1308 015d 0B       		.uleb128 0xb
 1309 015e 00       		.byte	0
 1310 015f 00       		.byte	0
 1311 0160 1C       		.uleb128 0x1c
 1312 0161 34       		.uleb128 0x34
 1313 0162 00       		.byte	0
 1314 0163 03       		.uleb128 0x3
 1315 0164 08       		.uleb128 0x8
 1316 0165 3A       		.uleb128 0x3a
 1317 0166 0B       		.uleb128 0xb
 1318 0167 3B       		.uleb128 0x3b
 1319 0168 05       		.uleb128 0x5
 1320 0169 49       		.uleb128 0x49
 1321 016a 13       		.uleb128 0x13
 1322 016b 02       		.uleb128 0x2
 1323 016c 17       		.uleb128 0x17
 1324 016d 00       		.byte	0
 1325 016e 00       		.byte	0
 1326 016f 1D       		.uleb128 0x1d
 1327 0170 898201   		.uleb128 0x4109
 1328 0173 00       		.byte	0
 1329 0174 11       		.uleb128 0x11
 1330 0175 01       		.uleb128 0x1
 1331 0176 31       		.uleb128 0x31
 1332 0177 13       		.uleb128 0x13
 1333 0178 00       		.byte	0
 1334 0179 00       		.byte	0
 1335 017a 1E       		.uleb128 0x1e
 1336 017b 2E       		.uleb128 0x2e
 1337 017c 00       		.byte	0
 1338 017d 3F       		.uleb128 0x3f
 1339 017e 19       		.uleb128 0x19
 1340 017f 3C       		.uleb128 0x3c
 1341 0180 19       		.uleb128 0x19
 1342 0181 6E       		.uleb128 0x6e
ARM GAS  C:\Users\srhi\AppData\Local\Temp\cc4aDTnO.s 			page 32


 1343 0182 0E       		.uleb128 0xe
 1344 0183 03       		.uleb128 0x3
 1345 0184 0E       		.uleb128 0xe
 1346 0185 00       		.byte	0
 1347 0186 00       		.byte	0
 1348 0187 1F       		.uleb128 0x1f
 1349 0188 2E       		.uleb128 0x2e
 1350 0189 00       		.byte	0
 1351 018a 3F       		.uleb128 0x3f
 1352 018b 19       		.uleb128 0x19
 1353 018c 3C       		.uleb128 0x3c
 1354 018d 19       		.uleb128 0x19
 1355 018e 6E       		.uleb128 0x6e
 1356 018f 0E       		.uleb128 0xe
 1357 0190 03       		.uleb128 0x3
 1358 0191 0E       		.uleb128 0xe
 1359 0192 3A       		.uleb128 0x3a
 1360 0193 0B       		.uleb128 0xb
 1361 0194 3B       		.uleb128 0x3b
 1362 0195 0B       		.uleb128 0xb
 1363 0196 00       		.byte	0
 1364 0197 00       		.byte	0
 1365 0198 00       		.byte	0
 1366              		.section	.debug_loc,"",%progbits
 1367              	.Ldebug_loc0:
 1368              	.LLST0:
 1369 0000 02000000 		.4byte	.LVL1
 1370 0004 08000000 		.4byte	.LVL2
 1371 0008 0200     		.2byte	0x2
 1372 000a 30       		.byte	0x30
 1373 000b 9F       		.byte	0x9f
 1374 000c 08000000 		.4byte	.LVL2
 1375 0010 30000000 		.4byte	.LVL11
 1376 0014 0100     		.2byte	0x1
 1377 0016 57       		.byte	0x57
 1378 0017 00000000 		.4byte	0
 1379 001b 00000000 		.4byte	0
 1380              	.LLST1:
 1381 001f 02000000 		.4byte	.LVL1
 1382 0023 08000000 		.4byte	.LVL2
 1383 0027 0200     		.2byte	0x2
 1384 0029 30       		.byte	0x30
 1385 002a 9F       		.byte	0x9f
 1386 002b 08000000 		.4byte	.LVL2
 1387 002f 30000000 		.4byte	.LVL10
 1388 0033 0100     		.2byte	0x1
 1389 0035 55       		.byte	0x55
 1390 0036 00000000 		.4byte	0
 1391 003a 00000000 		.4byte	0
 1392              	.LLST2:
 1393 003e 0C000000 		.4byte	.LVL3
 1394 0042 2C000000 		.4byte	.LVL9
 1395 0046 0100     		.2byte	0x1
 1396 0048 56       		.byte	0x56
 1397 0049 00000000 		.4byte	0
 1398 004d 00000000 		.4byte	0
 1399              	.LLST3:
ARM GAS  C:\Users\srhi\AppData\Local\Temp\cc4aDTnO.s 			page 33


 1400 0051 0E000000 		.4byte	.LVL4
 1401 0055 24000000 		.4byte	.LVL7
 1402 0059 0100     		.2byte	0x1
 1403 005b 53       		.byte	0x53
 1404 005c 26000000 		.4byte	.LVL8
 1405 0060 2C000000 		.4byte	.LVL9
 1406 0064 0100     		.2byte	0x1
 1407 0066 53       		.byte	0x53
 1408 0067 00000000 		.4byte	0
 1409 006b 00000000 		.4byte	0
 1410              	.LLST4:
 1411 006f 00000000 		.4byte	.LVL12
 1412 0073 09000000 		.4byte	.LVL14-1
 1413 0077 0100     		.2byte	0x1
 1414 0079 50       		.byte	0x50
 1415 007a 09000000 		.4byte	.LVL14-1
 1416 007e 0C000000 		.4byte	.LFE0
 1417 0082 0400     		.2byte	0x4
 1418 0084 F3       		.byte	0xf3
 1419 0085 01       		.uleb128 0x1
 1420 0086 50       		.byte	0x50
 1421 0087 9F       		.byte	0x9f
 1422 0088 00000000 		.4byte	0
 1423 008c 00000000 		.4byte	0
 1424              	.LLST5:
 1425 0090 00000000 		.4byte	.LVL12
 1426 0094 06000000 		.4byte	.LVL13
 1427 0098 0100     		.2byte	0x1
 1428 009a 51       		.byte	0x51
 1429 009b 06000000 		.4byte	.LVL13
 1430 009f 09000000 		.4byte	.LVL14-1
 1431 00a3 0100     		.2byte	0x1
 1432 00a5 52       		.byte	0x52
 1433 00a6 09000000 		.4byte	.LVL14-1
 1434 00aa 0C000000 		.4byte	.LFE0
 1435 00ae 0400     		.2byte	0x4
 1436 00b0 F3       		.byte	0xf3
 1437 00b1 01       		.uleb128 0x1
 1438 00b2 51       		.byte	0x51
 1439 00b3 9F       		.byte	0x9f
 1440 00b4 00000000 		.4byte	0
 1441 00b8 00000000 		.4byte	0
 1442              	.LLST6:
 1443 00bc 94000000 		.4byte	.LVL18
 1444 00c0 98000000 		.4byte	.LVL19
 1445 00c4 0200     		.2byte	0x2
 1446 00c6 30       		.byte	0x30
 1447 00c7 9F       		.byte	0x9f
 1448 00c8 98000000 		.4byte	.LVL19
 1449 00cc B6000000 		.4byte	.LVL21
 1450 00d0 0100     		.2byte	0x1
 1451 00d2 54       		.byte	0x54
 1452 00d3 B8000000 		.4byte	.LVL22
 1453 00d7 50010000 		.4byte	.LVL25
 1454 00db 0100     		.2byte	0x1
 1455 00dd 54       		.byte	0x54
 1456 00de 00000000 		.4byte	0
ARM GAS  C:\Users\srhi\AppData\Local\Temp\cc4aDTnO.s 			page 34


 1457 00e2 00000000 		.4byte	0
 1458              	.LLST7:
 1459 00e6 98000000 		.4byte	.LVL19
 1460 00ea B6000000 		.4byte	.LVL21
 1461 00ee 0B00     		.2byte	0xb
 1462 00f0 74       		.byte	0x74
 1463 00f1 00       		.sleb128 0
 1464 00f2 36       		.byte	0x36
 1465 00f3 1E       		.byte	0x1e
 1466 00f4 03       		.byte	0x3
 1467 00f5 00000000 		.4byte	cfg_memset_list.4870
 1468 00f9 22       		.byte	0x22
 1469 00fa 9F       		.byte	0x9f
 1470 00fb B6000000 		.4byte	.LVL21
 1471 00ff B8000000 		.4byte	.LVL22
 1472 0103 0B00     		.2byte	0xb
 1473 0105 74       		.byte	0x74
 1474 0106 7F       		.sleb128 -1
 1475 0107 36       		.byte	0x36
 1476 0108 1E       		.byte	0x1e
 1477 0109 03       		.byte	0x3
 1478 010a 00000000 		.4byte	cfg_memset_list.4870
 1479 010e 22       		.byte	0x22
 1480 010f 9F       		.byte	0x9f
 1481 0110 00000000 		.4byte	0
 1482 0114 00000000 		.4byte	0
 1483              		.section	.debug_aranges,"",%progbits
 1484 0000 34000000 		.4byte	0x34
 1485 0004 0200     		.2byte	0x2
 1486 0006 00000000 		.4byte	.Ldebug_info0
 1487 000a 04       		.byte	0x4
 1488 000b 00       		.byte	0
 1489 000c 0000     		.2byte	0
 1490 000e 0000     		.2byte	0
 1491 0010 00000000 		.4byte	.LFB3
 1492 0014 32000000 		.4byte	.LFE3-.LFB3
 1493 0018 00000000 		.4byte	.LFB0
 1494 001c 0C000000 		.4byte	.LFE0-.LFB0
 1495 0020 00000000 		.4byte	.LFB4
 1496 0024 90000000 		.4byte	.LFE4-.LFB4
 1497 0028 90000000 		.4byte	.LFB6
 1498 002c 14010000 		.4byte	.LFE6-.LFB6
 1499 0030 00000000 		.4byte	0
 1500 0034 00000000 		.4byte	0
 1501              		.section	.debug_ranges,"",%progbits
 1502              	.Ldebug_ranges0:
 1503 0000 00000000 		.4byte	.LFB3
 1504 0004 32000000 		.4byte	.LFE3
 1505 0008 00000000 		.4byte	.LFB0
 1506 000c 0C000000 		.4byte	.LFE0
 1507 0010 00000000 		.4byte	.LFB4
 1508 0014 90000000 		.4byte	.LFE4
 1509 0018 90000000 		.4byte	.LFB6
 1510 001c A4010000 		.4byte	.LFE6
 1511 0020 00000000 		.4byte	0
 1512 0024 00000000 		.4byte	0
 1513              		.section	.debug_line,"",%progbits
ARM GAS  C:\Users\srhi\AppData\Local\Temp\cc4aDTnO.s 			page 35


 1514              	.Ldebug_line0:
 1515 0000 63010000 		.section	.debug_str,"MS",%progbits,1
 1515      0200D600 
 1515      00000201 
 1515      FB0E0D00 
 1515      01010101 
 1516              	.LASF19:
 1517 0000 72656733 		.ascii	"reg32\000"
 1517      3200
 1518              	.LASF12:
 1519 0006 73697A65 		.ascii	"size_t\000"
 1519      5F7400
 1520              	.LASF37:
 1521 000d 4379496E 		.ascii	"CyIntSetVector\000"
 1521      74536574 
 1521      56656374 
 1521      6F7200
 1522              	.LASF21:
 1523 001c 76616C75 		.ascii	"value\000"
 1523      6500
 1524              	.LASF26:
 1525 0022 636F756E 		.ascii	"count\000"
 1525      7400
 1526              	.LASF29:
 1527 0028 436C6F63 		.ascii	"ClockSetup\000"
 1527      6B536574 
 1527      757000
 1528              	.LASF30:
 1529 0033 63795F63 		.ascii	"cy_cfg_addr_table\000"
 1529      66675F61 
 1529      6464725F 
 1529      7461626C 
 1529      6500
 1530              	.LASF31:
 1531 0045 63795F63 		.ascii	"cy_cfg_data_table\000"
 1531      66675F64 
 1531      6174615F 
 1531      7461626C 
 1531      6500
 1532              	.LASF16:
 1533 0057 666C6F61 		.ascii	"float\000"
 1533      7400
 1534              	.LASF35:
 1535 005d 6366675F 		.ascii	"cfg_memset_list\000"
 1535      6D656D73 
 1535      65745F6C 
 1535      69737400 
 1536              	.LASF33:
 1537 006d 73697A65 		.ascii	"size\000"
 1537      00
 1538              	.LASF18:
 1539 0072 72656738 		.ascii	"reg8\000"
 1539      00
 1540              	.LASF8:
 1541 0077 6C6F6E67 		.ascii	"long unsigned int\000"
 1541      20756E73 
 1541      69676E65 
ARM GAS  C:\Users\srhi\AppData\Local\Temp\cc4aDTnO.s 			page 36


 1541      6420696E 
 1541      7400
 1542              	.LASF13:
 1543 0089 75696E74 		.ascii	"uint8\000"
 1543      3800
 1544              	.LASF28:
 1545 008f 43594D45 		.ascii	"CYMEMZERO\000"
 1545      4D5A4552 
 1545      4F00
 1546              	.LASF4:
 1547 0099 756E7369 		.ascii	"unsigned char\000"
 1547      676E6564 
 1547      20636861 
 1547      7200
 1548              	.LASF43:
 1549 00a7 6D656D73 		.ascii	"memset\000"
 1549      657400
 1550              	.LASF17:
 1551 00ae 646F7562 		.ascii	"double\000"
 1551      6C6500
 1552              	.LASF41:
 1553 00b5 433A5C55 		.ascii	"C:\\Users\\srhi\\Desktop\\PSOC\\L72_Control_Registe"
 1553      73657273 
 1553      5C737268 
 1553      695C4465 
 1553      736B746F 
 1554 00e3 725F546F 		.ascii	"r_To_Buzzer_Switch_and LED.cydsn\000"
 1554      5F42757A 
 1554      7A65725F 
 1554      53776974 
 1554      63685F61 
 1555              	.LASF27:
 1556 0104 6366675F 		.ascii	"cfg_write_bytes32\000"
 1556      77726974 
 1556      655F6279 
 1556      74657333 
 1556      3200
 1557              	.LASF38:
 1558 0116 4379496E 		.ascii	"CyIntEnable\000"
 1558      74456E61 
 1558      626C6500 
 1559              	.LASF23:
 1560 0122 61646472 		.ascii	"addr_table\000"
 1560      5F746162 
 1560      6C6500
 1561              	.LASF14:
 1562 012d 75696E74 		.ascii	"uint16\000"
 1562      313600
 1563              	.LASF24:
 1564 0134 64617461 		.ascii	"data_table\000"
 1564      5F746162 
 1564      6C6500
 1565              	.LASF15:
 1566 013f 75696E74 		.ascii	"uint32\000"
 1566      333200
 1567              	.LASF0:
 1568 0146 756E7369 		.ascii	"unsigned int\000"
ARM GAS  C:\Users\srhi\AppData\Local\Temp\cc4aDTnO.s 			page 37


 1568      676E6564 
 1568      20696E74 
 1568      00
 1569              	.LASF42:
 1570 0153 63796669 		.ascii	"cyfitter_cfg\000"
 1570      74746572 
 1570      5F636667 
 1570      00
 1571              	.LASF32:
 1572 0160 61646472 		.ascii	"address\000"
 1572      65737300 
 1573              	.LASF9:
 1574 0168 6C6F6E67 		.ascii	"long long unsigned int\000"
 1574      206C6F6E 
 1574      6720756E 
 1574      7369676E 
 1574      65642069 
 1575              	.LASF39:
 1576 017f 474E5520 		.ascii	"GNU C11 5.4.1 20160609 (release) [ARM/embedded-5-br"
 1576      43313120 
 1576      352E342E 
 1576      31203230 
 1576      31363036 
 1577 01b2 616E6368 		.ascii	"anch revision 237715] -mcpu=cortex-m0 -mthumb -g -O"
 1577      20726576 
 1577      6973696F 
 1577      6E203233 
 1577      37373135 
 1578 01e5 67202D66 		.ascii	"g -ffunction-sections -ffat-lto-objects\000"
 1578      66756E63 
 1578      74696F6E 
 1578      2D736563 
 1578      74696F6E 
 1579              	.LASF34:
 1580 020d 6366675F 		.ascii	"cfg_memset_t\000"
 1580      6D656D73 
 1580      65745F74 
 1580      00
 1581              	.LASF25:
 1582 021a 62617365 		.ascii	"baseAddr\000"
 1582      41646472 
 1582      00
 1583              	.LASF10:
 1584 0223 73697A65 		.ascii	"sizetype\000"
 1584      74797065 
 1584      00
 1585              	.LASF6:
 1586 022c 73686F72 		.ascii	"short unsigned int\000"
 1586      7420756E 
 1586      7369676E 
 1586      65642069 
 1586      6E7400
 1587              	.LASF1:
 1588 023f 6C6F6E67 		.ascii	"long long int\000"
 1588      206C6F6E 
 1588      6720696E 
 1588      7400
ARM GAS  C:\Users\srhi\AppData\Local\Temp\cc4aDTnO.s 			page 38


 1589              	.LASF11:
 1590 024d 63686172 		.ascii	"char\000"
 1590      00
 1591              	.LASF22:
 1592 0252 63795F63 		.ascii	"cy_cfg_addrvalue_t\000"
 1592      66675F61 
 1592      64647276 
 1592      616C7565 
 1592      5F7400
 1593              	.LASF20:
 1594 0265 6F666673 		.ascii	"offset\000"
 1594      657400
 1595              	.LASF5:
 1596 026c 73686F72 		.ascii	"short int\000"
 1596      7420696E 
 1596      7400
 1597              	.LASF36:
 1598 0276 43795379 		.ascii	"CySysClkWriteImoFreq\000"
 1598      73436C6B 
 1598      57726974 
 1598      65496D6F 
 1598      46726571 
 1599              	.LASF7:
 1600 028b 6C6F6E67 		.ascii	"long int\000"
 1600      20696E74 
 1600      00
 1601              	.LASF2:
 1602 0294 6C6F6E67 		.ascii	"long double\000"
 1602      20646F75 
 1602      626C6500 
 1603              	.LASF3:
 1604 02a0 7369676E 		.ascii	"signed char\000"
 1604      65642063 
 1604      68617200 
 1605              	.LASF40:
 1606 02ac 47656E65 		.ascii	"Generated_Source\\PSoC4\\cyfitter_cfg.c\000"
 1606      72617465 
 1606      645F536F 
 1606      75726365 
 1606      5C50536F 
 1607              		.ident	"GCC: (GNU Tools for ARM Embedded Processors) 5.4.1 20160609 (release) [ARM/embedded-5-bran
